[2022-08-29T06:26:53.034+0000][7][gc] Using G1
[2022-08-29T06:26:53.540+0000][7][gc,init] Version: 15.0.1+9 (release)
[2022-08-29T06:26:53.540+0000][7][gc,init] CPUs: 6 total, 6 available
[2022-08-29T06:26:53.541+0000][7][gc,init] Memory: 5874M
[2022-08-29T06:26:53.541+0000][7][gc,init] Large Page Support: Disabled
[2022-08-29T06:26:53.541+0000][7][gc,init] NUMA Support: Disabled
[2022-08-29T06:26:53.541+0000][7][gc,init] Compressed Oops: Enabled (32-bit)
[2022-08-29T06:26:53.542+0000][7][gc,init] Heap Region Size: 4M
[2022-08-29T06:26:53.542+0000][7][gc,init] Heap Min Capacity: 256M
[2022-08-29T06:26:53.542+0000][7][gc,init] Heap Initial Capacity: 256M
[2022-08-29T06:26:53.543+0000][7][gc,init] Heap Max Capacity: 256M
[2022-08-29T06:26:53.543+0000][7][gc,init] Pre-touch: Enabled
[2022-08-29T06:26:53.543+0000][7][gc,init] Parallel Workers: 6
[2022-08-29T06:26:53.543+0000][7][gc,init] Concurrent Workers: 2
[2022-08-29T06:26:53.544+0000][7][gc,init] Concurrent Refinement Workers: 6
[2022-08-29T06:26:53.544+0000][7][gc,init] Periodic GC: Disabled
[2022-08-29T06:26:53.545+0000][7][gc,cds ] Mark closed archive regions in map: [0x00000000ffc00000, 0x00000000ffc7bff8]
[2022-08-29T06:26:53.545+0000][7][gc,cds ] Mark open archive regions in map: [0x00000000ffb00000, 0x00000000ffb51ff8]
[2022-08-29T06:26:53.545+0000][7][gc,metaspace] CDS archive(s) mapped at: [0x0000000800000000-0x0000000800b2a000-0x0000000800b2a000), size 11706368, SharedBaseAddress: 0x0000000800000000, ArchiveRelocationMode: 0.
[2022-08-29T06:26:53.546+0000][7][gc,metaspace] Compressed class space mapped at: 0x0000000800b2c000-0x0000000840b2c000, size: 1073741824
[2022-08-29T06:26:53.546+0000][7][gc,metaspace] Narrow klass base: 0x0000000800000000, Narrow klass shift: 3, Narrow klass range: 0x100000000
[2022-08-29T06:26:54.739+0000][7][gc,start    ] GC(0) Pause Young (Normal) (G1 Evacuation Pause)
[2022-08-29T06:26:54.768+0000][7][gc,task     ] GC(0) Using 6 workers of 6 for evacuation
[2022-08-29T06:26:54.769+0000][7][gc,age      ] GC(0) Desired survivor size 2097152 bytes, new threshold 15 (max threshold 15)
[2022-08-29T06:26:54.794+0000][7][gc,age      ] GC(0) Age table with threshold 15 (max threshold 15)
[2022-08-29T06:26:54.797+0000][7][gc,age      ] GC(0) - age   1:    3354936 bytes,    3354936 total
[2022-08-29T06:26:54.799+0000][7][gc,phases   ] GC(0)   Pre Evacuate Collection Set: 0.2ms
[2022-08-29T06:26:54.809+0000][7][gc,phases   ] GC(0)   Merge Heap Roots: 0.0ms
[2022-08-29T06:26:54.811+0000][7][gc,phases   ] GC(0)   Evacuate Collection Set: 23.0ms
[2022-08-29T06:26:54.811+0000][7][gc,phases   ] GC(0)   Post Evacuate Collection Set: 0.6ms
[2022-08-29T06:26:54.812+0000][7][gc,phases   ] GC(0)   Other: 35.5ms
[2022-08-29T06:26:54.812+0000][7][gc,heap     ] GC(0) Eden regions: 4->0(4)
[2022-08-29T06:26:54.813+0000][7][gc,heap     ] GC(0) Survivor regions: 0->1(1)
[2022-08-29T06:26:54.820+0000][7][gc,heap     ] GC(0) Old regions: 0->0
[2022-08-29T06:26:54.833+0000][7][gc,heap     ] GC(0) Archive regions: 2->2
[2022-08-29T06:26:54.849+0000][7][gc,heap     ] GC(0) Humongous regions: 0->0
[2022-08-29T06:26:54.850+0000][7][gc,metaspace] GC(0) Metaspace: 5016K(7680K)->5016K(7680K) NonClass: 4495K(6912K)->4495K(6912K) Class: 521K(768K)->521K(768K)
[2022-08-29T06:26:54.851+0000][7][gc          ] GC(0) Pause Young (Normal) (G1 Evacuation Pause) 19M->7M(256M) 112.295ms
[2022-08-29T06:26:54.856+0000][7][gc,cpu      ] GC(0) User=0.13s Sys=0.01s Real=0.11s
[2022-08-29T06:26:54.876+0000][7][safepoint   ] Safepoint "G1CollectForAllocation", Time since last: 1165184200 ns, Reaching safepoint: 5378475 ns, At safepoint: 136660408 ns, Total: 142038883 ns
[2022-08-29T06:26:55.988+0000][7][gc,start    ] GC(1) Pause Young (Normal) (G1 Evacuation Pause)
[2022-08-29T06:26:55.989+0000][7][gc,task     ] GC(1) Using 6 workers of 6 for evacuation
[2022-08-29T06:26:55.996+0000][7][gc,age      ] GC(1) Desired survivor size 2097152 bytes, new threshold 1 (max threshold 15)
[2022-08-29T06:26:56.038+0000][7][gc,age      ] GC(1) Age table with threshold 1 (max threshold 15)
[2022-08-29T06:26:56.045+0000][7][gc,age      ] GC(1) - age   1:    1292096 bytes,    1292096 total
[2022-08-29T06:26:56.046+0000][7][gc,phases   ] GC(1)   Pre Evacuate Collection Set: 0.1ms
[2022-08-29T06:26:56.046+0000][7][gc,phases   ] GC(1)   Merge Heap Roots: 0.0ms
[2022-08-29T06:26:56.046+0000][7][gc,phases   ] GC(1)   Evacuate Collection Set: 28.2ms
[2022-08-29T06:26:56.046+0000][7][gc,phases   ] GC(1)   Post Evacuate Collection Set: 0.5ms
[2022-08-29T06:26:56.047+0000][7][gc,phases   ] GC(1)   Other: 29.2ms
[2022-08-29T06:26:56.047+0000][7][gc,heap     ] GC(1) Eden regions: 4->0(9)
[2022-08-29T06:26:56.047+0000][7][gc,heap     ] GC(1) Survivor regions: 1->1(1)
[2022-08-29T06:26:56.047+0000][7][gc,heap     ] GC(1) Old regions: 0->1
[2022-08-29T06:26:56.048+0000][7][gc,heap     ] GC(1) Archive regions: 2->2
[2022-08-29T06:26:56.054+0000][7][gc,heap     ] GC(1) Humongous regions: 0->0
[2022-08-29T06:26:56.062+0000][7][gc,metaspace] GC(1) Metaspace: 9815K(10496K)->9815K(10496K) NonClass: 8653K(9216K)->8653K(9216K) Class: 1162K(1280K)->1162K(1280K)
[2022-08-29T06:26:56.073+0000][7][gc          ] GC(1) Pause Young (Normal) (G1 Evacuation Pause) 23M->8M(256M) 74.904ms
[2022-08-29T06:26:56.074+0000][7][gc,cpu      ] GC(1) User=0.10s Sys=0.01s Real=0.07s
[2022-08-29T06:26:56.075+0000][7][safepoint   ] Safepoint "G1CollectForAllocation", Time since last: 1111661616 ns, Reaching safepoint: 435075 ns, At safepoint: 76818244 ns, Total: 77253319 ns
[2022-08-29T06:26:57.708+0000][7][gc,start    ] GC(2) Pause Young (Normal) (G1 Evacuation Pause)
[2022-08-29T06:26:57.710+0000][7][gc,task     ] GC(2) Using 6 workers of 6 for evacuation
[2022-08-29T06:26:57.710+0000][7][gc,age      ] GC(2) Desired survivor size 4194304 bytes, new threshold 15 (max threshold 15)
[2022-08-29T06:26:57.722+0000][7][gc,age      ] GC(2) Age table with threshold 15 (max threshold 15)
[2022-08-29T06:26:57.722+0000][7][gc,age      ] GC(2) - age   1:    2340720 bytes,    2340720 total
[2022-08-29T06:26:57.723+0000][7][gc,age      ] GC(2) - age   2:    1243320 bytes,    3584040 total
[2022-08-29T06:26:57.723+0000][7][gc,phases   ] GC(2)   Pre Evacuate Collection Set: 0.1ms
[2022-08-29T06:26:57.723+0000][7][gc,phases   ] GC(2)   Merge Heap Roots: 0.0ms
[2022-08-29T06:26:57.723+0000][7][gc,phases   ] GC(2)   Evacuate Collection Set: 9.5ms
[2022-08-29T06:26:57.723+0000][7][gc,phases   ] GC(2)   Post Evacuate Collection Set: 1.9ms
[2022-08-29T06:26:57.723+0000][7][gc,phases   ] GC(2)   Other: 3.1ms
[2022-08-29T06:26:57.724+0000][7][gc,heap     ] GC(2) Eden regions: 9->0(34)
[2022-08-29T06:26:57.724+0000][7][gc,heap     ] GC(2) Survivor regions: 1->1(2)
[2022-08-29T06:26:57.724+0000][7][gc,heap     ] GC(2) Old regions: 1->1
[2022-08-29T06:26:57.724+0000][7][gc,heap     ] GC(2) Archive regions: 2->2
[2022-08-29T06:26:57.724+0000][7][gc,heap     ] GC(2) Humongous regions: 0->0
[2022-08-29T06:26:57.724+0000][7][gc,metaspace] GC(2) Metaspace: 14332K(14848K)->14332K(14848K) NonClass: 12649K(13056K)->12649K(13056K) Class: 1683K(1792K)->1683K(1792K)
[2022-08-29T06:26:57.724+0000][7][gc          ] GC(2) Pause Young (Normal) (G1 Evacuation Pause) 44M->10M(256M) 16.156ms
[2022-08-29T06:26:57.724+0000][7][gc,cpu      ] GC(2) User=0.03s Sys=0.00s Real=0.02s
[2022-08-29T06:26:57.725+0000][7][safepoint   ] Safepoint "G1CollectForAllocation", Time since last: 1629944176 ns, Reaching safepoint: 2742311 ns, At safepoint: 16508444 ns, Total: 19250755 ns
[2022-08-29T06:26:58.725+0000][7][safepoint   ] Safepoint "Cleanup", Time since last: 1000250510 ns, Reaching safepoint: 173615 ns, At safepoint: 8396 ns, Total: 182011 ns
[2022-08-29T06:26:58.860+0000][7][safepoint   ] Safepoint "ICBufferFull", Time since last: 134143299 ns, Reaching safepoint: 1082389 ns, At safepoint: 5771 ns, Total: 1088160 ns
[2022-08-29T06:26:58.873+0000][7][safepoint   ] Safepoint "ICBufferFull", Time since last: 7704295 ns, Reaching safepoint: 4799079 ns, At safepoint: 7113 ns, Total: 4806192 ns
[2022-08-29T06:26:58.876+0000][7][safepoint   ] Safepoint "ICBufferFull", Time since last: 3546440 ns, Reaching safepoint: 205004 ns, At safepoint: 3126 ns, Total: 208130 ns
[2022-08-29T06:26:58.887+0000][7][safepoint   ] Safepoint "ICBufferFull", Time since last: 9975393 ns, Reaching safepoint: 714771 ns, At safepoint: 5701 ns, Total: 720472 ns
[2022-08-29T06:26:58.893+0000][7][safepoint   ] Safepoint "ICBufferFull", Time since last: 6112982 ns, Reaching safepoint: 178244 ns, At safepoint: 3115 ns, Total: 181359 ns
[2022-08-29T06:26:58.915+0000][7][safepoint   ] Safepoint "ICBufferFull", Time since last: 8754104 ns, Reaching safepoint: 12397856 ns, At safepoint: 25578 ns, Total: 12423434 ns
[2022-08-29T06:26:58.931+0000][7][safepoint   ] Safepoint "ICBufferFull", Time since last: 7406948 ns, Reaching safepoint: 8706605 ns, At safepoint: 10360 ns, Total: 8716965 ns
[2022-08-29T06:26:58.935+0000][7][safepoint   ] Safepoint "ICBufferFull", Time since last: 3804163 ns, Reaching safepoint: 105928 ns, At safepoint: 3717 ns, Total: 109645 ns
[2022-08-29T06:26:58.945+0000][7][safepoint   ] Safepoint "ICBufferFull", Time since last: 10232145 ns, Reaching safepoint: 186771 ns, At safepoint: 3626 ns, Total: 190397 ns
[2022-08-29T06:26:58.963+0000][7][safepoint   ] Safepoint "ICBufferFull", Time since last: 17215730 ns, Reaching safepoint: 296336 ns, At safepoint: 3005 ns, Total: 299341 ns
[2022-08-29T06:26:58.984+0000][7][safepoint   ] Safepoint "ICBufferFull", Time since last: 21504742 ns, Reaching safepoint: 173094 ns, At safepoint: 2836 ns, Total: 175930 ns
[2022-08-29T06:26:58.987+0000][7][safepoint   ] Safepoint "ICBufferFull", Time since last: 2538108 ns, Reaching safepoint: 605836 ns, At safepoint: 6092 ns, Total: 611928 ns
[2022-08-29T06:26:58.996+0000][7][safepoint   ] Safepoint "ICBufferFull", Time since last: 8710672 ns, Reaching safepoint: 66525 ns, At safepoint: 3957 ns, Total: 70482 ns
[2022-08-29T06:26:59.001+0000][7][safepoint   ] Safepoint "ICBufferFull", Time since last: 4215504 ns, Reaching safepoint: 111129 ns, At safepoint: 21560 ns, Total: 132689 ns
[2022-08-29T06:26:59.006+0000][7][safepoint   ] Safepoint "ICBufferFull", Time since last: 5174713 ns, Reaching safepoint: 132959 ns, At safepoint: 22753 ns, Total: 155712 ns
[2022-08-29T06:26:59.009+0000][7][safepoint   ] Safepoint "ICBufferFull", Time since last: 2577683 ns, Reaching safepoint: 559429 ns, At safepoint: 6121 ns, Total: 565550 ns
[2022-08-29T06:26:59.018+0000][7][safepoint   ] Safepoint "ICBufferFull", Time since last: 7179311 ns, Reaching safepoint: 1533676 ns, At safepoint: 31920 ns, Total: 1565596 ns
[2022-08-29T06:26:59.025+0000][7][safepoint   ] Safepoint "ICBufferFull", Time since last: 6656361 ns, Reaching safepoint: 106149 ns, At safepoint: 3737 ns, Total: 109886 ns
[2022-08-29T06:26:59.028+0000][7][safepoint   ] Safepoint "ICBufferFull", Time since last: 3388393 ns, Reaching safepoint: 170931 ns, At safepoint: 3356 ns, Total: 174287 ns
[2022-08-29T06:26:59.033+0000][7][safepoint   ] Safepoint "ICBufferFull", Time since last: 4577072 ns, Reaching safepoint: 147627 ns, At safepoint: 3155 ns, Total: 150782 ns
[2022-08-29T06:26:59.034+0000][7][safepoint   ] Safepoint "ICBufferFull", Time since last: 930706 ns, Reaching safepoint: 632065 ns, At safepoint: 4979 ns, Total: 637044 ns
[2022-08-29T06:26:59.038+0000][7][safepoint   ] Safepoint "ICBufferFull", Time since last: 3281233 ns, Reaching safepoint: 292377 ns, At safepoint: 75502 ns, Total: 367879 ns
[2022-08-29T06:26:59.045+0000][7][safepoint   ] Safepoint "ICBufferFull", Time since last: 6218750 ns, Reaching safepoint: 248937 ns, At safepoint: 7484 ns, Total: 256421 ns
[2022-08-29T06:26:59.078+0000][7][safepoint   ] Safepoint "ICBufferFull", Time since last: 17617543 ns, Reaching safepoint: 15729523 ns, At safepoint: 30397 ns, Total: 15759920 ns
[2022-08-29T06:26:59.499+0000][7][gc,start    ] GC(3) Pause Young (Normal) (G1 Evacuation Pause)
[2022-08-29T06:26:59.499+0000][7][gc,task     ] GC(3) Using 6 workers of 6 for evacuation
[2022-08-29T06:26:59.499+0000][7][gc,age      ] GC(3) Desired survivor size 10485760 bytes, new threshold 15 (max threshold 15)
[2022-08-29T06:26:59.508+0000][7][gc,age      ] GC(3) Age table with threshold 15 (max threshold 15)
[2022-08-29T06:26:59.509+0000][7][gc,age      ] GC(3) - age   1:    5369352 bytes,    5369352 total
[2022-08-29T06:26:59.509+0000][7][gc,age      ] GC(3) - age   2:    2240480 bytes,    7609832 total
[2022-08-29T06:26:59.509+0000][7][gc,age      ] GC(3) - age   3:    1226816 bytes,    8836648 total
[2022-08-29T06:26:59.509+0000][7][gc,phases   ] GC(3)   Pre Evacuate Collection Set: 0.1ms
[2022-08-29T06:26:59.509+0000][7][gc,phases   ] GC(3)   Merge Heap Roots: 0.1ms
[2022-08-29T06:26:59.509+0000][7][gc,phases   ] GC(3)   Evacuate Collection Set: 8.0ms
[2022-08-29T06:26:59.510+0000][7][gc,phases   ] GC(3)   Post Evacuate Collection Set: 0.7ms
[2022-08-29T06:26:59.510+0000][7][gc,phases   ] GC(3)   Other: 1.6ms
[2022-08-29T06:26:59.510+0000][7][gc,heap     ] GC(3) Eden regions: 34->0(35)
[2022-08-29T06:26:59.510+0000][7][gc,heap     ] GC(3) Survivor regions: 1->3(5)
[2022-08-29T06:26:59.510+0000][7][gc,heap     ] GC(3) Old regions: 1->1
[2022-08-29T06:26:59.510+0000][7][gc,heap     ] GC(3) Archive regions: 2->2
[2022-08-29T06:26:59.510+0000][7][gc,heap     ] GC(3) Humongous regions: 0->0
[2022-08-29T06:26:59.510+0000][7][gc,metaspace] GC(3) Metaspace: 17747K(18432K)->17747K(18432K) NonClass: 15617K(16128K)->15617K(16128K) Class: 2129K(2304K)->2129K(2304K)
[2022-08-29T06:26:59.511+0000][7][gc          ] GC(3) Pause Young (Normal) (G1 Evacuation Pause) 146M->15M(256M) 11.904ms
[2022-08-29T06:26:59.511+0000][7][gc,cpu      ] GC(3) User=0.03s Sys=0.00s Real=0.01s
[2022-08-29T06:26:59.511+0000][7][safepoint   ] Safepoint "G1CollectForAllocation", Time since last: 420538860 ns, Reaching safepoint: 203772 ns, At safepoint: 12314530 ns, Total: 12518302 ns
[2022-08-29T06:26:59.805+0000][7][gc,start    ] GC(4) Pause Young (Normal) (G1 Evacuation Pause)
[2022-08-29T06:26:59.809+0000][7][gc,task     ] GC(4) Using 6 workers of 6 for evacuation
[2022-08-29T06:26:59.811+0000][7][gc,age      ] GC(4) Desired survivor size 10485760 bytes, new threshold 15 (max threshold 15)
[2022-08-29T06:26:59.826+0000][7][gc,age      ] GC(4) Age table with threshold 15 (max threshold 15)
[2022-08-29T06:26:59.826+0000][7][gc,age      ] GC(4) - age   1:    3426960 bytes,    3426960 total
[2022-08-29T06:26:59.827+0000][7][gc,age      ] GC(4) - age   2:    3385104 bytes,    6812064 total
[2022-08-29T06:26:59.827+0000][7][gc,age      ] GC(4) - age   3:    2240480 bytes,    9052544 total
[2022-08-29T06:26:59.827+0000][7][gc,age      ] GC(4) - age   4:    1226816 bytes,   10279360 total
[2022-08-29T06:26:59.827+0000][7][gc,phases   ] GC(4)   Pre Evacuate Collection Set: 0.1ms
[2022-08-29T06:26:59.827+0000][7][gc,phases   ] GC(4)   Merge Heap Roots: 0.1ms
[2022-08-29T06:26:59.827+0000][7][gc,phases   ] GC(4)   Evacuate Collection Set: 13.5ms
[2022-08-29T06:26:59.827+0000][7][gc,phases   ] GC(4)   Post Evacuate Collection Set: 0.7ms
[2022-08-29T06:26:59.828+0000][7][gc,phases   ] GC(4)   Other: 7.5ms
[2022-08-29T06:26:59.828+0000][7][gc,heap     ] GC(4) Eden regions: 35->0(35)
[2022-08-29T06:26:59.828+0000][7][gc,heap     ] GC(4) Survivor regions: 3->3(5)
[2022-08-29T06:26:59.829+0000][7][gc,heap     ] GC(4) Old regions: 1->1
[2022-08-29T06:26:59.829+0000][7][gc,heap     ] GC(4) Archive regions: 2->2
[2022-08-29T06:26:59.829+0000][7][gc,heap     ] GC(4) Humongous regions: 0->0
[2022-08-29T06:26:59.830+0000][7][gc,metaspace] GC(4) Metaspace: 18315K(19072K)->18315K(19072K) NonClass: 16120K(16640K)->16120K(16640K) Class: 2195K(2432K)->2195K(2432K)
[2022-08-29T06:26:59.830+0000][7][gc          ] GC(4) Pause Young (Normal) (G1 Evacuation Pause) 155M->17M(256M) 25.014ms
[2022-08-29T06:26:59.831+0000][7][gc,cpu      ] GC(4) User=0.02s Sys=0.01s Real=0.03s
[2022-08-29T06:26:59.831+0000][7][safepoint   ] Safepoint "G1CollectForAllocation", Time since last: 289302222 ns, Reaching safepoint: 4801452 ns, At safepoint: 25745173 ns, Total: 30546625 ns
[2022-08-29T06:27:00.189+0000][7][gc,start    ] GC(5) Pause Young (Normal) (G1 Evacuation Pause)
[2022-08-29T06:27:00.190+0000][7][gc,task     ] GC(5) Using 6 workers of 6 for evacuation
[2022-08-29T06:27:00.190+0000][7][gc,age      ] GC(5) Desired survivor size 10485760 bytes, new threshold 15 (max threshold 15)
[2022-08-29T06:27:00.268+0000][7][gc,age      ] GC(5) Age table with threshold 15 (max threshold 15)
[2022-08-29T06:27:00.269+0000][7][gc,age      ] GC(5) - age   1:    1443712 bytes,    1443712 total
[2022-08-29T06:27:00.269+0000][7][gc,age      ] GC(5) - age   2:    1863848 bytes,    3307560 total
[2022-08-29T06:27:00.269+0000][7][gc,age      ] GC(5) - age   3:    3384224 bytes,    6691784 total
[2022-08-29T06:27:00.269+0000][7][gc,age      ] GC(5) - age   4:    2240480 bytes,    8932264 total
[2022-08-29T06:27:00.269+0000][7][gc,age      ] GC(5) - age   5:    1226816 bytes,   10159080 total
[2022-08-29T06:27:00.270+0000][7][gc,phases   ] GC(5)   Pre Evacuate Collection Set: 4.1ms
[2022-08-29T06:27:00.270+0000][7][gc,phases   ] GC(5)   Merge Heap Roots: 12.4ms
[2022-08-29T06:27:00.270+0000][7][gc,phases   ] GC(5)   Evacuate Collection Set: 37.7ms
[2022-08-29T06:27:00.270+0000][7][gc,phases   ] GC(5)   Post Evacuate Collection Set: 24.1ms
[2022-08-29T06:27:00.270+0000][7][gc,phases   ] GC(5)   Other: 2.7ms
[2022-08-29T06:27:00.270+0000][7][gc,heap     ] GC(5) Eden regions: 35->0(35)
[2022-08-29T06:27:00.270+0000][7][gc,heap     ] GC(5) Survivor regions: 3->3(5)
[2022-08-29T06:27:00.270+0000][7][gc,heap     ] GC(5) Old regions: 1->1
[2022-08-29T06:27:00.271+0000][7][gc,heap     ] GC(5) Archive regions: 2->2
[2022-08-29T06:27:00.271+0000][7][gc,heap     ] GC(5) Humongous regions: 0->0
[2022-08-29T06:27:00.271+0000][7][gc,metaspace] GC(5) Metaspace: 18784K(19712K)->18784K(19712K) NonClass: 16512K(17152K)->16512K(17152K) Class: 2271K(2560K)->2271K(2560K)
[2022-08-29T06:27:00.271+0000][7][gc          ] GC(5) Pause Young (Normal) (G1 Evacuation Pause) 157M->16M(256M) 82.275ms
[2022-08-29T06:27:00.271+0000][7][gc,cpu      ] GC(5) User=0.13s Sys=0.02s Real=0.08s
[2022-08-29T06:27:00.271+0000][7][safepoint   ] Safepoint "G1CollectForAllocation", Time since last: 357635146 ns, Reaching safepoint: 207348 ns, At safepoint: 82593633 ns, Total: 82800981 ns
[2022-08-29T06:27:00.506+0000][7][gc,start    ] GC(6) Pause Young (Normal) (G1 Evacuation Pause)
[2022-08-29T06:27:00.506+0000][7][gc,task     ] GC(6) Using 6 workers of 6 for evacuation
[2022-08-29T06:27:00.507+0000][7][gc,age      ] GC(6) Desired survivor size 10485760 bytes, new threshold 15 (max threshold 15)
[2022-08-29T06:27:00.522+0000][7][gc,age      ] GC(6) Age table with threshold 15 (max threshold 15)
[2022-08-29T06:27:00.523+0000][7][gc,age      ] GC(6) - age   1:    1993408 bytes,    1993408 total
[2022-08-29T06:27:00.523+0000][7][gc,age      ] GC(6) - age   2:    1419752 bytes,    3413160 total
[2022-08-29T06:27:00.523+0000][7][gc,age      ] GC(6) - age   3:    1863848 bytes,    5277008 total
[2022-08-29T06:27:00.523+0000][7][gc,age      ] GC(6) - age   4:    3384056 bytes,    8661064 total
[2022-08-29T06:27:00.523+0000][7][gc,age      ] GC(6) - age   5:    2240480 bytes,   10901544 total
[2022-08-29T06:27:00.523+0000][7][gc,age      ] GC(6) - age   6:    1226816 bytes,   12128360 total
[2022-08-29T06:27:00.524+0000][7][gc,phases   ] GC(6)   Pre Evacuate Collection Set: 2.2ms
[2022-08-29T06:27:00.524+0000][7][gc,phases   ] GC(6)   Merge Heap Roots: 0.1ms
[2022-08-29T06:27:00.524+0000][7][gc,phases   ] GC(6)   Evacuate Collection Set: 12.4ms
[2022-08-29T06:27:00.524+0000][7][gc,phases   ] GC(6)   Post Evacuate Collection Set: 0.8ms
[2022-08-29T06:27:00.524+0000][7][gc,phases   ] GC(6)   Other: 2.2ms
[2022-08-29T06:27:00.524+0000][7][gc,heap     ] GC(6) Eden regions: 35->0(34)
[2022-08-29T06:27:00.524+0000][7][gc,heap     ] GC(6) Survivor regions: 3->4(5)
[2022-08-29T06:27:00.524+0000][7][gc,heap     ] GC(6) Old regions: 1->1
[2022-08-29T06:27:00.524+0000][7][gc,heap     ] GC(6) Archive regions: 2->2
[2022-08-29T06:27:00.524+0000][7][gc,heap     ] GC(6) Humongous regions: 0->0
[2022-08-29T06:27:00.525+0000][7][gc,metaspace] GC(6) Metaspace: 19119K(20224K)->19119K(20224K) NonClass: 16813K(17664K)->16813K(17664K) Class: 2305K(2560K)->2305K(2560K)
[2022-08-29T06:27:00.525+0000][7][gc          ] GC(6) Pause Young (Normal) (G1 Evacuation Pause) 156M->19M(256M) 18.948ms
[2022-08-29T06:27:00.525+0000][7][gc,cpu      ] GC(6) User=0.02s Sys=0.00s Real=0.02s
[2022-08-29T06:27:00.525+0000][7][safepoint   ] Safepoint "G1CollectForAllocation", Time since last: 231878713 ns, Reaching safepoint: 2722555 ns, At safepoint: 19513378 ns, Total: 22235933 ns
[2022-08-29T06:27:00.696+0000][7][gc,start    ] GC(7) Pause Young (Normal) (G1 Evacuation Pause)
[2022-08-29T06:27:00.696+0000][7][gc,task     ] GC(7) Using 6 workers of 6 for evacuation
[2022-08-29T06:27:00.696+0000][7][gc,age      ] GC(7) Desired survivor size 10485760 bytes, new threshold 5 (max threshold 15)
[2022-08-29T06:27:00.703+0000][7][gc,age      ] GC(7) Age table with threshold 5 (max threshold 15)
[2022-08-29T06:27:00.703+0000][7][gc,age      ] GC(7) - age   1:    1119072 bytes,    1119072 total
[2022-08-29T06:27:00.703+0000][7][gc,age      ] GC(7) - age   2:    1301792 bytes,    2420864 total
[2022-08-29T06:27:00.704+0000][7][gc,age      ] GC(7) - age   3:    1419144 bytes,    3840008 total
[2022-08-29T06:27:00.704+0000][7][gc,age      ] GC(7) - age   4:    1863784 bytes,    5703792 total
[2022-08-29T06:27:00.704+0000][7][gc,age      ] GC(7) - age   5:    3380136 bytes,    9083928 total
[2022-08-29T06:27:00.704+0000][7][gc,phases   ] GC(7)   Pre Evacuate Collection Set: 0.1ms
[2022-08-29T06:27:00.704+0000][7][gc,phases   ] GC(7)   Merge Heap Roots: 0.1ms
[2022-08-29T06:27:00.705+0000][7][gc,phases   ] GC(7)   Evacuate Collection Set: 5.6ms
[2022-08-29T06:27:00.705+0000][7][gc,phases   ] GC(7)   Post Evacuate Collection Set: 0.6ms
[2022-08-29T06:27:00.705+0000][7][gc,phases   ] GC(7)   Other: 1.9ms
[2022-08-29T06:27:00.705+0000][7][gc,heap     ] GC(7) Eden regions: 34->0(35)
[2022-08-29T06:27:00.705+0000][7][gc,heap     ] GC(7) Survivor regions: 4->3(5)
[2022-08-29T06:27:00.705+0000][7][gc,heap     ] GC(7) Old regions: 1->2
[2022-08-29T06:27:00.706+0000][7][gc,heap     ] GC(7) Archive regions: 2->2
[2022-08-29T06:27:00.706+0000][7][gc,heap     ] GC(7) Humongous regions: 0->0
[2022-08-29T06:27:00.706+0000][7][gc,metaspace] GC(7) Metaspace: 19259K(20224K)->19259K(20224K) NonClass: 16927K(17664K)->16927K(17664K) Class: 2331K(2560K)->2331K(2560K)
[2022-08-29T06:27:00.706+0000][7][gc          ] GC(7) Pause Young (Normal) (G1 Evacuation Pause) 155M->19M(256M) 10.316ms
[2022-08-29T06:27:00.706+0000][7][gc,cpu      ] GC(7) User=0.03s Sys=0.00s Real=0.01s
[2022-08-29T06:27:00.706+0000][7][safepoint   ] Safepoint "G1CollectForAllocation", Time since last: 170302858 ns, Reaching safepoint: 129723 ns, At safepoint: 10686267 ns, Total: 10815990 ns
[2022-08-29T06:27:00.868+0000][7][gc,start    ] GC(8) Pause Young (Normal) (G1 Evacuation Pause)
[2022-08-29T06:27:00.868+0000][7][gc,task     ] GC(8) Using 6 workers of 6 for evacuation
[2022-08-29T06:27:00.868+0000][7][gc,age      ] GC(8) Desired survivor size 10485760 bytes, new threshold 15 (max threshold 15)
[2022-08-29T06:27:00.873+0000][7][gc,age      ] GC(8) Age table with threshold 15 (max threshold 15)
[2022-08-29T06:27:00.873+0000][7][gc,age      ] GC(8) - age   1:     766368 bytes,     766368 total
[2022-08-29T06:27:00.873+0000][7][gc,age      ] GC(8) - age   2:     270056 bytes,    1036424 total
[2022-08-29T06:27:00.873+0000][7][gc,age      ] GC(8) - age   3:    1301792 bytes,    2338216 total
[2022-08-29T06:27:00.874+0000][7][gc,age      ] GC(8) - age   4:    1419144 bytes,    3757360 total
[2022-08-29T06:27:00.874+0000][7][gc,age      ] GC(8) - age   5:    1863784 bytes,    5621144 total
[2022-08-29T06:27:00.874+0000][7][gc,age      ] GC(8) - age   6:    3380136 bytes,    9001280 total
[2022-08-29T06:27:00.874+0000][7][gc,phases   ] GC(8)   Pre Evacuate Collection Set: 0.0ms
[2022-08-29T06:27:00.874+0000][7][gc,phases   ] GC(8)   Merge Heap Roots: 0.0ms
[2022-08-29T06:27:00.875+0000][7][gc,phases   ] GC(8)   Evacuate Collection Set: 2.9ms
[2022-08-29T06:27:00.875+0000][7][gc,phases   ] GC(8)   Post Evacuate Collection Set: 1.4ms
[2022-08-29T06:27:00.875+0000][7][gc,phases   ] GC(8)   Other: 1.9ms
[2022-08-29T06:27:00.875+0000][7][gc,heap     ] GC(8) Eden regions: 35->0(35)
[2022-08-29T06:27:00.876+0000][7][gc,heap     ] GC(8) Survivor regions: 3->3(5)
[2022-08-29T06:27:00.876+0000][7][gc,heap     ] GC(8) Old regions: 2->2
[2022-08-29T06:27:00.876+0000][7][gc,heap     ] GC(8) Archive regions: 2->2
[2022-08-29T06:27:00.876+0000][7][gc,heap     ] GC(8) Humongous regions: 0->0
[2022-08-29T06:27:00.876+0000][7][gc,metaspace] GC(8) Metaspace: 19475K(20608K)->19475K(20608K) NonClass: 17102K(17920K)->17102K(17920K) Class: 2372K(2688K)->2372K(2688K)
[2022-08-29T06:27:00.876+0000][7][gc          ] GC(8) Pause Young (Normal) (G1 Evacuation Pause) 159M->19M(256M) 8.336ms
[2022-08-29T06:27:00.876+0000][7][gc,cpu      ] GC(8) User=0.02s Sys=0.00s Real=0.01s
[2022-08-29T06:27:00.876+0000][7][safepoint   ] Safepoint "G1CollectForAllocation", Time since last: 161000786 ns, Reaching safepoint: 317115 ns, At safepoint: 8692157 ns, Total: 9009272 ns
[2022-08-29T06:27:01.063+0000][7][gc,start    ] GC(9) Pause Young (Normal) (G1 Evacuation Pause)
[2022-08-29T06:27:01.064+0000][7][gc,task     ] GC(9) Using 6 workers of 6 for evacuation
[2022-08-29T06:27:01.064+0000][7][gc,age      ] GC(9) Desired survivor size 10485760 bytes, new threshold 15 (max threshold 15)
[2022-08-29T06:27:01.075+0000][7][gc,age      ] GC(9) Age table with threshold 15 (max threshold 15)
[2022-08-29T06:27:01.076+0000][7][gc,age      ] GC(9) - age   1:     472064 bytes,     472064 total
[2022-08-29T06:27:01.076+0000][7][gc,age      ] GC(9) - age   2:     258832 bytes,     730896 total
[2022-08-29T06:27:01.078+0000][7][gc,age      ] GC(9) - age   3:     269904 bytes,    1000800 total
[2022-08-29T06:27:01.078+0000][7][gc,age      ] GC(9) - age   4:    1301792 bytes,    2302592 total
[2022-08-29T06:27:01.087+0000][7][gc,age      ] GC(9) - age   5:    1418472 bytes,    3721064 total
[2022-08-29T06:27:01.092+0000][7][gc,age      ] GC(9) - age   6:    1863496 bytes,    5584560 total
[2022-08-29T06:27:01.093+0000][7][gc,age      ] GC(9) - age   7:    3380008 bytes,    8964568 total
[2022-08-29T06:27:01.094+0000][7][gc,phases   ] GC(9)   Pre Evacuate Collection Set: 0.1ms
[2022-08-29T06:27:01.094+0000][7][gc,phases   ] GC(9)   Merge Heap Roots: 0.0ms
[2022-08-29T06:27:01.095+0000][7][gc,phases   ] GC(9)   Evacuate Collection Set: 10.2ms
[2022-08-29T06:27:01.096+0000][7][gc,phases   ] GC(9)   Post Evacuate Collection Set: 1.1ms
[2022-08-29T06:27:01.100+0000][7][gc,phases   ] GC(9)   Other: 19.1ms
[2022-08-29T06:27:01.100+0000][7][gc,heap     ] GC(9) Eden regions: 35->0(35)
[2022-08-29T06:27:01.101+0000][7][gc,heap     ] GC(9) Survivor regions: 3->3(5)
[2022-08-29T06:27:01.102+0000][7][gc,heap     ] GC(9) Old regions: 2->2
[2022-08-29T06:27:01.104+0000][7][gc,heap     ] GC(9) Archive regions: 2->2
[2022-08-29T06:27:01.104+0000][7][gc,heap     ] GC(9) Humongous regions: 0->0
[2022-08-29T06:27:01.109+0000][7][gc,metaspace] GC(9) Metaspace: 19543K(20608K)->19543K(20608K) NonClass: 17156K(17920K)->17156K(17920K) Class: 2386K(2688K)->2386K(2688K)
[2022-08-29T06:27:01.109+0000][7][gc          ] GC(9) Pause Young (Normal) (G1 Evacuation Pause) 159M->19M(256M) 46.227ms
[2022-08-29T06:27:01.110+0000][7][gc,cpu      ] GC(9) User=0.07s Sys=0.02s Real=0.05s
[2022-08-29T06:27:01.112+0000][7][safepoint   ] Safepoint "G1CollectForAllocation", Time since last: 186498174 ns, Reaching safepoint: 151675 ns, At safepoint: 49293956 ns, Total: 49445631 ns
[2022-08-29T06:27:01.332+0000][7][gc,start    ] GC(10) Pause Young (Normal) (G1 Evacuation Pause)
[2022-08-29T06:27:01.332+0000][7][gc,task     ] GC(10) Using 6 workers of 6 for evacuation
[2022-08-29T06:27:01.333+0000][7][gc,age      ] GC(10) Desired survivor size 10485760 bytes, new threshold 15 (max threshold 15)
[2022-08-29T06:27:01.351+0000][7][gc,age      ] GC(10) Age table with threshold 15 (max threshold 15)
[2022-08-29T06:27:01.352+0000][7][gc,age      ] GC(10) - age   1:    2338888 bytes,    2338888 total
[2022-08-29T06:27:01.352+0000][7][gc,age      ] GC(10) - age   2:     446712 bytes,    2785600 total
[2022-08-29T06:27:01.352+0000][7][gc,age      ] GC(10) - age   3:     258832 bytes,    3044432 total
[2022-08-29T06:27:01.352+0000][7][gc,age      ] GC(10) - age   4:     269904 bytes,    3314336 total
[2022-08-29T06:27:01.352+0000][7][gc,age      ] GC(10) - age   5:    1301792 bytes,    4616128 total
[2022-08-29T06:27:01.352+0000][7][gc,age      ] GC(10) - age   6:    1417432 bytes,    6033560 total
[2022-08-29T06:27:01.352+0000][7][gc,age      ] GC(10) - age   7:    1863496 bytes,    7897056 total
[2022-08-29T06:27:01.353+0000][7][gc,age      ] GC(10) - age   8:    3379904 bytes,   11276960 total
[2022-08-29T06:27:01.353+0000][7][gc,phases   ] GC(10)   Pre Evacuate Collection Set: 0.1ms
[2022-08-29T06:27:01.353+0000][7][gc,phases   ] GC(10)   Merge Heap Roots: 0.1ms
[2022-08-29T06:27:01.353+0000][7][gc,phases   ] GC(10)   Evacuate Collection Set: 15.3ms
[2022-08-29T06:27:01.353+0000][7][gc,phases   ] GC(10)   Post Evacuate Collection Set: 2.7ms
[2022-08-29T06:27:01.354+0000][7][gc,phases   ] GC(10)   Other: 2.4ms
[2022-08-29T06:27:01.354+0000][7][gc,heap     ] GC(10) Eden regions: 35->0(35)
[2022-08-29T06:27:01.354+0000][7][gc,heap     ] GC(10) Survivor regions: 3->3(5)
[2022-08-29T06:27:01.354+0000][7][gc,heap     ] GC(10) Old regions: 2->2
[2022-08-29T06:27:01.354+0000][7][gc,heap     ] GC(10) Archive regions: 2->2
[2022-08-29T06:27:01.355+0000][7][gc,heap     ] GC(10) Humongous regions: 0->0
[2022-08-29T06:27:01.355+0000][7][gc,metaspace] GC(10) Metaspace: 19807K(21120K)->19807K(21120K) NonClass: 17377K(18432K)->17377K(18432K) Class: 2429K(2688K)->2429K(2688K)
[2022-08-29T06:27:01.355+0000][7][gc          ] GC(10) Pause Young (Normal) (G1 Evacuation Pause) 159M->21M(256M) 22.823ms
[2022-08-29T06:27:01.355+0000][7][gc,cpu      ] GC(10) User=0.04s Sys=0.01s Real=0.03s
[2022-08-29T06:27:01.355+0000][7][safepoint   ] Safepoint "G1CollectForAllocation", Time since last: 218587471 ns, Reaching safepoint: 1072702 ns, At safepoint: 23339361 ns, Total: 24412063 ns
[2022-08-29T06:27:01.541+0000][7][gc,start    ] GC(11) Pause Young (Normal) (G1 Evacuation Pause)
[2022-08-29T06:27:01.541+0000][7][gc,task     ] GC(11) Using 6 workers of 6 for evacuation
[2022-08-29T06:27:01.541+0000][7][gc,age      ] GC(11) Desired survivor size 10485760 bytes, new threshold 8 (max threshold 15)
[2022-08-29T06:27:01.559+0000][7][gc,age      ] GC(11) Age table with threshold 8 (max threshold 15)
[2022-08-29T06:27:01.560+0000][7][gc,age      ] GC(11) - age   1:    1262784 bytes,    1262784 total
[2022-08-29T06:27:01.560+0000][7][gc,age      ] GC(11) - age   2:    1597000 bytes,    2859784 total
[2022-08-29T06:27:01.561+0000][7][gc,age      ] GC(11) - age   3:     445112 bytes,    3304896 total
[2022-08-29T06:27:01.561+0000][7][gc,age      ] GC(11) - age   4:     258768 bytes,    3563664 total
[2022-08-29T06:27:01.561+0000][7][gc,age      ] GC(11) - age   5:     269840 bytes,    3833504 total
[2022-08-29T06:27:01.561+0000][7][gc,age      ] GC(11) - age   6:    1301792 bytes,    5135296 total
[2022-08-29T06:27:01.562+0000][7][gc,age      ] GC(11) - age   7:    1417432 bytes,    6552728 total
[2022-08-29T06:27:01.562+0000][7][gc,age      ] GC(11) - age   8:    1863304 bytes,    8416032 total
[2022-08-29T06:27:01.562+0000][7][gc,phases   ] GC(11)   Pre Evacuate Collection Set: 0.1ms
[2022-08-29T06:27:01.562+0000][7][gc,phases   ] GC(11)   Merge Heap Roots: 0.1ms
[2022-08-29T06:27:01.562+0000][7][gc,phases   ] GC(11)   Evacuate Collection Set: 16.6ms
[2022-08-29T06:27:01.563+0000][7][gc,phases   ] GC(11)   Post Evacuate Collection Set: 1.1ms
[2022-08-29T06:27:01.563+0000][7][gc,phases   ] GC(11)   Other: 3.4ms
[2022-08-29T06:27:01.563+0000][7][gc,heap     ] GC(11) Eden regions: 35->0(35)
[2022-08-29T06:27:01.563+0000][7][gc,heap     ] GC(11) Survivor regions: 3->3(5)
[2022-08-29T06:27:01.563+0000][7][gc,heap     ] GC(11) Old regions: 2->3
[2022-08-29T06:27:01.563+0000][7][gc,heap     ] GC(11) Archive regions: 2->2
[2022-08-29T06:27:01.564+0000][7][gc,heap     ] GC(11) Humongous regions: 0->0
[2022-08-29T06:27:01.564+0000][7][gc,metaspace] GC(11) Metaspace: 19947K(21120K)->19947K(21120K) NonClass: 17494K(18432K)->17494K(18432K) Class: 2452K(2688K)->2452K(2688K)
[2022-08-29T06:27:01.564+0000][7][gc          ] GC(11) Pause Young (Normal) (G1 Evacuation Pause) 161M->22M(256M) 23.430ms
[2022-08-29T06:27:01.564+0000][7][gc,cpu      ] GC(11) User=0.06s Sys=0.00s Real=0.03s
[2022-08-29T06:27:01.565+0000][7][safepoint   ] Safepoint "G1CollectForAllocation", Time since last: 185055058 ns, Reaching safepoint: 224090 ns, At safepoint: 24033103 ns, Total: 24257193 ns
[2022-08-29T06:27:01.731+0000][7][gc,start    ] GC(12) Pause Young (Concurrent Start) (Metadata GC Threshold)
[2022-08-29T06:27:01.732+0000][7][gc,task     ] GC(12) Using 6 workers of 6 for evacuation
[2022-08-29T06:27:01.732+0000][7][gc,age      ] GC(12) Desired survivor size 10485760 bytes, new threshold 15 (max threshold 15)
[2022-08-29T06:27:01.745+0000][7][gc,age      ] GC(12) Age table with threshold 15 (max threshold 15)
[2022-08-29T06:27:01.764+0000][7][gc,age      ] GC(12) - age   1:     325768 bytes,     325768 total
[2022-08-29T06:27:01.765+0000][7][gc,age      ] GC(12) - age   2:     554976 bytes,     880744 total
[2022-08-29T06:27:01.765+0000][7][gc,age      ] GC(12) - age   3:    1597000 bytes,    2477744 total
[2022-08-29T06:27:01.765+0000][7][gc,age      ] GC(12) - age   4:     444896 bytes,    2922640 total
[2022-08-29T06:27:01.765+0000][7][gc,age      ] GC(12) - age   5:     258768 bytes,    3181408 total
[2022-08-29T06:27:01.765+0000][7][gc,age      ] GC(12) - age   6:     269296 bytes,    3450704 total
[2022-08-29T06:27:01.765+0000][7][gc,age      ] GC(12) - age   7:    1301792 bytes,    4752496 total
[2022-08-29T06:27:01.765+0000][7][gc,age      ] GC(12) - age   8:    1417432 bytes,    6169928 total
[2022-08-29T06:27:01.765+0000][7][gc,age      ] GC(12) - age   9:    1863304 bytes,    8033232 total
[2022-08-29T06:27:01.766+0000][7][gc,phases   ] GC(12)   Pre Evacuate Collection Set: 0.1ms
[2022-08-29T06:27:01.766+0000][7][gc,phases   ] GC(12)   Merge Heap Roots: 0.1ms
[2022-08-29T06:27:01.766+0000][7][gc,phases   ] GC(12)   Evacuate Collection Set: 11.9ms
[2022-08-29T06:27:01.766+0000][7][gc,phases   ] GC(12)   Post Evacuate Collection Set: 0.9ms
[2022-08-29T06:27:01.767+0000][7][gc,phases   ] GC(12)   Other: 21.4ms
[2022-08-29T06:27:01.767+0000][7][gc,heap     ] GC(12) Eden regions: 35->0(36)
[2022-08-29T06:27:01.767+0000][7][gc,heap     ] GC(12) Survivor regions: 3->2(5)
[2022-08-29T06:27:01.767+0000][7][gc,heap     ] GC(12) Old regions: 3->3
[2022-08-29T06:27:01.767+0000][7][gc,heap     ] GC(12) Archive regions: 2->2
[2022-08-29T06:27:01.767+0000][7][gc,heap     ] GC(12) Humongous regions: 0->0
[2022-08-29T06:27:01.767+0000][7][gc,metaspace] GC(12) Metaspace: 19986K(21296K)->19986K(21296K) NonClass: 17525K(18480K)->17525K(18480K) Class: 2461K(2816K)->2461K(2816K)
[2022-08-29T06:27:01.768+0000][7][gc          ] GC(12) Pause Young (Concurrent Start) (Metadata GC Threshold) 160M->21M(256M) 36.196ms
[2022-08-29T06:27:01.768+0000][7][gc,cpu      ] GC(12) User=0.07s Sys=0.01s Real=0.04s
[2022-08-29T06:27:01.769+0000][7][safepoint   ] Safepoint "CollectForMetadataAllocation", Time since last: 166538609 ns, Reaching safepoint: 107001 ns, At safepoint: 37429441 ns, Total: 37536442 ns
[2022-08-29T06:27:01.769+0000][7][gc          ] GC(13) Concurrent Cycle
[2022-08-29T06:27:01.769+0000][7][gc,marking  ] GC(13) Concurrent Clear Claimed Marks
[2022-08-29T06:27:01.769+0000][7][gc,marking  ] GC(13) Concurrent Clear Claimed Marks 0.215ms
[2022-08-29T06:27:01.770+0000][7][gc,marking  ] GC(13) Concurrent Scan Root Regions
[2022-08-29T06:27:01.771+0000][7][gc,marking  ] GC(13) Concurrent Scan Root Regions 1.700ms
[2022-08-29T06:27:01.772+0000][7][gc,marking  ] GC(13) Concurrent Mark (8.814s)
[2022-08-29T06:27:01.772+0000][7][gc,marking  ] GC(13) Concurrent Mark From Roots
[2022-08-29T06:27:01.772+0000][7][gc,task     ] GC(13) Using 2 workers of 2 for marking
[2022-08-29T06:27:01.778+0000][7][gc,marking  ] GC(13) Concurrent Mark From Roots 5.463ms
[2022-08-29T06:27:01.778+0000][7][gc,marking  ] GC(13) Concurrent Preclean
[2022-08-29T06:27:01.778+0000][7][gc,marking  ] GC(13) Concurrent Preclean 0.320ms
[2022-08-29T06:27:01.779+0000][7][gc,marking  ] GC(13) Concurrent Mark (8.814s, 8.821s) 6.931ms
[2022-08-29T06:27:01.783+0000][7][gc,start    ] GC(13) Pause Remark
[2022-08-29T06:27:01.792+0000][7][gc          ] GC(13) Pause Remark 25M->25M(256M) 8.774ms
[2022-08-29T06:27:01.793+0000][7][gc,cpu      ] GC(13) User=0.02s Sys=0.00s Real=0.01s
[2022-08-29T06:27:01.793+0000][7][safepoint   ] Safepoint "G1Concurrent", Time since last: 10106669 ns, Reaching safepoint: 4137318 ns, At safepoint: 10296265 ns, Total: 14433583 ns
[2022-08-29T06:27:01.794+0000][7][gc,marking  ] GC(13) Concurrent Rebuild Remembered Sets
[2022-08-29T06:27:01.805+0000][7][gc,marking  ] GC(13) Concurrent Rebuild Remembered Sets 11.307ms
[2022-08-29T06:27:01.815+0000][7][gc,start    ] GC(13) Pause Cleanup
[2022-08-29T06:27:01.818+0000][7][gc          ] GC(13) Pause Cleanup 43M->43M(256M) 2.735ms
[2022-08-29T06:27:01.818+0000][7][gc,cpu      ] GC(13) User=0.00s Sys=0.00s Real=0.00s
[2022-08-29T06:27:01.819+0000][7][safepoint   ] Safepoint "G1Concurrent", Time since last: 15692945 ns, Reaching safepoint: 6157685 ns, At safepoint: 3378134 ns, Total: 9535819 ns
[2022-08-29T06:27:01.819+0000][7][gc,marking  ] GC(13) Concurrent Cleanup for Next Mark
[2022-08-29T06:27:01.819+0000][7][gc,marking  ] GC(13) Concurrent Cleanup for Next Mark 0.602ms
[2022-08-29T06:27:01.820+0000][7][gc          ] GC(13) Concurrent Cycle 50.678ms
[2022-08-29T06:27:02.819+0000][7][safepoint   ] Safepoint "Cleanup", Time since last: 1000208061 ns, Reaching safepoint: 238777 ns, At safepoint: 337112 ns, Total: 575889 ns
[2022-08-29T06:27:03.560+0000][7][safepoint   ] Safepoint "ICBufferFull", Time since last: 738245471 ns, Reaching safepoint: 2184576 ns, At safepoint: 25948 ns, Total: 2210524 ns
[2022-08-29T06:27:04.115+0000][7][gc,start    ] GC(14) Pause Young (Normal) (G1 Evacuation Pause)
[2022-08-29T06:27:04.115+0000][7][gc,task     ] GC(14) Using 6 workers of 6 for evacuation
[2022-08-29T06:27:04.115+0000][7][gc,age      ] GC(14) Desired survivor size 10485760 bytes, new threshold 15 (max threshold 15)
[2022-08-29T06:27:04.138+0000][7][gc,age      ] GC(14) Age table with threshold 15 (max threshold 15)
[2022-08-29T06:27:04.139+0000][7][gc,age      ] GC(14) - age   1:    8610176 bytes,    8610176 total
[2022-08-29T06:27:04.141+0000][7][gc,age      ] GC(14) - age   2:     298960 bytes,    8909136 total
[2022-08-29T06:27:04.144+0000][7][gc,age      ] GC(14) - age   3:     554376 bytes,    9463512 total
[2022-08-29T06:27:04.145+0000][7][gc,age      ] GC(14) - age   4:    1592880 bytes,   11056392 total
[2022-08-29T06:27:04.145+0000][7][gc,age      ] GC(14) - age   5:     444192 bytes,   11500584 total
[2022-08-29T06:27:04.148+0000][7][gc,age      ] GC(14) - age   6:     258384 bytes,   11758968 total
[2022-08-29T06:27:04.149+0000][7][gc,age      ] GC(14) - age   7:     260144 bytes,   12019112 total
[2022-08-29T06:27:04.149+0000][7][gc,age      ] GC(14) - age   8:    1300904 bytes,   13320016 total
[2022-08-29T06:27:04.151+0000][7][gc,age      ] GC(14) - age   9:    1413720 bytes,   14733736 total
[2022-08-29T06:27:04.152+0000][7][gc,age      ] GC(14) - age  10:    1856208 bytes,   16589944 total
[2022-08-29T06:27:04.155+0000][7][gc,phases   ] GC(14)   Pre Evacuate Collection Set: 0.1ms
[2022-08-29T06:27:04.160+0000][7][gc,phases   ] GC(14)   Merge Heap Roots: 0.0ms
[2022-08-29T06:27:04.161+0000][7][gc,phases   ] GC(14)   Evacuate Collection Set: 19.8ms
[2022-08-29T06:27:04.164+0000][7][gc,phases   ] GC(14)   Post Evacuate Collection Set: 2.3ms
[2022-08-29T06:27:04.164+0000][7][gc,phases   ] GC(14)   Other: 17.8ms
[2022-08-29T06:27:04.170+0000][7][gc,heap     ] GC(14) Eden regions: 36->0(33)
[2022-08-29T06:27:04.180+0000][7][gc,heap     ] GC(14) Survivor regions: 2->5(5)
[2022-08-29T06:27:04.184+0000][7][gc,heap     ] GC(14) Old regions: 3->3
[2022-08-29T06:27:04.190+0000][7][gc,heap     ] GC(14) Archive regions: 2->2
[2022-08-29T06:27:04.192+0000][7][gc,heap     ] GC(14) Humongous regions: 0->0
[2022-08-29T06:27:04.204+0000][7][gc,metaspace] GC(14) Metaspace: 29806K(31744K)->29806K(31744K) NonClass: 26073K(27392K)->26073K(27392K) Class: 3733K(4352K)->3733K(4352K)
[2022-08-29T06:27:04.205+0000][7][gc          ] GC(14) Pause Young (Normal) (G1 Evacuation Pause) 165M->30M(256M) 89.858ms
[2022-08-29T06:27:04.205+0000][7][gc,cpu      ] GC(14) User=0.14s Sys=0.01s Real=0.09s
[2022-08-29T06:27:04.211+0000][7][safepoint   ] Safepoint "G1CollectForAllocation", Time since last: 553530620 ns, Reaching safepoint: 1473152 ns, At safepoint: 96576181 ns, Total: 98049333 ns
[2022-08-29T06:27:05.022+0000][7][gc,start    ] GC(15) Pause Young (Normal) (G1 Evacuation Pause)
[2022-08-29T06:27:05.023+0000][7][gc,task     ] GC(15) Using 6 workers of 6 for evacuation
[2022-08-29T06:27:05.023+0000][7][gc,age      ] GC(15) Desired survivor size 10485760 bytes, new threshold 4 (max threshold 15)
[2022-08-29T06:27:05.045+0000][7][gc,age      ] GC(15) Age table with threshold 4 (max threshold 15)
[2022-08-29T06:27:05.045+0000][7][gc,age      ] GC(15) - age   1:   11560312 bytes,   11560312 total
[2022-08-29T06:27:05.045+0000][7][gc,age      ] GC(15) - age   2:    8182288 bytes,   19742600 total
[2022-08-29T06:27:05.045+0000][7][gc,age      ] GC(15) - age   3:     296960 bytes,   20039560 total
[2022-08-29T06:27:05.045+0000][7][gc,age      ] GC(15) - age   4:     554376 bytes,   20593936 total
[2022-08-29T06:27:05.046+0000][7][gc,phases   ] GC(15)   Pre Evacuate Collection Set: 0.1ms
[2022-08-29T06:27:05.046+0000][7][gc,phases   ] GC(15)   Merge Heap Roots: 0.1ms
[2022-08-29T06:27:05.046+0000][7][gc,phases   ] GC(15)   Evacuate Collection Set: 20.0ms
[2022-08-29T06:27:05.046+0000][7][gc,phases   ] GC(15)   Post Evacuate Collection Set: 1.2ms
[2022-08-29T06:27:05.046+0000][7][gc,phases   ] GC(15)   Other: 1.8ms
[2022-08-29T06:27:05.046+0000][7][gc,heap     ] GC(15) Eden regions: 33->0(33)
[2022-08-29T06:27:05.046+0000][7][gc,heap     ] GC(15) Survivor regions: 5->5(5)
[2022-08-29T06:27:05.046+0000][7][gc,heap     ] GC(15) Old regions: 3->6
[2022-08-29T06:27:05.047+0000][7][gc,heap     ] GC(15) Archive regions: 2->2
[2022-08-29T06:27:05.047+0000][7][gc,heap     ] GC(15) Humongous regions: 0->0
[2022-08-29T06:27:05.047+0000][7][gc,metaspace] GC(15) Metaspace: 30068K(32256K)->30068K(32256K) NonClass: 26294K(27904K)->26294K(27904K) Class: 3774K(4352K)->3774K(4352K)
[2022-08-29T06:27:05.047+0000][7][gc          ] GC(15) Pause Young (Normal) (G1 Evacuation Pause) 162M->45M(256M) 24.617ms
[2022-08-29T06:27:05.047+0000][7][gc,cpu      ] GC(15) User=0.09s Sys=0.00s Real=0.00s
[2022-08-29T06:27:05.047+0000][7][safepoint   ] Safepoint "G1CollectForAllocation", Time since last: 810654307 ns, Reaching safepoint: 211416 ns, At safepoint: 25085766 ns, Total: 25297182 ns
[2022-08-29T06:27:05.609+0000][7][gc,start    ] GC(16) Pause Young (Concurrent Start) (Metadata GC Threshold)
[2022-08-29T06:27:05.610+0000][7][gc,task     ] GC(16) Using 6 workers of 6 for evacuation
[2022-08-29T06:27:05.610+0000][7][gc,age      ] GC(16) Desired survivor size 10485760 bytes, new threshold 1 (max threshold 15)
[2022-08-29T06:27:05.643+0000][7][gc,age      ] GC(16) Age table with threshold 1 (max threshold 15)
[2022-08-29T06:27:05.643+0000][7][gc,age      ] GC(16) - age   1:   13185104 bytes,   13185104 total
[2022-08-29T06:27:05.643+0000][7][gc,phases   ] GC(16)   Pre Evacuate Collection Set: 0.2ms
[2022-08-29T06:27:05.643+0000][7][gc,phases   ] GC(16)   Merge Heap Roots: 0.1ms
[2022-08-29T06:27:05.643+0000][7][gc,phases   ] GC(16)   Evacuate Collection Set: 31.1ms
[2022-08-29T06:27:05.643+0000][7][gc,phases   ] GC(16)   Post Evacuate Collection Set: 1.0ms
[2022-08-29T06:27:05.644+0000][7][gc,phases   ] GC(16)   Other: 1.2ms
[2022-08-29T06:27:05.644+0000][7][gc,heap     ] GC(16) Eden regions: 24->0(29)
[2022-08-29T06:27:05.644+0000][7][gc,heap     ] GC(16) Survivor regions: 5->4(5)
[2022-08-29T06:27:05.644+0000][7][gc,heap     ] GC(16) Old regions: 6->11
[2022-08-29T06:27:05.644+0000][7][gc,heap     ] GC(16) Archive regions: 2->2
[2022-08-29T06:27:05.645+0000][7][gc,heap     ] GC(16) Humongous regions: 0->0
[2022-08-29T06:27:05.645+0000][7][gc,metaspace] GC(16) Metaspace: 33687K(35920K)->33687K(35920K) NonClass: 29320K(30928K)->29320K(30928K) Class: 4367K(4992K)->4367K(4992K)
[2022-08-29T06:27:05.645+0000][7][gc          ] GC(16) Pause Young (Concurrent Start) (Metadata GC Threshold) 139M->59M(256M) 35.599ms
[2022-08-29T06:27:05.645+0000][7][gc,cpu      ] GC(16) User=0.09s Sys=0.00s Real=0.65s
[2022-08-29T06:27:05.645+0000][7][gc          ] GC(17) Concurrent Cycle
[2022-08-29T06:27:05.645+0000][7][gc,marking  ] GC(17) Concurrent Clear Claimed Marks
[2022-08-29T06:27:05.646+0000][7][gc,marking  ] GC(17) Concurrent Clear Claimed Marks 0.301ms
[2022-08-29T06:27:05.646+0000][7][gc,marking  ] GC(17) Concurrent Scan Root Regions
[2022-08-29T06:27:05.645+0000][7][safepoint   ] Safepoint "CollectForMetadataAllocation", Time since last: 561735935 ns, Reaching safepoint: 213430 ns, At safepoint: 36175269 ns, Total: 36388699 ns
[2022-08-29T06:27:05.662+0000][7][gc,marking  ] GC(17) Concurrent Scan Root Regions 16.396ms
[2022-08-29T06:27:05.666+0000][7][gc,marking  ] GC(17) Concurrent Mark (12.708s)
[2022-08-29T06:27:05.666+0000][7][gc,marking  ] GC(17) Concurrent Mark From Roots
[2022-08-29T06:27:05.667+0000][7][gc,task     ] GC(17) Using 2 workers of 2 for marking
[2022-08-29T06:27:05.680+0000][7][safepoint   ] Safepoint "CollectForMetadataAllocation", Time since last: 34405610 ns, Reaching safepoint: 443682 ns, At safepoint: 151254 ns, Total: 594936 ns
[2022-08-29T06:27:05.704+0000][7][gc,marking  ] GC(17) Concurrent Mark From Roots 37.784ms
[2022-08-29T06:27:05.708+0000][7][gc,marking  ] GC(17) Concurrent Preclean
[2022-08-29T06:27:05.706+0000][7][safepoint   ] Safepoint "CollectForMetadataAllocation", Time since last: 24345097 ns, Reaching safepoint: 535243 ns, At safepoint: 154300 ns, Total: 689543 ns
[2022-08-29T06:27:05.711+0000][7][gc,marking  ] GC(17) Concurrent Preclean 3.644ms
[2022-08-29T06:27:05.717+0000][7][gc,marking  ] GC(17) Concurrent Mark (12.708s, 12.759s) 51.234ms
[2022-08-29T06:27:05.727+0000][7][gc,start    ] GC(17) Pause Remark
[2022-08-29T06:27:05.737+0000][7][gc          ] GC(17) Pause Remark 63M->63M(256M) 10.157ms
[2022-08-29T06:27:05.738+0000][7][gc,cpu      ] GC(17) User=0.02s Sys=0.00s Real=0.00s
[2022-08-29T06:27:05.738+0000][7][safepoint   ] Safepoint "G1Concurrent", Time since last: 18060182 ns, Reaching safepoint: 3645215 ns, At safepoint: 10850435 ns, Total: 14495650 ns
[2022-08-29T06:27:05.738+0000][7][gc,marking  ] GC(17) Concurrent Rebuild Remembered Sets
[2022-08-29T06:27:05.760+0000][7][gc,marking  ] GC(17) Concurrent Rebuild Remembered Sets 21.681ms
[2022-08-29T06:27:05.761+0000][7][gc,start    ] GC(17) Pause Cleanup
[2022-08-29T06:27:05.761+0000][7][gc          ] GC(17) Pause Cleanup 63M->63M(256M) 0.628ms
[2022-08-29T06:27:05.762+0000][7][gc,cpu      ] GC(17) User=0.00s Sys=0.00s Real=0.00s
[2022-08-29T06:27:05.762+0000][7][safepoint   ] Safepoint "G1Concurrent", Time since last: 22199644 ns, Reaching safepoint: 504787 ns, At safepoint: 1028638 ns, Total: 1533425 ns
[2022-08-29T06:27:05.762+0000][7][gc,marking  ] GC(17) Concurrent Cleanup for Next Mark
[2022-08-29T06:27:05.763+0000][7][gc,marking  ] GC(17) Concurrent Cleanup for Next Mark 0.558ms
[2022-08-29T06:27:05.763+0000][7][gc          ] GC(17) Concurrent Cycle 117.626ms
[2022-08-29T06:27:05.964+0000][7][gc,start    ] GC(18) Pause Young (Concurrent Start) (G1 Evacuation Pause)
[2022-08-29T06:27:05.964+0000][7][gc,task     ] GC(18) Using 6 workers of 6 for evacuation
[2022-08-29T06:27:05.964+0000][7][gc,age      ] GC(18) Desired survivor size 10485760 bytes, new threshold 1 (max threshold 15)
[2022-08-29T06:27:05.978+0000][7][gc,age      ] GC(18) Age table with threshold 1 (max threshold 15)
[2022-08-29T06:27:05.979+0000][7][gc,age      ] GC(18) - age   1:    1360400 bytes,    1360400 total
[2022-08-29T06:27:05.979+0000][7][gc,phases   ] GC(18)   Pre Evacuate Collection Set: 0.2ms
[2022-08-29T06:27:05.979+0000][7][gc,phases   ] GC(18)   Merge Heap Roots: 0.1ms
[2022-08-29T06:27:05.979+0000][7][gc,phases   ] GC(18)   Evacuate Collection Set: 12.4ms
[2022-08-29T06:27:05.979+0000][7][gc,phases   ] GC(18)   Post Evacuate Collection Set: 0.9ms
[2022-08-29T06:27:05.979+0000][7][gc,phases   ] GC(18)   Other: 1.2ms
[2022-08-29T06:27:05.979+0000][7][gc,heap     ] GC(18) Eden regions: 29->0(31)
[2022-08-29T06:27:05.979+0000][7][gc,heap     ] GC(18) Survivor regions: 4->1(5)
[2022-08-29T06:27:05.980+0000][7][gc,heap     ] GC(18) Old regions: 11->14
[2022-08-29T06:27:05.980+0000][7][gc,heap     ] GC(18) Archive regions: 2->2
[2022-08-29T06:27:05.980+0000][7][gc,heap     ] GC(18) Humongous regions: 0->0
[2022-08-29T06:27:05.980+0000][7][gc,metaspace] GC(18) Metaspace: 36010K(38428K)->36010K(38428K) NonClass: 31422K(33232K)->31422K(33232K) Class: 4587K(5196K)->4587K(5196K)
[2022-08-29T06:27:05.980+0000][7][gc          ] GC(18) Pause Young (Concurrent Start) (G1 Evacuation Pause) 175M->60M(256M) 16.208ms
[2022-08-29T06:27:05.980+0000][7][gc,cpu      ] GC(18) User=0.03s Sys=0.00s Real=0.00s
[2022-08-29T06:27:05.980+0000][7][gc          ] GC(19) Concurrent Cycle
[2022-08-29T06:27:05.985+0000][7][gc,marking  ] GC(19) Concurrent Clear Claimed Marks
[2022-08-29T06:27:05.986+0000][7][gc,marking  ] GC(19) Concurrent Clear Claimed Marks 0.305ms
[2022-08-29T06:27:05.986+0000][7][gc,marking  ] GC(19) Concurrent Scan Root Regions
[2022-08-29T06:27:05.980+0000][7][safepoint   ] Safepoint "G1CollectForAllocation", Time since last: 201697323 ns, Reaching safepoint: 309150 ns, At safepoint: 16583944 ns, Total: 16893094 ns
[2022-08-29T06:27:05.995+0000][7][gc,marking  ] GC(19) Concurrent Scan Root Regions 9.569ms
[2022-08-29T06:27:06.002+0000][7][gc,marking  ] GC(19) Concurrent Mark (13.044s)
[2022-08-29T06:27:06.002+0000][7][gc,marking  ] GC(19) Concurrent Mark From Roots
[2022-08-29T06:27:06.002+0000][7][gc,task     ] GC(19) Using 2 workers of 2 for marking
[2022-08-29T06:27:06.047+0000][7][gc,marking  ] GC(19) Concurrent Mark From Roots 45.266ms
[2022-08-29T06:27:06.048+0000][7][gc,marking  ] GC(19) Concurrent Preclean
[2022-08-29T06:27:06.061+0000][7][gc,marking  ] GC(19) Concurrent Preclean 13.619ms
[2022-08-29T06:27:06.062+0000][7][gc,marking  ] GC(19) Concurrent Mark (13.044s, 13.104s) 59.743ms
[2022-08-29T06:27:06.062+0000][7][gc,start    ] GC(19) Pause Remark
[2022-08-29T06:27:06.065+0000][7][gc          ] GC(19) Pause Remark 68M->68M(256M) 3.220ms
[2022-08-29T06:27:06.065+0000][7][gc,cpu      ] GC(19) User=0.00s Sys=0.00s Real=0.00s
[2022-08-29T06:27:06.066+0000][7][safepoint   ] Safepoint "G1Concurrent", Time since last: 81437385 ns, Reaching safepoint: 78808 ns, At safepoint: 3776792 ns, Total: 3855600 ns
[2022-08-29T06:27:06.067+0000][7][gc,marking  ] GC(19) Concurrent Rebuild Remembered Sets
[2022-08-29T06:27:06.093+0000][7][gc,marking  ] GC(19) Concurrent Rebuild Remembered Sets 26.278ms
[2022-08-29T06:27:06.094+0000][7][gc,start    ] GC(19) Pause Cleanup
[2022-08-29T06:27:06.095+0000][7][gc          ] GC(19) Pause Cleanup 70M->70M(256M) 0.374ms
[2022-08-29T06:27:06.095+0000][7][gc,cpu      ] GC(19) User=0.00s Sys=0.00s Real=0.00s
[2022-08-29T06:27:06.095+0000][7][safepoint   ] Safepoint "G1Concurrent", Time since last: 28308648 ns, Reaching safepoint: 294192 ns, At safepoint: 783329 ns, Total: 1077521 ns
[2022-08-29T06:27:06.095+0000][7][gc,marking  ] GC(19) Concurrent Cleanup for Next Mark
[2022-08-29T06:27:06.096+0000][7][gc,marking  ] GC(19) Concurrent Cleanup for Next Mark 0.641ms
[2022-08-29T06:27:06.096+0000][7][gc          ] GC(19) Concurrent Cycle 115.903ms
[2022-08-29T06:27:07.266+0000][7][safepoint   ] Safepoint "ICBufferFull", Time since last: 1170855955 ns, Reaching safepoint: 355166 ns, At safepoint: 10560 ns, Total: 365726 ns
[2022-08-29T06:27:07.280+0000][7][gc,start    ] GC(20) Pause Young (Normal) (G1 Evacuation Pause)
[2022-08-29T06:27:07.280+0000][7][gc,task     ] GC(20) Using 6 workers of 6 for evacuation
[2022-08-29T06:27:07.280+0000][7][gc,age      ] GC(20) Desired survivor size 8388608 bytes, new threshold 15 (max threshold 15)
[2022-08-29T06:27:07.290+0000][7][gc,age      ] GC(20) Age table with threshold 15 (max threshold 15)
[2022-08-29T06:27:07.290+0000][7][gc,age      ] GC(20) - age   1:    5260680 bytes,    5260680 total
[2022-08-29T06:27:07.290+0000][7][gc,age      ] GC(20) - age   2:    1251608 bytes,    6512288 total
[2022-08-29T06:27:07.291+0000][7][gc,phases   ] GC(20)   Pre Evacuate Collection Set: 0.1ms
[2022-08-29T06:27:07.291+0000][7][gc,phases   ] GC(20)   Merge Heap Roots: 0.1ms
[2022-08-29T06:27:07.291+0000][7][gc,phases   ] GC(20)   Evacuate Collection Set: 8.5ms
[2022-08-29T06:27:07.291+0000][7][gc,phases   ] GC(20)   Post Evacuate Collection Set: 0.9ms
[2022-08-29T06:27:07.291+0000][7][gc,phases   ] GC(20)   Other: 1.5ms
[2022-08-29T06:27:07.291+0000][7][gc,heap     ] GC(20) Eden regions: 31->0(30)
[2022-08-29T06:27:07.292+0000][7][gc,heap     ] GC(20) Survivor regions: 1->2(4)
[2022-08-29T06:27:07.292+0000][7][gc,heap     ] GC(20) Old regions: 14->14
[2022-08-29T06:27:07.292+0000][7][gc,heap     ] GC(20) Archive regions: 2->2
[2022-08-29T06:27:07.292+0000][7][gc,heap     ] GC(20) Humongous regions: 0->0
[2022-08-29T06:27:07.292+0000][7][gc,metaspace] GC(20) Metaspace: 51755K(55324K)->51755K(55324K) NonClass: 44821K(47568K)->44821K(47568K) Class: 6933K(7756K)->6933K(7756K)
[2022-08-29T06:27:07.292+0000][7][gc          ] GC(20) Pause Young (Normal) (G1 Evacuation Pause) 184M->64M(256M) 12.849ms
[2022-08-29T06:27:07.293+0000][7][gc,cpu      ] GC(20) User=0.03s Sys=0.00s Real=0.00s
[2022-08-29T06:27:07.293+0000][7][safepoint   ] Safepoint "G1CollectForAllocation", Time since last: 12958256 ns, Reaching safepoint: 270076 ns, At safepoint: 13352206 ns, Total: 13622282 ns
[2022-08-29T06:27:07.424+0000][7][safepoint   ] Safepoint "ICBufferFull", Time since last: 131064115 ns, Reaching safepoint: 274916 ns, At safepoint: 24656 ns, Total: 299572 ns
[2022-08-29T06:27:08.425+0000][7][safepoint   ] Safepoint "Cleanup", Time since last: 1000323827 ns, Reaching safepoint: 371978 ns, At safepoint: 3927 ns, Total: 375905 ns
[2022-08-29T06:27:08.992+0000][7][gc,start    ] GC(21) Pause Young (Concurrent Start) (Metadata GC Threshold)
[2022-08-29T06:27:08.993+0000][7][gc,task     ] GC(21) Using 6 workers of 6 for evacuation
[2022-08-29T06:27:08.993+0000][7][gc,age      ] GC(21) Desired survivor size 8388608 bytes, new threshold 15 (max threshold 15)
[2022-08-29T06:27:09.006+0000][7][gc,age      ] GC(21) Age table with threshold 15 (max threshold 15)
[2022-08-29T06:27:09.006+0000][7][gc,age      ] GC(21) - age   1:    4302432 bytes,    4302432 total
[2022-08-29T06:27:09.006+0000][7][gc,age      ] GC(21) - age   2:    5085864 bytes,    9388296 total
[2022-08-29T06:27:09.007+0000][7][gc,age      ] GC(21) - age   3:    1251264 bytes,   10639560 total
[2022-08-29T06:27:09.007+0000][7][gc,phases   ] GC(21)   Pre Evacuate Collection Set: 0.2ms
[2022-08-29T06:27:09.007+0000][7][gc,phases   ] GC(21)   Merge Heap Roots: 0.1ms
[2022-08-29T06:27:09.008+0000][7][gc,phases   ] GC(21)   Evacuate Collection Set: 11.1ms
[2022-08-29T06:27:09.008+0000][7][gc,phases   ] GC(21)   Post Evacuate Collection Set: 1.2ms
[2022-08-29T06:27:09.008+0000][7][gc,phases   ] GC(21)   Other: 2.5ms
[2022-08-29T06:27:09.008+0000][7][gc,heap     ] GC(21) Eden regions: 27->0(30)
[2022-08-29T06:27:09.008+0000][7][gc,heap     ] GC(21) Survivor regions: 2->3(4)
[2022-08-29T06:27:09.008+0000][7][gc,heap     ] GC(21) Old regions: 14->14
[2022-08-29T06:27:09.009+0000][7][gc,heap     ] GC(21) Archive regions: 2->2
[2022-08-29T06:27:09.009+0000][7][gc,heap     ] GC(21) Humongous regions: 0->0
[2022-08-29T06:27:09.009+0000][7][gc,metaspace] GC(21) Metaspace: 61060K(64668K)->61060K(64668K) NonClass: 52859K(55504K)->52859K(55504K) Class: 8201K(9164K)->8201K(9164K)
[2022-08-29T06:27:09.009+0000][7][gc          ] GC(21) Pause Young (Concurrent Start) (Metadata GC Threshold) 170M->69M(256M) 16.916ms
[2022-08-29T06:27:09.009+0000][7][gc,cpu      ] GC(21) User=0.03s Sys=0.00s Real=0.02s
[2022-08-29T06:27:09.009+0000][7][gc          ] GC(22) Concurrent Cycle
[2022-08-29T06:27:09.010+0000][7][gc,marking  ] GC(22) Concurrent Clear Claimed Marks
[2022-08-29T06:27:09.010+0000][7][gc,marking  ] GC(22) Concurrent Clear Claimed Marks 0.257ms
[2022-08-29T06:27:09.010+0000][7][gc,marking  ] GC(22) Concurrent Scan Root Regions
[2022-08-29T06:27:09.009+0000][7][safepoint   ] Safepoint "CollectForMetadataAllocation", Time since last: 566791434 ns, Reaching safepoint: 300794 ns, At safepoint: 17458515 ns, Total: 17759309 ns
[2022-08-29T06:27:09.017+0000][7][gc,marking  ] GC(22) Concurrent Scan Root Regions 7.303ms
[2022-08-29T06:27:09.018+0000][7][gc,marking  ] GC(22) Concurrent Mark (16.060s)
[2022-08-29T06:27:09.018+0000][7][gc,marking  ] GC(22) Concurrent Mark From Roots
[2022-08-29T06:27:09.018+0000][7][gc,task     ] GC(22) Using 2 workers of 2 for marking
[2022-08-29T06:27:09.045+0000][7][safepoint   ] Safepoint "CollectForMetadataAllocation", Time since last: 30629681 ns, Reaching safepoint: 4986409 ns, At safepoint: 159219 ns, Total: 5145628 ns
[2022-08-29T06:27:09.062+0000][7][gc,marking  ] GC(22) Concurrent Mark From Roots 44.071ms
[2022-08-29T06:27:09.062+0000][7][gc,marking  ] GC(22) Concurrent Preclean
[2022-08-29T06:27:09.063+0000][7][gc,marking  ] GC(22) Concurrent Preclean 0.428ms
[2022-08-29T06:27:09.063+0000][7][gc,marking  ] GC(22) Concurrent Mark (16.060s, 16.105s) 45.361ms
[2022-08-29T06:27:09.064+0000][7][gc,start    ] GC(22) Pause Remark
[2022-08-29T06:27:09.067+0000][7][gc          ] GC(22) Pause Remark 73M->73M(256M) 3.307ms
[2022-08-29T06:27:09.067+0000][7][gc,cpu      ] GC(22) User=0.01s Sys=0.00s Real=0.01s
[2022-08-29T06:27:09.068+0000][7][safepoint   ] Safepoint "G1Concurrent", Time since last: 18287980 ns, Reaching safepoint: 251341 ns, At safepoint: 3857783 ns, Total: 4109124 ns
[2022-08-29T06:27:09.068+0000][7][gc,marking  ] GC(22) Concurrent Rebuild Remembered Sets
[2022-08-29T06:27:09.100+0000][7][gc,marking  ] GC(22) Concurrent Rebuild Remembered Sets 32.148ms
[2022-08-29T06:27:09.101+0000][7][gc,start    ] GC(22) Pause Cleanup
[2022-08-29T06:27:09.102+0000][7][gc          ] GC(22) Pause Cleanup 77M->77M(256M) 0.532ms
[2022-08-29T06:27:09.102+0000][7][gc,cpu      ] GC(22) User=0.00s Sys=0.00s Real=0.00s
[2022-08-29T06:27:09.102+0000][7][safepoint   ] Safepoint "G1Concurrent", Time since last: 32807975 ns, Reaching safepoint: 954089 ns, At safepoint: 978104 ns, Total: 1932193 ns
[2022-08-29T06:27:09.103+0000][7][gc,marking  ] GC(22) Concurrent Cleanup for Next Mark
[2022-08-29T06:27:09.104+0000][7][gc,marking  ] GC(22) Concurrent Cleanup for Next Mark 1.225ms
[2022-08-29T06:27:09.105+0000][7][gc          ] GC(22) Concurrent Cycle 95.306ms
[2022-08-29T06:27:10.104+0000][7][safepoint   ] Safepoint "Cleanup", Time since last: 1000200476 ns, Reaching safepoint: 1306570 ns, At safepoint: 51777 ns, Total: 1358347 ns
[2022-08-29T06:27:11.434+0000][7][safepoint   ] Safepoint "Cleanup", Time since last: 1329291281 ns, Reaching safepoint: 526667 ns, At safepoint: 63870 ns, Total: 590537 ns
[2022-08-29T06:27:15.237+0000][7][safepoint   ] Safepoint "Cleanup", Time since last: 2683413892 ns, Reaching safepoint: 1118273282 ns, At safepoint: 987131 ns, Total: 1119260413 ns
[2022-08-29T06:27:16.965+0000][7][safepoint   ] Safepoint "Cleanup", Time since last: 1727544326 ns, Reaching safepoint: 389671 ns, At safepoint: 57978 ns, Total: 447649 ns
[2022-08-29T06:27:16.996+0000][7][gc,start    ] GC(23) Pause Young (Concurrent Start) (G1 Evacuation Pause)
[2022-08-29T06:27:16.997+0000][7][gc,task     ] GC(23) Using 6 workers of 6 for evacuation
[2022-08-29T06:27:16.997+0000][7][gc,age      ] GC(23) Desired survivor size 10485760 bytes, new threshold 3 (max threshold 15)
[2022-08-29T06:27:17.009+0000][7][gc,age      ] GC(23) Age table with threshold 3 (max threshold 15)
[2022-08-29T06:27:17.010+0000][7][gc,age      ] GC(23) - age   1:    6496840 bytes,    6496840 total
[2022-08-29T06:27:17.010+0000][7][gc,age      ] GC(23) - age   2:    4191416 bytes,   10688256 total
[2022-08-29T06:27:17.010+0000][7][gc,age      ] GC(23) - age   3:    5045728 bytes,   15733984 total
[2022-08-29T06:27:17.010+0000][7][gc,phases   ] GC(23)   Pre Evacuate Collection Set: 0.2ms
[2022-08-29T06:27:17.010+0000][7][gc,phases   ] GC(23)   Merge Heap Roots: 0.1ms
[2022-08-29T06:27:17.010+0000][7][gc,phases   ] GC(23)   Evacuate Collection Set: 10.5ms
[2022-08-29T06:27:17.010+0000][7][gc,phases   ] GC(23)   Post Evacuate Collection Set: 1.5ms
[2022-08-29T06:27:17.011+0000][7][gc,phases   ] GC(23)   Other: 1.4ms
[2022-08-29T06:27:17.011+0000][7][gc,heap     ] GC(23) Eden regions: 30->0(29)
[2022-08-29T06:27:17.011+0000][7][gc,heap     ] GC(23) Survivor regions: 3->4(5)
[2022-08-29T06:27:17.011+0000][7][gc,heap     ] GC(23) Old regions: 14->14
[2022-08-29T06:27:17.011+0000][7][gc,heap     ] GC(23) Archive regions: 2->2
[2022-08-29T06:27:17.011+0000][7][gc,heap     ] GC(23) Humongous regions: 0->0
[2022-08-29T06:27:17.011+0000][7][gc,metaspace] GC(23) Metaspace: 80414K(84764K)->80414K(84764K) NonClass: 69613K(72912K)->69613K(72912K) Class: 10800K(11852K)->10800K(11852K)
[2022-08-29T06:27:17.012+0000][7][gc          ] GC(23) Pause Young (Concurrent Start) (G1 Evacuation Pause) 189M->75M(256M) 15.211ms
[2022-08-29T06:27:17.012+0000][7][gc,cpu      ] GC(23) User=0.05s Sys=0.00s Real=0.01s
[2022-08-29T06:27:17.012+0000][7][gc          ] GC(24) Concurrent Cycle
[2022-08-29T06:27:17.014+0000][7][gc,marking  ] GC(24) Concurrent Clear Claimed Marks
[2022-08-29T06:27:17.012+0000][7][safepoint   ] Safepoint "G1CollectForAllocation", Time since last: 31643462 ns, Reaching safepoint: 163737 ns, At safepoint: 15909240 ns, Total: 16072977 ns
[2022-08-29T06:27:17.015+0000][7][gc,marking  ] GC(24) Concurrent Clear Claimed Marks 0.834ms
[2022-08-29T06:27:17.015+0000][7][gc,marking  ] GC(24) Concurrent Scan Root Regions
[2022-08-29T06:27:17.021+0000][7][gc,marking  ] GC(24) Concurrent Scan Root Regions 5.541ms
[2022-08-29T06:27:17.021+0000][7][gc,marking  ] GC(24) Concurrent Mark (24.063s)
[2022-08-29T06:27:17.021+0000][7][gc,marking  ] GC(24) Concurrent Mark From Roots
[2022-08-29T06:27:17.022+0000][7][gc,task     ] GC(24) Using 2 workers of 2 for marking
[2022-08-29T06:27:17.056+0000][7][gc,marking  ] GC(24) Concurrent Mark From Roots 34.454ms
[2022-08-29T06:27:17.056+0000][7][gc,marking  ] GC(24) Concurrent Preclean
[2022-08-29T06:27:17.057+0000][7][gc,marking  ] GC(24) Concurrent Preclean 0.412ms
[2022-08-29T06:27:17.057+0000][7][gc,marking  ] GC(24) Concurrent Mark (24.063s, 24.099s) 35.912ms
[2022-08-29T06:27:17.058+0000][7][gc,start    ] GC(24) Pause Remark
[2022-08-29T06:27:17.063+0000][7][gc          ] GC(24) Pause Remark 81M->81M(256M) 4.761ms
[2022-08-29T06:27:17.063+0000][7][gc,cpu      ] GC(24) User=0.02s Sys=0.00s Real=0.00s
[2022-08-29T06:27:17.063+0000][7][safepoint   ] Safepoint "G1Concurrent", Time since last: 45311849 ns, Reaching safepoint: 180479 ns, At safepoint: 5340734 ns, Total: 5521213 ns
[2022-08-29T06:27:17.063+0000][7][gc,marking  ] GC(24) Concurrent Rebuild Remembered Sets
[2022-08-29T06:27:17.394+0000][7][gc,marking  ] GC(24) Concurrent Rebuild Remembered Sets 330.417ms
[2022-08-29T06:27:17.394+0000][7][gc,start    ] GC(24) Pause Cleanup
[2022-08-29T06:27:17.395+0000][7][gc          ] GC(24) Pause Cleanup 81M->81M(256M) 0.347ms
[2022-08-29T06:27:17.395+0000][7][gc,cpu      ] GC(24) User=0.00s Sys=0.00s Real=0.00s
[2022-08-29T06:27:17.395+0000][7][safepoint   ] Safepoint "G1Concurrent", Time since last: 331012258 ns, Reaching safepoint: 356949 ns, At safepoint: 791524 ns, Total: 1148473 ns
[2022-08-29T06:27:17.395+0000][7][gc,marking  ] GC(24) Concurrent Cleanup for Next Mark
[2022-08-29T06:27:17.396+0000][7][gc,marking  ] GC(24) Concurrent Cleanup for Next Mark 0.600ms
[2022-08-29T06:27:17.396+0000][7][gc          ] GC(24) Concurrent Cycle 384.331ms
[2022-08-29T06:27:18.465+0000][7][safepoint   ] Safepoint "Cleanup", Time since last: 1070045145 ns, Reaching safepoint: 190116 ns, At safepoint: 1553 ns, Total: 191669 ns
[2022-08-29T06:27:19.472+0000][7][safepoint   ] Safepoint "Cleanup", Time since last: 1006728486 ns, Reaching safepoint: 201608 ns, At safepoint: 42650 ns, Total: 244258 ns
[2022-08-29T06:27:21.299+0000][7][safepoint   ] Safepoint "Cleanup", Time since last: 1612581240 ns, Reaching safepoint: 214095158 ns, At safepoint: 51597 ns, Total: 214146755 ns
[2022-08-29T06:27:22.924+0000][7][safepoint   ] Safepoint "Cleanup", Time since last: 1624740218 ns, Reaching safepoint: 184416 ns, At safepoint: 3557 ns, Total: 187973 ns
[2022-08-29T06:27:23.926+0000][7][safepoint   ] Safepoint "Cleanup", Time since last: 1001997886 ns, Reaching safepoint: 245721 ns, At safepoint: 22031 ns, Total: 267752 ns
[2022-08-29T06:27:25.139+0000][7][safepoint   ] Safepoint "Cleanup", Time since last: 1012427041 ns, Reaching safepoint: 200044503 ns, At safepoint: 191229 ns, Total: 200235732 ns
[2022-08-29T06:27:26.129+0000][7][safepoint   ] Safepoint "Cleanup", Time since last: 1000551794 ns, Reaching safepoint: 195296 ns, At safepoint: 6071 ns, Total: 201367 ns
[2022-08-29T06:27:27.129+0000][7][safepoint   ] Safepoint "Cleanup", Time since last: 1000173065 ns, Reaching safepoint: 207359 ns, At safepoint: 2414 ns, Total: 209773 ns
[2022-08-29T06:27:29.954+0000][7][safepoint   ] Safepoint "Cleanup", Time since last: 2824483948 ns, Reaching safepoint: 132138 ns, At safepoint: 2144 ns, Total: 134282 ns
[2022-08-29T06:27:32.108+0000][7][safepoint   ] Safepoint "Cleanup", Time since last: 1000941265 ns, Reaching safepoint: 1144760646 ns, At safepoint: 8170931 ns, Total: 1152931577 ns
[2022-08-29T06:27:33.108+0000][7][safepoint   ] Safepoint "Cleanup", Time since last: 1000381305 ns, Reaching safepoint: 179567 ns, At safepoint: 5129 ns, Total: 184696 ns
[2022-08-29T06:27:34.486+0000][7][safepoint   ] Safepoint "Cleanup", Time since last: 1377519750 ns, Reaching safepoint: 128861 ns, At safepoint: 15429 ns, Total: 144290 ns
[2022-08-29T06:27:39.487+0000][7][safepoint   ] Safepoint "Cleanup", Time since last: 5000811091 ns, Reaching safepoint: 175139 ns, At safepoint: 4378 ns, Total: 179517 ns
[2022-08-29T06:27:44.676+0000][7][safepoint   ] Safepoint "Cleanup", Time since last: 5188599575 ns, Reaching safepoint: 142027 ns, At safepoint: 10389 ns, Total: 152416 ns
[2022-08-29T06:27:45.798+0000][7][safepoint   ] Safepoint "Cleanup", Time since last: 1121743800 ns, Reaching safepoint: 251030 ns, At safepoint: 45476 ns, Total: 296506 ns
[2022-08-29T06:27:48.122+0000][7][safepoint   ] Safepoint "Cleanup", Time since last: 2323768526 ns, Reaching safepoint: 215284 ns, At safepoint: 28363 ns, Total: 243647 ns
[2022-08-29T06:27:49.234+0000][7][safepoint   ] Safepoint "Cleanup", Time since last: 1000257793 ns, Reaching safepoint: 111671615 ns, At safepoint: 108894 ns, Total: 111780509 ns
[2022-08-29T06:27:50.234+0000][7][safepoint   ] Safepoint "Cleanup", Time since last: 1000458850 ns, Reaching safepoint: 156323 ns, At safepoint: 23094 ns, Total: 179417 ns
[2022-08-29T06:27:51.236+0000][7][safepoint   ] Safepoint "Cleanup", Time since last: 1000682650 ns, Reaching safepoint: 356718 ns, At safepoint: 50746 ns, Total: 407464 ns
[2022-08-29T06:27:52.514+0000][7][safepoint   ] Safepoint "Cleanup", Time since last: 1000821550 ns, Reaching safepoint: 277749571 ns, At safepoint: 173515 ns, Total: 277923086 ns
[2022-08-29T06:27:53.515+0000][7][safepoint   ] Safepoint "Cleanup", Time since last: 1000651752 ns, Reaching safepoint: 336341 ns, At safepoint: 17492 ns, Total: 353833 ns
[2022-08-29T06:27:55.516+0000][7][safepoint   ] Safepoint "Cleanup", Time since last: 2000426280 ns, Reaching safepoint: 339266 ns, At safepoint: 58590 ns, Total: 397856 ns
[2022-08-29T06:27:59.518+0000][7][safepoint   ] Safepoint "Cleanup", Time since last: 4001466439 ns, Reaching safepoint: 372528 ns, At safepoint: 55965 ns, Total: 428493 ns
[2022-08-29T06:28:03.520+0000][7][safepoint   ] Safepoint "Cleanup", Time since last: 4001499302 ns, Reaching safepoint: 472145 ns, At safepoint: 63749 ns, Total: 535894 ns
[2022-08-29T06:28:06.521+0000][7][safepoint   ] Safepoint "Cleanup", Time since last: 3001244915 ns, Reaching safepoint: 256622 ns, At safepoint: 7654 ns, Total: 264276 ns
[2022-08-29T06:28:10.523+0000][7][safepoint   ] Safepoint "Cleanup", Time since last: 4001232942 ns, Reaching safepoint: 518061 ns, At safepoint: 5811 ns, Total: 523872 ns
[2022-08-29T06:28:18.525+0000][7][safepoint   ] Safepoint "Cleanup", Time since last: 8002136888 ns, Reaching safepoint: 243657 ns, At safepoint: 11261 ns, Total: 254918 ns
[2022-08-29T06:28:19.527+0000][7][safepoint   ] Safepoint "Cleanup", Time since last: 1000884488 ns, Reaching safepoint: 400051 ns, At safepoint: 4258 ns, Total: 404309 ns
[2022-08-29T06:28:20.528+0000][7][safepoint   ] Safepoint "Cleanup", Time since last: 1000618950 ns, Reaching safepoint: 329908 ns, At safepoint: 15820 ns, Total: 345728 ns
[2022-08-29T06:28:22.529+0000][7][safepoint   ] Safepoint "Cleanup", Time since last: 2001356554 ns, Reaching safepoint: 375474 ns, At safepoint: 7414 ns, Total: 382888 ns
[2022-08-29T06:28:23.532+0000][7][safepoint   ] Safepoint "Cleanup", Time since last: 1001821535 ns, Reaching safepoint: 352071 ns, At safepoint: 7834 ns, Total: 359905 ns
[2022-08-29T06:28:24.533+0000][7][safepoint   ] Safepoint "Cleanup", Time since last: 1000853190 ns, Reaching safepoint: 473708 ns, At safepoint: 6382 ns, Total: 480090 ns
[2022-08-29T06:28:27.535+0000][7][safepoint   ] Safepoint "Cleanup", Time since last: 3001312581 ns, Reaching safepoint: 383950 ns, At safepoint: 56236 ns, Total: 440186 ns
[2022-08-29T06:28:28.536+0000][7][safepoint   ] Safepoint "Cleanup", Time since last: 1000838081 ns, Reaching safepoint: 343654 ns, At safepoint: 6072 ns, Total: 349726 ns
[2022-08-29T06:28:29.537+0000][7][safepoint   ] Safepoint "Cleanup", Time since last: 1001116744 ns, Reaching safepoint: 330539 ns, At safepoint: 15429 ns, Total: 345968 ns
[2022-08-29T06:28:30.538+0000][7][safepoint   ] Safepoint "Cleanup", Time since last: 1000888456 ns, Reaching safepoint: 358192 ns, At safepoint: 7244 ns, Total: 365436 ns
[2022-08-29T06:28:35.540+0000][7][safepoint   ] Safepoint "Cleanup", Time since last: 5001515852 ns, Reaching safepoint: 421881 ns, At safepoint: 5641 ns, Total: 427522 ns
[2022-08-29T06:28:45.543+0000][7][safepoint   ] Safepoint "Cleanup", Time since last: 10002147047 ns, Reaching safepoint: 372849 ns, At safepoint: 56776 ns, Total: 429625 ns
[2022-08-29T06:28:46.544+0000][7][safepoint   ] Safepoint "Cleanup", Time since last: 1000853471 ns, Reaching safepoint: 502522 ns, At safepoint: 5981 ns, Total: 508503 ns
[2022-08-29T06:28:50.546+0000][7][safepoint   ] Safepoint "Cleanup", Time since last: 4001448867 ns, Reaching safepoint: 314260 ns, At safepoint: 4828 ns, Total: 319088 ns
[2022-08-29T06:28:51.548+0000][7][safepoint   ] Safepoint "Cleanup", Time since last: 1001412339 ns, Reaching safepoint: 366336 ns, At safepoint: 14818 ns, Total: 381154 ns
[2022-08-29T06:28:53.549+0000][7][safepoint   ] Safepoint "Cleanup", Time since last: 2000993353 ns, Reaching safepoint: 455243 ns, At safepoint: 5942 ns, Total: 461185 ns
[2022-08-29T06:28:54.551+0000][7][safepoint   ] Safepoint "Cleanup", Time since last: 1000991990 ns, Reaching safepoint: 409327 ns, At safepoint: 3788 ns, Total: 413115 ns
[2022-08-29T06:29:00.553+0000][7][safepoint   ] Safepoint "Cleanup", Time since last: 6001488420 ns, Reaching safepoint: 431660 ns, At safepoint: 10259 ns, Total: 441919 ns
[2022-08-29T06:29:08.556+0000][7][safepoint   ] Safepoint "Cleanup", Time since last: 8003007861 ns, Reaching safepoint: 357921 ns, At safepoint: 55023 ns, Total: 412944 ns
[2022-08-29T06:29:10.558+0000][7][safepoint   ] Safepoint "Cleanup", Time since last: 2001177949 ns, Reaching safepoint: 348684 ns, At safepoint: 56285 ns, Total: 404969 ns
[2022-08-29T06:29:12.559+0000][7][safepoint   ] Safepoint "Cleanup", Time since last: 2001071129 ns, Reaching safepoint: 521417 ns, At safepoint: 33593 ns, Total: 555010 ns
[2022-08-29T06:29:15.561+0000][7][safepoint   ] Safepoint "Cleanup", Time since last: 3001876339 ns, Reaching safepoint: 261981 ns, At safepoint: 4899 ns, Total: 266880 ns
[2022-08-29T06:29:21.563+0000][7][safepoint   ] Safepoint "Cleanup", Time since last: 6001319044 ns, Reaching safepoint: 586981 ns, At safepoint: 6462 ns, Total: 593443 ns
[2022-08-29T06:29:25.565+0000][7][safepoint   ] Safepoint "Cleanup", Time since last: 4001519559 ns, Reaching safepoint: 354004 ns, At safepoint: 15890 ns, Total: 369894 ns
[2022-08-29T06:29:32.569+0000][7][safepoint   ] Safepoint "Cleanup", Time since last: 7001885515 ns, Reaching safepoint: 431179 ns, At safepoint: 16611 ns, Total: 447790 ns
[2022-08-29T06:29:34.573+0000][7][safepoint   ] Safepoint "Cleanup", Time since last: 2003000386 ns, Reaching safepoint: 351529 ns, At safepoint: 51236 ns, Total: 402765 ns
[2022-08-29T06:29:44.575+0000][7][safepoint   ] Safepoint "Cleanup", Time since last: 10002255260 ns, Reaching safepoint: 300824 ns, At safepoint: 7414 ns, Total: 308238 ns
[2022-08-29T06:29:51.577+0000][7][safepoint   ] Safepoint "Cleanup", Time since last: 7001712782 ns, Reaching safepoint: 479970 ns, At safepoint: 6642 ns, Total: 486612 ns
[2022-08-29T06:29:53.579+0000][7][safepoint   ] Safepoint "Cleanup", Time since last: 2001470408 ns, Reaching safepoint: 447809 ns, At safepoint: 7674 ns, Total: 455483 ns
[2022-08-29T06:29:55.581+0000][7][safepoint   ] Safepoint "Cleanup", Time since last: 2001058435 ns, Reaching safepoint: 351389 ns, At safepoint: 7494 ns, Total: 358883 ns
[2022-08-29T06:29:57.582+0000][7][safepoint   ] Safepoint "Cleanup", Time since last: 2001231619 ns, Reaching safepoint: 361468 ns, At safepoint: 4218 ns, Total: 365686 ns
[2022-08-29T06:30:02.584+0000][7][safepoint   ] Safepoint "Cleanup", Time since last: 5001473303 ns, Reaching safepoint: 498384 ns, At safepoint: 6012 ns, Total: 504396 ns
[2022-08-29T06:30:09.586+0000][7][safepoint   ] Safepoint "Cleanup", Time since last: 7002080622 ns, Reaching safepoint: 325891 ns, At safepoint: 13385 ns, Total: 339276 ns
[2022-08-29T06:30:21.589+0000][7][safepoint   ] Safepoint "Cleanup", Time since last: 12002559821 ns, Reaching safepoint: 358542 ns, At safepoint: 6623 ns, Total: 365165 ns
[2022-08-29T06:30:25.591+0000][7][safepoint   ] Safepoint "Cleanup", Time since last: 4001666705 ns, Reaching safepoint: 301014 ns, At safepoint: 7945 ns, Total: 308959 ns
[2022-08-29T06:30:40.595+0000][7][safepoint   ] Safepoint "Cleanup", Time since last: 15002921479 ns, Reaching safepoint: 345047 ns, At safepoint: 13315 ns, Total: 358362 ns
[2022-08-29T06:30:47.597+0000][7][safepoint   ] Safepoint "Cleanup", Time since last: 7001767925 ns, Reaching safepoint: 323236 ns, At safepoint: 7515 ns, Total: 330751 ns
[2022-08-29T06:30:50.916+0000][7][gc,start    ] GC(25) Pause Young (Normal) (G1 Evacuation Pause)
[2022-08-29T06:30:50.917+0000][7][gc,task     ] GC(25) Using 6 workers of 6 for evacuation
[2022-08-29T06:30:50.917+0000][7][gc,age      ] GC(25) Desired survivor size 10485760 bytes, new threshold 2 (max threshold 15)
[2022-08-29T06:30:50.944+0000][7][gc,age      ] GC(25) Age table with threshold 2 (max threshold 15)
[2022-08-29T06:30:50.945+0000][7][gc,age      ] GC(25) - age   1:    6060136 bytes,    6060136 total
[2022-08-29T06:30:50.945+0000][7][gc,age      ] GC(25) - age   2:    6211048 bytes,   12271184 total
[2022-08-29T06:30:50.946+0000][7][gc,phases   ] GC(25)   Pre Evacuate Collection Set: 0.3ms
[2022-08-29T06:30:50.946+0000][7][gc,phases   ] GC(25)   Merge Heap Roots: 0.2ms
[2022-08-29T06:30:50.946+0000][7][gc,phases   ] GC(25)   Evacuate Collection Set: 23.2ms
[2022-08-29T06:30:50.946+0000][7][gc,phases   ] GC(25)   Post Evacuate Collection Set: 3.0ms
[2022-08-29T06:30:50.947+0000][7][gc,phases   ] GC(25)   Other: 2.7ms
[2022-08-29T06:30:50.947+0000][7][gc,heap     ] GC(25) Eden regions: 29->0(24)
[2022-08-29T06:30:50.947+0000][7][gc,heap     ] GC(25) Survivor regions: 4->4(5)
[2022-08-29T06:30:50.947+0000][7][gc,heap     ] GC(25) Old regions: 14->17
[2022-08-29T06:30:50.948+0000][7][gc,heap     ] GC(25) Archive regions: 2->2
[2022-08-29T06:30:50.948+0000][7][gc,heap     ] GC(25) Humongous regions: 2->2
[2022-08-29T06:30:50.948+0000][7][gc,metaspace] GC(25) Metaspace: 93758K(98588K)->93758K(98588K) NonClass: 81001K(84688K)->81001K(84688K) Class: 12757K(13900K)->12757K(13900K)
[2022-08-29T06:30:50.948+0000][7][gc          ] GC(25) Pause Young (Normal) (G1 Evacuation Pause) 199M->89M(256M) 31.922ms
[2022-08-29T06:30:50.949+0000][7][gc,cpu      ] GC(25) User=0.14s Sys=0.00s Real=0.03s
[2022-08-29T06:30:50.951+0000][7][safepoint   ] Safepoint "G1CollectForAllocation", Time since last: 3318645610 ns, Reaching safepoint: 388519 ns, At safepoint: 34485710 ns, Total: 34874229 ns
[2022-08-29T06:30:52.950+0000][7][safepoint   ] Safepoint "Cleanup", Time since last: 1999217253 ns, Reaching safepoint: 306455 ns, At safepoint: 5901 ns, Total: 312356 ns
[2022-08-29T06:30:53.951+0000][7][safepoint   ] Safepoint "Cleanup", Time since last: 1000745047 ns, Reaching safepoint: 221215 ns, At safepoint: 34144 ns, Total: 255359 ns
[2022-08-29T06:31:21.955+0000][7][safepoint   ] Safepoint "Cleanup", Time since last: 28005367937 ns, Reaching safepoint: 452809 ns, At safepoint: 15739 ns, Total: 468548 ns
[2022-08-29T06:31:22.957+0000][7][safepoint   ] Safepoint "Cleanup", Time since last: 1001598658 ns, Reaching safepoint: 499076 ns, At safepoint: 6282 ns, Total: 505358 ns
[2022-08-29T06:31:25.959+0000][7][safepoint   ] Safepoint "Cleanup", Time since last: 3001453044 ns, Reaching safepoint: 332263 ns, At safepoint: 6513 ns, Total: 338776 ns
[2022-08-29T06:31:30.975+0000][7][safepoint   ] Safepoint "Cleanup", Time since last: 5001429480 ns, Reaching safepoint: 339647 ns, At safepoint: 51035 ns, Total: 390682 ns
[2022-08-29T06:31:31.976+0000][7][safepoint   ] Safepoint "Cleanup", Time since last: 1000958187 ns, Reaching safepoint: 398167 ns, At safepoint: 64440 ns, Total: 462607 ns
[2022-08-29T06:31:41.979+0000][7][safepoint   ] Safepoint "Cleanup", Time since last: 10002360357 ns, Reaching safepoint: 357290 ns, At safepoint: 58259 ns, Total: 415549 ns
[2022-08-29T06:31:50.982+0000][7][safepoint   ] Safepoint "Cleanup", Time since last: 9002495119 ns, Reaching safepoint: 254798 ns, At safepoint: 36969 ns, Total: 291767 ns
[2022-08-29T06:31:51.983+0000][7][safepoint   ] Safepoint "Cleanup", Time since last: 1000434325 ns, Reaching safepoint: 344756 ns, At safepoint: 14468 ns, Total: 359224 ns
[2022-08-29T06:31:52.984+0000][7][safepoint   ] Safepoint "Cleanup", Time since last: 1000921968 ns, Reaching safepoint: 375855 ns, At safepoint: 8095 ns, Total: 383950 ns
[2022-08-29T06:31:54.986+0000][7][safepoint   ] Safepoint "Cleanup", Time since last: 2001077090 ns, Reaching safepoint: 345288 ns, At safepoint: 8485 ns, Total: 353773 ns
[2022-08-29T06:32:21.979+0000][7][safepoint   ] Safepoint "Cleanup", Time since last: 27005146713 ns, Reaching safepoint: 587952 ns, At safepoint: 66495 ns, Total: 654447 ns
[2022-08-29T06:32:30.981+0000][7][safepoint   ] Safepoint "Cleanup", Time since last: 9002981992 ns, Reaching safepoint: 281938 ns, At safepoint: 7465 ns, Total: 289403 ns
[2022-08-29T06:32:51.986+0000][7][safepoint   ] Safepoint "Cleanup", Time since last: 21004098606 ns, Reaching safepoint: 264005 ns, At safepoint: 12103 ns, Total: 276108 ns
[2022-08-29T06:32:53.989+0000][7][safepoint   ] Safepoint "Cleanup", Time since last: 2002572554 ns, Reaching safepoint: 359224 ns, At safepoint: 54482 ns, Total: 413706 ns
[2022-08-29T06:33:22.019+0000][7][safepoint   ] Safepoint "Cleanup", Time since last: 28005996756 ns, Reaching safepoint: 349205 ns, At safepoint: 7243 ns, Total: 356448 ns
[2022-08-29T06:33:23.021+0000][7][safepoint   ] Safepoint "Cleanup", Time since last: 1001733380 ns, Reaching safepoint: 349035 ns, At safepoint: 7173 ns, Total: 356208 ns
[2022-08-29T06:33:52.017+0000][7][safepoint   ] Safepoint "Cleanup", Time since last: 29005880018 ns, Reaching safepoint: 457547 ns, At safepoint: 87535 ns, Total: 545082 ns
[2022-08-29T06:33:56.021+0000][7][safepoint   ] Safepoint "Cleanup", Time since last: 4003270723 ns, Reaching safepoint: 441738 ns, At safepoint: 6181 ns, Total: 447919 ns
[2022-08-29T06:33:59.010+0000][7][safepoint   ] Safepoint "Cleanup", Time since last: 3002402034 ns, Reaching safepoint: 379491 ns, At safepoint: 13536 ns, Total: 393027 ns
[2022-08-29T06:34:22.424+0000][7][safepoint   ] Safepoint "Cleanup", Time since last: 23413212526 ns, Reaching safepoint: 822332 ns, At safepoint: 68859 ns, Total: 891191 ns
[2022-08-29T06:34:23.426+0000][7][safepoint   ] Safepoint "Cleanup", Time since last: 1001667206 ns, Reaching safepoint: 526036 ns, At safepoint: 90881 ns, Total: 616917 ns
[2022-08-29T06:34:25.427+0000][7][safepoint   ] Safepoint "Cleanup", Time since last: 2001108108 ns, Reaching safepoint: 413615 ns, At safepoint: 74400 ns, Total: 488015 ns
[2022-08-29T06:34:57.726+0000][7][safepoint   ] Safepoint "Cleanup", Time since last: 31801215101 ns, Reaching safepoint: 320300373 ns, At safepoint: 62737 ns, Total: 320363110 ns
[2022-08-29T06:35:05.423+0000][7][safepoint   ] Safepoint "Cleanup", Time since last: 7693988410 ns, Reaching safepoint: 2565821 ns, At safepoint: 56486 ns, Total: 2622307 ns
[2022-08-29T06:35:14.430+0000][7][safepoint   ] Safepoint "Cleanup", Time since last: 9004617518 ns, Reaching safepoint: 1962260 ns, At safepoint: 226254 ns, Total: 2188514 ns
[2022-08-29T06:35:18.433+0000][7][safepoint   ] Safepoint "Cleanup", Time since last: 4002813075 ns, Reaching safepoint: 278101 ns, At safepoint: 4639 ns, Total: 282740 ns
[2022-08-29T06:35:19.435+0000][7][safepoint   ] Safepoint "Cleanup", Time since last: 1001027757 ns, Reaching safepoint: 816311 ns, At safepoint: 76032 ns, Total: 892343 ns
[2022-08-29T06:35:27.440+0000][7][safepoint   ] Safepoint "Cleanup", Time since last: 8004253045 ns, Reaching safepoint: 983876 ns, At safepoint: 59651 ns, Total: 1043527 ns
[2022-08-29T06:35:35.269+0000][7][safepoint   ] Safepoint "Cleanup", Time since last: 8004753523 ns, Reaching safepoint: 303459 ns, At safepoint: 73358 ns, Total: 376817 ns
[2022-08-29T06:35:36.272+0000][7][safepoint   ] Safepoint "Cleanup", Time since last: 1001403341 ns, Reaching safepoint: 1783685 ns, At safepoint: 63208 ns, Total: 1846893 ns
[2022-08-29T06:35:55.280+0000][7][safepoint   ] Safepoint "Cleanup", Time since last: 19007476251 ns, Reaching safepoint: 498053 ns, At safepoint: 56125 ns, Total: 554178 ns
[2022-08-29T06:36:05.741+0000][7][safepoint   ] Safepoint "Cleanup", Time since last: 10002452109 ns, Reaching safepoint: 458916058 ns, At safepoint: 168946 ns, Total: 459085004 ns
[2022-08-29T06:36:06.742+0000][7][safepoint   ] Safepoint "Cleanup", Time since last: 1001491226 ns, Reaching safepoint: 282350 ns, At safepoint: 37500 ns, Total: 319850 ns
[2022-08-29T06:36:14.745+0000][7][safepoint   ] Safepoint "Cleanup", Time since last: 8001771723 ns, Reaching safepoint: 446017 ns, At safepoint: 7654 ns, Total: 453671 ns
[2022-08-29T06:36:34.038+0000][7][safepoint   ] Safepoint "Cleanup", Time since last: 19291716249 ns, Reaching safepoint: 1759118 ns, At safepoint: 17894 ns, Total: 1777012 ns
[2022-08-29T06:36:37.233+0000][7][safepoint   ] Safepoint "Cleanup", Time since last: 2867950558 ns, Reaching safepoint: 326841738 ns, At safepoint: 369803 ns, Total: 327211541 ns
[2022-08-29T06:36:47.186+0000][7][safepoint   ] Safepoint "Cleanup", Time since last: 9952264638 ns, Reaching safepoint: 572022 ns, At safepoint: 65022 ns, Total: 637044 ns
[2022-08-29T06:36:57.190+0000][7][safepoint   ] Safepoint "Cleanup", Time since last: 10003966809 ns, Reaching safepoint: 257863 ns, At safepoint: 4098 ns, Total: 261961 ns
[2022-08-29T06:37:10.306+0000][7][safepoint   ] Safepoint "Cleanup", Time since last: 13098796153 ns, Reaching safepoint: 1216641 ns, At safepoint: 119064 ns, Total: 1335705 ns
[2022-08-29T06:37:11.309+0000][7][safepoint   ] Safepoint "Cleanup", Time since last: 1002446938 ns, Reaching safepoint: 652353 ns, At safepoint: 38723 ns, Total: 691076 ns
[2022-08-29T06:37:17.311+0000][7][safepoint   ] Safepoint "Cleanup", Time since last: 6001116494 ns, Reaching safepoint: 769353 ns, At safepoint: 14957 ns, Total: 784310 ns
[2022-08-29T06:37:47.307+0000][7][safepoint   ] Safepoint "Cleanup", Time since last: 30006882608 ns, Reaching safepoint: 633387 ns, At safepoint: 62888 ns, Total: 696275 ns
[2022-08-29T06:37:56.310+0000][7][safepoint   ] Safepoint "Cleanup", Time since last: 9002642566 ns, Reaching safepoint: 1033529 ns, At safepoint: 57267 ns, Total: 1090796 ns
[2022-08-29T06:38:17.312+0000][7][safepoint   ] Safepoint "Cleanup", Time since last: 21004136798 ns, Reaching safepoint: 724458 ns, At safepoint: 67576 ns, Total: 792034 ns
[2022-08-29T06:38:27.315+0000][7][safepoint   ] Safepoint "Cleanup", Time since last: 10002184207 ns, Reaching safepoint: 404268 ns, At safepoint: 77736 ns, Total: 482004 ns
[2022-08-29T06:38:47.559+0000][7][safepoint   ] Safepoint "Cleanup", Time since last: 20244422193 ns, Reaching safepoint: 293700 ns, At safepoint: 12183 ns, Total: 305883 ns
[2022-08-29T06:38:56.569+0000][7][safepoint   ] Safepoint "Cleanup", Time since last: 9009752858 ns, Reaching safepoint: 269185 ns, At safepoint: 4138 ns, Total: 273323 ns
[2022-08-29T06:38:57.571+0000][7][safepoint   ] Safepoint "Cleanup", Time since last: 1001442043 ns, Reaching safepoint: 456616 ns, At safepoint: 63540 ns, Total: 520156 ns
[2022-08-29T06:39:14.591+0000][7][safepoint   ] Safepoint "Cleanup", Time since last: 17003369598 ns, Reaching safepoint: 564850 ns, At safepoint: 37149 ns, Total: 601999 ns
[2022-08-29T06:39:19.593+0000][7][safepoint   ] Safepoint "Cleanup", Time since last: 5001041113 ns, Reaching safepoint: 1301831 ns, At safepoint: 13946 ns, Total: 1315777 ns
[2022-08-29T06:39:27.595+0000][7][safepoint   ] Safepoint "Cleanup", Time since last: 8001896076 ns, Reaching safepoint: 301946 ns, At safepoint: 38432 ns, Total: 340378 ns
[2022-08-29T06:39:49.586+0000][7][safepoint   ] Safepoint "Cleanup", Time since last: 22004625896 ns, Reaching safepoint: 399078 ns, At safepoint: 55033 ns, Total: 454111 ns
[2022-08-29T06:40:09.076+0000][7][safepoint   ] Safepoint "Cleanup", Time since last: 19004946286 ns, Reaching safepoint: 485909792 ns, At safepoint: 214592 ns, Total: 486124384 ns
[2022-08-29T06:40:10.573+0000][7][gc,heap,exit] Heap
[2022-08-29T06:40:10.573+0000][7][gc,heap,exit]  garbage-first heap   total 262144K, used 132961K [0x00000000f0000000, 0x0000000100000000)
[2022-08-29T06:40:10.574+0000][7][gc,heap,exit]   region size 4096K, 15 young (61440K), 4 survivors (16384K)
[2022-08-29T06:40:10.574+0000][7][gc,heap,exit]  Metaspace       used 94615K, capacity 98022K, committed 99356K, reserved 1134592K
[2022-08-29T06:40:10.574+0000][7][gc,heap,exit]   class space    used 12795K, capacity 13813K, committed 13900K, reserved 1048576K
