[2022-08-29T06:00:30.567+0000][7][gc] Using G1
[2022-08-29T06:00:30.700+0000][7][gc,init] Version: 15.0.1+9 (release)
[2022-08-29T06:00:30.701+0000][7][gc,init] CPUs: 6 total, 6 available
[2022-08-29T06:00:30.702+0000][7][gc,init] Memory: 5874M
[2022-08-29T06:00:30.702+0000][7][gc,init] Large Page Support: Disabled
[2022-08-29T06:00:30.703+0000][7][gc,init] NUMA Support: Disabled
[2022-08-29T06:00:30.703+0000][7][gc,init] Compressed Oops: Enabled (32-bit)
[2022-08-29T06:00:30.703+0000][7][gc,init] Heap Region Size: 4M
[2022-08-29T06:00:30.704+0000][7][gc,init] Heap Min Capacity: 256M
[2022-08-29T06:00:30.704+0000][7][gc,init] Heap Initial Capacity: 256M
[2022-08-29T06:00:30.704+0000][7][gc,init] Heap Max Capacity: 256M
[2022-08-29T06:00:30.705+0000][7][gc,init] Pre-touch: Enabled
[2022-08-29T06:00:30.705+0000][7][gc,init] Parallel Workers: 6
[2022-08-29T06:00:30.705+0000][7][gc,init] Concurrent Workers: 2
[2022-08-29T06:00:30.705+0000][7][gc,init] Concurrent Refinement Workers: 6
[2022-08-29T06:00:30.705+0000][7][gc,init] Periodic GC: Disabled
[2022-08-29T06:00:30.706+0000][7][gc,cds ] Mark closed archive regions in map: [0x00000000ffc00000, 0x00000000ffc7bff8]
[2022-08-29T06:00:30.706+0000][7][gc,cds ] Mark open archive regions in map: [0x00000000ffb00000, 0x00000000ffb51ff8]
[2022-08-29T06:00:30.706+0000][7][gc,metaspace] CDS archive(s) mapped at: [0x0000000800000000-0x0000000800b2a000-0x0000000800b2a000), size 11706368, SharedBaseAddress: 0x0000000800000000, ArchiveRelocationMode: 0.
[2022-08-29T06:00:30.706+0000][7][gc,metaspace] Compressed class space mapped at: 0x0000000800b2c000-0x0000000840b2c000, size: 1073741824
[2022-08-29T06:00:30.707+0000][7][gc,metaspace] Narrow klass base: 0x0000000800000000, Narrow klass shift: 3, Narrow klass range: 0x100000000
[2022-08-29T06:00:31.322+0000][7][gc,start    ] GC(0) Pause Young (Normal) (G1 Evacuation Pause)
[2022-08-29T06:00:31.334+0000][7][gc,task     ] GC(0) Using 6 workers of 6 for evacuation
[2022-08-29T06:00:31.334+0000][7][gc,age      ] GC(0) Desired survivor size 2097152 bytes, new threshold 15 (max threshold 15)
[2022-08-29T06:00:31.355+0000][7][gc,age      ] GC(0) Age table with threshold 15 (max threshold 15)
[2022-08-29T06:00:31.360+0000][7][gc,age      ] GC(0) - age   1:    3366608 bytes,    3366608 total
[2022-08-29T06:00:31.367+0000][7][gc,phases   ] GC(0)   Pre Evacuate Collection Set: 0.1ms
[2022-08-29T06:00:31.370+0000][7][gc,phases   ] GC(0)   Merge Heap Roots: 0.0ms
[2022-08-29T06:00:31.378+0000][7][gc,phases   ] GC(0)   Evacuate Collection Set: 14.5ms
[2022-08-29T06:00:31.379+0000][7][gc,phases   ] GC(0)   Post Evacuate Collection Set: 4.6ms
[2022-08-29T06:00:31.379+0000][7][gc,phases   ] GC(0)   Other: 25.9ms
[2022-08-29T06:00:31.379+0000][7][gc,heap     ] GC(0) Eden regions: 4->0(4)
[2022-08-29T06:00:31.380+0000][7][gc,heap     ] GC(0) Survivor regions: 0->1(1)
[2022-08-29T06:00:31.380+0000][7][gc,heap     ] GC(0) Old regions: 0->0
[2022-08-29T06:00:31.380+0000][7][gc,heap     ] GC(0) Archive regions: 2->2
[2022-08-29T06:00:31.387+0000][7][gc,heap     ] GC(0) Humongous regions: 0->0
[2022-08-29T06:00:31.391+0000][7][gc,metaspace] GC(0) Metaspace: 5097K(7680K)->5097K(7680K) NonClass: 4574K(6912K)->4574K(6912K) Class: 522K(768K)->522K(768K)
[2022-08-29T06:00:31.392+0000][7][gc          ] GC(0) Pause Young (Normal) (G1 Evacuation Pause) 19M->7M(256M) 69.692ms
[2022-08-29T06:00:31.394+0000][7][gc,cpu      ] GC(0) User=0.03s Sys=0.01s Real=0.08s
[2022-08-29T06:00:31.400+0000][7][safepoint   ] Safepoint "G1CollectForAllocation", Time since last: 605770400 ns, Reaching safepoint: 2186309 ns, At safepoint: 78178354 ns, Total: 80364663 ns
[2022-08-29T06:00:32.224+0000][7][safepoint   ] Safepoint "ICBufferFull", Time since last: 823591654 ns, Reaching safepoint: 330360 ns, At safepoint: 6903 ns, Total: 337263 ns
[2022-08-29T06:00:32.381+0000][7][gc,start    ] GC(1) Pause Young (Normal) (G1 Evacuation Pause)
[2022-08-29T06:00:32.384+0000][7][gc,task     ] GC(1) Using 6 workers of 6 for evacuation
[2022-08-29T06:00:32.385+0000][7][gc,age      ] GC(1) Desired survivor size 2097152 bytes, new threshold 1 (max threshold 15)
[2022-08-29T06:00:32.408+0000][7][gc,age      ] GC(1) Age table with threshold 1 (max threshold 15)
[2022-08-29T06:00:32.410+0000][7][gc,age      ] GC(1) - age   1:    1298168 bytes,    1298168 total
[2022-08-29T06:00:32.410+0000][7][gc,phases   ] GC(1)   Pre Evacuate Collection Set: 0.1ms
[2022-08-29T06:00:32.411+0000][7][gc,phases   ] GC(1)   Merge Heap Roots: 0.0ms
[2022-08-29T06:00:32.411+0000][7][gc,phases   ] GC(1)   Evacuate Collection Set: 16.3ms
[2022-08-29T06:00:32.411+0000][7][gc,phases   ] GC(1)   Post Evacuate Collection Set: 4.4ms
[2022-08-29T06:00:32.412+0000][7][gc,phases   ] GC(1)   Other: 9.1ms
[2022-08-29T06:00:32.412+0000][7][gc,heap     ] GC(1) Eden regions: 4->0(9)
[2022-08-29T06:00:32.412+0000][7][gc,heap     ] GC(1) Survivor regions: 1->1(1)
[2022-08-29T06:00:32.412+0000][7][gc,heap     ] GC(1) Old regions: 0->1
[2022-08-29T06:00:32.413+0000][7][gc,heap     ] GC(1) Archive regions: 2->2
[2022-08-29T06:00:32.414+0000][7][gc,heap     ] GC(1) Humongous regions: 0->0
[2022-08-29T06:00:32.415+0000][7][gc,metaspace] GC(1) Metaspace: 9865K(10496K)->9865K(10496K) NonClass: 8695K(9216K)->8695K(9216K) Class: 1169K(1280K)->1169K(1280K)
[2022-08-29T06:00:32.415+0000][7][gc          ] GC(1) Pause Young (Normal) (G1 Evacuation Pause) 23M->8M(256M) 34.571ms
[2022-08-29T06:00:32.416+0000][7][gc,cpu      ] GC(1) User=0.02s Sys=0.00s Real=0.04s
[2022-08-29T06:00:32.416+0000][7][safepoint   ] Safepoint "G1CollectForAllocation", Time since last: 155994490 ns, Reaching safepoint: 230672 ns, At safepoint: 35552691 ns, Total: 35783363 ns
[2022-08-29T06:00:33.528+0000][7][safepoint   ] Safepoint "ICBufferFull", Time since last: 1111386861 ns, Reaching safepoint: 318617 ns, At safepoint: 10710 ns, Total: 329327 ns
[2022-08-29T06:00:33.822+0000][7][gc,start    ] GC(2) Pause Young (Normal) (G1 Evacuation Pause)
[2022-08-29T06:00:33.823+0000][7][gc,task     ] GC(2) Using 6 workers of 6 for evacuation
[2022-08-29T06:00:33.824+0000][7][gc,age      ] GC(2) Desired survivor size 4194304 bytes, new threshold 15 (max threshold 15)
[2022-08-29T06:00:33.854+0000][7][gc,age      ] GC(2) Age table with threshold 15 (max threshold 15)
[2022-08-29T06:00:33.854+0000][7][gc,age      ] GC(2) - age   1:    2310552 bytes,    2310552 total
[2022-08-29T06:00:33.854+0000][7][gc,age      ] GC(2) - age   2:    1249560 bytes,    3560112 total
[2022-08-29T06:00:33.855+0000][7][gc,phases   ] GC(2)   Pre Evacuate Collection Set: 0.1ms
[2022-08-29T06:00:33.855+0000][7][gc,phases   ] GC(2)   Merge Heap Roots: 0.0ms
[2022-08-29T06:00:33.855+0000][7][gc,phases   ] GC(2)   Evacuate Collection Set: 13.0ms
[2022-08-29T06:00:33.855+0000][7][gc,phases   ] GC(2)   Post Evacuate Collection Set: 12.1ms
[2022-08-29T06:00:33.856+0000][7][gc,phases   ] GC(2)   Other: 8.0ms
[2022-08-29T06:00:33.856+0000][7][gc,heap     ] GC(2) Eden regions: 9->0(33)
[2022-08-29T06:00:33.856+0000][7][gc,heap     ] GC(2) Survivor regions: 1->1(2)
[2022-08-29T06:00:33.856+0000][7][gc,heap     ] GC(2) Old regions: 1->1
[2022-08-29T06:00:33.857+0000][7][gc,heap     ] GC(2) Archive regions: 2->2
[2022-08-29T06:00:33.857+0000][7][gc,heap     ] GC(2) Humongous regions: 0->0
[2022-08-29T06:00:33.857+0000][7][gc,metaspace] GC(2) Metaspace: 14339K(14848K)->14339K(14848K) NonClass: 12653K(13056K)->12653K(13056K) Class: 1686K(1792K)->1686K(1792K)
[2022-08-29T06:00:33.857+0000][7][gc          ] GC(2) Pause Young (Normal) (G1 Evacuation Pause) 44M->10M(256M) 35.492ms
[2022-08-29T06:00:33.857+0000][7][gc,cpu      ] GC(2) User=0.03s Sys=0.01s Real=0.04s
[2022-08-29T06:00:33.858+0000][7][safepoint   ] Safepoint "G1CollectForAllocation", Time since last: 293728211 ns, Reaching safepoint: 136436 ns, At safepoint: 36090149 ns, Total: 36226585 ns
[2022-08-29T06:00:34.805+0000][7][safepoint   ] Safepoint "ICBufferFull", Time since last: 946623789 ns, Reaching safepoint: 230302 ns, At safepoint: 3967 ns, Total: 234269 ns
[2022-08-29T06:00:34.821+0000][7][safepoint   ] Safepoint "ICBufferFull", Time since last: 15936962 ns, Reaching safepoint: 97353 ns, At safepoint: 3056 ns, Total: 100409 ns
[2022-08-29T06:00:34.842+0000][7][safepoint   ] Safepoint "ICBufferFull", Time since last: 21085916 ns, Reaching safepoint: 89137 ns, At safepoint: 2925 ns, Total: 92062 ns
[2022-08-29T06:00:34.858+0000][7][safepoint   ] Safepoint "ICBufferFull", Time since last: 15850801 ns, Reaching safepoint: 89287 ns, At safepoint: 3246 ns, Total: 92533 ns
[2022-08-29T06:00:34.862+0000][7][safepoint   ] Safepoint "ICBufferFull", Time since last: 4540974 ns, Reaching safepoint: 198973 ns, At safepoint: 4038 ns, Total: 203011 ns
[2022-08-29T06:00:34.868+0000][7][safepoint   ] Safepoint "ICBufferFull", Time since last: 5173460 ns, Reaching safepoint: 313969 ns, At safepoint: 3977 ns, Total: 317946 ns
[2022-08-29T06:00:34.871+0000][7][safepoint   ] Safepoint "ICBufferFull", Time since last: 3339963 ns, Reaching safepoint: 167033 ns, At safepoint: 2846 ns, Total: 169879 ns
[2022-08-29T06:00:34.874+0000][7][safepoint   ] Safepoint "ICBufferFull", Time since last: 2460333 ns, Reaching safepoint: 184997 ns, At safepoint: 4027 ns, Total: 189024 ns
[2022-08-29T06:00:34.877+0000][7][safepoint   ] Safepoint "ICBufferFull", Time since last: 2512301 ns, Reaching safepoint: 200366 ns, At safepoint: 3286 ns, Total: 203652 ns
[2022-08-29T06:00:34.881+0000][7][safepoint   ] Safepoint "ICBufferFull", Time since last: 4471313 ns, Reaching safepoint: 180328 ns, At safepoint: 4028 ns, Total: 184356 ns
[2022-08-29T06:00:34.887+0000][7][safepoint   ] Safepoint "ICBufferFull", Time since last: 4861134 ns, Reaching safepoint: 186510 ns, At safepoint: 3827 ns, Total: 190337 ns
[2022-08-29T06:00:34.890+0000][7][safepoint   ] Safepoint "ICBufferFull", Time since last: 3280441 ns, Reaching safepoint: 217087 ns, At safepoint: 5791 ns, Total: 222878 ns
[2022-08-29T06:00:34.894+0000][7][safepoint   ] Safepoint "ICBufferFull", Time since last: 4240160 ns, Reaching safepoint: 173586 ns, At safepoint: 3256 ns, Total: 176842 ns
[2022-08-29T06:00:34.903+0000][7][safepoint   ] Safepoint "ICBufferFull", Time since last: 8306294 ns, Reaching safepoint: 126638 ns, At safepoint: 26048 ns, Total: 152686 ns
[2022-08-29T06:00:34.997+0000][7][safepoint   ] Safepoint "ICBufferFull", Time since last: 88677831 ns, Reaching safepoint: 5702673 ns, At safepoint: 28744 ns, Total: 5731417 ns
[2022-08-29T06:00:35.437+0000][7][gc,start    ] GC(3) Pause Young (Normal) (G1 Evacuation Pause)
[2022-08-29T06:00:35.443+0000][7][gc,task     ] GC(3) Using 6 workers of 6 for evacuation
[2022-08-29T06:00:35.443+0000][7][gc,age      ] GC(3) Desired survivor size 10485760 bytes, new threshold 15 (max threshold 15)
[2022-08-29T06:00:35.465+0000][7][gc,age      ] GC(3) Age table with threshold 15 (max threshold 15)
[2022-08-29T06:00:35.466+0000][7][gc,age      ] GC(3) - age   1:    4021672 bytes,    4021672 total
[2022-08-29T06:00:35.466+0000][7][gc,age      ] GC(3) - age   2:    2236864 bytes,    6258536 total
[2022-08-29T06:00:35.466+0000][7][gc,age      ] GC(3) - age   3:    1233056 bytes,    7491592 total
[2022-08-29T06:00:35.466+0000][7][gc,phases   ] GC(3)   Pre Evacuate Collection Set: 0.1ms
[2022-08-29T06:00:35.466+0000][7][gc,phases   ] GC(3)   Merge Heap Roots: 9.7ms
[2022-08-29T06:00:35.466+0000][7][gc,phases   ] GC(3)   Evacuate Collection Set: 11.2ms
[2022-08-29T06:00:35.466+0000][7][gc,phases   ] GC(3)   Post Evacuate Collection Set: 0.9ms
[2022-08-29T06:00:35.466+0000][7][gc,phases   ] GC(3)   Other: 7.1ms
[2022-08-29T06:00:35.467+0000][7][gc,heap     ] GC(3) Eden regions: 33->0(36)
[2022-08-29T06:00:35.467+0000][7][gc,heap     ] GC(3) Survivor regions: 1->2(5)
[2022-08-29T06:00:35.467+0000][7][gc,heap     ] GC(3) Old regions: 1->1
[2022-08-29T06:00:35.467+0000][7][gc,heap     ] GC(3) Archive regions: 2->2
[2022-08-29T06:00:35.467+0000][7][gc,heap     ] GC(3) Humongous regions: 0->0
[2022-08-29T06:00:35.467+0000][7][gc,metaspace] GC(3) Metaspace: 17882K(18432K)->17882K(18432K) NonClass: 15751K(16128K)->15751K(16128K) Class: 2131K(2304K)->2131K(2304K)
[2022-08-29T06:00:35.467+0000][7][gc          ] GC(3) Pause Young (Normal) (G1 Evacuation Pause) 142M->14M(256M) 30.328ms
[2022-08-29T06:00:35.467+0000][7][gc,cpu      ] GC(3) User=0.02s Sys=0.00s Real=0.03s
[2022-08-29T06:00:35.468+0000][7][safepoint   ] Safepoint "G1CollectForAllocation", Time since last: 439450239 ns, Reaching safepoint: 159228 ns, At safepoint: 30684354 ns, Total: 30843582 ns
[2022-08-29T06:00:35.898+0000][7][gc,start    ] GC(4) Pause Young (Normal) (G1 Evacuation Pause)
[2022-08-29T06:00:35.898+0000][7][gc,task     ] GC(4) Using 6 workers of 6 for evacuation
[2022-08-29T06:00:35.898+0000][7][gc,age      ] GC(4) Desired survivor size 10485760 bytes, new threshold 15 (max threshold 15)
[2022-08-29T06:00:35.931+0000][7][gc,age      ] GC(4) Age table with threshold 15 (max threshold 15)
[2022-08-29T06:00:36.238+0000][7][gc,age      ] GC(4) - age   1:    2311624 bytes,    2311624 total
[2022-08-29T06:00:36.238+0000][7][gc,age      ] GC(4) - age   2:    3385368 bytes,    5696992 total
[2022-08-29T06:00:36.239+0000][7][gc,age      ] GC(4) - age   3:    2236864 bytes,    7933856 total
[2022-08-29T06:00:36.239+0000][7][gc,age      ] GC(4) - age   4:    1233056 bytes,    9166912 total
[2022-08-29T06:00:36.239+0000][7][gc,mmu      ] GC(4) MMU target violated: 201.0ms (200.0ms/201.0ms)
[2022-08-29T06:00:36.239+0000][7][gc,phases   ] GC(4)   Pre Evacuate Collection Set: 0.1ms
[2022-08-29T06:00:36.239+0000][7][gc,phases   ] GC(4)   Merge Heap Roots: 0.1ms
[2022-08-29T06:00:36.240+0000][7][gc,phases   ] GC(4)   Evacuate Collection Set: 14.4ms
[2022-08-29T06:00:36.240+0000][7][gc,phases   ] GC(4)   Post Evacuate Collection Set: 18.3ms
[2022-08-29T06:00:36.240+0000][7][gc,phases   ] GC(4)   Other: 308.4ms
[2022-08-29T06:00:36.240+0000][7][gc,heap     ] GC(4) Eden regions: 36->0(18)
[2022-08-29T06:00:36.240+0000][7][gc,heap     ] GC(4) Survivor regions: 2->3(5)
[2022-08-29T06:00:36.240+0000][7][gc,heap     ] GC(4) Old regions: 1->1
[2022-08-29T06:00:36.241+0000][7][gc,heap     ] GC(4) Archive regions: 2->2
[2022-08-29T06:00:36.241+0000][7][gc,heap     ] GC(4) Humongous regions: 0->0
[2022-08-29T06:00:36.241+0000][7][gc,metaspace] GC(4) Metaspace: 18355K(19072K)->18355K(19072K) NonClass: 16165K(16640K)->16165K(16640K) Class: 2189K(2432K)->2189K(2432K)
[2022-08-29T06:00:36.241+0000][7][gc          ] GC(4) Pause Young (Normal) (G1 Evacuation Pause) 158M->16M(256M) 343.167ms
[2022-08-29T06:00:36.241+0000][7][gc,cpu      ] GC(4) User=0.04s Sys=0.01s Real=0.34s
[2022-08-29T06:00:36.241+0000][7][safepoint   ] Safepoint "G1CollectForAllocation", Time since last: 429837425 ns, Reaching safepoint: 344386 ns, At safepoint: 343545858 ns, Total: 343890244 ns
[2022-08-29T06:00:36.416+0000][7][gc,start    ] GC(5) Pause Young (Normal) (G1 Evacuation Pause)
[2022-08-29T06:00:36.417+0000][7][gc,task     ] GC(5) Using 6 workers of 6 for evacuation
[2022-08-29T06:00:36.417+0000][7][gc,age      ] GC(5) Desired survivor size 6291456 bytes, new threshold 3 (max threshold 15)
[2022-08-29T06:00:36.443+0000][7][gc,age      ] GC(5) Age table with threshold 3 (max threshold 15)
[2022-08-29T06:00:36.443+0000][7][gc,age      ] GC(5) - age   1:     515000 bytes,     515000 total
[2022-08-29T06:00:36.443+0000][7][gc,age      ] GC(5) - age   2:    1658112 bytes,    2173112 total
[2022-08-29T06:00:36.443+0000][7][gc,age      ] GC(5) - age   3:    3385368 bytes,    5558480 total
[2022-08-29T06:00:36.443+0000][7][gc,phases   ] GC(5)   Pre Evacuate Collection Set: 0.4ms
[2022-08-29T06:00:36.443+0000][7][gc,phases   ] GC(5)   Merge Heap Roots: 0.1ms
[2022-08-29T06:00:36.444+0000][7][gc,phases   ] GC(5)   Evacuate Collection Set: 24.0ms
[2022-08-29T06:00:36.445+0000][7][gc,phases   ] GC(5)   Post Evacuate Collection Set: 0.6ms
[2022-08-29T06:00:36.445+0000][7][gc,phases   ] GC(5)   Other: 2.0ms
[2022-08-29T06:00:36.446+0000][7][gc,heap     ] GC(5) Eden regions: 18->0(36)
[2022-08-29T06:00:36.446+0000][7][gc,heap     ] GC(5) Survivor regions: 3->2(3)
[2022-08-29T06:00:36.446+0000][7][gc,heap     ] GC(5) Old regions: 1->2
[2022-08-29T06:00:36.447+0000][7][gc,heap     ] GC(5) Archive regions: 2->2
[2022-08-29T06:00:36.447+0000][7][gc,heap     ] GC(5) Humongous regions: 0->0
[2022-08-29T06:00:36.447+0000][7][gc,metaspace] GC(5) Metaspace: 18467K(19328K)->18467K(19328K) NonClass: 16263K(16896K)->16263K(16896K) Class: 2203K(2432K)->2203K(2432K)
[2022-08-29T06:00:36.447+0000][7][gc          ] GC(5) Pause Young (Normal) (G1 Evacuation Pause) 88M->15M(256M) 30.809ms
[2022-08-29T06:00:36.447+0000][7][gc,cpu      ] GC(5) User=0.03s Sys=0.00s Real=0.01s
[2022-08-29T06:00:36.447+0000][7][safepoint   ] Safepoint "G1CollectForAllocation", Time since last: 173793032 ns, Reaching safepoint: 1119439 ns, At safepoint: 31122475 ns, Total: 32241914 ns
[2022-08-29T06:00:36.938+0000][7][gc,start    ] GC(6) Pause Young (Normal) (G1 Evacuation Pause)
[2022-08-29T06:00:36.974+0000][7][gc,task     ] GC(6) Using 6 workers of 6 for evacuation
[2022-08-29T06:00:37.019+0000][7][gc,age      ] GC(6) Desired survivor size 10485760 bytes, new threshold 15 (max threshold 15)
[2022-08-29T06:00:37.038+0000][7][gc,age      ] GC(6) Age table with threshold 15 (max threshold 15)
[2022-08-29T06:00:37.044+0000][7][gc,age      ] GC(6) - age   1:    2077984 bytes,    2077984 total
[2022-08-29T06:00:37.049+0000][7][gc,age      ] GC(6) - age   2:     261088 bytes,    2339072 total
[2022-08-29T06:00:37.051+0000][7][gc,age      ] GC(6) - age   3:    1657800 bytes,    3996872 total
[2022-08-29T06:00:37.057+0000][7][gc,age      ] GC(6) - age   4:    3384320 bytes,    7381192 total
[2022-08-29T06:00:37.057+0000][7][gc,phases   ] GC(6)   Pre Evacuate Collection Set: 0.1ms
[2022-08-29T06:00:37.058+0000][7][gc,phases   ] GC(6)   Merge Heap Roots: 0.0ms
[2022-08-29T06:00:37.058+0000][7][gc,phases   ] GC(6)   Evacuate Collection Set: 4.1ms
[2022-08-29T06:00:37.058+0000][7][gc,phases   ] GC(6)   Post Evacuate Collection Set: 0.8ms
[2022-08-29T06:00:37.059+0000][7][gc,phases   ] GC(6)   Other: 114.2ms
[2022-08-29T06:00:37.060+0000][7][gc,heap     ] GC(6) Eden regions: 36->0(36)
[2022-08-29T06:00:37.061+0000][7][gc,heap     ] GC(6) Survivor regions: 2->2(5)
[2022-08-29T06:00:37.062+0000][7][gc,heap     ] GC(6) Old regions: 2->2
[2022-08-29T06:00:37.062+0000][7][gc,heap     ] GC(6) Archive regions: 2->2
[2022-08-29T06:00:37.062+0000][7][gc,heap     ] GC(6) Humongous regions: 0->0
[2022-08-29T06:00:37.062+0000][7][gc,metaspace] GC(6) Metaspace: 18931K(19712K)->18931K(19712K) NonClass: 16653K(17152K)->16653K(17152K) Class: 2278K(2560K)->2278K(2560K)
[2022-08-29T06:00:37.063+0000][7][gc          ] GC(6) Pause Young (Normal) (G1 Evacuation Pause) 159M->17M(256M) 124.349ms
[2022-08-29T06:00:37.063+0000][7][gc,cpu      ] GC(6) User=0.11s Sys=0.00s Real=0.13s
[2022-08-29T06:00:37.063+0000][7][safepoint   ] Safepoint "G1CollectForAllocation", Time since last: 490712496 ns, Reaching safepoint: 141164 ns, At safepoint: 124637496 ns, Total: 124778660 ns
[2022-08-29T06:00:37.448+0000][7][gc,start    ] GC(7) Pause Young (Normal) (G1 Evacuation Pause)
[2022-08-29T06:00:37.502+0000][7][gc,task     ] GC(7) Using 6 workers of 6 for evacuation
[2022-08-29T06:00:37.507+0000][7][gc,age      ] GC(7) Desired survivor size 10485760 bytes, new threshold 15 (max threshold 15)
[2022-08-29T06:00:37.532+0000][7][gc,age      ] GC(7) Age table with threshold 15 (max threshold 15)
[2022-08-29T06:00:37.533+0000][7][gc,age      ] GC(7) - age   1:    2170256 bytes,    2170256 total
[2022-08-29T06:00:37.536+0000][7][gc,age      ] GC(7) - age   2:    1478216 bytes,    3648472 total
[2022-08-29T06:00:37.537+0000][7][gc,age      ] GC(7) - age   3:     260512 bytes,    3908984 total
[2022-08-29T06:00:37.538+0000][7][gc,age      ] GC(7) - age   4:    1657800 bytes,    5566784 total
[2022-08-29T06:00:37.538+0000][7][gc,age      ] GC(7) - age   5:    3384320 bytes,    8951104 total
[2022-08-29T06:00:37.538+0000][7][gc,phases   ] GC(7)   Pre Evacuate Collection Set: 0.1ms
[2022-08-29T06:00:37.540+0000][7][gc,phases   ] GC(7)   Merge Heap Roots: 0.0ms
[2022-08-29T06:00:37.540+0000][7][gc,phases   ] GC(7)   Evacuate Collection Set: 24.0ms
[2022-08-29T06:00:37.540+0000][7][gc,phases   ] GC(7)   Post Evacuate Collection Set: 0.6ms
[2022-08-29T06:00:37.540+0000][7][gc,phases   ] GC(7)   Other: 66.1ms
[2022-08-29T06:00:37.540+0000][7][gc,heap     ] GC(7) Eden regions: 36->0(35)
[2022-08-29T06:00:37.541+0000][7][gc,heap     ] GC(7) Survivor regions: 2->3(5)
[2022-08-29T06:00:37.541+0000][7][gc,heap     ] GC(7) Old regions: 2->2
[2022-08-29T06:00:37.541+0000][7][gc,heap     ] GC(7) Archive regions: 2->2
[2022-08-29T06:00:37.541+0000][7][gc,heap     ] GC(7) Humongous regions: 0->0
[2022-08-29T06:00:37.541+0000][7][gc,metaspace] GC(7) Metaspace: 19215K(20224K)->19215K(20224K) NonClass: 16907K(17664K)->16907K(17664K) Class: 2307K(2560K)->2307K(2560K)
[2022-08-29T06:00:37.541+0000][7][gc          ] GC(7) Pause Young (Normal) (G1 Evacuation Pause) 161M->19M(256M) 93.650ms
[2022-08-29T06:00:37.541+0000][7][gc,cpu      ] GC(7) User=0.02s Sys=0.00s Real=0.09s
[2022-08-29T06:00:37.542+0000][7][safepoint   ] Safepoint "G1CollectForAllocation", Time since last: 212510307 ns, Reaching safepoint: 172219942 ns, At safepoint: 94077686 ns, Total: 266297628 ns
[2022-08-29T06:00:37.739+0000][7][gc,start    ] GC(8) Pause Young (Normal) (G1 Evacuation Pause)
[2022-08-29T06:00:37.739+0000][7][gc,task     ] GC(8) Using 6 workers of 6 for evacuation
[2022-08-29T06:00:37.740+0000][7][gc,age      ] GC(8) Desired survivor size 10485760 bytes, new threshold 15 (max threshold 15)
[2022-08-29T06:00:37.750+0000][7][gc,age      ] GC(8) Age table with threshold 15 (max threshold 15)
[2022-08-29T06:00:37.751+0000][7][gc,age      ] GC(8) - age   1:     260976 bytes,     260976 total
[2022-08-29T06:00:37.751+0000][7][gc,age      ] GC(8) - age   2:    1188488 bytes,    1449464 total
[2022-08-29T06:00:37.751+0000][7][gc,age      ] GC(8) - age   3:    1477840 bytes,    2927304 total
[2022-08-29T06:00:37.751+0000][7][gc,age      ] GC(8) - age   4:     260512 bytes,    3187816 total
[2022-08-29T06:00:37.751+0000][7][gc,age      ] GC(8) - age   5:    1657736 bytes,    4845552 total
[2022-08-29T06:00:37.751+0000][7][gc,age      ] GC(8) - age   6:    3380400 bytes,    8225952 total
[2022-08-29T06:00:37.752+0000][7][gc,phases   ] GC(8)   Pre Evacuate Collection Set: 3.9ms
[2022-08-29T06:00:37.752+0000][7][gc,phases   ] GC(8)   Merge Heap Roots: 1.5ms
[2022-08-29T06:00:37.752+0000][7][gc,phases   ] GC(8)   Evacuate Collection Set: 4.9ms
[2022-08-29T06:00:37.752+0000][7][gc,phases   ] GC(8)   Post Evacuate Collection Set: 0.5ms
[2022-08-29T06:00:37.752+0000][7][gc,phases   ] GC(8)   Other: 1.9ms
[2022-08-29T06:00:37.752+0000][7][gc,heap     ] GC(8) Eden regions: 35->0(36)
[2022-08-29T06:00:37.752+0000][7][gc,heap     ] GC(8) Survivor regions: 3->2(5)
[2022-08-29T06:00:37.752+0000][7][gc,heap     ] GC(8) Old regions: 2->2
[2022-08-29T06:00:37.752+0000][7][gc,heap     ] GC(8) Archive regions: 2->2
[2022-08-29T06:00:37.753+0000][7][gc,heap     ] GC(8) Humongous regions: 0->0
[2022-08-29T06:00:37.753+0000][7][gc,metaspace] GC(8) Metaspace: 19348K(20480K)->19348K(20480K) NonClass: 17016K(17920K)->17016K(17920K) Class: 2332K(2560K)->2332K(2560K)
[2022-08-29T06:00:37.753+0000][7][gc          ] GC(8) Pause Young (Normal) (G1 Evacuation Pause) 159M->18M(256M) 13.824ms
[2022-08-29T06:00:37.753+0000][7][gc,cpu      ] GC(8) User=0.02s Sys=0.00s Real=0.01s
[2022-08-29T06:00:37.753+0000][7][safepoint   ] Safepoint "G1CollectForAllocation", Time since last: 193639394 ns, Reaching safepoint: 3638401 ns, At safepoint: 14173426 ns, Total: 17811827 ns
[2022-08-29T06:00:37.908+0000][7][gc,start    ] GC(9) Pause Young (Normal) (G1 Evacuation Pause)
[2022-08-29T06:00:37.908+0000][7][gc,task     ] GC(9) Using 6 workers of 6 for evacuation
[2022-08-29T06:00:37.908+0000][7][gc,age      ] GC(9) Desired survivor size 10485760 bytes, new threshold 15 (max threshold 15)
[2022-08-29T06:00:37.914+0000][7][gc,age      ] GC(9) Age table with threshold 15 (max threshold 15)
[2022-08-29T06:00:37.914+0000][7][gc,age      ] GC(9) - age   1:     231080 bytes,     231080 total
[2022-08-29T06:00:37.914+0000][7][gc,age      ] GC(9) - age   2:     234424 bytes,     465504 total
[2022-08-29T06:00:37.914+0000][7][gc,age      ] GC(9) - age   3:    1188488 bytes,    1653992 total
[2022-08-29T06:00:37.914+0000][7][gc,age      ] GC(9) - age   4:    1477552 bytes,    3131544 total
[2022-08-29T06:00:37.914+0000][7][gc,age      ] GC(9) - age   5:     260512 bytes,    3392056 total
[2022-08-29T06:00:37.915+0000][7][gc,age      ] GC(9) - age   6:    1657736 bytes,    5049792 total
[2022-08-29T06:00:37.915+0000][7][gc,age      ] GC(9) - age   7:    3380400 bytes,    8430192 total
[2022-08-29T06:00:37.915+0000][7][gc,phases   ] GC(9)   Pre Evacuate Collection Set: 0.1ms
[2022-08-29T06:00:37.915+0000][7][gc,phases   ] GC(9)   Merge Heap Roots: 0.0ms
[2022-08-29T06:00:37.915+0000][7][gc,phases   ] GC(9)   Evacuate Collection Set: 4.6ms
[2022-08-29T06:00:37.915+0000][7][gc,phases   ] GC(9)   Post Evacuate Collection Set: 0.4ms
[2022-08-29T06:00:37.916+0000][7][gc,phases   ] GC(9)   Other: 2.2ms
[2022-08-29T06:00:37.916+0000][7][gc,heap     ] GC(9) Eden regions: 36->0(35)
[2022-08-29T06:00:37.916+0000][7][gc,heap     ] GC(9) Survivor regions: 2->3(5)
[2022-08-29T06:00:37.916+0000][7][gc,heap     ] GC(9) Old regions: 2->2
[2022-08-29T06:00:37.916+0000][7][gc,heap     ] GC(9) Archive regions: 2->2
[2022-08-29T06:00:37.916+0000][7][gc,heap     ] GC(9) Humongous regions: 0->0
[2022-08-29T06:00:37.917+0000][7][gc,metaspace] GC(9) Metaspace: 19442K(20480K)->19442K(20480K) NonClass: 17093K(17920K)->17093K(17920K) Class: 2348K(2560K)->2348K(2560K)
[2022-08-29T06:00:37.917+0000][7][gc          ] GC(9) Pause Young (Normal) (G1 Evacuation Pause) 162M->18M(256M) 9.097ms
[2022-08-29T06:00:37.917+0000][7][gc,cpu      ] GC(9) User=0.02s Sys=0.00s Real=0.01s
[2022-08-29T06:00:37.917+0000][7][safepoint   ] Safepoint "G1CollectForAllocation", Time since last: 154417412 ns, Reaching safepoint: 84418 ns, At safepoint: 9756374 ns, Total: 9840792 ns
[2022-08-29T06:00:38.089+0000][7][gc,start    ] GC(10) Pause Young (Normal) (G1 Evacuation Pause)
[2022-08-29T06:00:38.090+0000][7][gc,task     ] GC(10) Using 6 workers of 6 for evacuation
[2022-08-29T06:00:38.090+0000][7][gc,age      ] GC(10) Desired survivor size 10485760 bytes, new threshold 15 (max threshold 15)
[2022-08-29T06:00:38.097+0000][7][gc,age      ] GC(10) Age table with threshold 15 (max threshold 15)
[2022-08-29T06:00:38.097+0000][7][gc,age      ] GC(10) - age   1:     278456 bytes,     278456 total
[2022-08-29T06:00:38.098+0000][7][gc,age      ] GC(10) - age   2:     212320 bytes,     490776 total
[2022-08-29T06:00:38.098+0000][7][gc,age      ] GC(10) - age   3:     234424 bytes,     725200 total
[2022-08-29T06:00:38.098+0000][7][gc,age      ] GC(10) - age   4:    1188488 bytes,    1913688 total
[2022-08-29T06:00:38.098+0000][7][gc,age      ] GC(10) - age   5:    1476880 bytes,    3390568 total
[2022-08-29T06:00:38.098+0000][7][gc,age      ] GC(10) - age   6:     260512 bytes,    3651080 total
[2022-08-29T06:00:38.098+0000][7][gc,age      ] GC(10) - age   7:    1657448 bytes,    5308528 total
[2022-08-29T06:00:38.099+0000][7][gc,age      ] GC(10) - age   8:    3380272 bytes,    8688800 total
[2022-08-29T06:00:38.099+0000][7][gc,phases   ] GC(10)   Pre Evacuate Collection Set: 0.1ms
[2022-08-29T06:00:38.099+0000][7][gc,phases   ] GC(10)   Merge Heap Roots: 0.0ms
[2022-08-29T06:00:38.099+0000][7][gc,phases   ] GC(10)   Evacuate Collection Set: 6.2ms
[2022-08-29T06:00:38.099+0000][7][gc,phases   ] GC(10)   Post Evacuate Collection Set: 0.6ms
[2022-08-29T06:00:38.100+0000][7][gc,phases   ] GC(10)   Other: 2.7ms
[2022-08-29T06:00:38.100+0000][7][gc,heap     ] GC(10) Eden regions: 35->0(35)
[2022-08-29T06:00:38.100+0000][7][gc,heap     ] GC(10) Survivor regions: 3->3(5)
[2022-08-29T06:00:38.100+0000][7][gc,heap     ] GC(10) Old regions: 2->2
[2022-08-29T06:00:38.100+0000][7][gc,heap     ] GC(10) Archive regions: 2->2
[2022-08-29T06:00:38.100+0000][7][gc,heap     ] GC(10) Humongous regions: 0->0
[2022-08-29T06:00:38.101+0000][7][gc,metaspace] GC(10) Metaspace: 19623K(20864K)->19623K(20864K) NonClass: 17241K(18176K)->17241K(18176K) Class: 2382K(2688K)->2382K(2688K)
[2022-08-29T06:00:38.101+0000][7][gc          ] GC(10) Pause Young (Normal) (G1 Evacuation Pause) 158M->19M(256M) 11.502ms
[2022-08-29T06:00:38.101+0000][7][gc,cpu      ] GC(10) User=0.02s Sys=0.00s Real=0.01s
[2022-08-29T06:00:38.101+0000][7][safepoint   ] Safepoint "G1CollectForAllocation", Time since last: 171611852 ns, Reaching safepoint: 136246 ns, At safepoint: 11929808 ns, Total: 12066054 ns
[2022-08-29T06:00:38.256+0000][7][gc,start    ] GC(11) Pause Young (Normal) (G1 Evacuation Pause)
[2022-08-29T06:00:38.258+0000][7][gc,task     ] GC(11) Using 6 workers of 6 for evacuation
[2022-08-29T06:00:38.258+0000][7][gc,age      ] GC(11) Desired survivor size 10485760 bytes, new threshold 15 (max threshold 15)
[2022-08-29T06:00:38.275+0000][7][gc,age      ] GC(11) Age table with threshold 15 (max threshold 15)
[2022-08-29T06:00:38.276+0000][7][gc,age      ] GC(11) - age   1:    2244352 bytes,    2244352 total
[2022-08-29T06:00:38.276+0000][7][gc,age      ] GC(11) - age   2:     211160 bytes,    2455512 total
[2022-08-29T06:00:38.277+0000][7][gc,age      ] GC(11) - age   3:     212320 bytes,    2667832 total
[2022-08-29T06:00:38.277+0000][7][gc,age      ] GC(11) - age   4:     234272 bytes,    2902104 total
[2022-08-29T06:00:38.277+0000][7][gc,age      ] GC(11) - age   5:    1188488 bytes,    4090592 total
[2022-08-29T06:00:38.277+0000][7][gc,age      ] GC(11) - age   6:    1476880 bytes,    5567472 total
[2022-08-29T06:00:38.277+0000][7][gc,age      ] GC(11) - age   7:     260512 bytes,    5827984 total
[2022-08-29T06:00:38.277+0000][7][gc,age      ] GC(11) - age   8:    1657448 bytes,    7485432 total
[2022-08-29T06:00:38.278+0000][7][gc,age      ] GC(11) - age   9:    3380272 bytes,   10865704 total
[2022-08-29T06:00:38.278+0000][7][gc,phases   ] GC(11)   Pre Evacuate Collection Set: 0.1ms
[2022-08-29T06:00:38.278+0000][7][gc,phases   ] GC(11)   Merge Heap Roots: 0.0ms
[2022-08-29T06:00:38.278+0000][7][gc,phases   ] GC(11)   Evacuate Collection Set: 16.4ms
[2022-08-29T06:00:38.278+0000][7][gc,phases   ] GC(11)   Post Evacuate Collection Set: 0.6ms
[2022-08-29T06:00:38.278+0000][7][gc,phases   ] GC(11)   Other: 5.1ms
[2022-08-29T06:00:38.279+0000][7][gc,heap     ] GC(11) Eden regions: 35->0(35)
[2022-08-29T06:00:38.279+0000][7][gc,heap     ] GC(11) Survivor regions: 3->3(5)
[2022-08-29T06:00:38.279+0000][7][gc,heap     ] GC(11) Old regions: 2->2
[2022-08-29T06:00:38.279+0000][7][gc,heap     ] GC(11) Archive regions: 2->2
[2022-08-29T06:00:38.279+0000][7][gc,heap     ] GC(11) Humongous regions: 0->0
[2022-08-29T06:00:38.279+0000][7][gc,metaspace] GC(11) Metaspace: 19658K(20864K)->19658K(20864K) NonClass: 17269K(18176K)->17269K(18176K) Class: 2389K(2688K)->2389K(2688K)
[2022-08-29T06:00:38.280+0000][7][gc          ] GC(11) Pause Young (Normal) (G1 Evacuation Pause) 159M->21M(256M) 23.997ms
[2022-08-29T06:00:38.280+0000][7][gc,cpu      ] GC(11) User=0.05s Sys=0.00s Real=0.02s
[2022-08-29T06:00:38.280+0000][7][safepoint   ] Safepoint "G1CollectForAllocation", Time since last: 152733415 ns, Reaching safepoint: 1730284 ns, At safepoint: 24420770 ns, Total: 26151054 ns
[2022-08-29T06:00:38.487+0000][7][gc,start    ] GC(12) Pause Young (Normal) (G1 Evacuation Pause)
[2022-08-29T06:00:38.490+0000][7][gc,task     ] GC(12) Using 6 workers of 6 for evacuation
[2022-08-29T06:00:38.490+0000][7][gc,age      ] GC(12) Desired survivor size 10485760 bytes, new threshold 9 (max threshold 15)
[2022-08-29T06:00:38.524+0000][7][gc,age      ] GC(12) Age table with threshold 9 (max threshold 15)
[2022-08-29T06:00:38.828+0000][7][gc,age      ] GC(12) - age   1:    2209296 bytes,    2209296 total
[2022-08-29T06:00:38.829+0000][7][gc,age      ] GC(12) - age   2:     356072 bytes,    2565368 total
[2022-08-29T06:00:38.829+0000][7][gc,age      ] GC(12) - age   3:     210448 bytes,    2775816 total
[2022-08-29T06:00:38.829+0000][7][gc,age      ] GC(12) - age   4:     212320 bytes,    2988136 total
[2022-08-29T06:00:38.829+0000][7][gc,age      ] GC(12) - age   5:     234208 bytes,    3222344 total
[2022-08-29T06:00:38.830+0000][7][gc,age      ] GC(12) - age   6:    1188488 bytes,    4410832 total
[2022-08-29T06:00:38.831+0000][7][gc,age      ] GC(12) - age   7:    1475840 bytes,    5886672 total
[2022-08-29T06:00:38.831+0000][7][gc,age      ] GC(12) - age   8:     260448 bytes,    6147120 total
[2022-08-29T06:00:38.831+0000][7][gc,age      ] GC(12) - age   9:    1657320 bytes,    7804440 total
[2022-08-29T06:00:38.832+0000][7][gc,mmu      ] GC(12) MMU target violated: 201.0ms (200.0ms/201.0ms)
[2022-08-29T06:00:38.832+0000][7][gc,phases   ] GC(12)   Pre Evacuate Collection Set: 0.1ms
[2022-08-29T06:00:38.832+0000][7][gc,phases   ] GC(12)   Merge Heap Roots: 1.5ms
[2022-08-29T06:00:38.832+0000][7][gc,phases   ] GC(12)   Evacuate Collection Set: 11.9ms
[2022-08-29T06:00:38.832+0000][7][gc,phases   ] GC(12)   Post Evacuate Collection Set: 13.3ms
[2022-08-29T06:00:38.832+0000][7][gc,phases   ] GC(12)   Other: 318.3ms
[2022-08-29T06:00:38.832+0000][7][gc,heap     ] GC(12) Eden regions: 35->0(36)
[2022-08-29T06:00:38.833+0000][7][gc,heap     ] GC(12) Survivor regions: 3->2(5)
[2022-08-29T06:00:38.833+0000][7][gc,heap     ] GC(12) Old regions: 2->3
[2022-08-29T06:00:38.833+0000][7][gc,heap     ] GC(12) Archive regions: 2->2
[2022-08-29T06:00:38.833+0000][7][gc,heap     ] GC(12) Humongous regions: 0->0
[2022-08-29T06:00:38.833+0000][7][gc,metaspace] GC(12) Metaspace: 19968K(21248K)->19968K(21248K) NonClass: 17525K(18432K)->17525K(18432K) Class: 2442K(2816K)->2442K(2816K)
[2022-08-29T06:00:38.833+0000][7][gc          ] GC(12) Pause Young (Normal) (G1 Evacuation Pause) 161M->21M(256M) 346.484ms
[2022-08-29T06:00:38.833+0000][7][gc,cpu      ] GC(12) User=0.39s Sys=0.04s Real=0.35s
[2022-08-29T06:00:38.834+0000][7][safepoint   ] Safepoint "G1CollectForAllocation", Time since last: 206457267 ns, Reaching safepoint: 289613 ns, At safepoint: 346837010 ns, Total: 347126623 ns
[2022-08-29T06:00:39.228+0000][7][gc,start    ] GC(13) Pause Young (Normal) (G1 Evacuation Pause)
[2022-08-29T06:00:39.228+0000][7][gc,task     ] GC(13) Using 6 workers of 6 for evacuation
[2022-08-29T06:00:39.269+0000][7][gc,age      ] GC(13) Desired survivor size 10485760 bytes, new threshold 15 (max threshold 15)
[2022-08-29T06:00:39.661+0000][7][gc,age      ] GC(13) Age table with threshold 15 (max threshold 15)
[2022-08-29T06:00:39.661+0000][7][gc,age      ] GC(13) - age   1:    1151080 bytes,    1151080 total
[2022-08-29T06:00:39.662+0000][7][gc,age      ] GC(13) - age   2:    1616400 bytes,    2767480 total
[2022-08-29T06:00:39.662+0000][7][gc,age      ] GC(13) - age   3:     356072 bytes,    3123552 total
[2022-08-29T06:00:39.662+0000][7][gc,age      ] GC(13) - age   4:     209392 bytes,    3332944 total
[2022-08-29T06:00:39.662+0000][7][gc,age      ] GC(13) - age   5:     212320 bytes,    3545264 total
[2022-08-29T06:00:39.662+0000][7][gc,age      ] GC(13) - age   6:     234208 bytes,    3779472 total
[2022-08-29T06:00:39.662+0000][7][gc,age      ] GC(13) - age   7:    1188488 bytes,    4967960 total
[2022-08-29T06:00:39.662+0000][7][gc,age      ] GC(13) - age   8:    1475840 bytes,    6443800 total
[2022-08-29T06:00:39.663+0000][7][gc,age      ] GC(13) - age   9:     260448 bytes,    6704248 total
[2022-08-29T06:00:39.663+0000][7][gc,age      ] GC(13) - age  10:    1657320 bytes,    8361568 total
[2022-08-29T06:00:39.663+0000][7][gc,mmu      ] GC(13) MMU target violated: 201.0ms (200.0ms/201.0ms)
[2022-08-29T06:00:39.663+0000][7][gc,phases   ] GC(13)   Pre Evacuate Collection Set: 41.4ms
[2022-08-29T06:00:39.663+0000][7][gc,phases   ] GC(13)   Merge Heap Roots: 0.1ms
[2022-08-29T06:00:39.663+0000][7][gc,phases   ] GC(13)   Evacuate Collection Set: 3.0ms
[2022-08-29T06:00:39.663+0000][7][gc,phases   ] GC(13)   Post Evacuate Collection Set: 0.7ms
[2022-08-29T06:00:39.664+0000][7][gc,phases   ] GC(13)   Other: 390.8ms
[2022-08-29T06:00:39.664+0000][7][gc,heap     ] GC(13) Eden regions: 36->0(1)
[2022-08-29T06:00:39.664+0000][7][gc,heap     ] GC(13) Survivor regions: 2->3(5)
[2022-08-29T06:00:39.664+0000][7][gc,heap     ] GC(13) Old regions: 3->3
[2022-08-29T06:00:39.664+0000][7][gc,heap     ] GC(13) Archive regions: 2->2
[2022-08-29T06:00:39.664+0000][7][gc,heap     ] GC(13) Humongous regions: 0->0
[2022-08-29T06:00:39.664+0000][7][gc,metaspace] GC(13) Metaspace: 20053K(21296K)->20053K(21296K) NonClass: 17599K(18480K)->17599K(18480K) Class: 2454K(2816K)->2454K(2816K)
[2022-08-29T06:00:39.665+0000][7][gc          ] GC(13) Pause Young (Normal) (G1 Evacuation Pause) 165M->22M(256M) 437.042ms
[2022-08-29T06:00:39.665+0000][7][gc,cpu      ] GC(13) User=0.05s Sys=0.00s Real=0.44s
[2022-08-29T06:00:39.665+0000][7][safepoint   ] Safepoint "G1CollectForAllocation", Time since last: 392958897 ns, Reaching safepoint: 435226 ns, At safepoint: 438249118 ns, Total: 438684344 ns
[2022-08-29T06:00:39.668+0000][7][gc,start    ] GC(14) Pause Young (Normal) (G1 Evacuation Pause)
[2022-08-29T06:00:39.673+0000][7][gc,task     ] GC(14) Using 6 workers of 6 for evacuation
[2022-08-29T06:00:39.676+0000][7][gc,age      ] GC(14) Desired survivor size 2097152 bytes, new threshold 2 (max threshold 15)
[2022-08-29T06:00:39.690+0000][7][gc,age      ] GC(14) Age table with threshold 2 (max threshold 15)
[2022-08-29T06:00:39.691+0000][7][gc,age      ] GC(14) - age   1:     330520 bytes,     330520 total
[2022-08-29T06:00:39.691+0000][7][gc,age      ] GC(14) - age   2:     521600 bytes,     852120 total
[2022-08-29T06:00:39.691+0000][7][gc,phases   ] GC(14)   Pre Evacuate Collection Set: 0.1ms
[2022-08-29T06:00:39.691+0000][7][gc,phases   ] GC(14)   Merge Heap Roots: 0.1ms
[2022-08-29T06:00:39.692+0000][7][gc,phases   ] GC(14)   Evacuate Collection Set: 7.7ms
[2022-08-29T06:00:39.692+0000][7][gc,phases   ] GC(14)   Post Evacuate Collection Set: 1.0ms
[2022-08-29T06:00:39.692+0000][7][gc,phases   ] GC(14)   Other: 14.1ms
[2022-08-29T06:00:39.692+0000][7][gc,heap     ] GC(14) Eden regions: 1->0(2)
[2022-08-29T06:00:39.692+0000][7][gc,heap     ] GC(14) Survivor regions: 3->1(1)
[2022-08-29T06:00:39.693+0000][7][gc,heap     ] GC(14) Old regions: 3->5
[2022-08-29T06:00:39.693+0000][7][gc,heap     ] GC(14) Archive regions: 2->2
[2022-08-29T06:00:39.693+0000][7][gc,heap     ] GC(14) Humongous regions: 0->0
[2022-08-29T06:00:39.693+0000][7][gc,metaspace] GC(14) Metaspace: 20053K(21296K)->20053K(21296K) NonClass: 17599K(18480K)->17599K(18480K) Class: 2454K(2816K)->2454K(2816K)
[2022-08-29T06:00:39.693+0000][7][gc          ] GC(14) Pause Young (Normal) (G1 Evacuation Pause) 26M->21M(256M) 24.714ms
[2022-08-29T06:00:39.693+0000][7][gc,cpu      ] GC(14) User=0.03s Sys=0.00s Real=0.03s
[2022-08-29T06:00:39.693+0000][7][safepoint   ] Safepoint "G1CollectForAllocation", Time since last: 2867025 ns, Reaching safepoint: 200767 ns, At safepoint: 25161998 ns, Total: 25362765 ns
[2022-08-29T06:00:41.074+0000][7][safepoint   ] Safepoint "Cleanup", Time since last: 1012412845 ns, Reaching safepoint: 367483842 ns, At safepoint: 449523 ns, Total: 367933365 ns
[2022-08-29T06:00:41.081+0000][7][gc,start    ] GC(15) Pause Young (Normal) (G1 Evacuation Pause)
[2022-08-29T06:00:41.082+0000][7][gc,task     ] GC(15) Using 6 workers of 6 for evacuation
[2022-08-29T06:00:41.082+0000][7][gc,age      ] GC(15) Desired survivor size 2097152 bytes, new threshold 15 (max threshold 15)
[2022-08-29T06:00:41.106+0000][7][gc,age      ] GC(15) Age table with threshold 15 (max threshold 15)
[2022-08-29T06:00:41.106+0000][7][gc,age      ] GC(15) - age   1:    1273896 bytes,    1273896 total
[2022-08-29T06:00:41.107+0000][7][gc,age      ] GC(15) - age   2:     329160 bytes,    1603056 total
[2022-08-29T06:00:41.107+0000][7][gc,age      ] GC(15) - age   3:     521600 bytes,    2124656 total
[2022-08-29T06:00:41.107+0000][7][gc,phases   ] GC(15)   Pre Evacuate Collection Set: 0.1ms
[2022-08-29T06:00:41.107+0000][7][gc,phases   ] GC(15)   Merge Heap Roots: 0.0ms
[2022-08-29T06:00:41.108+0000][7][gc,phases   ] GC(15)   Evacuate Collection Set: 22.7ms
[2022-08-29T06:00:41.109+0000][7][gc,phases   ] GC(15)   Post Evacuate Collection Set: 0.3ms
[2022-08-29T06:00:41.112+0000][7][gc,phases   ] GC(15)   Other: 2.9ms
[2022-08-29T06:00:41.119+0000][7][gc,heap     ] GC(15) Eden regions: 2->0(36)
[2022-08-29T06:00:41.121+0000][7][gc,heap     ] GC(15) Survivor regions: 1->1(1)
[2022-08-29T06:00:41.122+0000][7][gc,heap     ] GC(15) Old regions: 5->5
[2022-08-29T06:00:41.122+0000][7][gc,heap     ] GC(15) Archive regions: 2->2
[2022-08-29T06:00:41.122+0000][7][gc,heap     ] GC(15) Humongous regions: 0->0
[2022-08-29T06:00:41.122+0000][7][gc,metaspace] GC(15) Metaspace: 20053K(21296K)->20053K(21296K) NonClass: 17599K(18480K)->17599K(18480K) Class: 2454K(2816K)->2454K(2816K)
[2022-08-29T06:00:41.122+0000][7][gc          ] GC(15) Pause Young (Normal) (G1 Evacuation Pause) 29M->22M(256M) 40.886ms
[2022-08-29T06:00:41.122+0000][7][gc,cpu      ] GC(15) User=0.02s Sys=0.00s Real=0.04s
[2022-08-29T06:00:41.123+0000][7][safepoint   ] Safepoint "G1CollectForAllocation", Time since last: 7274860 ns, Reaching safepoint: 113413 ns, At safepoint: 41512015 ns, Total: 41625428 ns
[2022-08-29T06:00:41.228+0000][7][gc,start    ] GC(16) Pause Young (Concurrent Start) (Metadata GC Threshold)
[2022-08-29T06:00:41.228+0000][7][gc,task     ] GC(16) Using 6 workers of 6 for evacuation
[2022-08-29T06:00:41.228+0000][7][gc,age      ] GC(16) Desired survivor size 10485760 bytes, new threshold 15 (max threshold 15)
[2022-08-29T06:00:41.230+0000][7][gc,age      ] GC(16) Age table with threshold 15 (max threshold 15)
[2022-08-29T06:00:41.231+0000][7][gc,age      ] GC(16) - age   1:     159448 bytes,     159448 total
[2022-08-29T06:00:41.231+0000][7][gc,age      ] GC(16) - age   3:         32 bytes,     159480 total
[2022-08-29T06:00:41.231+0000][7][gc,age      ] GC(16) - age   4:     497080 bytes,     656560 total
[2022-08-29T06:00:41.231+0000][7][gc,phases   ] GC(16)   Pre Evacuate Collection Set: 0.2ms
[2022-08-29T06:00:41.231+0000][7][gc,phases   ] GC(16)   Merge Heap Roots: 0.1ms
[2022-08-29T06:00:41.231+0000][7][gc,phases   ] GC(16)   Evacuate Collection Set: 1.0ms
[2022-08-29T06:00:41.232+0000][7][gc,phases   ] GC(16)   Post Evacuate Collection Set: 0.7ms
[2022-08-29T06:00:41.232+0000][7][gc,phases   ] GC(16)   Other: 1.6ms
[2022-08-29T06:00:41.232+0000][7][gc,heap     ] GC(16) Eden regions: 28->0(37)
[2022-08-29T06:00:41.232+0000][7][gc,heap     ] GC(16) Survivor regions: 1->1(5)
[2022-08-29T06:00:41.232+0000][7][gc,heap     ] GC(16) Old regions: 5->5
[2022-08-29T06:00:41.232+0000][7][gc,heap     ] GC(16) Archive regions: 2->2
[2022-08-29T06:00:41.232+0000][7][gc,heap     ] GC(16) Humongous regions: 0->0
[2022-08-29T06:00:41.233+0000][7][gc,metaspace] GC(16) Metaspace: 20070K(21296K)->20070K(21296K) NonClass: 17612K(18480K)->17612K(18480K) Class: 2457K(2816K)->2457K(2816K)
[2022-08-29T06:00:41.233+0000][7][gc          ] GC(16) Pause Young (Concurrent Start) (Metadata GC Threshold) 132M->21M(256M) 5.180ms
[2022-08-29T06:00:41.233+0000][7][gc,cpu      ] GC(16) User=0.01s Sys=0.00s Real=0.00s
[2022-08-29T06:00:41.233+0000][7][gc          ] GC(17) Concurrent Cycle
[2022-08-29T06:00:41.234+0000][7][gc,marking  ] GC(17) Concurrent Clear Claimed Marks
[2022-08-29T06:00:41.234+0000][7][gc,marking  ] GC(17) Concurrent Clear Claimed Marks 0.230ms
[2022-08-29T06:00:41.234+0000][7][gc,marking  ] GC(17) Concurrent Scan Root Regions
[2022-08-29T06:00:41.233+0000][7][safepoint   ] Safepoint "CollectForMetadataAllocation", Time since last: 100866394 ns, Reaching safepoint: 4031890 ns, At safepoint: 5749340 ns, Total: 9781230 ns
[2022-08-29T06:00:41.244+0000][7][gc,marking  ] GC(17) Concurrent Scan Root Regions 9.755ms
[2022-08-29T06:00:41.244+0000][7][gc,marking  ] GC(17) Concurrent Mark (10.727s)
[2022-08-29T06:00:41.244+0000][7][gc,marking  ] GC(17) Concurrent Mark From Roots
[2022-08-29T06:00:41.263+0000][7][gc,task     ] GC(17) Using 2 workers of 2 for marking
[2022-08-29T06:00:41.284+0000][7][gc,marking  ] GC(17) Concurrent Mark From Roots 39.882ms
[2022-08-29T06:00:41.288+0000][7][gc,marking  ] GC(17) Concurrent Preclean
[2022-08-29T06:00:41.288+0000][7][gc,marking  ] GC(17) Concurrent Preclean 0.356ms
[2022-08-29T06:00:41.291+0000][7][gc,marking  ] GC(17) Concurrent Mark (10.727s, 10.774s) 47.227ms
[2022-08-29T06:00:41.293+0000][7][gc,start    ] GC(17) Pause Remark
[2022-08-29T06:00:41.295+0000][7][gc          ] GC(17) Pause Remark 65M->65M(256M) 2.284ms
[2022-08-29T06:00:41.296+0000][7][gc,cpu      ] GC(17) User=0.00s Sys=0.01s Real=0.01s
[2022-08-29T06:00:41.296+0000][7][safepoint   ] Safepoint "G1Concurrent", Time since last: 59095534 ns, Reaching safepoint: 219201 ns, At safepoint: 3683557 ns, Total: 3902758 ns
[2022-08-29T06:00:41.296+0000][7][gc,marking  ] GC(17) Concurrent Rebuild Remembered Sets
[2022-08-29T06:00:41.307+0000][7][gc,marking  ] GC(17) Concurrent Rebuild Remembered Sets 10.530ms
[2022-08-29T06:00:41.309+0000][7][gc,start    ] GC(17) Pause Cleanup
[2022-08-29T06:00:41.309+0000][7][gc          ] GC(17) Pause Cleanup 79M->79M(256M) 0.478ms
[2022-08-29T06:00:41.310+0000][7][gc,cpu      ] GC(17) User=0.01s Sys=0.00s Real=0.00s
[2022-08-29T06:00:41.310+0000][7][safepoint   ] Safepoint "G1Concurrent", Time since last: 11822447 ns, Reaching safepoint: 587141 ns, At safepoint: 1343889 ns, Total: 1931030 ns
[2022-08-29T06:00:41.312+0000][7][gc,marking  ] GC(17) Concurrent Cleanup for Next Mark
[2022-08-29T06:00:41.315+0000][7][gc,marking  ] GC(17) Concurrent Cleanup for Next Mark 2.846ms
[2022-08-29T06:00:41.317+0000][7][gc          ] GC(17) Concurrent Cycle 84.132ms
[2022-08-29T06:00:42.170+0000][7][gc,start    ] GC(18) Pause Young (Normal) (G1 Evacuation Pause)
[2022-08-29T06:00:42.170+0000][7][gc,task     ] GC(18) Using 6 workers of 6 for evacuation
[2022-08-29T06:00:42.170+0000][7][gc,age      ] GC(18) Desired survivor size 10485760 bytes, new threshold 15 (max threshold 15)
[2022-08-29T06:00:42.174+0000][7][gc,age      ] GC(18) Age table with threshold 15 (max threshold 15)
[2022-08-29T06:00:42.174+0000][7][gc,age      ] GC(18) - age   1:     956368 bytes,     956368 total
[2022-08-29T06:00:42.174+0000][7][gc,age      ] GC(18) - age   2:     140416 bytes,    1096784 total
[2022-08-29T06:00:42.174+0000][7][gc,age      ] GC(18) - age   4:         32 bytes,    1096816 total
[2022-08-29T06:00:42.174+0000][7][gc,age      ] GC(18) - age   5:     496672 bytes,    1593488 total
[2022-08-29T06:00:42.175+0000][7][gc,phases   ] GC(18)   Pre Evacuate Collection Set: 0.1ms
[2022-08-29T06:00:42.175+0000][7][gc,phases   ] GC(18)   Merge Heap Roots: 0.2ms
[2022-08-29T06:00:42.175+0000][7][gc,phases   ] GC(18)   Evacuate Collection Set: 2.1ms
[2022-08-29T06:00:42.175+0000][7][gc,phases   ] GC(18)   Post Evacuate Collection Set: 0.7ms
[2022-08-29T06:00:42.175+0000][7][gc,phases   ] GC(18)   Other: 1.8ms
[2022-08-29T06:00:42.175+0000][7][gc,heap     ] GC(18) Eden regions: 37->0(37)
[2022-08-29T06:00:42.175+0000][7][gc,heap     ] GC(18) Survivor regions: 1->1(5)
[2022-08-29T06:00:42.176+0000][7][gc,heap     ] GC(18) Old regions: 5->5
[2022-08-29T06:00:42.176+0000][7][gc,heap     ] GC(18) Archive regions: 2->2
[2022-08-29T06:00:42.176+0000][7][gc,heap     ] GC(18) Humongous regions: 0->0
[2022-08-29T06:00:42.176+0000][7][gc,metaspace] GC(18) Metaspace: 22337K(23808K)->22337K(23808K) NonClass: 19595K(20736K)->19595K(20736K) Class: 2742K(3072K)->2742K(3072K)
[2022-08-29T06:00:42.176+0000][7][gc          ] GC(18) Pause Young (Normal) (G1 Evacuation Pause) 169M->22M(256M) 6.459ms
[2022-08-29T06:00:42.176+0000][7][gc,cpu      ] GC(18) User=0.01s Sys=0.00s Real=0.01s
[2022-08-29T06:00:42.176+0000][7][safepoint   ] Safepoint "G1CollectForAllocation", Time since last: 859374268 ns, Reaching safepoint: 213680 ns, At safepoint: 6823173 ns, Total: 7036853 ns
[2022-08-29T06:00:46.445+0000][7][safepoint   ] Safepoint "Cleanup", Time since last: 4054288983 ns, Reaching safepoint: 214530334 ns, At safepoint: 4338 ns, Total: 214534672 ns
[2022-08-29T06:00:47.917+0000][7][safepoint   ] Safepoint "Cleanup", Time since last: 1471491467 ns, Reaching safepoint: 306284 ns, At safepoint: 6623 ns, Total: 312907 ns
[2022-08-29T06:00:49.381+0000][7][safepoint   ] Safepoint "Cleanup", Time since last: 2393621259 ns, Reaching safepoint: 12569678 ns, At safepoint: 6392 ns, Total: 12576070 ns
[2022-08-29T06:00:49.551+0000][7][gc,start    ] GC(19) Pause Young (Normal) (G1 Evacuation Pause)
[2022-08-29T06:00:49.552+0000][7][gc,task     ] GC(19) Using 6 workers of 6 for evacuation
[2022-08-29T06:00:49.552+0000][7][gc,age      ] GC(19) Desired survivor size 10485760 bytes, new threshold 15 (max threshold 15)
[2022-08-29T06:00:49.592+0000][7][gc,age      ] GC(19) Age table with threshold 15 (max threshold 15)
[2022-08-29T06:00:49.593+0000][7][gc,age      ] GC(19) - age   1:   19347072 bytes,   19347072 total
[2022-08-29T06:00:49.593+0000][7][gc,age      ] GC(19) - age   2:     904344 bytes,   20251416 total
[2022-08-29T06:00:49.593+0000][7][gc,age      ] GC(19) - age   3:     140416 bytes,   20391832 total
[2022-08-29T06:00:49.593+0000][7][gc,age      ] GC(19) - age   5:         32 bytes,   20391864 total
[2022-08-29T06:00:49.593+0000][7][gc,age      ] GC(19) - age   6:     496640 bytes,   20888504 total
[2022-08-29T06:00:49.593+0000][7][gc,phases   ] GC(19)   Pre Evacuate Collection Set: 0.1ms
[2022-08-29T06:00:49.594+0000][7][gc,phases   ] GC(19)   Merge Heap Roots: 0.1ms
[2022-08-29T06:00:49.594+0000][7][gc,phases   ] GC(19)   Evacuate Collection Set: 38.5ms
[2022-08-29T06:00:49.594+0000][7][gc,phases   ] GC(19)   Post Evacuate Collection Set: 1.2ms
[2022-08-29T06:00:49.594+0000][7][gc,phases   ] GC(19)   Other: 2.2ms
[2022-08-29T06:00:49.594+0000][7][gc,heap     ] GC(19) Eden regions: 37->0(33)
[2022-08-29T06:00:49.594+0000][7][gc,heap     ] GC(19) Survivor regions: 1->5(5)
[2022-08-29T06:00:49.595+0000][7][gc,heap     ] GC(19) Old regions: 5->5
[2022-08-29T06:00:49.595+0000][7][gc,heap     ] GC(19) Archive regions: 2->2
[2022-08-29T06:00:49.595+0000][7][gc,heap     ] GC(19) Humongous regions: 0->0
[2022-08-29T06:00:49.595+0000][7][gc,metaspace] GC(19) Metaspace: 30152K(32256K)->30152K(32256K) NonClass: 26377K(27904K)->26377K(27904K) Class: 3774K(4352K)->3774K(4352K)
[2022-08-29T06:00:49.595+0000][7][gc          ] GC(19) Pause Young (Normal) (G1 Evacuation Pause) 170M->40M(256M) 43.621ms
[2022-08-29T06:00:49.595+0000][7][gc,cpu      ] GC(19) User=0.08s Sys=0.00s Real=0.04s
[2022-08-29T06:00:49.596+0000][7][safepoint   ] Safepoint "G1CollectForAllocation", Time since last: 170114836 ns, Reaching safepoint: 124463 ns, At safepoint: 44048020 ns, Total: 44172483 ns
[2022-08-29T06:00:50.367+0000][7][gc,start    ] GC(20) Pause Young (Normal) (G1 Evacuation Pause)
[2022-08-29T06:00:50.371+0000][7][gc,task     ] GC(20) Using 6 workers of 6 for evacuation
[2022-08-29T06:00:50.381+0000][7][gc,age      ] GC(20) Desired survivor size 10485760 bytes, new threshold 1 (max threshold 15)
[2022-08-29T06:00:50.632+0000][7][gc,age      ] GC(20) Age table with threshold 1 (max threshold 15)
[2022-08-29T06:00:50.632+0000][7][gc,age      ] GC(20) - age   1:   18279120 bytes,   18279120 total
[2022-08-29T06:00:50.632+0000][7][gc,mmu      ] GC(20) MMU target violated: 201.0ms (200.0ms/201.0ms)
[2022-08-29T06:00:50.632+0000][7][gc,phases   ] GC(20)   Pre Evacuate Collection Set: 0.1ms
[2022-08-29T06:00:50.633+0000][7][gc,phases   ] GC(20)   Merge Heap Roots: 0.1ms
[2022-08-29T06:00:50.633+0000][7][gc,phases   ] GC(20)   Evacuate Collection Set: 22.5ms
[2022-08-29T06:00:50.633+0000][7][gc,phases   ] GC(20)   Post Evacuate Collection Set: 1.0ms
[2022-08-29T06:00:50.633+0000][7][gc,phases   ] GC(20)   Other: 241.8ms
[2022-08-29T06:00:50.633+0000][7][gc,heap     ] GC(20) Eden regions: 33->0(28)
[2022-08-29T06:00:50.633+0000][7][gc,heap     ] GC(20) Survivor regions: 5->5(5)
[2022-08-29T06:00:50.634+0000][7][gc,heap     ] GC(20) Old regions: 5->10
[2022-08-29T06:00:50.634+0000][7][gc,heap     ] GC(20) Archive regions: 2->2
[2022-08-29T06:00:50.634+0000][7][gc,heap     ] GC(20) Humongous regions: 0->0
[2022-08-29T06:00:50.634+0000][7][gc,metaspace] GC(20) Metaspace: 33395K(35712K)->33395K(35712K) NonClass: 29079K(30720K)->29079K(30720K) Class: 4316K(4992K)->4316K(4992K)
[2022-08-29T06:00:50.634+0000][7][gc          ] GC(20) Pause Young (Normal) (G1 Evacuation Pause) 172M->58M(256M) 267.096ms
[2022-08-29T06:00:50.634+0000][7][gc,cpu      ] GC(20) User=0.10s Sys=0.01s Real=0.27s
[2022-08-29T06:00:50.635+0000][7][safepoint   ] Safepoint "G1CollectForAllocation", Time since last: 771324574 ns, Reaching safepoint: 182462 ns, At safepoint: 267500283 ns, Total: 267682745 ns
[2022-08-29T06:00:50.889+0000][7][gc,start    ] GC(21) Pause Young (Concurrent Start) (Metadata GC Threshold)
[2022-08-29T06:00:50.890+0000][7][gc,task     ] GC(21) Using 6 workers of 6 for evacuation
[2022-08-29T06:00:50.890+0000][7][gc,age      ] GC(21) Desired survivor size 10485760 bytes, new threshold 1 (max threshold 15)
[2022-08-29T06:00:50.901+0000][7][gc,age      ] GC(21) Age table with threshold 1 (max threshold 15)
[2022-08-29T06:00:50.901+0000][7][gc,age      ] GC(21) - age   1:     311400 bytes,     311400 total
[2022-08-29T06:00:50.901+0000][7][gc,phases   ] GC(21)   Pre Evacuate Collection Set: 0.2ms
[2022-08-29T06:00:50.901+0000][7][gc,phases   ] GC(21)   Merge Heap Roots: 0.1ms
[2022-08-29T06:00:50.902+0000][7][gc,phases   ] GC(21)   Evacuate Collection Set: 9.5ms
[2022-08-29T06:00:50.902+0000][7][gc,phases   ] GC(21)   Post Evacuate Collection Set: 0.8ms
[2022-08-29T06:00:50.902+0000][7][gc,phases   ] GC(21)   Other: 1.4ms
[2022-08-29T06:00:50.902+0000][7][gc,heap     ] GC(21) Eden regions: 3->0(29)
[2022-08-29T06:00:50.902+0000][7][gc,heap     ] GC(21) Survivor regions: 5->1(5)
[2022-08-29T06:00:50.902+0000][7][gc,heap     ] GC(21) Old regions: 10->14
[2022-08-29T06:00:50.902+0000][7][gc,heap     ] GC(21) Archive regions: 2->2
[2022-08-29T06:00:50.903+0000][7][gc,heap     ] GC(21) Humongous regions: 0->0
[2022-08-29T06:00:50.903+0000][7][gc,metaspace] GC(21) Metaspace: 33671K(35920K)->33671K(35920K) NonClass: 29315K(30928K)->29315K(30928K) Class: 4355K(4992K)->4355K(4992K)
[2022-08-29T06:00:50.903+0000][7][gc          ] GC(21) Pause Young (Concurrent Start) (Metadata GC Threshold) 66M->59M(256M) 13.636ms
[2022-08-29T06:00:50.903+0000][7][gc,cpu      ] GC(21) User=0.03s Sys=0.00s Real=0.02s
[2022-08-29T06:00:50.903+0000][7][gc          ] GC(22) Concurrent Cycle
[2022-08-29T06:00:50.903+0000][7][safepoint   ] Safepoint "CollectForMetadataAllocation", Time since last: 254580919 ns, Reaching safepoint: 149400 ns, At safepoint: 14138901 ns, Total: 14288301 ns
[2022-08-29T06:00:50.903+0000][7][gc,marking  ] GC(22) Concurrent Clear Claimed Marks
[2022-08-29T06:00:50.904+0000][7][gc,marking  ] GC(22) Concurrent Clear Claimed Marks 0.568ms
[2022-08-29T06:00:50.904+0000][7][gc,marking  ] GC(22) Concurrent Scan Root Regions
[2022-08-29T06:00:50.910+0000][7][gc,marking  ] GC(22) Concurrent Scan Root Regions 6.197ms
[2022-08-29T06:00:50.912+0000][7][gc,marking  ] GC(22) Concurrent Mark (21.337s)
[2022-08-29T06:00:50.913+0000][7][gc,marking  ] GC(22) Concurrent Mark From Roots
[2022-08-29T06:00:50.913+0000][7][gc,task     ] GC(22) Using 2 workers of 2 for marking
[2022-08-29T06:00:50.932+0000][7][safepoint   ] Safepoint "CollectForMetadataAllocation", Time since last: 28025698 ns, Reaching safepoint: 208300 ns, At safepoint: 271530 ns, Total: 479830 ns
[2022-08-29T06:00:50.951+0000][7][gc,marking  ] GC(22) Concurrent Mark From Roots 38.808ms
[2022-08-29T06:00:50.952+0000][7][gc,marking  ] GC(22) Concurrent Preclean
[2022-08-29T06:00:50.952+0000][7][gc,marking  ] GC(22) Concurrent Preclean 0.540ms
[2022-08-29T06:00:50.954+0000][7][gc,marking  ] GC(22) Concurrent Mark (21.337s, 21.379s) 41.944ms
[2022-08-29T06:00:50.958+0000][7][gc,start    ] GC(22) Pause Remark
[2022-08-29T06:00:50.964+0000][7][gc          ] GC(22) Pause Remark 63M->63M(256M) 6.104ms
[2022-08-29T06:00:50.964+0000][7][gc,cpu      ] GC(22) User=0.01s Sys=0.00s Real=0.01s
[2022-08-29T06:00:50.964+0000][7][safepoint   ] Safepoint "G1Concurrent", Time since last: 25579792 ns, Reaching safepoint: 175659 ns, At safepoint: 6855885 ns, Total: 7031544 ns
[2022-08-29T06:00:50.965+0000][7][gc,marking  ] GC(22) Concurrent Rebuild Remembered Sets
[2022-08-29T06:00:50.991+0000][7][gc,marking  ] GC(22) Concurrent Rebuild Remembered Sets 26.246ms
[2022-08-29T06:00:51.000+0000][7][gc,start    ] GC(22) Pause Cleanup
[2022-08-29T06:00:51.001+0000][7][gc          ] GC(22) Pause Cleanup 65M->65M(256M) 0.550ms
[2022-08-29T06:00:51.001+0000][7][gc,cpu      ] GC(22) User=0.00s Sys=0.00s Real=0.00s
[2022-08-29T06:00:51.001+0000][7][safepoint   ] Safepoint "G1Concurrent", Time since last: 30623188 ns, Reaching safepoint: 4894949 ns, At safepoint: 1078842 ns, Total: 5973791 ns
[2022-08-29T06:00:51.001+0000][7][gc,marking  ] GC(22) Concurrent Cleanup for Next Mark
[2022-08-29T06:00:51.002+0000][7][gc,marking  ] GC(22) Concurrent Cleanup for Next Mark 0.678ms
[2022-08-29T06:00:51.002+0000][7][gc          ] GC(22) Concurrent Cycle 99.066ms
[2022-08-29T06:00:51.380+0000][7][gc,start    ] GC(23) Pause Young (Concurrent Start) (G1 Evacuation Pause)
[2022-08-29T06:00:51.720+0000][7][gc,task     ] GC(23) Using 6 workers of 6 for evacuation
[2022-08-29T06:00:51.720+0000][7][gc,age      ] GC(23) Desired survivor size 8388608 bytes, new threshold 15 (max threshold 15)
[2022-08-29T06:00:51.736+0000][7][gc,age      ] GC(23) Age table with threshold 15 (max threshold 15)
[2022-08-29T06:00:51.739+0000][7][gc,age      ] GC(23) - age   1:    1350184 bytes,    1350184 total
[2022-08-29T06:00:51.739+0000][7][gc,age      ] GC(23) - age   2:     301896 bytes,    1652080 total
[2022-08-29T06:00:51.739+0000][7][gc,phases   ] GC(23)   Pre Evacuate Collection Set: 0.6ms
[2022-08-29T06:00:51.739+0000][7][gc,phases   ] GC(23)   Merge Heap Roots: 0.2ms
[2022-08-29T06:00:51.740+0000][7][gc,phases   ] GC(23)   Evacuate Collection Set: 13.7ms
[2022-08-29T06:00:51.742+0000][7][gc,phases   ] GC(23)   Post Evacuate Collection Set: 0.7ms
[2022-08-29T06:00:51.742+0000][7][gc,phases   ] GC(23)   Other: 344.2ms
[2022-08-29T06:00:51.742+0000][7][gc,heap     ] GC(23) Eden regions: 29->0(31)
[2022-08-29T06:00:51.742+0000][7][gc,heap     ] GC(23) Survivor regions: 1->1(4)
[2022-08-29T06:00:51.743+0000][7][gc,heap     ] GC(23) Old regions: 14->14
[2022-08-29T06:00:51.743+0000][7][gc,heap     ] GC(23) Archive regions: 2->2
[2022-08-29T06:00:51.743+0000][7][gc,heap     ] GC(23) Humongous regions: 0->0
[2022-08-29T06:00:51.743+0000][7][gc,metaspace] GC(23) Metaspace: 36076K(38736K)->36076K(38736K) NonClass: 31487K(33488K)->31487K(33488K) Class: 4588K(5248K)->4588K(5248K)
[2022-08-29T06:00:51.743+0000][7][gc          ] GC(23) Pause Young (Concurrent Start) (G1 Evacuation Pause) 175M->59M(256M) 363.427ms
[2022-08-29T06:00:51.744+0000][7][gc,cpu      ] GC(23) User=0.01s Sys=0.01s Real=0.38s
[2022-08-29T06:00:51.744+0000][7][gc          ] GC(24) Concurrent Cycle
[2022-08-29T06:00:51.744+0000][7][gc,marking  ] GC(24) Concurrent Clear Claimed Marks
[2022-08-29T06:00:51.754+0000][7][gc,marking  ] GC(24) Concurrent Clear Claimed Marks 9.948ms
[2022-08-29T06:00:51.758+0000][7][gc,marking  ] GC(24) Concurrent Scan Root Regions
[2022-08-29T06:00:51.744+0000][7][safepoint   ] Safepoint "G1CollectForAllocation", Time since last: 378481934 ns, Reaching safepoint: 307386 ns, At safepoint: 364334247 ns, Total: 364641633 ns
[2022-08-29T06:00:51.763+0000][7][gc,marking  ] GC(24) Concurrent Scan Root Regions 5.614ms
[2022-08-29T06:00:51.766+0000][7][gc,marking  ] GC(24) Concurrent Mark (22.190s)
[2022-08-29T06:00:51.781+0000][7][gc,marking  ] GC(24) Concurrent Mark From Roots
[2022-08-29T06:00:51.783+0000][7][gc,task     ] GC(24) Using 2 workers of 2 for marking
[2022-08-29T06:00:51.881+0000][7][gc,marking  ] GC(24) Concurrent Mark From Roots 99.631ms
[2022-08-29T06:00:52.079+0000][7][gc,marking  ] GC(24) Concurrent Preclean
[2022-08-29T06:00:52.080+0000][7][gc,marking  ] GC(24) Concurrent Preclean 0.616ms
[2022-08-29T06:00:52.082+0000][7][gc,marking  ] GC(24) Concurrent Mark (22.190s, 22.507s) 316.634ms
[2022-08-29T06:00:52.330+0000][7][gc,start    ] GC(24) Pause Remark
[2022-08-29T06:00:52.358+0000][7][gc          ] GC(24) Pause Remark 77M->77M(256M) 27.416ms
[2022-08-29T06:00:52.369+0000][7][gc,cpu      ] GC(24) User=0.02s Sys=0.01s Real=0.04s
[2022-08-29T06:00:52.374+0000][7][safepoint   ] Safepoint "G1Concurrent", Time since last: 458764653 ns, Reaching safepoint: 127376481 ns, At safepoint: 43590142 ns, Total: 170966623 ns
[2022-08-29T06:00:52.384+0000][7][gc,marking  ] GC(24) Concurrent Rebuild Remembered Sets
[2022-08-29T06:00:52.418+0000][7][gc,marking  ] GC(24) Concurrent Rebuild Remembered Sets 34.394ms
[2022-08-29T06:00:52.419+0000][7][gc,start    ] GC(24) Pause Cleanup
[2022-08-29T06:00:52.426+0000][7][gc          ] GC(24) Pause Cleanup 79M->79M(256M) 6.367ms
[2022-08-29T06:00:52.432+0000][7][gc,cpu      ] GC(24) User=0.00s Sys=0.00s Real=0.02s
[2022-08-29T06:00:52.435+0000][7][safepoint   ] Safepoint "G1Concurrent", Time since last: 44986049 ns, Reaching safepoint: 285525 ns, At safepoint: 16051697 ns, Total: 16337222 ns
[2022-08-29T06:00:52.435+0000][7][gc,marking  ] GC(24) Concurrent Cleanup for Next Mark
[2022-08-29T06:00:52.436+0000][7][gc,marking  ] GC(24) Concurrent Cleanup for Next Mark 0.584ms
[2022-08-29T06:00:52.436+0000][7][gc          ] GC(24) Concurrent Cycle 692.536ms
[2022-08-29T06:00:53.737+0000][7][safepoint   ] Safepoint "Cleanup", Time since last: 1000324379 ns, Reaching safepoint: 301200030 ns, At safepoint: 53781 ns, Total: 301253811 ns
[2022-08-29T06:00:55.388+0000][7][safepoint   ] Safepoint "Cleanup", Time since last: 1524202629 ns, Reaching safepoint: 126468870 ns, At safepoint: 7815 ns, Total: 126476685 ns
[2022-08-29T06:00:56.973+0000][7][safepoint   ] Safepoint "Cleanup", Time since last: 1114190106 ns, Reaching safepoint: 470910277 ns, At safepoint: 189054 ns, Total: 471099331 ns
[2022-08-29T06:00:57.974+0000][7][safepoint   ] Safepoint "Cleanup", Time since last: 1000522600 ns, Reaching safepoint: 183143 ns, At safepoint: 4729 ns, Total: 187872 ns
[2022-08-29T06:00:58.524+0000][7][gc,start    ] GC(25) Pause Young (Normal) (G1 Evacuation Pause)
[2022-08-29T06:00:58.524+0000][7][gc,task     ] GC(25) Using 6 workers of 6 for evacuation
[2022-08-29T06:00:58.524+0000][7][gc,age      ] GC(25) Desired survivor size 8388608 bytes, new threshold 15 (max threshold 15)
[2022-08-29T06:00:58.532+0000][7][gc,age      ] GC(25) Age table with threshold 15 (max threshold 15)
[2022-08-29T06:00:58.532+0000][7][gc,age      ] GC(25) - age   1:    5255744 bytes,    5255744 total
[2022-08-29T06:00:58.532+0000][7][gc,age      ] GC(25) - age   2:    1271064 bytes,    6526808 total
[2022-08-29T06:00:58.533+0000][7][gc,age      ] GC(25) - age   3:     301384 bytes,    6828192 total
[2022-08-29T06:00:58.533+0000][7][gc,phases   ] GC(25)   Pre Evacuate Collection Set: 0.1ms
[2022-08-29T06:00:58.533+0000][7][gc,phases   ] GC(25)   Merge Heap Roots: 0.1ms
[2022-08-29T06:00:58.533+0000][7][gc,phases   ] GC(25)   Evacuate Collection Set: 6.4ms
[2022-08-29T06:00:58.533+0000][7][gc,phases   ] GC(25)   Post Evacuate Collection Set: 1.0ms
[2022-08-29T06:00:58.533+0000][7][gc,phases   ] GC(25)   Other: 1.4ms
[2022-08-29T06:00:58.533+0000][7][gc,heap     ] GC(25) Eden regions: 31->0(30)
[2022-08-29T06:00:58.533+0000][7][gc,heap     ] GC(25) Survivor regions: 1->2(4)
[2022-08-29T06:00:58.534+0000][7][gc,heap     ] GC(25) Old regions: 14->14
[2022-08-29T06:00:58.534+0000][7][gc,heap     ] GC(25) Archive regions: 2->2
[2022-08-29T06:00:58.534+0000][7][gc,heap     ] GC(25) Humongous regions: 0->0
[2022-08-29T06:00:58.534+0000][7][gc,metaspace] GC(25) Metaspace: 51823K(55120K)->51823K(55120K) NonClass: 44886K(47312K)->44886K(47312K) Class: 6937K(7808K)->6937K(7808K)
[2022-08-29T06:00:58.534+0000][7][gc          ] GC(25) Pause Young (Normal) (G1 Evacuation Pause) 183M->64M(256M) 10.374ms
[2022-08-29T06:00:58.534+0000][7][gc,cpu      ] GC(25) User=0.01s Sys=0.01s Real=0.01s
[2022-08-29T06:00:58.534+0000][7][safepoint   ] Safepoint "G1CollectForAllocation", Time since last: 549894583 ns, Reaching safepoint: 233317 ns, At safepoint: 10726513 ns, Total: 10959830 ns
[2022-08-29T06:01:00.003+0000][7][safepoint   ] Safepoint "Cleanup", Time since last: 1467873493 ns, Reaching safepoint: 233547 ns, At safepoint: 25668 ns, Total: 259215 ns
[2022-08-29T06:01:04.350+0000][7][safepoint   ] Safepoint "Cleanup", Time since last: 4347182739 ns, Reaching safepoint: 106610 ns, At safepoint: 1592 ns, Total: 108202 ns
[2022-08-29T06:01:05.351+0000][7][safepoint   ] Safepoint "Cleanup", Time since last: 1000727445 ns, Reaching safepoint: 404898 ns, At safepoint: 42380 ns, Total: 447278 ns
[2022-08-29T06:01:06.575+0000][7][safepoint   ] Safepoint "Cleanup", Time since last: 1223935219 ns, Reaching safepoint: 135173 ns, At safepoint: 3296 ns, Total: 138469 ns
[2022-08-29T06:01:07.579+0000][7][safepoint   ] Safepoint "Cleanup", Time since last: 1002942969 ns, Reaching safepoint: 1100603 ns, At safepoint: 109896 ns, Total: 1210499 ns
[2022-08-29T06:01:08.064+0000][7][gc,start    ] GC(26) Pause Young (Normal) (G1 Evacuation Pause)
[2022-08-29T06:01:08.064+0000][7][gc,task     ] GC(26) Using 6 workers of 6 for evacuation
[2022-08-29T06:01:08.064+0000][7][gc,age      ] GC(26) Desired survivor size 8388608 bytes, new threshold 15 (max threshold 15)
[2022-08-29T06:01:08.078+0000][7][gc,age      ] GC(26) Age table with threshold 15 (max threshold 15)
[2022-08-29T06:01:08.078+0000][7][gc,age      ] GC(26) - age   1:    4637328 bytes,    4637328 total
[2022-08-29T06:01:08.079+0000][7][gc,age      ] GC(26) - age   2:    5093048 bytes,    9730376 total
[2022-08-29T06:01:08.079+0000][7][gc,age      ] GC(26) - age   3:    1269456 bytes,   10999832 total
[2022-08-29T06:01:08.079+0000][7][gc,age      ] GC(26) - age   4:     301384 bytes,   11301216 total
[2022-08-29T06:01:08.079+0000][7][gc,phases   ] GC(26)   Pre Evacuate Collection Set: 0.1ms
[2022-08-29T06:01:08.079+0000][7][gc,phases   ] GC(26)   Merge Heap Roots: 0.2ms
[2022-08-29T06:01:08.079+0000][7][gc,phases   ] GC(26)   Evacuate Collection Set: 8.4ms
[2022-08-29T06:01:08.079+0000][7][gc,phases   ] GC(26)   Post Evacuate Collection Set: 4.8ms
[2022-08-29T06:01:08.080+0000][7][gc,phases   ] GC(26)   Other: 1.8ms
[2022-08-29T06:01:08.080+0000][7][gc,heap     ] GC(26) Eden regions: 30->0(30)
[2022-08-29T06:01:08.080+0000][7][gc,heap     ] GC(26) Survivor regions: 2->3(4)
[2022-08-29T06:01:08.080+0000][7][gc,heap     ] GC(26) Old regions: 14->14
[2022-08-29T06:01:08.080+0000][7][gc,heap     ] GC(26) Archive regions: 2->2
[2022-08-29T06:01:08.080+0000][7][gc,heap     ] GC(26) Humongous regions: 0->0
[2022-08-29T06:01:08.081+0000][7][gc,metaspace] GC(26) Metaspace: 62948K(66512K)->62948K(66512K) NonClass: 54475K(57040K)->54475K(57040K) Class: 8473K(9472K)->8473K(9472K)
[2022-08-29T06:01:08.081+0000][7][gc          ] GC(26) Pause Young (Normal) (G1 Evacuation Pause) 184M->69M(256M) 16.980ms
[2022-08-29T06:01:08.081+0000][7][gc,cpu      ] GC(26) User=0.04s Sys=0.00s Real=0.01s
[2022-08-29T06:01:08.081+0000][7][safepoint   ] Safepoint "G1CollectForAllocation", Time since last: 484348854 ns, Reaching safepoint: 164809 ns, At safepoint: 17401067 ns, Total: 17565876 ns
[2022-08-29T06:01:08.097+0000][7][gc,start    ] GC(27) Pause Young (Concurrent Start) (Metadata GC Threshold)
[2022-08-29T06:01:08.097+0000][7][gc,task     ] GC(27) Using 6 workers of 6 for evacuation
[2022-08-29T06:01:08.097+0000][7][gc,age      ] GC(27) Desired survivor size 10485760 bytes, new threshold 3 (max threshold 15)
[2022-08-29T06:01:08.106+0000][7][gc,age      ] GC(27) Age table with threshold 3 (max threshold 15)
[2022-08-29T06:01:08.106+0000][7][gc,age      ] GC(27) - age   1:      65728 bytes,      65728 total
[2022-08-29T06:01:08.106+0000][7][gc,age      ] GC(27) - age   2:    4571168 bytes,    4636896 total
[2022-08-29T06:01:08.106+0000][7][gc,age      ] GC(27) - age   3:    5093048 bytes,    9729944 total
[2022-08-29T06:01:08.106+0000][7][gc,phases   ] GC(27)   Pre Evacuate Collection Set: 0.2ms
[2022-08-29T06:01:08.106+0000][7][gc,phases   ] GC(27)   Merge Heap Roots: 0.1ms
[2022-08-29T06:01:08.107+0000][7][gc,phases   ] GC(27)   Evacuate Collection Set: 6.8ms
[2022-08-29T06:01:08.107+0000][7][gc,phases   ] GC(27)   Post Evacuate Collection Set: 0.9ms
[2022-08-29T06:01:08.107+0000][7][gc,phases   ] GC(27)   Other: 1.5ms
[2022-08-29T06:01:08.107+0000][7][gc,heap     ] GC(27) Eden regions: 1->0(30)
[2022-08-29T06:01:08.107+0000][7][gc,heap     ] GC(27) Survivor regions: 3->3(5)
[2022-08-29T06:01:08.107+0000][7][gc,heap     ] GC(27) Old regions: 14->14
[2022-08-29T06:01:08.107+0000][7][gc,heap     ] GC(27) Archive regions: 2->2
[2022-08-29T06:01:08.108+0000][7][gc,heap     ] GC(27) Humongous regions: 0->0
[2022-08-29T06:01:08.108+0000][7][gc,metaspace] GC(27) Metaspace: 63378K(66908K)->63378K(66908K) NonClass: 54856K(57436K)->54856K(57436K) Class: 8521K(9472K)->8521K(9472K)
[2022-08-29T06:01:08.108+0000][7][gc          ] GC(27) Pause Young (Concurrent Start) (Metadata GC Threshold) 72M->69M(256M) 10.950ms
[2022-08-29T06:01:08.108+0000][7][gc,cpu      ] GC(27) User=0.03s Sys=0.00s Real=0.01s
[2022-08-29T06:01:08.108+0000][7][gc          ] GC(28) Concurrent Cycle
[2022-08-29T06:01:08.108+0000][7][gc,marking  ] GC(28) Concurrent Clear Claimed Marks
[2022-08-29T06:01:08.108+0000][7][safepoint   ] Safepoint "CollectForMetadataAllocation", Time since last: 15537994 ns, Reaching safepoint: 234590 ns, At safepoint: 11432856 ns, Total: 11667446 ns
[2022-08-29T06:01:08.109+0000][7][gc,marking  ] GC(28) Concurrent Clear Claimed Marks 0.371ms
[2022-08-29T06:01:08.109+0000][7][gc,marking  ] GC(28) Concurrent Scan Root Regions
[2022-08-29T06:01:08.114+0000][7][gc,marking  ] GC(28) Concurrent Scan Root Regions 4.257ms
[2022-08-29T06:01:08.114+0000][7][gc,marking  ] GC(28) Concurrent Mark (38.539s)
[2022-08-29T06:01:08.114+0000][7][gc,marking  ] GC(28) Concurrent Mark From Roots
[2022-08-29T06:01:08.114+0000][7][gc,task     ] GC(28) Using 2 workers of 2 for marking
[2022-08-29T06:01:08.142+0000][7][safepoint   ] Safepoint "CollectForMetadataAllocation", Time since last: 33357616 ns, Reaching safepoint: 185448 ns, At safepoint: 163366 ns, Total: 348814 ns
[2022-08-29T06:01:08.151+0000][7][gc,marking  ] GC(28) Concurrent Mark From Roots 36.858ms
[2022-08-29T06:01:08.151+0000][7][gc,marking  ] GC(28) Concurrent Preclean
[2022-08-29T06:01:08.152+0000][7][gc,marking  ] GC(28) Concurrent Preclean 0.285ms
[2022-08-29T06:01:08.152+0000][7][gc,marking  ] GC(28) Concurrent Mark (38.539s, 38.576s) 37.765ms
[2022-08-29T06:01:08.152+0000][7][gc,start    ] GC(28) Pause Remark
[2022-08-29T06:01:08.223+0000][7][gc          ] GC(28) Pause Remark 75M->75M(256M) 70.654ms
[2022-08-29T06:01:08.223+0000][7][gc,cpu      ] GC(28) User=0.11s Sys=0.03s Real=0.00s
[2022-08-29T06:01:08.223+0000][7][safepoint   ] Safepoint "G1Concurrent", Time since last: 9829721 ns, Reaching safepoint: 171662 ns, At safepoint: 71139115 ns, Total: 71310777 ns
[2022-08-29T06:01:08.223+0000][7][gc,marking  ] GC(28) Concurrent Rebuild Remembered Sets
[2022-08-29T06:01:08.244+0000][7][gc,marking  ] GC(28) Concurrent Rebuild Remembered Sets 20.899ms
[2022-08-29T06:01:08.245+0000][7][gc,start    ] GC(28) Pause Cleanup
[2022-08-29T06:01:08.246+0000][7][gc          ] GC(28) Pause Cleanup 75M->75M(256M) 0.354ms
[2022-08-29T06:01:08.246+0000][7][gc,cpu      ] GC(28) User=0.00s Sys=0.00s Real=0.00s
[2022-08-29T06:01:08.246+0000][7][safepoint   ] Safepoint "G1Concurrent", Time since last: 21420274 ns, Reaching safepoint: 874750 ns, At safepoint: 707847 ns, Total: 1582597 ns
[2022-08-29T06:01:08.246+0000][7][gc,marking  ] GC(28) Concurrent Cleanup for Next Mark
[2022-08-29T06:01:08.247+0000][7][gc,marking  ] GC(28) Concurrent Cleanup for Next Mark 0.433ms
[2022-08-29T06:01:08.247+0000][7][gc          ] GC(28) Concurrent Cycle 138.907ms
[2022-08-29T06:01:10.464+0000][7][safepoint   ] Safepoint "Cleanup", Time since last: 1651464867 ns, Reaching safepoint: 565529888 ns, At safepoint: 1024882 ns, Total: 566554770 ns
[2022-08-29T06:01:11.556+0000][7][safepoint   ] Safepoint "Cleanup", Time since last: 1000579437 ns, Reaching safepoint: 91455699 ns, At safepoint: 58359 ns, Total: 91514058 ns
[2022-08-29T06:01:13.298+0000][7][safepoint   ] Safepoint "Cleanup", Time since last: 1650317436 ns, Reaching safepoint: 91678497 ns, At safepoint: 10420 ns, Total: 91688917 ns
[2022-08-29T06:01:14.692+0000][7][safepoint   ] Safepoint "Cleanup", Time since last: 1016605065 ns, Reaching safepoint: 377204919 ns, At safepoint: 68418 ns, Total: 377273337 ns
[2022-08-29T06:01:19.245+0000][7][safepoint   ] Safepoint "Cleanup", Time since last: 3846177713 ns, Reaching safepoint: 706630783 ns, At safepoint: 125626 ns, Total: 706756409 ns
[2022-08-29T06:01:21.961+0000][7][safepoint   ] Safepoint "Cleanup", Time since last: 1751323782 ns, Reaching safepoint: 111058 ns, At safepoint: 1343 ns, Total: 112401 ns
[2022-08-29T06:01:23.981+0000][7][safepoint   ] Safepoint "Cleanup", Time since last: 2019044839 ns, Reaching safepoint: 324729 ns, At safepoint: 2164 ns, Total: 326893 ns
[2022-08-29T06:01:25.296+0000][7][safepoint   ] Safepoint "Cleanup", Time since last: 1315410735 ns, Reaching safepoint: 203171 ns, At safepoint: 1333 ns, Total: 204504 ns
[2022-08-29T06:01:27.280+0000][7][safepoint   ] Safepoint "Cleanup", Time since last: 1983064175 ns, Reaching safepoint: 385343 ns, At safepoint: 83917 ns, Total: 469260 ns
[2022-08-29T06:01:27.296+0000][7][gc,start    ] GC(29) Pause Young (Concurrent Start) (G1 Evacuation Pause)
[2022-08-29T06:01:27.297+0000][7][gc,task     ] GC(29) Using 6 workers of 6 for evacuation
[2022-08-29T06:01:27.297+0000][7][gc,age      ] GC(29) Desired survivor size 10485760 bytes, new threshold 15 (max threshold 15)
[2022-08-29T06:01:27.319+0000][7][gc,age      ] GC(29) Age table with threshold 15 (max threshold 15)
[2022-08-29T06:01:27.320+0000][7][gc,age      ] GC(29) - age   1:    6482128 bytes,    6482128 total
[2022-08-29T06:01:27.320+0000][7][gc,age      ] GC(29) - age   2:      45696 bytes,    6527824 total
[2022-08-29T06:01:27.320+0000][7][gc,age      ] GC(29) - age   3:    4520368 bytes,   11048192 total
[2022-08-29T06:01:27.320+0000][7][gc,age      ] GC(29) - age   4:    5053560 bytes,   16101752 total
[2022-08-29T06:01:27.320+0000][7][gc,phases   ] GC(29)   Pre Evacuate Collection Set: 0.2ms
[2022-08-29T06:01:27.320+0000][7][gc,phases   ] GC(29)   Merge Heap Roots: 0.1ms
[2022-08-29T06:01:27.321+0000][7][gc,phases   ] GC(29)   Evacuate Collection Set: 20.3ms
[2022-08-29T06:01:27.321+0000][7][gc,phases   ] GC(29)   Post Evacuate Collection Set: 1.6ms
[2022-08-29T06:01:27.321+0000][7][gc,phases   ] GC(29)   Other: 1.6ms
[2022-08-29T06:01:27.321+0000][7][gc,heap     ] GC(29) Eden regions: 30->0(28)
[2022-08-29T06:01:27.321+0000][7][gc,heap     ] GC(29) Survivor regions: 3->5(5)
[2022-08-29T06:01:27.321+0000][7][gc,heap     ] GC(29) Old regions: 14->14
[2022-08-29T06:01:27.321+0000][7][gc,heap     ] GC(29) Archive regions: 2->2
[2022-08-29T06:01:27.322+0000][7][gc,heap     ] GC(29) Humongous regions: 0->0
[2022-08-29T06:01:27.322+0000][7][gc,metaspace] GC(29) Metaspace: 81934K(86108K)->81934K(86108K) NonClass: 70936K(74076K)->70936K(74076K) Class: 10997K(12032K)->10997K(12032K)
[2022-08-29T06:01:27.322+0000][7][gc          ] GC(29) Pause Young (Concurrent Start) (G1 Evacuation Pause) 189M->76M(256M) 25.342ms
[2022-08-29T06:01:27.322+0000][7][gc,cpu      ] GC(29) User=0.05s Sys=0.00s Real=0.00s
[2022-08-29T06:01:27.322+0000][7][safepoint   ] Safepoint "G1CollectForAllocation", Time since last: 16657573 ns, Reaching safepoint: 114755 ns, At safepoint: 25734503 ns, Total: 25849258 ns
[2022-08-29T06:01:27.322+0000][7][gc          ] GC(30) Concurrent Cycle
[2022-08-29T06:01:27.327+0000][7][gc,marking  ] GC(30) Concurrent Clear Claimed Marks
[2022-08-29T06:01:27.331+0000][7][gc,marking  ] GC(30) Concurrent Clear Claimed Marks 4.335ms
[2022-08-29T06:01:27.331+0000][7][gc,marking  ] GC(30) Concurrent Scan Root Regions
[2022-08-29T06:01:27.342+0000][7][gc,marking  ] GC(30) Concurrent Scan Root Regions 11.070ms
[2022-08-29T06:01:27.343+0000][7][gc,marking  ] GC(30) Concurrent Mark (56.803s)
[2022-08-29T06:01:27.345+0000][7][gc,marking  ] GC(30) Concurrent Mark From Roots
[2022-08-29T06:01:27.345+0000][7][gc,task     ] GC(30) Using 2 workers of 2 for marking
[2022-08-29T06:01:27.415+0000][7][gc,marking  ] GC(30) Concurrent Mark From Roots 70.747ms
[2022-08-29T06:01:27.425+0000][7][gc,marking  ] GC(30) Concurrent Preclean
[2022-08-29T06:01:27.426+0000][7][gc,marking  ] GC(30) Concurrent Preclean 0.486ms
[2022-08-29T06:01:27.426+0000][7][gc,marking  ] GC(30) Concurrent Mark (56.803s, 56.886s) 83.194ms
[2022-08-29T06:01:27.437+0000][7][gc,start    ] GC(30) Pause Remark
[2022-08-29T06:01:27.447+0000][7][gc          ] GC(30) Pause Remark 78M->78M(256M) 10.170ms
[2022-08-29T06:01:27.448+0000][7][gc,cpu      ] GC(30) User=0.02s Sys=0.00s Real=0.00s
[2022-08-29T06:01:27.448+0000][7][safepoint   ] Safepoint "G1Concurrent", Time since last: 114908723 ns, Reaching safepoint: 154049 ns, At safepoint: 10707437 ns, Total: 10861486 ns
[2022-08-29T06:01:27.448+0000][7][gc,marking  ] GC(30) Concurrent Rebuild Remembered Sets
[2022-08-29T06:01:27.481+0000][7][gc,marking  ] GC(30) Concurrent Rebuild Remembered Sets 33.195ms
[2022-08-29T06:01:27.482+0000][7][gc,start    ] GC(30) Pause Cleanup
[2022-08-29T06:01:27.482+0000][7][gc          ] GC(30) Pause Cleanup 78M->78M(256M) 0.287ms
[2022-08-29T06:01:27.482+0000][7][gc,cpu      ] GC(30) User=0.00s Sys=0.00s Real=0.00s
[2022-08-29T06:01:27.483+0000][7][safepoint   ] Safepoint "G1Concurrent", Time since last: 33598677 ns, Reaching safepoint: 386385 ns, At safepoint: 732163 ns, Total: 1118548 ns
[2022-08-29T06:01:27.483+0000][7][gc,marking  ] GC(30) Concurrent Cleanup for Next Mark
[2022-08-29T06:01:27.484+0000][7][gc,marking  ] GC(30) Concurrent Cleanup for Next Mark 0.937ms
[2022-08-29T06:01:27.484+0000][7][gc          ] GC(30) Concurrent Cycle 162.133ms
[2022-08-29T06:01:29.552+0000][7][safepoint   ] Safepoint "Cleanup", Time since last: 2000423313 ns, Reaching safepoint: 68582252 ns, At safepoint: 57798 ns, Total: 68640050 ns
[2022-08-29T06:01:30.639+0000][7][safepoint   ] Safepoint "Cleanup", Time since last: 1001511304 ns, Reaching safepoint: 86021951 ns, At safepoint: 48451 ns, Total: 86070402 ns
[2022-08-29T06:01:33.691+0000][7][safepoint   ] Safepoint "Cleanup", Time since last: 2953172479 ns, Reaching safepoint: 98165991 ns, At safepoint: 19156 ns, Total: 98185147 ns
[2022-08-29T06:01:34.879+0000][7][safepoint   ] Safepoint "Cleanup", Time since last: 1027574352 ns, Reaching safepoint: 155154284 ns, At safepoint: 5783955 ns, Total: 160938239 ns
[2022-08-29T06:01:38.931+0000][7][safepoint   ] Safepoint "Cleanup", Time since last: 4051430703 ns, Reaching safepoint: 293410 ns, At safepoint: 53621 ns, Total: 347031 ns
[2022-08-29T06:01:40.662+0000][7][safepoint   ] Safepoint "Cleanup", Time since last: 1001340744 ns, Reaching safepoint: 730043893 ns, At safepoint: 45264 ns, Total: 730089157 ns
[2022-08-29T06:01:44.664+0000][7][safepoint   ] Safepoint "Cleanup", Time since last: 3806096001 ns, Reaching safepoint: 195916202 ns, At safepoint: 16301 ns, Total: 195932503 ns
[2022-08-29T06:01:45.964+0000][7][safepoint   ] Safepoint "Cleanup", Time since last: 1269425964 ns, Reaching safepoint: 29630267 ns, At safepoint: 35917 ns, Total: 29666184 ns
[2022-08-29T06:01:47.367+0000][7][safepoint   ] Safepoint "Cleanup", Time since last: 1001590913 ns, Reaching safepoint: 401684469 ns, At safepoint: 151844 ns, Total: 401836313 ns
[2022-08-29T06:01:48.368+0000][7][safepoint   ] Safepoint "Cleanup", Time since last: 1000932449 ns, Reaching safepoint: 191218 ns, At safepoint: 23685 ns, Total: 214903 ns
[2022-08-29T06:01:49.635+0000][7][safepoint   ] Safepoint "Cleanup", Time since last: 1266763181 ns, Reaching safepoint: 476553 ns, At safepoint: 51968 ns, Total: 528521 ns
[2022-08-29T06:01:51.655+0000][7][safepoint   ] Safepoint "Cleanup", Time since last: 2019684178 ns, Reaching safepoint: 273082 ns, At safepoint: 43802 ns, Total: 316884 ns
[2022-08-29T06:01:52.656+0000][7][safepoint   ] Safepoint "Cleanup", Time since last: 1000577403 ns, Reaching safepoint: 195566 ns, At safepoint: 8095 ns, Total: 203661 ns
[2022-08-29T06:01:54.432+0000][7][safepoint   ] Safepoint "Cleanup", Time since last: 1799492469 ns, Reaching safepoint: 305252 ns, At safepoint: 41388 ns, Total: 346640 ns
[2022-08-29T06:01:55.515+0000][7][safepoint   ] Safepoint "Cleanup", Time since last: 1082769693 ns, Reaching safepoint: 319359 ns, At safepoint: 109515 ns, Total: 428874 ns
[2022-08-29T06:01:57.745+0000][7][safepoint   ] Safepoint "Cleanup", Time since last: 2106773992 ns, Reaching safepoint: 123314865 ns, At safepoint: 97503 ns, Total: 123412368 ns
[2022-08-29T06:01:58.748+0000][7][safepoint   ] Safepoint "Cleanup", Time since last: 1002632656 ns, Reaching safepoint: 242104 ns, At safepoint: 27882 ns, Total: 269986 ns
[2022-08-29T06:02:00.750+0000][7][safepoint   ] Safepoint "Cleanup", Time since last: 2001499032 ns, Reaching safepoint: 286366 ns, At safepoint: 63590 ns, Total: 349956 ns
[2022-08-29T06:02:01.752+0000][7][safepoint   ] Safepoint "Cleanup", Time since last: 1001934276 ns, Reaching safepoint: 294563 ns, At safepoint: 3626 ns, Total: 298189 ns
[2022-08-29T06:02:02.754+0000][7][safepoint   ] Safepoint "Cleanup", Time since last: 1001185824 ns, Reaching safepoint: 628569 ns, At safepoint: 35096 ns, Total: 663665 ns
[2022-08-29T06:02:03.755+0000][7][safepoint   ] Safepoint "Cleanup", Time since last: 1001107777 ns, Reaching safepoint: 227226 ns, At safepoint: 8746 ns, Total: 235972 ns
[2022-08-29T06:02:05.756+0000][7][safepoint   ] Safepoint "Cleanup", Time since last: 2000717475 ns, Reaching safepoint: 215785 ns, At safepoint: 5861 ns, Total: 221646 ns
[2022-08-29T06:02:06.757+0000][7][safepoint   ] Safepoint "Cleanup", Time since last: 1000688221 ns, Reaching safepoint: 416851 ns, At safepoint: 85130 ns, Total: 501981 ns
[2022-08-29T06:02:07.758+0000][7][safepoint   ] Safepoint "Cleanup", Time since last: 1000269184 ns, Reaching safepoint: 422924 ns, At safepoint: 77445 ns, Total: 500369 ns
[2022-08-29T06:02:11.760+0000][7][safepoint   ] Safepoint "Cleanup", Time since last: 4001525801 ns, Reaching safepoint: 280566 ns, At safepoint: 6102 ns, Total: 286668 ns
[2022-08-29T06:02:12.761+0000][7][safepoint   ] Safepoint "Cleanup", Time since last: 1000891281 ns, Reaching safepoint: 189355 ns, At safepoint: 5781 ns, Total: 195136 ns
[2022-08-29T06:02:13.762+0000][7][safepoint   ] Safepoint "Cleanup", Time since last: 1000774983 ns, Reaching safepoint: 214322 ns, At safepoint: 33673 ns, Total: 247995 ns
[2022-08-29T06:02:14.763+0000][7][safepoint   ] Safepoint "Cleanup", Time since last: 1000320080 ns, Reaching safepoint: 313077 ns, At safepoint: 50355 ns, Total: 363432 ns
[2022-08-29T06:02:15.764+0000][7][safepoint   ] Safepoint "Cleanup", Time since last: 1001570955 ns, Reaching safepoint: 280536 ns, At safepoint: 33754 ns, Total: 314290 ns
[2022-08-29T06:02:19.766+0000][7][safepoint   ] Safepoint "Cleanup", Time since last: 4001096136 ns, Reaching safepoint: 271689 ns, At safepoint: 4017 ns, Total: 275706 ns
[2022-08-29T06:02:20.767+0000][7][safepoint   ] Safepoint "Cleanup", Time since last: 1000684534 ns, Reaching safepoint: 253375 ns, At safepoint: 12273 ns, Total: 265648 ns
[2022-08-29T06:02:30.772+0000][7][safepoint   ] Safepoint "Cleanup", Time since last: 10002221416 ns, Reaching safepoint: 503474 ns, At safepoint: 6442 ns, Total: 509916 ns
[2022-08-29T06:02:33.774+0000][7][safepoint   ] Safepoint "Cleanup", Time since last: 3002240621 ns, Reaching safepoint: 220183 ns, At safepoint: 3867 ns, Total: 224050 ns
[2022-08-29T06:02:34.775+0000][7][safepoint   ] Safepoint "Cleanup", Time since last: 1000713869 ns, Reaching safepoint: 393829 ns, At safepoint: 137568 ns, Total: 531397 ns
[2022-08-29T06:02:36.777+0000][7][safepoint   ] Safepoint "Cleanup", Time since last: 2000839834 ns, Reaching safepoint: 1221971 ns, At safepoint: 16151 ns, Total: 1238122 ns
[2022-08-29T06:02:37.779+0000][7][safepoint   ] Safepoint "Cleanup", Time since last: 1001544837 ns, Reaching safepoint: 308759 ns, At safepoint: 54442 ns, Total: 363201 ns
[2022-08-29T06:02:38.781+0000][7][safepoint   ] Safepoint "Cleanup", Time since last: 1000881332 ns, Reaching safepoint: 374553 ns, At safepoint: 37139 ns, Total: 411692 ns
[2022-08-29T06:02:42.782+0000][7][safepoint   ] Safepoint "Cleanup", Time since last: 4001111234 ns, Reaching safepoint: 344917 ns, At safepoint: 16871 ns, Total: 361788 ns
[2022-08-29T06:02:43.783+0000][7][safepoint   ] Safepoint "Cleanup", Time since last: 1000807104 ns, Reaching safepoint: 242614 ns, At safepoint: 5150 ns, Total: 247764 ns
[2022-08-29T06:02:45.785+0000][7][safepoint   ] Safepoint "Cleanup", Time since last: 2001213516 ns, Reaching safepoint: 309951 ns, At safepoint: 8737 ns, Total: 318688 ns
[2022-08-29T06:02:47.786+0000][7][safepoint   ] Safepoint "Cleanup", Time since last: 2000836047 ns, Reaching safepoint: 327134 ns, At safepoint: 13996 ns, Total: 341130 ns
[2022-08-29T06:03:00.126+0000][7][safepoint   ] Safepoint "Cleanup", Time since last: 12334796213 ns, Reaching safepoint: 344296 ns, At safepoint: 63789 ns, Total: 408085 ns
[2022-08-29T06:03:01.127+0000][7][safepoint   ] Safepoint "Cleanup", Time since last: 1000934764 ns, Reaching safepoint: 346630 ns, At safepoint: 13936 ns, Total: 360566 ns
[2022-08-29T06:03:02.128+0000][7][safepoint   ] Safepoint "Cleanup", Time since last: 1000781455 ns, Reaching safepoint: 347121 ns, At safepoint: 13685 ns, Total: 360806 ns
[2022-08-29T06:03:07.131+0000][7][safepoint   ] Safepoint "Cleanup", Time since last: 5002599064 ns, Reaching safepoint: 366588 ns, At safepoint: 54081 ns, Total: 420669 ns
[2022-08-29T06:03:08.132+0000][7][safepoint   ] Safepoint "Cleanup", Time since last: 1000344947 ns, Reaching safepoint: 228037 ns, At safepoint: 9628 ns, Total: 237665 ns
[2022-08-29T06:03:09.813+0000][7][safepoint   ] Safepoint "Cleanup", Time since last: 1680887495 ns, Reaching safepoint: 233037 ns, At safepoint: 59481 ns, Total: 292518 ns
[2022-08-29T06:03:10.814+0000][7][safepoint   ] Safepoint "Cleanup", Time since last: 1000817082 ns, Reaching safepoint: 222808 ns, At safepoint: 28874 ns, Total: 251682 ns
[2022-08-29T06:03:11.815+0000][7][safepoint   ] Safepoint "Cleanup", Time since last: 1000649668 ns, Reaching safepoint: 277871 ns, At safepoint: 39494 ns, Total: 317365 ns
[2022-08-29T06:03:16.816+0000][7][safepoint   ] Safepoint "Cleanup", Time since last: 5001165767 ns, Reaching safepoint: 344957 ns, At safepoint: 5139 ns, Total: 350096 ns
[2022-08-29T06:03:30.818+0000][7][safepoint   ] Safepoint "Cleanup", Time since last: 14003652670 ns, Reaching safepoint: 233548 ns, At safepoint: 8215 ns, Total: 241763 ns
[2022-08-29T06:03:31.819+0000][7][safepoint   ] Safepoint "Cleanup", Time since last: 1000690405 ns, Reaching safepoint: 361588 ns, At safepoint: 66705 ns, Total: 428293 ns
[2022-08-29T06:03:37.821+0000][7][safepoint   ] Safepoint "Cleanup", Time since last: 6001271615 ns, Reaching safepoint: 344405 ns, At safepoint: 20699 ns, Total: 365104 ns
[2022-08-29T06:03:41.823+0000][7][safepoint   ] Safepoint "Cleanup", Time since last: 4001548183 ns, Reaching safepoint: 290144 ns, At safepoint: 6323 ns, Total: 296467 ns
[2022-08-29T06:03:44.824+0000][7][safepoint   ] Safepoint "Cleanup", Time since last: 3000783078 ns, Reaching safepoint: 449863 ns, At safepoint: 17844 ns, Total: 467707 ns
[2022-08-29T06:03:58.827+0000][7][safepoint   ] Safepoint "Cleanup", Time since last: 14003534679 ns, Reaching safepoint: 550893 ns, At safepoint: 6512 ns, Total: 557405 ns
[2022-08-29T06:04:00.829+0000][7][safepoint   ] Safepoint "Cleanup", Time since last: 2001336767 ns, Reaching safepoint: 501821 ns, At safepoint: 6722 ns, Total: 508543 ns
[2022-08-29T06:04:01.830+0000][7][safepoint   ] Safepoint "Cleanup", Time since last: 1001169042 ns, Reaching safepoint: 367419 ns, At safepoint: 3857 ns, Total: 371276 ns
[2022-08-29T06:04:02.832+0000][7][safepoint   ] Safepoint "Cleanup", Time since last: 1000832071 ns, Reaching safepoint: 351799 ns, At safepoint: 51156 ns, Total: 402955 ns
[2022-08-29T06:04:07.833+0000][7][safepoint   ] Safepoint "Cleanup", Time since last: 5001438978 ns, Reaching safepoint: 376296 ns, At safepoint: 23374 ns, Total: 399670 ns
[2022-08-29T06:04:08.835+0000][7][safepoint   ] Safepoint "Cleanup", Time since last: 1001185453 ns, Reaching safepoint: 326301 ns, At safepoint: 21361 ns, Total: 347662 ns
[2022-08-29T06:04:11.837+0000][7][safepoint   ] Safepoint "Cleanup", Time since last: 3001265092 ns, Reaching safepoint: 488015 ns, At safepoint: 62507 ns, Total: 550522 ns
[2022-08-29T06:04:14.838+0000][7][safepoint   ] Safepoint "Cleanup", Time since last: 3001185774 ns, Reaching safepoint: 309340 ns, At safepoint: 62777 ns, Total: 372117 ns
[2022-08-29T06:04:30.841+0000][7][safepoint   ] Safepoint "Cleanup", Time since last: 16003488072 ns, Reaching safepoint: 215163 ns, At safepoint: 5530 ns, Total: 220693 ns
[2022-08-29T06:04:35.843+0000][7][safepoint   ] Safepoint "Cleanup", Time since last: 5001324996 ns, Reaching safepoint: 448771 ns, At safepoint: 5841 ns, Total: 454612 ns
[2022-08-29T06:04:37.844+0000][7][safepoint   ] Safepoint "Cleanup", Time since last: 2001116734 ns, Reaching safepoint: 350307 ns, At safepoint: 36749 ns, Total: 387056 ns
[2022-08-29T06:04:38.845+0000][7][safepoint   ] Safepoint "Cleanup", Time since last: 1000345077 ns, Reaching safepoint: 495559 ns, At safepoint: 6182 ns, Total: 501741 ns
[2022-08-29T06:05:00.873+0000][7][safepoint   ] Safepoint "Cleanup", Time since last: 22013656808 ns, Reaching safepoint: 337042 ns, At safepoint: 7414 ns, Total: 344456 ns
[2022-08-29T06:05:01.874+0000][7][safepoint   ] Safepoint "Cleanup", Time since last: 1000728015 ns, Reaching safepoint: 283281 ns, At safepoint: 12725 ns, Total: 296006 ns
[2022-08-29T06:05:03.875+0000][7][safepoint   ] Safepoint "Cleanup", Time since last: 2000890048 ns, Reaching safepoint: 459782 ns, At safepoint: 5220 ns, Total: 465002 ns
[2022-08-29T06:05:09.877+0000][7][safepoint   ] Safepoint "Cleanup", Time since last: 6001684229 ns, Reaching safepoint: 236283 ns, At safepoint: 8937 ns, Total: 245220 ns
[2022-08-29T06:05:30.870+0000][7][safepoint   ] Safepoint "Cleanup", Time since last: 21005030474 ns, Reaching safepoint: 478447 ns, At safepoint: 7895 ns, Total: 486342 ns
[2022-08-29T06:05:39.302+0000][7][gc,start    ] GC(31) Pause Young (Normal) (G1 Evacuation Pause)
[2022-08-29T06:05:39.303+0000][7][gc,task     ] GC(31) Using 6 workers of 6 for evacuation
[2022-08-29T06:05:39.303+0000][7][gc,age      ] GC(31) Desired survivor size 10485760 bytes, new threshold 3 (max threshold 15)
[2022-08-29T06:05:39.332+0000][7][gc,age      ] GC(31) Age table with threshold 3 (max threshold 15)
[2022-08-29T06:05:39.333+0000][7][gc,age      ] GC(31) - age   1:    5813208 bytes,    5813208 total
[2022-08-29T06:05:39.333+0000][7][gc,age      ] GC(31) - age   2:    6156432 bytes,   11969640 total
[2022-08-29T06:05:39.333+0000][7][gc,age      ] GC(31) - age   3:      45504 bytes,   12015144 total
[2022-08-29T06:05:39.333+0000][7][gc,phases   ] GC(31)   Pre Evacuate Collection Set: 0.3ms
[2022-08-29T06:05:39.334+0000][7][gc,phases   ] GC(31)   Merge Heap Roots: 0.2ms
[2022-08-29T06:05:39.334+0000][7][gc,phases   ] GC(31)   Evacuate Collection Set: 25.5ms
[2022-08-29T06:05:39.334+0000][7][gc,phases   ] GC(31)   Post Evacuate Collection Set: 2.8ms
[2022-08-29T06:05:39.334+0000][7][gc,phases   ] GC(31)   Other: 2.8ms
[2022-08-29T06:05:39.335+0000][7][gc,heap     ] GC(31) Eden regions: 28->0(25)
[2022-08-29T06:05:39.335+0000][7][gc,heap     ] GC(31) Survivor regions: 5->4(5)
[2022-08-29T06:05:39.335+0000][7][gc,heap     ] GC(31) Old regions: 14->17
[2022-08-29T06:05:39.335+0000][7][gc,heap     ] GC(31) Archive regions: 2->2
[2022-08-29T06:05:39.336+0000][7][gc,heap     ] GC(31) Humongous regions: 2->2
[2022-08-29T06:05:39.336+0000][7][gc,metaspace] GC(31) Metaspace: 94068K(98524K)->94068K(98524K) NonClass: 81277K(84572K)->81277K(84572K) Class: 12790K(13952K)->12790K(13952K)
[2022-08-29T06:05:39.336+0000][7][gc          ] GC(31) Pause Young (Normal) (G1 Evacuation Pause) 196M->89M(256M) 34.239ms
[2022-08-29T06:05:39.336+0000][7][gc,cpu      ] GC(31) User=0.14s Sys=0.00s Real=0.04s
[2022-08-29T06:05:39.337+0000][7][safepoint   ] Safepoint "G1CollectForAllocation", Time since last: 8431962961 ns, Reaching safepoint: 247374 ns, At safepoint: 34959259 ns, Total: 35206633 ns
[2022-08-29T06:05:40.339+0000][7][safepoint   ] Safepoint "Cleanup", Time since last: 1002038071 ns, Reaching safepoint: 517150 ns, At safepoint: 14617 ns, Total: 531767 ns
[2022-08-29T06:05:41.341+0000][7][safepoint   ] Safepoint "Cleanup", Time since last: 1001131251 ns, Reaching safepoint: 288752 ns, At safepoint: 36288 ns, Total: 325040 ns
[2022-08-29T06:05:42.342+0000][7][safepoint   ] Safepoint "Cleanup", Time since last: 1000704130 ns, Reaching safepoint: 237155 ns, At safepoint: 32300 ns, Total: 269455 ns
[2022-08-29T06:05:45.343+0000][7][safepoint   ] Safepoint "Cleanup", Time since last: 3000933551 ns, Reaching safepoint: 386915 ns, At safepoint: 57568 ns, Total: 444483 ns
[2022-08-29T06:05:46.344+0000][7][safepoint   ] Safepoint "Cleanup", Time since last: 1000937899 ns, Reaching safepoint: 347652 ns, At safepoint: 14497 ns, Total: 362149 ns
[2022-08-29T06:05:55.347+0000][7][safepoint   ] Safepoint "Cleanup", Time since last: 9001831455 ns, Reaching safepoint: 318637 ns, At safepoint: 14898 ns, Total: 333535 ns
[2022-08-29T06:05:56.348+0000][7][safepoint   ] Safepoint "Cleanup", Time since last: 1000971792 ns, Reaching safepoint: 370274 ns, At safepoint: 5912 ns, Total: 376186 ns
[2022-08-29T06:06:10.352+0000][7][safepoint   ] Safepoint "Cleanup", Time since last: 14003281143 ns, Reaching safepoint: 279925 ns, At safepoint: 12093 ns, Total: 292018 ns
[2022-08-29T06:06:40.357+0000][7][safepoint   ] Safepoint "Cleanup", Time since last: 30005786252 ns, Reaching safepoint: 458610 ns, At safepoint: 12062 ns, Total: 470672 ns
[2022-08-29T06:06:46.359+0000][7][safepoint   ] Safepoint "Cleanup", Time since last: 6002278894 ns, Reaching safepoint: 284133 ns, At safepoint: 5320 ns, Total: 289453 ns
[2022-08-29T06:07:01.367+0000][7][safepoint   ] Safepoint "Cleanup", Time since last: 15003008693 ns, Reaching safepoint: 451827 ns, At safepoint: 36308 ns, Total: 488135 ns
[2022-08-29T06:07:05.370+0000][7][safepoint   ] Safepoint "Cleanup", Time since last: 4002283912 ns, Reaching safepoint: 254057 ns, At safepoint: 35987 ns, Total: 290044 ns
[2022-08-29T06:07:10.374+0000][7][safepoint   ] Safepoint "Cleanup", Time since last: 5003540750 ns, Reaching safepoint: 229490 ns, At safepoint: 5891 ns, Total: 235381 ns
[2022-08-29T06:07:26.955+0000][7][safepoint   ] Safepoint "Cleanup", Time since last: 16580393930 ns, Reaching safepoint: 292829 ns, At safepoint: 39785 ns, Total: 332614 ns
[2022-08-29T06:07:30.961+0000][7][safepoint   ] Safepoint "Cleanup", Time since last: 4005724414 ns, Reaching safepoint: 316543 ns, At safepoint: 8506 ns, Total: 325049 ns
[2022-08-29T06:07:31.984+0000][7][safepoint   ] Safepoint "Cleanup", Time since last: 1021920872 ns, Reaching safepoint: 724298 ns, At safepoint: 94237 ns, Total: 818535 ns
[2022-08-29T06:07:40.987+0000][7][safepoint   ] Safepoint "Cleanup", Time since last: 9002800121 ns, Reaching safepoint: 492062 ns, At safepoint: 56316 ns, Total: 548378 ns
[2022-08-29T06:07:41.988+0000][7][safepoint   ] Safepoint "Cleanup", Time since last: 1000842670 ns, Reaching safepoint: 279865 ns, At safepoint: 8376 ns, Total: 288241 ns
[2022-08-29T06:07:44.990+0000][7][safepoint   ] Safepoint "Cleanup", Time since last: 3000999594 ns, Reaching safepoint: 493025 ns, At safepoint: 7153 ns, Total: 500178 ns
[2022-08-29T06:07:57.988+0000][7][safepoint   ] Safepoint "Cleanup", Time since last: 13002604624 ns, Reaching safepoint: 401703 ns, At safepoint: 6473 ns, Total: 408176 ns
[2022-08-29T06:08:01.990+0000][7][safepoint   ] Safepoint "Cleanup", Time since last: 4001532884 ns, Reaching safepoint: 344957 ns, At safepoint: 58830 ns, Total: 403787 ns
[2022-08-29T06:08:10.992+0000][7][safepoint   ] Safepoint "Cleanup", Time since last: 9002528111 ns, Reaching safepoint: 298931 ns, At safepoint: 6031 ns, Total: 304962 ns
[2022-08-29T06:08:14.994+0000][7][safepoint   ] Safepoint "Cleanup", Time since last: 4001347848 ns, Reaching safepoint: 446848 ns, At safepoint: 7604 ns, Total: 454452 ns
[2022-08-29T06:08:41.001+0000][7][safepoint   ] Safepoint "Cleanup", Time since last: 26004673135 ns, Reaching safepoint: 415248 ns, At safepoint: 47549 ns, Total: 462797 ns
[2022-08-29T06:08:52.007+0000][7][safepoint   ] Safepoint "Cleanup", Time since last: 11004979228 ns, Reaching safepoint: 393608 ns, At safepoint: 69239 ns, Total: 462847 ns
[2022-08-29T06:09:00.014+0000][7][safepoint   ] Safepoint "Cleanup", Time since last: 8001963723 ns, Reaching safepoint: 525746 ns, At safepoint: 4568 ns, Total: 530314 ns
[2022-08-29T06:09:02.016+0000][7][safepoint   ] Safepoint "Cleanup", Time since last: 2001263810 ns, Reaching safepoint: 425127 ns, At safepoint: 63278 ns, Total: 488405 ns
[2022-08-29T06:09:12.019+0000][7][safepoint   ] Safepoint "Cleanup", Time since last: 10002179228 ns, Reaching safepoint: 320360 ns, At safepoint: 55705 ns, Total: 376065 ns
[2022-08-29T06:09:14.020+0000][7][safepoint   ] Safepoint "Cleanup", Time since last: 2001121293 ns, Reaching safepoint: 449663 ns, At safepoint: 68999 ns, Total: 518662 ns
[2022-08-29T06:09:15.021+0000][7][safepoint   ] Safepoint "Cleanup", Time since last: 1001038598 ns, Reaching safepoint: 206577 ns, At safepoint: 27171 ns, Total: 233748 ns
[2022-08-29T06:09:32.037+0000][7][safepoint   ] Safepoint "Cleanup", Time since last: 17002796354 ns, Reaching safepoint: 424256 ns, At safepoint: 13305 ns, Total: 437561 ns
[2022-08-29T06:09:43.419+0000][7][safepoint   ] Safepoint "Cleanup", Time since last: 10003221731 ns, Reaching safepoint: 1378789301 ns, At safepoint: 134031 ns, Total: 1378923332 ns
[2022-08-29T06:09:46.414+0000][7][safepoint   ] Safepoint "Cleanup", Time since last: 1776163317 ns, Reaching safepoint: 1211736796 ns, At safepoint: 6494387 ns, Total: 1218231183 ns
[2022-08-29T06:09:49.834+0000][7][safepoint   ] Safepoint "Cleanup", Time since last: 1240919785 ns, Reaching safepoint: 2178208671 ns, At safepoint: 1196203 ns, Total: 2179404874 ns
[2022-08-29T06:09:54.005+0000][7][safepoint   ] Safepoint "Cleanup", Time since last: 4077945748 ns, Reaching safepoint: 92283151 ns, At safepoint: 132599 ns, Total: 92415750 ns
[2022-08-29T06:10:15.238+0000][7][safepoint   ] Safepoint "Cleanup", Time since last: 21240249039 ns, Reaching safepoint: 282269 ns, At safepoint: 7565 ns, Total: 289834 ns
[2022-08-29T06:10:16.240+0000][7][safepoint   ] Safepoint "Cleanup", Time since last: 1001295498 ns, Reaching safepoint: 269536 ns, At safepoint: 11652 ns, Total: 281188 ns
[2022-08-29T06:10:26.233+0000][7][safepoint   ] Safepoint "Cleanup", Time since last: 10001758568 ns, Reaching safepoint: 323787 ns, At safepoint: 60944 ns, Total: 384731 ns
[2022-08-29T06:10:29.235+0000][7][safepoint   ] Safepoint "Cleanup", Time since last: 3001501716 ns, Reaching safepoint: 453350 ns, At safepoint: 67867 ns, Total: 521217 ns
[2022-08-29T06:10:31.236+0000][7][safepoint   ] Safepoint "Cleanup", Time since last: 2000859241 ns, Reaching safepoint: 337724 ns, At safepoint: 91542 ns, Total: 429266 ns
[2022-08-29T06:10:45.239+0000][7][safepoint   ] Safepoint "Cleanup", Time since last: 14002854073 ns, Reaching safepoint: 356658 ns, At safepoint: 13025 ns, Total: 369683 ns
[2022-08-29T06:10:56.285+0000][7][safepoint   ] Safepoint "Cleanup", Time since last: 11023080696 ns, Reaching safepoint: 262002 ns, At safepoint: 36668 ns, Total: 298670 ns
[2022-08-29T06:11:01.286+0000][7][safepoint   ] Safepoint "Cleanup", Time since last: 5001464166 ns, Reaching safepoint: 364554 ns, At safepoint: 50524 ns, Total: 415078 ns
[2022-08-29T06:11:27.380+0000][7][safepoint   ] Safepoint "Cleanup", Time since last: 26117909703 ns, Reaching safepoint: 508574 ns, At safepoint: 110036 ns, Total: 618610 ns
[2022-08-29T06:11:28.574+0000][7][safepoint   ] Safepoint "Cleanup", Time since last: 1194211377 ns, Reaching safepoint: 481723 ns, At safepoint: 35206 ns, Total: 516929 ns
[2022-08-29T06:11:31.576+0000][7][safepoint   ] Safepoint "Cleanup", Time since last: 3001010084 ns, Reaching safepoint: 358883 ns, At safepoint: 58029 ns, Total: 416912 ns
[2022-08-29T06:11:45.579+0000][7][safepoint   ] Safepoint "Cleanup", Time since last: 14002667894 ns, Reaching safepoint: 422893 ns, At safepoint: 73698 ns, Total: 496591 ns
[2022-08-29T06:11:47.580+0000][7][safepoint   ] Safepoint "Cleanup", Time since last: 2001036423 ns, Reaching safepoint: 233388 ns, At safepoint: 24195 ns, Total: 257583 ns
[2022-08-29T06:11:52.582+0000][7][safepoint   ] Safepoint "Cleanup", Time since last: 5001174262 ns, Reaching safepoint: 460814 ns, At safepoint: 6252 ns, Total: 467066 ns
[2022-08-29T06:11:57.177+0000][7][safepoint   ] Safepoint "Cleanup", Time since last: 4001033237 ns, Reaching safepoint: 593645586 ns, At safepoint: 173134 ns, Total: 593818720 ns
[2022-08-29T06:12:01.179+0000][7][safepoint   ] Safepoint "Cleanup", Time since last: 4001442596 ns, Reaching safepoint: 310852 ns, At safepoint: 68679 ns, Total: 379531 ns
[2022-08-29T06:12:27.184+0000][7][safepoint   ] Safepoint "Cleanup", Time since last: 26005784338 ns, Reaching safepoint: 358993 ns, At safepoint: 7474 ns, Total: 366467 ns
[2022-08-29T06:12:59.406+0000][7][safepoint   ] Safepoint "Cleanup", Time since last: 32198876607 ns, Reaching safepoint: 467596 ns, At safepoint: 7244 ns, Total: 474840 ns
[2022-08-29T06:13:03.476+0000][7][safepoint   ] Safepoint "Cleanup", Time since last: 4070038502 ns, Reaching safepoint: 141857 ns, At safepoint: 2694 ns, Total: 144551 ns
[2022-08-29T06:13:17.073+0000][7][safepoint   ] Safepoint "Cleanup", Time since last: 13596135717 ns, Reaching safepoint: 366337 ns, At safepoint: 13515 ns, Total: 379852 ns
[2022-08-29T06:13:31.397+0000][7][safepoint   ] Safepoint "Cleanup", Time since last: 13989418289 ns, Reaching safepoint: 356177724 ns, At safepoint: 164679 ns, Total: 356342403 ns
[2022-08-29T06:13:32.398+0000][7][safepoint   ] Safepoint "Cleanup", Time since last: 1000441517 ns, Reaching safepoint: 339497 ns, At safepoint: 10069 ns, Total: 349566 ns
[2022-08-29T06:13:37.284+0000][7][safepoint   ] Safepoint "Cleanup", Time since last: 4885444128 ns, Reaching safepoint: 353703 ns, At safepoint: 25708 ns, Total: 379411 ns
[2022-08-29T06:14:03.082+0000][7][safepoint   ] Safepoint "Cleanup", Time since last: 25796535066 ns, Reaching safepoint: 334988 ns, At safepoint: 53300 ns, Total: 388288 ns
[2022-08-29T06:14:34.170+0000][7][safepoint   ] Safepoint "Cleanup", Time since last: 31005279502 ns, Reaching safepoint: 83214738 ns, At safepoint: 105738 ns, Total: 83320476 ns
[2022-08-29T06:14:35.174+0000][7][safepoint   ] Safepoint "Cleanup", Time since last: 1003443136 ns, Reaching safepoint: 263414 ns, At safepoint: 45986 ns, Total: 309400 ns
[2022-08-29T06:14:50.176+0000][7][safepoint   ] Safepoint "Cleanup", Time since last: 15002231376 ns, Reaching safepoint: 243466 ns, At safepoint: 14126 ns, Total: 257592 ns
[2022-08-29T06:15:04.636+0000][7][safepoint   ] Safepoint "Cleanup", Time since last: 14679572610 ns, Reaching safepoint: 2534983 ns, At safepoint: 86212 ns, Total: 2621195 ns
[2022-08-29T06:15:05.865+0000][7][safepoint   ] Safepoint "Cleanup", Time since last: 1001984992 ns, Reaching safepoint: 225942352 ns, At safepoint: 153598 ns, Total: 226095950 ns
[2022-08-29T06:15:17.872+0000][7][safepoint   ] Safepoint "Cleanup", Time since last: 12007538696 ns, Reaching safepoint: 207670 ns, At safepoint: 35106 ns, Total: 242776 ns
[2022-08-29T06:15:26.111+0000][7][safepoint   ] Safepoint "Cleanup", Time since last: 8001787852 ns, Reaching safepoint: 485911 ns, At safepoint: 73568 ns, Total: 559479 ns
[2022-08-29T06:15:37.114+0000][7][safepoint   ] Safepoint "Cleanup", Time since last: 11002080502 ns, Reaching safepoint: 322003 ns, At safepoint: 11532 ns, Total: 333535 ns
[2022-08-29T06:15:47.118+0000][7][safepoint   ] Safepoint "Cleanup", Time since last: 10003837727 ns, Reaching safepoint: 326973 ns, At safepoint: 40326 ns, Total: 367299 ns
[2022-08-29T06:16:06.108+0000][7][safepoint   ] Safepoint "Cleanup", Time since last: 19003818631 ns, Reaching safepoint: 307857 ns, At safepoint: 20368 ns, Total: 328225 ns
[2022-08-29T06:16:07.109+0000][7][safepoint   ] Safepoint "Cleanup", Time since last: 1000768822 ns, Reaching safepoint: 284875 ns, At safepoint: 8075 ns, Total: 292950 ns
[2022-08-29T06:16:31.113+0000][7][safepoint   ] Safepoint "Cleanup", Time since last: 24004914827 ns, Reaching safepoint: 388949 ns, At safepoint: 39384 ns, Total: 428333 ns
[2022-08-29T06:16:37.114+0000][7][safepoint   ] Safepoint "Cleanup", Time since last: 6001199489 ns, Reaching safepoint: 204193 ns, At safepoint: 3848 ns, Total: 208041 ns
[2022-08-29T06:16:59.509+0000][7][safepoint   ] Safepoint "Cleanup", Time since last: 22391349813 ns, Reaching safepoint: 458289 ns, At safepoint: 46227 ns, Total: 504516 ns
[2022-08-29T06:17:06.512+0000][7][safepoint   ] Safepoint "Cleanup", Time since last: 7002756218 ns, Reaching safepoint: 366177 ns, At safepoint: 38722 ns, Total: 404899 ns
[2022-08-29T06:17:07.513+0000][7][safepoint   ] Safepoint "Cleanup", Time since last: 1000444474 ns, Reaching safepoint: 318137 ns, At safepoint: 7263 ns, Total: 325400 ns
[2022-08-29T06:17:37.520+0000][7][safepoint   ] Safepoint "Cleanup", Time since last: 30007089697 ns, Reaching safepoint: 553758 ns, At safepoint: 6142 ns, Total: 559900 ns
[2022-08-29T06:17:58.637+0000][7][safepoint   ] Safepoint "Cleanup", Time since last: 21119008111 ns, Reaching safepoint: 302127 ns, At safepoint: 66665 ns, Total: 368792 ns
[2022-08-29T06:17:59.639+0000][7][safepoint   ] Safepoint "Cleanup", Time since last: 1001482249 ns, Reaching safepoint: 403867 ns, At safepoint: 20328 ns, Total: 424195 ns
[2022-08-29T06:18:01.150+0000][7][safepoint   ] Safepoint "Cleanup", Time since last: 1364652283 ns, Reaching safepoint: 146512171 ns, At safepoint: 62918 ns, Total: 146575089 ns
[2022-08-29T06:18:01.160+0000][7][gc,heap,exit] Heap
[2022-08-29T06:18:01.160+0000][7][gc,heap,exit]  garbage-first heap   total 262144K, used 144556K [0x00000000f0000000, 0x0000000100000000)
[2022-08-29T06:18:01.160+0000][7][gc,heap,exit]   region size 4096K, 19 young (77824K), 4 survivors (16384K)
[2022-08-29T06:18:01.161+0000][7][gc,heap,exit]  Metaspace       used 95787K, capacity 99137K, committed 100188K, reserved 1136640K
[2022-08-29T06:18:01.161+0000][7][gc,heap,exit]   class space    used 12917K, capacity 13948K, committed 14080K, reserved 1048576K
