[2022-08-29T06:40:16.169+0000][7][gc] Using G1
[2022-08-29T06:40:18.935+0000][7][gc,init] Version: 15.0.1+9 (release)
[2022-08-29T06:40:18.935+0000][7][gc,init] CPUs: 6 total, 6 available
[2022-08-29T06:40:18.935+0000][7][gc,init] Memory: 5874M
[2022-08-29T06:40:18.936+0000][7][gc,init] Large Page Support: Disabled
[2022-08-29T06:40:18.936+0000][7][gc,init] NUMA Support: Disabled
[2022-08-29T06:40:18.936+0000][7][gc,init] Compressed Oops: Enabled (32-bit)
[2022-08-29T06:40:18.937+0000][7][gc,init] Heap Region Size: 4M
[2022-08-29T06:40:18.937+0000][7][gc,init] Heap Min Capacity: 256M
[2022-08-29T06:40:18.937+0000][7][gc,init] Heap Initial Capacity: 256M
[2022-08-29T06:40:18.938+0000][7][gc,init] Heap Max Capacity: 256M
[2022-08-29T06:40:18.938+0000][7][gc,init] Pre-touch: Enabled
[2022-08-29T06:40:18.938+0000][7][gc,init] Parallel Workers: 6
[2022-08-29T06:40:18.938+0000][7][gc,init] Concurrent Workers: 2
[2022-08-29T06:40:18.938+0000][7][gc,init] Concurrent Refinement Workers: 6
[2022-08-29T06:40:18.939+0000][7][gc,init] Periodic GC: Disabled
[2022-08-29T06:40:18.943+0000][7][gc,cds ] Mark closed archive regions in map: [0x00000000ffc00000, 0x00000000ffc7bff8]
[2022-08-29T06:40:18.943+0000][7][gc,cds ] Mark open archive regions in map: [0x00000000ffb00000, 0x00000000ffb51ff8]
[2022-08-29T06:40:18.943+0000][7][gc,metaspace] CDS archive(s) mapped at: [0x0000000800000000-0x0000000800b2a000-0x0000000800b2a000), size 11706368, SharedBaseAddress: 0x0000000800000000, ArchiveRelocationMode: 0.
[2022-08-29T06:40:18.943+0000][7][gc,metaspace] Compressed class space mapped at: 0x0000000800b2c000-0x0000000840b2c000, size: 1073741824
[2022-08-29T06:40:18.944+0000][7][gc,metaspace] Narrow klass base: 0x0000000800000000, Narrow klass shift: 3, Narrow klass range: 0x100000000
[2022-08-29T06:40:19.523+0000][7][gc,start    ] GC(0) Pause Young (Normal) (G1 Evacuation Pause)
[2022-08-29T06:40:19.525+0000][7][gc,task     ] GC(0) Using 6 workers of 6 for evacuation
[2022-08-29T06:40:19.526+0000][7][gc,age      ] GC(0) Desired survivor size 2097152 bytes, new threshold 15 (max threshold 15)
[2022-08-29T06:40:19.540+0000][7][gc,age      ] GC(0) Age table with threshold 15 (max threshold 15)
[2022-08-29T06:40:19.540+0000][7][gc,age      ] GC(0) - age   1:    3363496 bytes,    3363496 total
[2022-08-29T06:40:19.540+0000][7][gc,phases   ] GC(0)   Pre Evacuate Collection Set: 0.2ms
[2022-08-29T06:40:19.541+0000][7][gc,phases   ] GC(0)   Merge Heap Roots: 0.1ms
[2022-08-29T06:40:19.541+0000][7][gc,phases   ] GC(0)   Evacuate Collection Set: 6.4ms
[2022-08-29T06:40:19.541+0000][7][gc,phases   ] GC(0)   Post Evacuate Collection Set: 7.1ms
[2022-08-29T06:40:19.542+0000][7][gc,phases   ] GC(0)   Other: 3.6ms
[2022-08-29T06:40:19.542+0000][7][gc,heap     ] GC(0) Eden regions: 4->0(4)
[2022-08-29T06:40:19.542+0000][7][gc,heap     ] GC(0) Survivor regions: 0->1(1)
[2022-08-29T06:40:19.542+0000][7][gc,heap     ] GC(0) Old regions: 0->0
[2022-08-29T06:40:19.542+0000][7][gc,heap     ] GC(0) Archive regions: 2->2
[2022-08-29T06:40:19.543+0000][7][gc,heap     ] GC(0) Humongous regions: 0->0
[2022-08-29T06:40:19.543+0000][7][gc,metaspace] GC(0) Metaspace: 5113K(7680K)->5113K(7680K) NonClass: 4592K(6912K)->4592K(6912K) Class: 521K(768K)->521K(768K)
[2022-08-29T06:40:19.543+0000][7][gc          ] GC(0) Pause Young (Normal) (G1 Evacuation Pause) 19M->7M(256M) 19.973ms
[2022-08-29T06:40:19.543+0000][7][gc,cpu      ] GC(0) User=0.06s Sys=0.00s Real=0.02s
[2022-08-29T06:40:19.544+0000][7][safepoint   ] Safepoint "G1CollectForAllocation", Time since last: 553646407 ns, Reaching safepoint: 1691542 ns, At safepoint: 20570960 ns, Total: 22262502 ns
[2022-08-29T06:40:20.035+0000][7][gc,start    ] GC(1) Pause Young (Normal) (G1 Evacuation Pause)
[2022-08-29T06:40:20.035+0000][7][gc,task     ] GC(1) Using 6 workers of 6 for evacuation
[2022-08-29T06:40:20.035+0000][7][gc,age      ] GC(1) Desired survivor size 2097152 bytes, new threshold 1 (max threshold 15)
[2022-08-29T06:40:20.040+0000][7][gc,age      ] GC(1) Age table with threshold 1 (max threshold 15)
[2022-08-29T06:40:20.040+0000][7][gc,age      ] GC(1) - age   1:    1286168 bytes,    1286168 total
[2022-08-29T06:40:20.040+0000][7][gc,phases   ] GC(1)   Pre Evacuate Collection Set: 0.1ms
[2022-08-29T06:40:20.041+0000][7][gc,phases   ] GC(1)   Merge Heap Roots: 0.1ms
[2022-08-29T06:40:20.041+0000][7][gc,phases   ] GC(1)   Evacuate Collection Set: 3.2ms
[2022-08-29T06:40:20.041+0000][7][gc,phases   ] GC(1)   Post Evacuate Collection Set: 0.7ms
[2022-08-29T06:40:20.041+0000][7][gc,phases   ] GC(1)   Other: 1.7ms
[2022-08-29T06:40:20.041+0000][7][gc,heap     ] GC(1) Eden regions: 4->0(10)
[2022-08-29T06:40:20.042+0000][7][gc,heap     ] GC(1) Survivor regions: 1->1(1)
[2022-08-29T06:40:20.042+0000][7][gc,heap     ] GC(1) Old regions: 0->1
[2022-08-29T06:40:20.042+0000][7][gc,heap     ] GC(1) Archive regions: 2->2
[2022-08-29T06:40:20.042+0000][7][gc,heap     ] GC(1) Humongous regions: 0->0
[2022-08-29T06:40:20.042+0000][7][gc,metaspace] GC(1) Metaspace: 9838K(10496K)->9838K(10496K) NonClass: 8679K(9216K)->8679K(9216K) Class: 1158K(1280K)->1158K(1280K)
[2022-08-29T06:40:20.042+0000][7][gc          ] GC(1) Pause Young (Normal) (G1 Evacuation Pause) 23M->8M(256M) 7.766ms
[2022-08-29T06:40:20.043+0000][7][gc,cpu      ] GC(1) User=0.02s Sys=0.00s Real=0.00s
[2022-08-29T06:40:20.043+0000][7][safepoint   ] Safepoint "G1CollectForAllocation", Time since last: 490662613 ns, Reaching safepoint: 283151 ns, At safepoint: 8235621 ns, Total: 8518772 ns
[2022-08-29T06:40:20.848+0000][7][safepoint   ] Safepoint "ICBufferFull", Time since last: 805160116 ns, Reaching safepoint: 362069 ns, At safepoint: 48781 ns, Total: 410850 ns
[2022-08-29T06:40:21.057+0000][7][gc,start    ] GC(2) Pause Young (Normal) (G1 Evacuation Pause)
[2022-08-29T06:40:21.057+0000][7][gc,task     ] GC(2) Using 6 workers of 6 for evacuation
[2022-08-29T06:40:21.057+0000][7][gc,age      ] GC(2) Desired survivor size 4194304 bytes, new threshold 15 (max threshold 15)
[2022-08-29T06:40:21.061+0000][7][gc,age      ] GC(2) Age table with threshold 15 (max threshold 15)
[2022-08-29T06:40:21.062+0000][7][gc,age      ] GC(2) - age   1:    2423272 bytes,    2423272 total
[2022-08-29T06:40:21.062+0000][7][gc,age      ] GC(2) - age   2:    1237624 bytes,    3660896 total
[2022-08-29T06:40:21.062+0000][7][gc,phases   ] GC(2)   Pre Evacuate Collection Set: 0.1ms
[2022-08-29T06:40:21.062+0000][7][gc,phases   ] GC(2)   Merge Heap Roots: 0.1ms
[2022-08-29T06:40:21.062+0000][7][gc,phases   ] GC(2)   Evacuate Collection Set: 2.4ms
[2022-08-29T06:40:21.062+0000][7][gc,phases   ] GC(2)   Post Evacuate Collection Set: 1.3ms
[2022-08-29T06:40:21.062+0000][7][gc,phases   ] GC(2)   Other: 1.4ms
[2022-08-29T06:40:21.063+0000][7][gc,heap     ] GC(2) Eden regions: 10->0(34)
[2022-08-29T06:40:21.063+0000][7][gc,heap     ] GC(2) Survivor regions: 1->1(2)
[2022-08-29T06:40:21.063+0000][7][gc,heap     ] GC(2) Old regions: 1->1
[2022-08-29T06:40:21.063+0000][7][gc,heap     ] GC(2) Archive regions: 2->2
[2022-08-29T06:40:21.064+0000][7][gc,heap     ] GC(2) Humongous regions: 0->0
[2022-08-29T06:40:21.064+0000][7][gc,metaspace] GC(2) Metaspace: 14538K(14848K)->14538K(14848K) NonClass: 12855K(13056K)->12855K(13056K) Class: 1682K(1792K)->1682K(1792K)
[2022-08-29T06:40:21.064+0000][7][gc          ] GC(2) Pause Young (Normal) (G1 Evacuation Pause) 48M->10M(256M) 7.286ms
[2022-08-29T06:40:21.064+0000][7][gc,cpu      ] GC(2) User=0.02s Sys=0.00s Real=0.01s
[2022-08-29T06:40:21.064+0000][7][safepoint   ] Safepoint "G1CollectForAllocation", Time since last: 208030447 ns, Reaching safepoint: 158838 ns, At safepoint: 7721117 ns, Total: 7879955 ns
[2022-08-29T06:40:21.370+0000][7][safepoint   ] Safepoint "ICBufferFull", Time since last: 305436614 ns, Reaching safepoint: 217297 ns, At safepoint: 45205 ns, Total: 262502 ns
[2022-08-29T06:40:21.374+0000][7][safepoint   ] Safepoint "ICBufferFull", Time since last: 3976065 ns, Reaching safepoint: 144641 ns, At safepoint: 40656 ns, Total: 185297 ns
[2022-08-29T06:40:21.377+0000][7][safepoint   ] Safepoint "ICBufferFull", Time since last: 2883267 ns, Reaching safepoint: 87053 ns, At safepoint: 5801 ns, Total: 92854 ns
[2022-08-29T06:40:21.381+0000][7][safepoint   ] Safepoint "ICBufferFull", Time since last: 3175143 ns, Reaching safepoint: 127620 ns, At safepoint: 21249 ns, Total: 148869 ns
[2022-08-29T06:40:21.384+0000][7][safepoint   ] Safepoint "ICBufferFull", Time since last: 3652378 ns, Reaching safepoint: 145343 ns, At safepoint: 43231 ns, Total: 188574 ns
[2022-08-29T06:40:21.387+0000][7][safepoint   ] Safepoint "ICBufferFull", Time since last: 2836188 ns, Reaching safepoint: 86392 ns, At safepoint: 5119 ns, Total: 91511 ns
[2022-08-29T06:40:21.390+0000][7][safepoint   ] Safepoint "ICBufferFull", Time since last: 2443642 ns, Reaching safepoint: 100348 ns, At safepoint: 5360 ns, Total: 105708 ns
[2022-08-29T06:40:21.392+0000][7][safepoint   ] Safepoint "ICBufferFull", Time since last: 2265077 ns, Reaching safepoint: 100689 ns, At safepoint: 5140 ns, Total: 105829 ns
[2022-08-29T06:40:21.395+0000][7][safepoint   ] Safepoint "ICBufferFull", Time since last: 2467807 ns, Reaching safepoint: 110126 ns, At safepoint: 37871 ns, Total: 147997 ns
[2022-08-29T06:40:21.398+0000][7][safepoint   ] Safepoint "ICBufferFull", Time since last: 3033669 ns, Reaching safepoint: 226014 ns, At safepoint: 38231 ns, Total: 264245 ns
[2022-08-29T06:40:21.401+0000][7][safepoint   ] Safepoint "ICBufferFull", Time since last: 2828494 ns, Reaching safepoint: 155431 ns, At safepoint: 41989 ns, Total: 197420 ns
[2022-08-29T06:40:21.404+0000][7][safepoint   ] Safepoint "ICBufferFull", Time since last: 3163151 ns, Reaching safepoint: 127209 ns, At safepoint: 20508 ns, Total: 147717 ns
[2022-08-29T06:40:21.407+0000][7][safepoint   ] Safepoint "ICBufferFull", Time since last: 2289142 ns, Reaching safepoint: 115066 ns, At safepoint: 19787 ns, Total: 134853 ns
[2022-08-29T06:40:21.411+0000][7][safepoint   ] Safepoint "ICBufferFull", Time since last: 3613836 ns, Reaching safepoint: 228689 ns, At safepoint: 43261 ns, Total: 271950 ns
[2022-08-29T06:40:21.413+0000][7][safepoint   ] Safepoint "ICBufferFull", Time since last: 2216826 ns, Reaching safepoint: 134693 ns, At safepoint: 21510 ns, Total: 156203 ns
[2022-08-29T06:40:21.417+0000][7][safepoint   ] Safepoint "ICBufferFull", Time since last: 3636419 ns, Reaching safepoint: 81622 ns, At safepoint: 3287 ns, Total: 84909 ns
[2022-08-29T06:40:21.420+0000][7][safepoint   ] Safepoint "ICBufferFull", Time since last: 2740358 ns, Reaching safepoint: 49743 ns, At safepoint: 2966 ns, Total: 52709 ns
[2022-08-29T06:40:21.425+0000][7][safepoint   ] Safepoint "ICBufferFull", Time since last: 5310036 ns, Reaching safepoint: 107712 ns, At safepoint: 24676 ns, Total: 132388 ns
[2022-08-29T06:40:21.430+0000][7][safepoint   ] Safepoint "ICBufferFull", Time since last: 5045220 ns, Reaching safepoint: 124794 ns, At safepoint: 22522 ns, Total: 147316 ns
[2022-08-29T06:40:21.437+0000][7][safepoint   ] Safepoint "ICBufferFull", Time since last: 6056195 ns, Reaching safepoint: 887264 ns, At safepoint: 8817 ns, Total: 896081 ns
[2022-08-29T06:40:21.443+0000][7][safepoint   ] Safepoint "ICBufferFull", Time since last: 5434038 ns, Reaching safepoint: 207069 ns, At safepoint: 40987 ns, Total: 248056 ns
[2022-08-29T06:40:21.445+0000][7][safepoint   ] Safepoint "ICBufferFull", Time since last: 1614547 ns, Reaching safepoint: 192401 ns, At safepoint: 29385 ns, Total: 221786 ns
[2022-08-29T06:40:21.446+0000][7][safepoint   ] Safepoint "ICBufferFull", Time since last: 1534056 ns, Reaching safepoint: 186400 ns, At safepoint: 23855 ns, Total: 210255 ns
[2022-08-29T06:40:21.448+0000][7][safepoint   ] Safepoint "ICBufferFull", Time since last: 1273798 ns, Reaching safepoint: 134141 ns, At safepoint: 23755 ns, Total: 157896 ns
[2022-08-29T06:40:21.449+0000][7][safepoint   ] Safepoint "ICBufferFull", Time since last: 1311559 ns, Reaching safepoint: 168316 ns, At safepoint: 37299 ns, Total: 205615 ns
[2022-08-29T06:40:21.574+0000][7][safepoint   ] Safepoint "ICBufferFull", Time since last: 123834069 ns, Reaching safepoint: 245300 ns, At safepoint: 42951 ns, Total: 288251 ns
[2022-08-29T06:40:21.673+0000][7][gc,start    ] GC(3) Pause Young (Normal) (G1 Evacuation Pause)
[2022-08-29T06:40:21.673+0000][7][gc,task     ] GC(3) Using 6 workers of 6 for evacuation
[2022-08-29T06:40:21.674+0000][7][gc,age      ] GC(3) Desired survivor size 10485760 bytes, new threshold 15 (max threshold 15)
[2022-08-29T06:40:21.678+0000][7][gc,age      ] GC(3) Age table with threshold 15 (max threshold 15)
[2022-08-29T06:40:21.679+0000][7][gc,age      ] GC(3) - age   1:    3928624 bytes,    3928624 total
[2022-08-29T06:40:21.679+0000][7][gc,age      ] GC(3) - age   2:    2350976 bytes,    6279600 total
[2022-08-29T06:40:21.679+0000][7][gc,age      ] GC(3) - age   3:    1221152 bytes,    7500752 total
[2022-08-29T06:40:21.679+0000][7][gc,phases   ] GC(3)   Pre Evacuate Collection Set: 0.1ms
[2022-08-29T06:40:21.680+0000][7][gc,phases   ] GC(3)   Merge Heap Roots: 0.1ms
[2022-08-29T06:40:21.680+0000][7][gc,phases   ] GC(3)   Evacuate Collection Set: 3.6ms
[2022-08-29T06:40:21.680+0000][7][gc,phases   ] GC(3)   Post Evacuate Collection Set: 0.8ms
[2022-08-29T06:40:21.680+0000][7][gc,phases   ] GC(3)   Other: 1.8ms
[2022-08-29T06:40:21.680+0000][7][gc,heap     ] GC(3) Eden regions: 34->0(36)
[2022-08-29T06:40:21.680+0000][7][gc,heap     ] GC(3) Survivor regions: 1->2(5)
[2022-08-29T06:40:21.681+0000][7][gc,heap     ] GC(3) Old regions: 1->1
[2022-08-29T06:40:21.681+0000][7][gc,heap     ] GC(3) Archive regions: 2->2
[2022-08-29T06:40:21.681+0000][7][gc,heap     ] GC(3) Humongous regions: 0->0
[2022-08-29T06:40:21.681+0000][7][gc,metaspace] GC(3) Metaspace: 17965K(18688K)->17965K(18688K) NonClass: 15834K(16384K)->15834K(16384K) Class: 2130K(2304K)->2130K(2304K)
[2022-08-29T06:40:21.681+0000][7][gc          ] GC(3) Pause Young (Normal) (G1 Evacuation Pause) 146M->14M(256M) 8.047ms
[2022-08-29T06:40:21.681+0000][7][gc,cpu      ] GC(3) User=0.02s Sys=0.00s Real=0.00s
[2022-08-29T06:40:21.681+0000][7][safepoint   ] Safepoint "G1CollectForAllocation", Time since last: 99187997 ns, Reaching safepoint: 265448 ns, At safepoint: 8462206 ns, Total: 8727654 ns
[2022-08-29T06:40:21.983+0000][7][gc,start    ] GC(4) Pause Young (Normal) (G1 Evacuation Pause)
[2022-08-29T06:40:21.984+0000][7][gc,task     ] GC(4) Using 6 workers of 6 for evacuation
[2022-08-29T06:40:21.984+0000][7][gc,age      ] GC(4) Desired survivor size 10485760 bytes, new threshold 15 (max threshold 15)
[2022-08-29T06:40:21.991+0000][7][gc,age      ] GC(4) Age table with threshold 15 (max threshold 15)
[2022-08-29T06:40:21.991+0000][7][gc,age      ] GC(4) - age   1:    2478920 bytes,    2478920 total
[2022-08-29T06:40:21.991+0000][7][gc,age      ] GC(4) - age   2:    3320048 bytes,    5798968 total
[2022-08-29T06:40:21.991+0000][7][gc,age      ] GC(4) - age   3:    2350976 bytes,    8149944 total
[2022-08-29T06:40:21.991+0000][7][gc,age      ] GC(4) - age   4:    1221152 bytes,    9371096 total
[2022-08-29T06:40:21.992+0000][7][gc,phases   ] GC(4)   Pre Evacuate Collection Set: 0.1ms
[2022-08-29T06:40:21.992+0000][7][gc,phases   ] GC(4)   Merge Heap Roots: 0.1ms
[2022-08-29T06:40:21.992+0000][7][gc,phases   ] GC(4)   Evacuate Collection Set: 5.6ms
[2022-08-29T06:40:21.992+0000][7][gc,phases   ] GC(4)   Post Evacuate Collection Set: 0.8ms
[2022-08-29T06:40:21.992+0000][7][gc,phases   ] GC(4)   Other: 1.6ms
[2022-08-29T06:40:21.992+0000][7][gc,heap     ] GC(4) Eden regions: 36->0(35)
[2022-08-29T06:40:21.992+0000][7][gc,heap     ] GC(4) Survivor regions: 2->3(5)
[2022-08-29T06:40:21.993+0000][7][gc,heap     ] GC(4) Old regions: 1->1
[2022-08-29T06:40:21.993+0000][7][gc,heap     ] GC(4) Archive regions: 2->2
[2022-08-29T06:40:21.993+0000][7][gc,heap     ] GC(4) Humongous regions: 0->0
[2022-08-29T06:40:21.993+0000][7][gc,metaspace] GC(4) Metaspace: 18512K(19328K)->18512K(19328K) NonClass: 16311K(16896K)->16311K(16896K) Class: 2201K(2432K)->2201K(2432K)
[2022-08-29T06:40:21.993+0000][7][gc          ] GC(4) Pause Young (Normal) (G1 Evacuation Pause) 158M->16M(256M) 9.921ms
[2022-08-29T06:40:21.993+0000][7][gc,cpu      ] GC(4) User=0.04s Sys=0.00s Real=0.01s
[2022-08-29T06:40:21.994+0000][7][safepoint   ] Safepoint "G1CollectForAllocation", Time since last: 301587537 ns, Reaching safepoint: 201298 ns, At safepoint: 10403176 ns, Total: 10604474 ns
[2022-08-29T06:40:22.291+0000][7][gc,start    ] GC(5) Pause Young (Normal) (G1 Evacuation Pause)
[2022-08-29T06:40:22.292+0000][7][gc,task     ] GC(5) Using 6 workers of 6 for evacuation
[2022-08-29T06:40:22.292+0000][7][gc,age      ] GC(5) Desired survivor size 10485760 bytes, new threshold 15 (max threshold 15)
[2022-08-29T06:40:22.311+0000][7][gc,age      ] GC(5) Age table with threshold 15 (max threshold 15)
[2022-08-29T06:40:22.311+0000][7][gc,age      ] GC(5) - age   1:    1746488 bytes,    1746488 total
[2022-08-29T06:40:22.312+0000][7][gc,age      ] GC(5) - age   2:    1881664 bytes,    3628152 total
[2022-08-29T06:40:22.312+0000][7][gc,age      ] GC(5) - age   3:    3318944 bytes,    6947096 total
[2022-08-29T06:40:22.312+0000][7][gc,age      ] GC(5) - age   4:    2350976 bytes,    9298072 total
[2022-08-29T06:40:22.313+0000][7][gc,age      ] GC(5) - age   5:    1221152 bytes,   10519224 total
[2022-08-29T06:40:22.313+0000][7][gc,phases   ] GC(5)   Pre Evacuate Collection Set: 0.1ms
[2022-08-29T06:40:22.313+0000][7][gc,phases   ] GC(5)   Merge Heap Roots: 0.1ms
[2022-08-29T06:40:22.313+0000][7][gc,phases   ] GC(5)   Evacuate Collection Set: 15.7ms
[2022-08-29T06:40:22.313+0000][7][gc,phases   ] GC(5)   Post Evacuate Collection Set: 2.9ms
[2022-08-29T06:40:22.314+0000][7][gc,phases   ] GC(5)   Other: 3.1ms
[2022-08-29T06:40:22.314+0000][7][gc,heap     ] GC(5) Eden regions: 35->0(35)
[2022-08-29T06:40:22.314+0000][7][gc,heap     ] GC(5) Survivor regions: 3->3(5)
[2022-08-29T06:40:22.314+0000][7][gc,heap     ] GC(5) Old regions: 1->1
[2022-08-29T06:40:22.314+0000][7][gc,heap     ] GC(5) Archive regions: 2->2
[2022-08-29T06:40:22.315+0000][7][gc,heap     ] GC(5) Humongous regions: 0->0
[2022-08-29T06:40:22.315+0000][7][gc,metaspace] GC(5) Metaspace: 18976K(19712K)->18976K(19712K) NonClass: 16701K(17152K)->16701K(17152K) Class: 2275K(2560K)->2275K(2560K)
[2022-08-29T06:40:22.315+0000][7][gc          ] GC(5) Pause Young (Normal) (G1 Evacuation Pause) 156M->17M(256M) 24.460ms
[2022-08-29T06:40:22.316+0000][7][gc,cpu      ] GC(5) User=0.08s Sys=0.00s Real=0.03s
[2022-08-29T06:40:22.316+0000][7][safepoint   ] Safepoint "G1CollectForAllocation", Time since last: 297093571 ns, Reaching safepoint: 174657 ns, At safepoint: 24952085 ns, Total: 25126742 ns
[2022-08-29T06:40:22.496+0000][7][gc,start    ] GC(6) Pause Young (Normal) (G1 Evacuation Pause)
[2022-08-29T06:40:22.497+0000][7][gc,task     ] GC(6) Using 6 workers of 6 for evacuation
[2022-08-29T06:40:22.497+0000][7][gc,age      ] GC(6) Desired survivor size 10485760 bytes, new threshold 5 (max threshold 15)
[2022-08-29T06:40:22.503+0000][7][gc,age      ] GC(6) Age table with threshold 5 (max threshold 15)
[2022-08-29T06:40:22.503+0000][7][gc,age      ] GC(6) - age   1:    1235016 bytes,    1235016 total
[2022-08-29T06:40:22.503+0000][7][gc,age      ] GC(6) - age   2:    1479040 bytes,    2714056 total
[2022-08-29T06:40:22.503+0000][7][gc,age      ] GC(6) - age   3:    1881664 bytes,    4595720 total
[2022-08-29T06:40:22.503+0000][7][gc,age      ] GC(6) - age   4:    3318944 bytes,    7914664 total
[2022-08-29T06:40:22.504+0000][7][gc,age      ] GC(6) - age   5:    2350976 bytes,   10265640 total
[2022-08-29T06:40:22.504+0000][7][gc,phases   ] GC(6)   Pre Evacuate Collection Set: 0.1ms
[2022-08-29T06:40:22.504+0000][7][gc,phases   ] GC(6)   Merge Heap Roots: 0.1ms
[2022-08-29T06:40:22.504+0000][7][gc,phases   ] GC(6)   Evacuate Collection Set: 4.6ms
[2022-08-29T06:40:22.504+0000][7][gc,phases   ] GC(6)   Post Evacuate Collection Set: 0.8ms
[2022-08-29T06:40:22.504+0000][7][gc,phases   ] GC(6)   Other: 1.8ms
[2022-08-29T06:40:22.504+0000][7][gc,heap     ] GC(6) Eden regions: 35->0(35)
[2022-08-29T06:40:22.505+0000][7][gc,heap     ] GC(6) Survivor regions: 3->3(5)
[2022-08-29T06:40:22.505+0000][7][gc,heap     ] GC(6) Old regions: 1->2
[2022-08-29T06:40:22.505+0000][7][gc,heap     ] GC(6) Archive regions: 2->2
[2022-08-29T06:40:22.505+0000][7][gc,heap     ] GC(6) Humongous regions: 0->0
[2022-08-29T06:40:22.505+0000][7][gc,metaspace] GC(6) Metaspace: 19266K(20224K)->19266K(20224K) NonClass: 16961K(17664K)->16961K(17664K) Class: 2304K(2560K)->2304K(2560K)
[2022-08-29T06:40:22.505+0000][7][gc          ] GC(6) Pause Young (Normal) (G1 Evacuation Pause) 157M->18M(256M) 8.816ms
[2022-08-29T06:40:22.505+0000][7][gc,cpu      ] GC(6) User=0.03s Sys=0.00s Real=0.01s
[2022-08-29T06:40:22.506+0000][7][safepoint   ] Safepoint "G1CollectForAllocation", Time since last: 180259988 ns, Reaching safepoint: 189695 ns, At safepoint: 9164524 ns, Total: 9354219 ns
[2022-08-29T06:40:22.666+0000][7][gc,start    ] GC(7) Pause Young (Normal) (G1 Evacuation Pause)
[2022-08-29T06:40:22.667+0000][7][gc,task     ] GC(7) Using 6 workers of 6 for evacuation
[2022-08-29T06:40:22.668+0000][7][gc,age      ] GC(7) Desired survivor size 10485760 bytes, new threshold 15 (max threshold 15)
[2022-08-29T06:40:22.674+0000][7][gc,age      ] GC(7) Age table with threshold 15 (max threshold 15)
[2022-08-29T06:40:22.674+0000][7][gc,age      ] GC(7) - age   1:     869104 bytes,     869104 total
[2022-08-29T06:40:22.674+0000][7][gc,age      ] GC(7) - age   2:    1213392 bytes,    2082496 total
[2022-08-29T06:40:22.674+0000][7][gc,age      ] GC(7) - age   3:    1478432 bytes,    3560928 total
[2022-08-29T06:40:22.675+0000][7][gc,age      ] GC(7) - age   4:    1881632 bytes,    5442560 total
[2022-08-29T06:40:22.675+0000][7][gc,age      ] GC(7) - age   5:    3314992 bytes,    8757552 total
[2022-08-29T06:40:22.675+0000][7][gc,age      ] GC(7) - age   6:    2350976 bytes,   11108528 total
[2022-08-29T06:40:22.675+0000][7][gc,phases   ] GC(7)   Pre Evacuate Collection Set: 0.1ms
[2022-08-29T06:40:22.675+0000][7][gc,phases   ] GC(7)   Merge Heap Roots: 0.1ms
[2022-08-29T06:40:22.675+0000][7][gc,phases   ] GC(7)   Evacuate Collection Set: 5.0ms
[2022-08-29T06:40:22.675+0000][7][gc,phases   ] GC(7)   Post Evacuate Collection Set: 0.8ms
[2022-08-29T06:40:22.675+0000][7][gc,phases   ] GC(7)   Other: 2.7ms
[2022-08-29T06:40:22.676+0000][7][gc,heap     ] GC(7) Eden regions: 35->0(35)
[2022-08-29T06:40:22.676+0000][7][gc,heap     ] GC(7) Survivor regions: 3->3(5)
[2022-08-29T06:40:22.676+0000][7][gc,heap     ] GC(7) Old regions: 2->2
[2022-08-29T06:40:22.676+0000][7][gc,heap     ] GC(7) Archive regions: 2->2
[2022-08-29T06:40:22.676+0000][7][gc,heap     ] GC(7) Humongous regions: 0->0
[2022-08-29T06:40:22.676+0000][7][gc,metaspace] GC(7) Metaspace: 19409K(20480K)->19409K(20480K) NonClass: 17077K(17920K)->17077K(17920K) Class: 2331K(2560K)->2331K(2560K)
[2022-08-29T06:40:22.676+0000][7][gc          ] GC(7) Pause Young (Normal) (G1 Evacuation Pause) 158M->19M(256M) 10.312ms
[2022-08-29T06:40:22.677+0000][7][gc,cpu      ] GC(7) User=0.02s Sys=0.00s Real=0.01s
[2022-08-29T06:40:22.677+0000][7][safepoint   ] Safepoint "G1CollectForAllocation", Time since last: 160466935 ns, Reaching safepoint: 116558 ns, At safepoint: 10795793 ns, Total: 10912351 ns
[2022-08-29T06:40:22.866+0000][7][gc,start    ] GC(8) Pause Young (Normal) (G1 Evacuation Pause)
[2022-08-29T06:40:22.867+0000][7][gc,task     ] GC(8) Using 6 workers of 6 for evacuation
[2022-08-29T06:40:22.867+0000][7][gc,age      ] GC(8) Desired survivor size 10485760 bytes, new threshold 6 (max threshold 15)
[2022-08-29T06:40:22.874+0000][7][gc,age      ] GC(8) Age table with threshold 6 (max threshold 15)
[2022-08-29T06:40:22.875+0000][7][gc,age      ] GC(8) - age   1:     437808 bytes,     437808 total
[2022-08-29T06:40:22.875+0000][7][gc,age      ] GC(8) - age   2:     283176 bytes,     720984 total
[2022-08-29T06:40:22.875+0000][7][gc,age      ] GC(8) - age   3:    1213392 bytes,    1934376 total
[2022-08-29T06:40:22.875+0000][7][gc,age      ] GC(8) - age   4:    1478432 bytes,    3412808 total
[2022-08-29T06:40:22.876+0000][7][gc,age      ] GC(8) - age   5:    1881632 bytes,    5294440 total
[2022-08-29T06:40:22.876+0000][7][gc,age      ] GC(8) - age   6:    3314992 bytes,    8609432 total
[2022-08-29T06:40:22.876+0000][7][gc,phases   ] GC(8)   Pre Evacuate Collection Set: 0.1ms
[2022-08-29T06:40:22.877+0000][7][gc,phases   ] GC(8)   Merge Heap Roots: 0.1ms
[2022-08-29T06:40:22.877+0000][7][gc,phases   ] GC(8)   Evacuate Collection Set: 5.8ms
[2022-08-29T06:40:22.877+0000][7][gc,phases   ] GC(8)   Post Evacuate Collection Set: 0.9ms
[2022-08-29T06:40:22.877+0000][7][gc,phases   ] GC(8)   Other: 3.0ms
[2022-08-29T06:40:22.877+0000][7][gc,heap     ] GC(8) Eden regions: 35->0(35)
[2022-08-29T06:40:22.877+0000][7][gc,heap     ] GC(8) Survivor regions: 3->3(5)
[2022-08-29T06:40:22.877+0000][7][gc,heap     ] GC(8) Old regions: 2->2
[2022-08-29T06:40:22.878+0000][7][gc,heap     ] GC(8) Archive regions: 2->2
[2022-08-29T06:40:22.878+0000][7][gc,heap     ] GC(8) Humongous regions: 0->0
[2022-08-29T06:40:22.878+0000][7][gc,metaspace] GC(8) Metaspace: 19624K(20864K)->19624K(20864K) NonClass: 17252K(18176K)->17252K(18176K) Class: 2372K(2688K)->2372K(2688K)
[2022-08-29T06:40:22.878+0000][7][gc          ] GC(8) Pause Young (Normal) (G1 Evacuation Pause) 159M->19M(256M) 11.508ms
[2022-08-29T06:40:22.878+0000][7][gc,cpu      ] GC(8) User=0.02s Sys=0.00s Real=0.01s
[2022-08-29T06:40:22.878+0000][7][safepoint   ] Safepoint "G1CollectForAllocation", Time since last: 189450229 ns, Reaching safepoint: 93746 ns, At safepoint: 11960596 ns, Total: 12054342 ns
[2022-08-29T06:40:23.017+0000][7][gc,start    ] GC(9) Pause Young (Normal) (G1 Evacuation Pause)
[2022-08-29T06:40:23.018+0000][7][gc,task     ] GC(9) Using 6 workers of 6 for evacuation
[2022-08-29T06:40:23.018+0000][7][gc,age      ] GC(9) Desired survivor size 10485760 bytes, new threshold 15 (max threshold 15)
[2022-08-29T06:40:23.023+0000][7][gc,age      ] GC(9) Age table with threshold 15 (max threshold 15)
[2022-08-29T06:40:23.023+0000][7][gc,age      ] GC(9) - age   1:    2196824 bytes,    2196824 total
[2022-08-29T06:40:23.023+0000][7][gc,age      ] GC(9) - age   2:     254896 bytes,    2451720 total
[2022-08-29T06:40:23.024+0000][7][gc,age      ] GC(9) - age   3:     283024 bytes,    2734744 total
[2022-08-29T06:40:23.024+0000][7][gc,age      ] GC(9) - age   4:    1213392 bytes,    3948136 total
[2022-08-29T06:40:23.024+0000][7][gc,age      ] GC(9) - age   5:    1477760 bytes,    5425896 total
[2022-08-29T06:40:23.024+0000][7][gc,age      ] GC(9) - age   6:    1881344 bytes,    7307240 total
[2022-08-29T06:40:23.024+0000][7][gc,age      ] GC(9) - age   7:    3314864 bytes,   10622104 total
[2022-08-29T06:40:23.024+0000][7][gc,phases   ] GC(9)   Pre Evacuate Collection Set: 0.2ms
[2022-08-29T06:40:23.024+0000][7][gc,phases   ] GC(9)   Merge Heap Roots: 0.2ms
[2022-08-29T06:40:23.024+0000][7][gc,phases   ] GC(9)   Evacuate Collection Set: 4.1ms
[2022-08-29T06:40:23.025+0000][7][gc,phases   ] GC(9)   Post Evacuate Collection Set: 0.7ms
[2022-08-29T06:40:23.025+0000][7][gc,phases   ] GC(9)   Other: 1.8ms
[2022-08-29T06:40:23.025+0000][7][gc,heap     ] GC(9) Eden regions: 35->0(35)
[2022-08-29T06:40:23.025+0000][7][gc,heap     ] GC(9) Survivor regions: 3->3(5)
[2022-08-29T06:40:23.025+0000][7][gc,heap     ] GC(9) Old regions: 2->2
[2022-08-29T06:40:23.025+0000][7][gc,heap     ] GC(9) Archive regions: 2->2
[2022-08-29T06:40:23.025+0000][7][gc,heap     ] GC(9) Humongous regions: 0->0
[2022-08-29T06:40:23.025+0000][7][gc,metaspace] GC(9) Metaspace: 19688K(20864K)->19688K(20864K) NonClass: 17304K(18176K)->17304K(18176K) Class: 2384K(2688K)->2384K(2688K)
[2022-08-29T06:40:23.026+0000][7][gc          ] GC(9) Pause Young (Normal) (G1 Evacuation Pause) 159M->20M(256M) 8.330ms
[2022-08-29T06:40:23.026+0000][7][gc,cpu      ] GC(9) User=0.02s Sys=0.00s Real=0.01s
[2022-08-29T06:40:23.026+0000][7][safepoint   ] Safepoint "G1CollectForAllocation", Time since last: 138653325 ns, Reaching safepoint: 178705 ns, At safepoint: 8949901 ns, Total: 9128606 ns
[2022-08-29T06:40:23.194+0000][7][gc,start    ] GC(10) Pause Young (Normal) (G1 Evacuation Pause)
[2022-08-29T06:40:23.194+0000][7][gc,task     ] GC(10) Using 6 workers of 6 for evacuation
[2022-08-29T06:40:23.194+0000][7][gc,age      ] GC(10) Desired survivor size 10485760 bytes, new threshold 7 (max threshold 15)
[2022-08-29T06:40:23.199+0000][7][gc,age      ] GC(10) Age table with threshold 7 (max threshold 15)
[2022-08-29T06:40:23.200+0000][7][gc,age      ] GC(10) - age   1:    1825904 bytes,    1825904 total
[2022-08-29T06:40:23.200+0000][7][gc,age      ] GC(10) - age   2:     412288 bytes,    2238192 total
[2022-08-29T06:40:23.200+0000][7][gc,age      ] GC(10) - age   3:     254896 bytes,    2493088 total
[2022-08-29T06:40:23.200+0000][7][gc,age      ] GC(10) - age   4:     282960 bytes,    2776048 total
[2022-08-29T06:40:23.200+0000][7][gc,age      ] GC(10) - age   5:    1213392 bytes,    3989440 total
[2022-08-29T06:40:23.200+0000][7][gc,age      ] GC(10) - age   6:    1476720 bytes,    5466160 total
[2022-08-29T06:40:23.200+0000][7][gc,age      ] GC(10) - age   7:    1881152 bytes,    7347312 total
[2022-08-29T06:40:23.201+0000][7][gc,phases   ] GC(10)   Pre Evacuate Collection Set: 0.1ms
[2022-08-29T06:40:23.201+0000][7][gc,phases   ] GC(10)   Merge Heap Roots: 0.1ms
[2022-08-29T06:40:23.201+0000][7][gc,phases   ] GC(10)   Evacuate Collection Set: 3.7ms
[2022-08-29T06:40:23.201+0000][7][gc,phases   ] GC(10)   Post Evacuate Collection Set: 0.8ms
[2022-08-29T06:40:23.201+0000][7][gc,phases   ] GC(10)   Other: 2.3ms
[2022-08-29T06:40:23.201+0000][7][gc,heap     ] GC(10) Eden regions: 35->0(36)
[2022-08-29T06:40:23.201+0000][7][gc,heap     ] GC(10) Survivor regions: 3->2(5)
[2022-08-29T06:40:23.202+0000][7][gc,heap     ] GC(10) Old regions: 2->3
[2022-08-29T06:40:23.202+0000][7][gc,heap     ] GC(10) Archive regions: 2->2
[2022-08-29T06:40:23.202+0000][7][gc,heap     ] GC(10) Humongous regions: 0->0
[2022-08-29T06:40:23.202+0000][7][gc,metaspace] GC(10) Metaspace: 20008K(21296K)->20008K(21296K) NonClass: 17568K(18608K)->17568K(18608K) Class: 2439K(2688K)->2439K(2688K)
[2022-08-29T06:40:23.202+0000][7][gc          ] GC(10) Pause Young (Normal) (G1 Evacuation Pause) 160M->20M(256M) 8.768ms
[2022-08-29T06:40:23.202+0000][7][gc,cpu      ] GC(10) User=0.02s Sys=0.00s Real=0.00s
[2022-08-29T06:40:23.203+0000][7][safepoint   ] Safepoint "G1CollectForAllocation", Time since last: 167206842 ns, Reaching safepoint: 166844 ns, At safepoint: 9101154 ns, Total: 9267998 ns
[2022-08-29T06:40:23.332+0000][7][gc,start    ] GC(11) Pause Young (Normal) (G1 Evacuation Pause)
[2022-08-29T06:40:23.332+0000][7][gc,task     ] GC(11) Using 6 workers of 6 for evacuation
[2022-08-29T06:40:23.332+0000][7][gc,age      ] GC(11) Desired survivor size 10485760 bytes, new threshold 15 (max threshold 15)
[2022-08-29T06:40:23.338+0000][7][gc,age      ] GC(11) Age table with threshold 15 (max threshold 15)
[2022-08-29T06:40:23.338+0000][7][gc,age      ] GC(11) - age   1:     548576 bytes,     548576 total
[2022-08-29T06:40:23.338+0000][7][gc,age      ] GC(11) - age   2:    1654112 bytes,    2202688 total
[2022-08-29T06:40:23.339+0000][7][gc,age      ] GC(11) - age   3:     411296 bytes,    2613984 total
[2022-08-29T06:40:23.339+0000][7][gc,age      ] GC(11) - age   4:     254832 bytes,    2868816 total
[2022-08-29T06:40:23.339+0000][7][gc,age      ] GC(11) - age   5:     282960 bytes,    3151776 total
[2022-08-29T06:40:23.339+0000][7][gc,age      ] GC(11) - age   6:    1213392 bytes,    4365168 total
[2022-08-29T06:40:23.339+0000][7][gc,age      ] GC(11) - age   7:    1476720 bytes,    5841888 total
[2022-08-29T06:40:23.339+0000][7][gc,age      ] GC(11) - age   8:    1881152 bytes,    7723040 total
[2022-08-29T06:40:23.340+0000][7][gc,phases   ] GC(11)   Pre Evacuate Collection Set: 0.3ms
[2022-08-29T06:40:23.340+0000][7][gc,phases   ] GC(11)   Merge Heap Roots: 0.2ms
[2022-08-29T06:40:23.340+0000][7][gc,phases   ] GC(11)   Evacuate Collection Set: 4.0ms
[2022-08-29T06:40:23.340+0000][7][gc,phases   ] GC(11)   Post Evacuate Collection Set: 0.7ms
[2022-08-29T06:40:23.340+0000][7][gc,phases   ] GC(11)   Other: 2.6ms
[2022-08-29T06:40:23.340+0000][7][gc,heap     ] GC(11) Eden regions: 36->0(35)
[2022-08-29T06:40:23.340+0000][7][gc,heap     ] GC(11) Survivor regions: 2->3(5)
[2022-08-29T06:40:23.341+0000][7][gc,heap     ] GC(11) Old regions: 3->3
[2022-08-29T06:40:23.341+0000][7][gc,heap     ] GC(11) Archive regions: 2->2
[2022-08-29T06:40:23.341+0000][7][gc,heap     ] GC(11) Humongous regions: 0->0
[2022-08-29T06:40:23.341+0000][7][gc,metaspace] GC(11) Metaspace: 20091K(21296K)->20091K(21296K) NonClass: 17640K(18608K)->17640K(18608K) Class: 2451K(2688K)->2451K(2688K)
[2022-08-29T06:40:23.341+0000][7][gc          ] GC(11) Pause Young (Normal) (G1 Evacuation Pause) 164M->21M(256M) 9.295ms
[2022-08-29T06:40:23.341+0000][7][gc,cpu      ] GC(11) User=0.04s Sys=0.00s Real=0.01s
[2022-08-29T06:40:23.341+0000][7][safepoint   ] Safepoint "G1CollectForAllocation", Time since last: 128961102 ns, Reaching safepoint: 201829 ns, At safepoint: 9630006 ns, Total: 9831835 ns
[2022-08-29T06:40:23.444+0000][7][gc,start    ] GC(12) Pause Young (Concurrent Start) (Metadata GC Threshold)
[2022-08-29T06:40:23.444+0000][7][gc,task     ] GC(12) Using 6 workers of 6 for evacuation
[2022-08-29T06:40:23.444+0000][7][gc,age      ] GC(12) Desired survivor size 10485760 bytes, new threshold 15 (max threshold 15)
[2022-08-29T06:40:23.449+0000][7][gc,age      ] GC(12) Age table with threshold 15 (max threshold 15)
[2022-08-29T06:40:23.449+0000][7][gc,age      ] GC(12) - age   1:     284632 bytes,     284632 total
[2022-08-29T06:40:23.450+0000][7][gc,age      ] GC(12) - age   2:     526776 bytes,     811408 total
[2022-08-29T06:40:23.450+0000][7][gc,age      ] GC(12) - age   3:    1654112 bytes,    2465520 total
[2022-08-29T06:40:23.450+0000][7][gc,age      ] GC(12) - age   4:     411080 bytes,    2876600 total
[2022-08-29T06:40:23.450+0000][7][gc,age      ] GC(12) - age   5:     254832 bytes,    3131432 total
[2022-08-29T06:40:23.450+0000][7][gc,age      ] GC(12) - age   6:     282416 bytes,    3413848 total
[2022-08-29T06:40:23.450+0000][7][gc,age      ] GC(12) - age   7:    1213392 bytes,    4627240 total
[2022-08-29T06:40:23.450+0000][7][gc,age      ] GC(12) - age   8:    1476720 bytes,    6103960 total
[2022-08-29T06:40:23.451+0000][7][gc,age      ] GC(12) - age   9:    1881152 bytes,    7985112 total
[2022-08-29T06:40:23.451+0000][7][gc,phases   ] GC(12)   Pre Evacuate Collection Set: 0.2ms
[2022-08-29T06:40:23.451+0000][7][gc,phases   ] GC(12)   Merge Heap Roots: 0.1ms
[2022-08-29T06:40:23.451+0000][7][gc,phases   ] GC(12)   Evacuate Collection Set: 3.4ms
[2022-08-29T06:40:23.451+0000][7][gc,phases   ] GC(12)   Post Evacuate Collection Set: 0.8ms
[2022-08-29T06:40:23.451+0000][7][gc,phases   ] GC(12)   Other: 2.4ms
[2022-08-29T06:40:23.451+0000][7][gc,heap     ] GC(12) Eden regions: 31->0(35)
[2022-08-29T06:40:23.452+0000][7][gc,heap     ] GC(12) Survivor regions: 3->3(5)
[2022-08-29T06:40:23.452+0000][7][gc,heap     ] GC(12) Old regions: 3->3
[2022-08-29T06:40:23.452+0000][7][gc,heap     ] GC(12) Archive regions: 2->2
[2022-08-29T06:40:23.452+0000][7][gc,heap     ] GC(12) Humongous regions: 0->0
[2022-08-29T06:40:23.452+0000][7][gc,metaspace] GC(12) Metaspace: 20115K(21296K)->20115K(21296K) NonClass: 17660K(18608K)->17660K(18608K) Class: 2454K(2688K)->2454K(2688K)
[2022-08-29T06:40:23.452+0000][7][gc          ] GC(12) Pause Young (Concurrent Start) (Metadata GC Threshold) 145M->21M(256M) 8.368ms
[2022-08-29T06:40:23.452+0000][7][gc,cpu      ] GC(12) User=0.02s Sys=0.00s Real=0.00s
[2022-08-29T06:40:23.453+0000][7][gc          ] GC(13) Concurrent Cycle
[2022-08-29T06:40:23.453+0000][7][safepoint   ] Safepoint "CollectForMetadataAllocation", Time since last: 102196999 ns, Reaching safepoint: 177804 ns, At safepoint: 8841287 ns, Total: 9019091 ns
[2022-08-29T06:40:23.453+0000][7][gc,marking  ] GC(13) Concurrent Clear Claimed Marks
[2022-08-29T06:40:23.453+0000][7][gc,marking  ] GC(13) Concurrent Clear Claimed Marks 0.397ms
[2022-08-29T06:40:23.453+0000][7][gc,marking  ] GC(13) Concurrent Scan Root Regions
[2022-08-29T06:40:23.455+0000][7][gc,marking  ] GC(13) Concurrent Scan Root Regions 1.674ms
[2022-08-29T06:40:23.455+0000][7][gc,marking  ] GC(13) Concurrent Mark (7.360s)
[2022-08-29T06:40:23.455+0000][7][gc,marking  ] GC(13) Concurrent Mark From Roots
[2022-08-29T06:40:23.456+0000][7][gc,task     ] GC(13) Using 2 workers of 2 for marking
[2022-08-29T06:40:23.461+0000][7][gc,marking  ] GC(13) Concurrent Mark From Roots 5.866ms
[2022-08-29T06:40:23.462+0000][7][gc,marking  ] GC(13) Concurrent Preclean
[2022-08-29T06:40:23.462+0000][7][gc,marking  ] GC(13) Concurrent Preclean 0.255ms
[2022-08-29T06:40:23.462+0000][7][gc,marking  ] GC(13) Concurrent Mark (7.360s, 7.366s) 6.828ms
[2022-08-29T06:40:23.463+0000][7][gc,start    ] GC(13) Pause Remark
[2022-08-29T06:40:23.466+0000][7][gc          ] GC(13) Pause Remark 31M->31M(256M) 2.956ms
[2022-08-29T06:40:23.466+0000][7][gc,cpu      ] GC(13) User=0.02s Sys=0.00s Real=0.01s
[2022-08-29T06:40:23.467+0000][7][safepoint   ] Safepoint "G1Concurrent", Time since last: 9737628 ns, Reaching safepoint: 221195 ns, At safepoint: 3998457 ns, Total: 4219652 ns
[2022-08-29T06:40:23.467+0000][7][gc,marking  ] GC(13) Concurrent Rebuild Remembered Sets
[2022-08-29T06:40:23.470+0000][7][gc,marking  ] GC(13) Concurrent Rebuild Remembered Sets 2.713ms
[2022-08-29T06:40:23.471+0000][7][gc,start    ] GC(13) Pause Cleanup
[2022-08-29T06:40:23.471+0000][7][gc          ] GC(13) Pause Cleanup 35M->35M(256M) 0.325ms
[2022-08-29T06:40:23.471+0000][7][gc,cpu      ] GC(13) User=0.00s Sys=0.00s Real=0.00s
[2022-08-29T06:40:23.471+0000][7][safepoint   ] Safepoint "G1Concurrent", Time since last: 3398993 ns, Reaching safepoint: 601769 ns, At safepoint: 710231 ns, Total: 1312000 ns
[2022-08-29T06:40:23.472+0000][7][gc,marking  ] GC(13) Concurrent Cleanup for Next Mark
[2022-08-29T06:40:23.472+0000][7][gc,marking  ] GC(13) Concurrent Cleanup for Next Mark 0.496ms
[2022-08-29T06:40:23.472+0000][7][gc          ] GC(13) Concurrent Cycle 19.852ms
[2022-08-29T06:40:24.413+0000][7][safepoint   ] Safepoint "ICBufferFull", Time since last: 941131382 ns, Reaching safepoint: 256451 ns, At safepoint: 24105 ns, Total: 280556 ns
[2022-08-29T06:40:25.427+0000][7][safepoint   ] Safepoint "Cleanup", Time since last: 1003865788 ns, Reaching safepoint: 10275066 ns, At safepoint: 51266 ns, Total: 10326332 ns
[2022-08-29T06:40:25.440+0000][7][gc,start    ] GC(14) Pause Young (Normal) (G1 Evacuation Pause)
[2022-08-29T06:40:25.441+0000][7][gc,task     ] GC(14) Using 6 workers of 6 for evacuation
[2022-08-29T06:40:25.442+0000][7][gc,age      ] GC(14) Desired survivor size 10485760 bytes, new threshold 15 (max threshold 15)
[2022-08-29T06:40:25.475+0000][7][gc,age      ] GC(14) Age table with threshold 15 (max threshold 15)
[2022-08-29T06:40:25.475+0000][7][gc,age      ] GC(14) - age   1:    8330952 bytes,    8330952 total
[2022-08-29T06:40:25.475+0000][7][gc,age      ] GC(14) - age   2:     255544 bytes,    8586496 total
[2022-08-29T06:40:25.475+0000][7][gc,age      ] GC(14) - age   3:     526304 bytes,    9112800 total
[2022-08-29T06:40:25.476+0000][7][gc,age      ] GC(14) - age   4:    1649832 bytes,   10762632 total
[2022-08-29T06:40:25.476+0000][7][gc,age      ] GC(14) - age   5:     410520 bytes,   11173152 total
[2022-08-29T06:40:25.476+0000][7][gc,age      ] GC(14) - age   6:     254304 bytes,   11427456 total
[2022-08-29T06:40:25.476+0000][7][gc,age      ] GC(14) - age   7:     273296 bytes,   11700752 total
[2022-08-29T06:40:25.476+0000][7][gc,age      ] GC(14) - age   8:    1212648 bytes,   12913400 total
[2022-08-29T06:40:25.476+0000][7][gc,age      ] GC(14) - age   9:    1473216 bytes,   14386616 total
[2022-08-29T06:40:25.477+0000][7][gc,age      ] GC(14) - age  10:    1873712 bytes,   16260328 total
[2022-08-29T06:40:25.477+0000][7][gc,phases   ] GC(14)   Pre Evacuate Collection Set: 0.1ms
[2022-08-29T06:40:25.477+0000][7][gc,phases   ] GC(14)   Merge Heap Roots: 0.2ms
[2022-08-29T06:40:25.477+0000][7][gc,phases   ] GC(14)   Evacuate Collection Set: 29.6ms
[2022-08-29T06:40:25.477+0000][7][gc,phases   ] GC(14)   Post Evacuate Collection Set: 1.8ms
[2022-08-29T06:40:25.477+0000][7][gc,phases   ] GC(14)   Other: 4.7ms
[2022-08-29T06:40:25.478+0000][7][gc,heap     ] GC(14) Eden regions: 35->0(34)
[2022-08-29T06:40:25.478+0000][7][gc,heap     ] GC(14) Survivor regions: 3->4(5)
[2022-08-29T06:40:25.478+0000][7][gc,heap     ] GC(14) Old regions: 3->3
[2022-08-29T06:40:25.478+0000][7][gc,heap     ] GC(14) Archive regions: 2->2
[2022-08-29T06:40:25.478+0000][7][gc,heap     ] GC(14) Humongous regions: 0->0
[2022-08-29T06:40:25.478+0000][7][gc,metaspace] GC(14) Metaspace: 29892K(32000K)->29892K(32000K) NonClass: 26154K(27648K)->26154K(27648K) Class: 3737K(4352K)->3737K(4352K)
[2022-08-29T06:40:25.482+0000][7][gc          ] GC(14) Pause Young (Normal) (G1 Evacuation Pause) 161M->29M(256M) 42.028ms
[2022-08-29T06:40:25.483+0000][7][gc,cpu      ] GC(14) User=0.08s Sys=0.01s Real=0.05s
[2022-08-29T06:40:25.483+0000][7][safepoint   ] Safepoint "G1CollectForAllocation", Time since last: 4895409 ns, Reaching safepoint: 8532829 ns, At safepoint: 42844083 ns, Total: 51376912 ns
[2022-08-29T06:40:26.649+0000][7][gc,start    ] GC(15) Pause Young (Normal) (G1 Evacuation Pause)
[2022-08-29T06:40:26.650+0000][7][gc,task     ] GC(15) Using 6 workers of 6 for evacuation
[2022-08-29T06:40:26.650+0000][7][gc,age      ] GC(15) Desired survivor size 10485760 bytes, new threshold 4 (max threshold 15)
[2022-08-29T06:40:26.704+0000][7][gc,age      ] GC(15) Age table with threshold 4 (max threshold 15)
[2022-08-29T06:40:26.704+0000][7][gc,age      ] GC(15) - age   1:   12144272 bytes,   12144272 total
[2022-08-29T06:40:26.704+0000][7][gc,age      ] GC(15) - age   2:    7462984 bytes,   19607256 total
[2022-08-29T06:40:26.704+0000][7][gc,age      ] GC(15) - age   3:     253608 bytes,   19860864 total
[2022-08-29T06:40:26.705+0000][7][gc,age      ] GC(15) - age   4:     526304 bytes,   20387168 total
[2022-08-29T06:40:26.705+0000][7][gc,phases   ] GC(15)   Pre Evacuate Collection Set: 0.1ms
[2022-08-29T06:40:26.705+0000][7][gc,phases   ] GC(15)   Merge Heap Roots: 0.1ms
[2022-08-29T06:40:26.705+0000][7][gc,phases   ] GC(15)   Evacuate Collection Set: 42.7ms
[2022-08-29T06:40:26.705+0000][7][gc,phases   ] GC(15)   Post Evacuate Collection Set: 10.6ms
[2022-08-29T06:40:26.705+0000][7][gc,phases   ] GC(15)   Other: 2.0ms
[2022-08-29T06:40:26.706+0000][7][gc,heap     ] GC(15) Eden regions: 34->0(33)
[2022-08-29T06:40:26.706+0000][7][gc,heap     ] GC(15) Survivor regions: 4->5(5)
[2022-08-29T06:40:26.706+0000][7][gc,heap     ] GC(15) Old regions: 3->6
[2022-08-29T06:40:26.706+0000][7][gc,heap     ] GC(15) Archive regions: 2->2
[2022-08-29T06:40:26.706+0000][7][gc,heap     ] GC(15) Humongous regions: 0->0
[2022-08-29T06:40:26.706+0000][7][gc,metaspace] GC(15) Metaspace: 30097K(32256K)->30097K(32256K) NonClass: 26339K(27904K)->26339K(27904K) Class: 3758K(4352K)->3758K(4352K)
[2022-08-29T06:40:26.706+0000][7][gc          ] GC(15) Pause Young (Normal) (G1 Evacuation Pause) 165M->45M(256M) 57.253ms
[2022-08-29T06:40:26.707+0000][7][gc,cpu      ] GC(15) User=0.12s Sys=0.00s Real=0.06s
[2022-08-29T06:40:26.707+0000][7][safepoint   ] Safepoint "G1CollectForAllocation", Time since last: 1165718281 ns, Reaching safepoint: 282721 ns, At safepoint: 57620859 ns, Total: 57903580 ns
[2022-08-29T06:40:27.684+0000][7][gc,start    ] GC(16) Pause Young (Concurrent Start) (Metadata GC Threshold)
[2022-08-29T06:40:27.685+0000][7][gc,task     ] GC(16) Using 6 workers of 6 for evacuation
[2022-08-29T06:40:27.685+0000][7][gc,age      ] GC(16) Desired survivor size 10485760 bytes, new threshold 1 (max threshold 15)
[2022-08-29T06:40:27.710+0000][7][gc,age      ] GC(16) Age table with threshold 1 (max threshold 15)
[2022-08-29T06:40:27.710+0000][7][gc,age      ] GC(16) - age   1:   14398808 bytes,   14398808 total
[2022-08-29T06:40:27.710+0000][7][gc,phases   ] GC(16)   Pre Evacuate Collection Set: 0.2ms
[2022-08-29T06:40:27.711+0000][7][gc,phases   ] GC(16)   Merge Heap Roots: 0.2ms
[2022-08-29T06:40:27.711+0000][7][gc,phases   ] GC(16)   Evacuate Collection Set: 23.3ms
[2022-08-29T06:40:27.711+0000][7][gc,phases   ] GC(16)   Post Evacuate Collection Set: 1.0ms
[2022-08-29T06:40:27.711+0000][7][gc,phases   ] GC(16)   Other: 1.3ms
[2022-08-29T06:40:27.711+0000][7][gc,heap     ] GC(16) Eden regions: 25->0(29)
[2022-08-29T06:40:27.711+0000][7][gc,heap     ] GC(16) Survivor regions: 5->4(5)
[2022-08-29T06:40:27.711+0000][7][gc,heap     ] GC(16) Old regions: 6->11
[2022-08-29T06:40:27.711+0000][7][gc,heap     ] GC(16) Archive regions: 2->2
[2022-08-29T06:40:27.712+0000][7][gc,heap     ] GC(16) Humongous regions: 0->0
[2022-08-29T06:40:27.712+0000][7][gc,metaspace] GC(16) Metaspace: 33960K(35968K)->33960K(35968K) NonClass: 29580K(30976K)->29580K(30976K) Class: 4379K(4992K)->4379K(4992K)
[2022-08-29T06:40:27.712+0000][7][gc          ] GC(16) Pause Young (Concurrent Start) (Metadata GC Threshold) 143M->60M(256M) 27.419ms
[2022-08-29T06:40:27.712+0000][7][gc,cpu      ] GC(16) User=0.10s Sys=0.00s Real=0.02s
[2022-08-29T06:40:27.712+0000][7][gc          ] GC(17) Concurrent Cycle
[2022-08-29T06:40:27.713+0000][7][gc,marking  ] GC(17) Concurrent Clear Claimed Marks
[2022-08-29T06:40:27.713+0000][7][gc,marking  ] GC(17) Concurrent Clear Claimed Marks 0.307ms
[2022-08-29T06:40:27.713+0000][7][gc,marking  ] GC(17) Concurrent Scan Root Regions
[2022-08-29T06:40:27.714+0000][7][safepoint   ] Safepoint "CollectForMetadataAllocation", Time since last: 977389815 ns, Reaching safepoint: 235663 ns, At safepoint: 29218163 ns, Total: 29453826 ns
[2022-08-29T06:40:27.733+0000][7][gc,marking  ] GC(17) Concurrent Scan Root Regions 20.056ms
[2022-08-29T06:40:27.733+0000][7][gc,marking  ] GC(17) Concurrent Mark (11.638s)
[2022-08-29T06:40:27.734+0000][7][gc,marking  ] GC(17) Concurrent Mark From Roots
[2022-08-29T06:40:27.734+0000][7][gc,task     ] GC(17) Using 2 workers of 2 for marking
[2022-08-29T06:40:27.753+0000][7][gc,marking  ] GC(17) Concurrent Mark From Roots 19.030ms
[2022-08-29T06:40:27.753+0000][7][gc,marking  ] GC(17) Concurrent Preclean
[2022-08-29T06:40:27.754+0000][7][gc,marking  ] GC(17) Concurrent Preclean 0.363ms
[2022-08-29T06:40:27.754+0000][7][gc,marking  ] GC(17) Concurrent Mark (11.638s, 11.658s) 20.238ms
[2022-08-29T06:40:27.755+0000][7][gc,start    ] GC(17) Pause Remark
[2022-08-29T06:40:27.760+0000][7][gc          ] GC(17) Pause Remark 62M->62M(256M) 4.651ms
[2022-08-29T06:40:27.762+0000][7][gc,cpu      ] GC(17) User=0.01s Sys=0.00s Real=0.00s
[2022-08-29T06:40:27.762+0000][7][safepoint   ] Safepoint "G1Concurrent", Time since last: 41255575 ns, Reaching safepoint: 322355 ns, At safepoint: 7047734 ns, Total: 7370089 ns
[2022-08-29T06:40:27.763+0000][7][gc,marking  ] GC(17) Concurrent Rebuild Remembered Sets
[2022-08-29T06:40:27.780+0000][7][gc,marking  ] GC(17) Concurrent Rebuild Remembered Sets 16.936ms
[2022-08-29T06:40:27.780+0000][7][gc,start    ] GC(17) Pause Cleanup
[2022-08-29T06:40:27.781+0000][7][gc          ] GC(17) Pause Cleanup 62M->62M(256M) 0.740ms
[2022-08-29T06:40:27.781+0000][7][gc,cpu      ] GC(17) User=0.00s Sys=0.00s Real=0.00s
[2022-08-29T06:40:27.782+0000][7][safepoint   ] Safepoint "G1Concurrent", Time since last: 17530269 ns, Reaching safepoint: 366568 ns, At safepoint: 1329352 ns, Total: 1695920 ns
[2022-08-29T06:40:27.782+0000][7][gc,marking  ] GC(17) Concurrent Cleanup for Next Mark
[2022-08-29T06:40:27.783+0000][7][gc,marking  ] GC(17) Concurrent Cleanup for Next Mark 1.792ms
[2022-08-29T06:40:27.784+0000][7][gc          ] GC(17) Concurrent Cycle 71.544ms
[2022-08-29T06:40:28.124+0000][7][gc,start    ] GC(18) Pause Young (Normal) (G1 Evacuation Pause)
[2022-08-29T06:40:28.125+0000][7][gc,task     ] GC(18) Using 6 workers of 6 for evacuation
[2022-08-29T06:40:28.126+0000][7][gc,age      ] GC(18) Desired survivor size 10485760 bytes, new threshold 1 (max threshold 15)
[2022-08-29T06:40:28.142+0000][7][gc,age      ] GC(18) Age table with threshold 1 (max threshold 15)
[2022-08-29T06:40:28.143+0000][7][gc,age      ] GC(18) - age   1:    1391576 bytes,    1391576 total
[2022-08-29T06:40:28.143+0000][7][gc,phases   ] GC(18)   Pre Evacuate Collection Set: 0.1ms
[2022-08-29T06:40:28.143+0000][7][gc,phases   ] GC(18)   Merge Heap Roots: 0.1ms
[2022-08-29T06:40:28.144+0000][7][gc,phases   ] GC(18)   Evacuate Collection Set: 15.4ms
[2022-08-29T06:40:28.144+0000][7][gc,phases   ] GC(18)   Post Evacuate Collection Set: 0.8ms
[2022-08-29T06:40:28.144+0000][7][gc,phases   ] GC(18)   Other: 2.2ms
[2022-08-29T06:40:28.144+0000][7][gc,heap     ] GC(18) Eden regions: 29->0(30)
[2022-08-29T06:40:28.144+0000][7][gc,heap     ] GC(18) Survivor regions: 4->1(5)
[2022-08-29T06:40:28.145+0000][7][gc,heap     ] GC(18) Old regions: 11->14
[2022-08-29T06:40:28.145+0000][7][gc,heap     ] GC(18) Archive regions: 2->2
[2022-08-29T06:40:28.145+0000][7][gc,heap     ] GC(18) Humongous regions: 0->0
[2022-08-29T06:40:28.145+0000][7][gc,metaspace] GC(18) Metaspace: 36082K(38528K)->36082K(38528K) NonClass: 31502K(33280K)->31502K(33280K) Class: 4579K(5248K)->4579K(5248K)
[2022-08-29T06:40:28.145+0000][7][gc          ] GC(18) Pause Young (Normal) (G1 Evacuation Pause) 176M->61M(256M) 20.781ms
[2022-08-29T06:40:28.145+0000][7][gc,cpu      ] GC(18) User=0.02s Sys=0.00s Real=0.02s
[2022-08-29T06:40:28.145+0000][7][safepoint   ] Safepoint "G1CollectForAllocation", Time since last: 342786975 ns, Reaching safepoint: 325681 ns, At safepoint: 21134547 ns, Total: 21460228 ns
[2022-08-29T06:40:29.127+0000][7][safepoint   ] Safepoint "ICBufferFull", Time since last: 981600481 ns, Reaching safepoint: 268373 ns, At safepoint: 20528 ns, Total: 288901 ns
[2022-08-29T06:40:29.938+0000][7][gc,start    ] GC(19) Pause Young (Normal) (G1 Evacuation Pause)
[2022-08-29T06:40:29.939+0000][7][gc,task     ] GC(19) Using 6 workers of 6 for evacuation
[2022-08-29T06:40:29.939+0000][7][gc,age      ] GC(19) Desired survivor size 8388608 bytes, new threshold 15 (max threshold 15)
[2022-08-29T06:40:29.950+0000][7][gc,age      ] GC(19) Age table with threshold 15 (max threshold 15)
[2022-08-29T06:40:29.950+0000][7][gc,age      ] GC(19) - age   1:    5240720 bytes,    5240720 total
[2022-08-29T06:40:29.950+0000][7][gc,age      ] GC(19) - age   2:    1235456 bytes,    6476176 total
[2022-08-29T06:40:29.951+0000][7][gc,phases   ] GC(19)   Pre Evacuate Collection Set: 0.2ms
[2022-08-29T06:40:29.951+0000][7][gc,phases   ] GC(19)   Merge Heap Roots: 0.1ms
[2022-08-29T06:40:29.951+0000][7][gc,phases   ] GC(19)   Evacuate Collection Set: 9.0ms
[2022-08-29T06:40:29.951+0000][7][gc,phases   ] GC(19)   Post Evacuate Collection Set: 1.3ms
[2022-08-29T06:40:29.952+0000][7][gc,phases   ] GC(19)   Other: 1.6ms
[2022-08-29T06:40:29.952+0000][7][gc,heap     ] GC(19) Eden regions: 30->0(30)
[2022-08-29T06:40:29.952+0000][7][gc,heap     ] GC(19) Survivor regions: 1->2(4)
[2022-08-29T06:40:29.952+0000][7][gc,heap     ] GC(19) Old regions: 14->14
[2022-08-29T06:40:29.952+0000][7][gc,heap     ] GC(19) Archive regions: 2->2
[2022-08-29T06:40:29.952+0000][7][gc,heap     ] GC(19) Humongous regions: 0->0
[2022-08-29T06:40:29.953+0000][7][gc,metaspace] GC(19) Metaspace: 51839K(54912K)->51839K(54912K) NonClass: 44912K(47104K)->44912K(47104K) Class: 6927K(7808K)->6927K(7808K)
[2022-08-29T06:40:29.953+0000][7][gc          ] GC(19) Pause Young (Normal) (G1 Evacuation Pause) 181M->65M(256M) 14.297ms
[2022-08-29T06:40:29.953+0000][7][gc,cpu      ] GC(19) User=0.03s Sys=0.00s Real=0.02s
[2022-08-29T06:40:29.953+0000][7][safepoint   ] Safepoint "G1CollectForAllocation", Time since last: 810747301 ns, Reaching safepoint: 269436 ns, At safepoint: 15086918 ns, Total: 15356354 ns
[2022-08-29T06:40:29.969+0000][7][safepoint   ] Safepoint "ICBufferFull", Time since last: 14733876 ns, Reaching safepoint: 299812 ns, At safepoint: 28193 ns, Total: 328005 ns
[2022-08-29T06:40:30.411+0000][7][safepoint   ] Safepoint "ICBufferFull", Time since last: 442039664 ns, Reaching safepoint: 230603 ns, At safepoint: 3106 ns, Total: 233709 ns
[2022-08-29T06:40:30.819+0000][7][gc,start    ] GC(20) Pause Young (Concurrent Start) (Metadata GC Threshold)
[2022-08-29T06:40:30.819+0000][7][gc,task     ] GC(20) Using 6 workers of 6 for evacuation
[2022-08-29T06:40:30.819+0000][7][gc,age      ] GC(20) Desired survivor size 8388608 bytes, new threshold 15 (max threshold 15)
[2022-08-29T06:40:30.827+0000][7][gc,age      ] GC(20) Age table with threshold 15 (max threshold 15)
[2022-08-29T06:40:30.827+0000][7][gc,age      ] GC(20) - age   1:    2509760 bytes,    2509760 total
[2022-08-29T06:40:30.833+0000][7][gc,age      ] GC(20) - age   2:    5078928 bytes,    7588688 total
[2022-08-29T06:40:30.833+0000][7][gc,age      ] GC(20) - age   3:    1235296 bytes,    8823984 total
[2022-08-29T06:40:30.833+0000][7][gc,phases   ] GC(20)   Pre Evacuate Collection Set: 0.2ms
[2022-08-29T06:40:30.834+0000][7][gc,phases   ] GC(20)   Merge Heap Roots: 0.1ms
[2022-08-29T06:40:30.834+0000][7][gc,phases   ] GC(20)   Evacuate Collection Set: 5.6ms
[2022-08-29T06:40:30.834+0000][7][gc,phases   ] GC(20)   Post Evacuate Collection Set: 1.4ms
[2022-08-29T06:40:30.834+0000][7][gc,phases   ] GC(20)   Other: 7.5ms
[2022-08-29T06:40:30.834+0000][7][gc,heap     ] GC(20) Eden regions: 21->0(30)
[2022-08-29T06:40:30.834+0000][7][gc,heap     ] GC(20) Survivor regions: 2->3(4)
[2022-08-29T06:40:30.835+0000][7][gc,heap     ] GC(20) Old regions: 14->14
[2022-08-29T06:40:30.835+0000][7][gc,heap     ] GC(20) Archive regions: 2->2
[2022-08-29T06:40:30.835+0000][7][gc,heap     ] GC(20) Humongous regions: 0->0
[2022-08-29T06:40:30.835+0000][7][gc,metaspace] GC(20) Metaspace: 57224K(60376K)->57224K(60376K) NonClass: 49712K(51928K)->49712K(51928K) Class: 7511K(8448K)->7511K(8448K)
[2022-08-29T06:40:30.835+0000][7][gc          ] GC(20) Pause Young (Concurrent Start) (Metadata GC Threshold) 147M->68M(256M) 16.588ms
[2022-08-29T06:40:30.835+0000][7][gc,cpu      ] GC(20) User=0.03s Sys=0.00s Real=0.02s
[2022-08-29T06:40:30.836+0000][7][gc          ] GC(21) Concurrent Cycle
[2022-08-29T06:40:30.837+0000][7][gc,marking  ] GC(21) Concurrent Clear Claimed Marks
[2022-08-29T06:40:30.837+0000][7][gc,marking  ] GC(21) Concurrent Clear Claimed Marks 0.245ms
[2022-08-29T06:40:30.837+0000][7][gc,marking  ] GC(21) Concurrent Scan Root Regions
[2022-08-29T06:40:30.841+0000][7][safepoint   ] Safepoint "CollectForMetadataAllocation", Time since last: 407430131 ns, Reaching safepoint: 319449 ns, At safepoint: 22485280 ns, Total: 22804729 ns
[2022-08-29T06:40:30.851+0000][7][gc,marking  ] GC(21) Concurrent Scan Root Regions 14.047ms
[2022-08-29T06:40:30.851+0000][7][gc,marking  ] GC(21) Concurrent Mark (14.756s)
[2022-08-29T06:40:30.852+0000][7][gc,marking  ] GC(21) Concurrent Mark From Roots
[2022-08-29T06:40:30.852+0000][7][gc,task     ] GC(21) Using 2 workers of 2 for marking
[2022-08-29T06:40:30.908+0000][7][safepoint   ] Safepoint "CollectForMetadataAllocation", Time since last: 66031339 ns, Reaching safepoint: 132238 ns, At safepoint: 809778 ns, Total: 942016 ns
[2022-08-29T06:40:30.913+0000][7][gc,marking  ] GC(21) Concurrent Mark From Roots 61.281ms
[2022-08-29T06:40:30.913+0000][7][gc,marking  ] GC(21) Concurrent Preclean
[2022-08-29T06:40:30.914+0000][7][gc,marking  ] GC(21) Concurrent Preclean 0.311ms
[2022-08-29T06:40:30.914+0000][7][gc,marking  ] GC(21) Concurrent Mark (14.756s, 14.818s) 62.385ms
[2022-08-29T06:40:30.923+0000][7][gc,start    ] GC(21) Pause Remark
[2022-08-29T06:40:30.930+0000][7][gc          ] GC(21) Pause Remark 72M->72M(256M) 6.648ms
[2022-08-29T06:40:30.930+0000][7][gc,cpu      ] GC(21) User=0.01s Sys=0.00s Real=0.00s
[2022-08-29T06:40:30.930+0000][7][safepoint   ] Safepoint "G1Concurrent", Time since last: 14700694 ns, Reaching safepoint: 197480 ns, At safepoint: 7244003 ns, Total: 7441483 ns
[2022-08-29T06:40:30.931+0000][7][gc,marking  ] GC(21) Concurrent Rebuild Remembered Sets
[2022-08-29T06:40:31.018+0000][7][gc,marking  ] GC(21) Concurrent Rebuild Remembered Sets 86.663ms
[2022-08-29T06:40:31.033+0000][7][gc,start    ] GC(21) Pause Cleanup
[2022-08-29T06:40:31.034+0000][7][gc          ] GC(21) Pause Cleanup 76M->76M(256M) 0.497ms
[2022-08-29T06:40:31.034+0000][7][gc,cpu      ] GC(21) User=0.00s Sys=0.00s Real=0.00s
[2022-08-29T06:40:31.034+0000][7][safepoint   ] Safepoint "G1Concurrent", Time since last: 92485430 ns, Reaching safepoint: 10714199 ns, At safepoint: 958648 ns, Total: 11672847 ns
[2022-08-29T06:40:31.037+0000][7][gc,marking  ] GC(21) Concurrent Cleanup for Next Mark
[2022-08-29T06:40:31.043+0000][7][gc,marking  ] GC(21) Concurrent Cleanup for Next Mark 6.418ms
[2022-08-29T06:40:31.053+0000][7][gc          ] GC(21) Concurrent Cycle 216.326ms
[2022-08-29T06:40:32.037+0000][7][safepoint   ] Safepoint "Cleanup", Time since last: 1001565925 ns, Reaching safepoint: 1280853 ns, At safepoint: 30106 ns, Total: 1310959 ns
[2022-08-29T06:40:33.039+0000][7][safepoint   ] Safepoint "Cleanup", Time since last: 1001667877 ns, Reaching safepoint: 322134 ns, At safepoint: 51476 ns, Total: 373610 ns
[2022-08-29T06:40:33.230+0000][7][gc,start    ] GC(22) Pause Young (Concurrent Start) (G1 Evacuation Pause)
[2022-08-29T06:40:33.231+0000][7][gc,task     ] GC(22) Using 6 workers of 6 for evacuation
[2022-08-29T06:40:33.231+0000][7][gc,age      ] GC(22) Desired survivor size 10485760 bytes, new threshold 15 (max threshold 15)
[2022-08-29T06:40:33.246+0000][7][gc,age      ] GC(22) Age table with threshold 15 (max threshold 15)
[2022-08-29T06:40:33.246+0000][7][gc,age      ] GC(22) - age   1:    6667664 bytes,    6667664 total
[2022-08-29T06:40:33.246+0000][7][gc,age      ] GC(22) - age   2:    2413704 bytes,    9081368 total
[2022-08-29T06:40:33.246+0000][7][gc,age      ] GC(22) - age   3:    5050824 bytes,   14132192 total
[2022-08-29T06:40:33.246+0000][7][gc,age      ] GC(22) - age   4:    1233416 bytes,   15365608 total
[2022-08-29T06:40:33.247+0000][7][gc,phases   ] GC(22)   Pre Evacuate Collection Set: 0.2ms
[2022-08-29T06:40:33.247+0000][7][gc,phases   ] GC(22)   Merge Heap Roots: 0.1ms
[2022-08-29T06:40:33.247+0000][7][gc,phases   ] GC(22)   Evacuate Collection Set: 11.6ms
[2022-08-29T06:40:33.247+0000][7][gc,phases   ] GC(22)   Post Evacuate Collection Set: 2.5ms
[2022-08-29T06:40:33.247+0000][7][gc,phases   ] GC(22)   Other: 1.9ms
[2022-08-29T06:40:33.248+0000][7][gc,heap     ] GC(22) Eden regions: 30->0(29)
[2022-08-29T06:40:33.248+0000][7][gc,heap     ] GC(22) Survivor regions: 3->4(5)
[2022-08-29T06:40:33.248+0000][7][gc,heap     ] GC(22) Old regions: 14->14
[2022-08-29T06:40:33.248+0000][7][gc,heap     ] GC(22) Archive regions: 2->2
[2022-08-29T06:40:33.248+0000][7][gc,heap     ] GC(22) Humongous regions: 0->0
[2022-08-29T06:40:33.248+0000][7][gc,metaspace] GC(22) Metaspace: 74799K(78424K)->74799K(78424K) NonClass: 64738K(67288K)->64738K(67288K) Class: 10060K(11136K)->10060K(11136K)
[2022-08-29T06:40:33.248+0000][7][gc          ] GC(22) Pause Young (Concurrent Start) (G1 Evacuation Pause) 188M->75M(256M) 18.077ms
[2022-08-29T06:40:33.249+0000][7][gc,cpu      ] GC(22) User=0.05s Sys=0.00s Real=0.02s
[2022-08-29T06:40:33.249+0000][7][safepoint   ] Safepoint "G1CollectForAllocation", Time since last: 190850024 ns, Reaching safepoint: 222548 ns, At safepoint: 18482344 ns, Total: 18704892 ns
[2022-08-29T06:40:33.249+0000][7][gc          ] GC(23) Concurrent Cycle
[2022-08-29T06:40:33.252+0000][7][gc,marking  ] GC(23) Concurrent Clear Claimed Marks
[2022-08-29T06:40:33.252+0000][7][gc,marking  ] GC(23) Concurrent Clear Claimed Marks 0.405ms
[2022-08-29T06:40:33.253+0000][7][gc,marking  ] GC(23) Concurrent Scan Root Regions
[2022-08-29T06:40:33.264+0000][7][gc,marking  ] GC(23) Concurrent Scan Root Regions 11.451ms
[2022-08-29T06:40:33.264+0000][7][gc,marking  ] GC(23) Concurrent Mark (17.169s)
[2022-08-29T06:40:33.265+0000][7][gc,marking  ] GC(23) Concurrent Mark From Roots
[2022-08-29T06:40:33.265+0000][7][gc,task     ] GC(23) Using 2 workers of 2 for marking
[2022-08-29T06:40:33.357+0000][7][gc,marking  ] GC(23) Concurrent Mark From Roots 91.964ms
[2022-08-29T06:40:33.357+0000][7][gc,marking  ] GC(23) Concurrent Preclean
[2022-08-29T06:40:33.357+0000][7][gc,marking  ] GC(23) Concurrent Preclean 0.386ms
[2022-08-29T06:40:33.357+0000][7][gc,marking  ] GC(23) Concurrent Mark (17.169s, 17.262s) 93.129ms
[2022-08-29T06:40:33.358+0000][7][gc,start    ] GC(23) Pause Remark
[2022-08-29T06:40:33.382+0000][7][gc          ] GC(23) Pause Remark 83M->83M(256M) 24.410ms
[2022-08-29T06:40:33.383+0000][7][gc,cpu      ] GC(23) User=0.03s Sys=0.00s Real=0.03s
[2022-08-29T06:40:33.385+0000][7][safepoint   ] Safepoint "G1Concurrent", Time since last: 108848751 ns, Reaching safepoint: 256752 ns, At safepoint: 27494482 ns, Total: 27751234 ns
[2022-08-29T06:40:33.387+0000][7][gc,marking  ] GC(23) Concurrent Rebuild Remembered Sets
[2022-08-29T06:40:33.427+0000][7][gc,marking  ] GC(23) Concurrent Rebuild Remembered Sets 40.588ms
[2022-08-29T06:40:33.428+0000][7][gc,start    ] GC(23) Pause Cleanup
[2022-08-29T06:40:33.429+0000][7][gc          ] GC(23) Pause Cleanup 85M->85M(256M) 0.925ms
[2022-08-29T06:40:33.430+0000][7][gc,cpu      ] GC(23) User=0.00s Sys=0.00s Real=0.00s
[2022-08-29T06:40:33.430+0000][7][safepoint   ] Safepoint "G1Concurrent", Time since last: 42307967 ns, Reaching safepoint: 613220 ns, At safepoint: 1805025 ns, Total: 2418245 ns
[2022-08-29T06:40:33.430+0000][7][gc,marking  ] GC(23) Concurrent Cleanup for Next Mark
[2022-08-29T06:40:33.431+0000][7][gc,marking  ] GC(23) Concurrent Cleanup for Next Mark 0.823ms
[2022-08-29T06:40:33.432+0000][7][gc          ] GC(23) Concurrent Cycle 182.903ms
[2022-08-29T06:40:34.431+0000][7][safepoint   ] Safepoint "Cleanup", Time since last: 1000227576 ns, Reaching safepoint: 454342 ns, At safepoint: 14237 ns, Total: 468579 ns
[2022-08-29T06:40:35.435+0000][7][safepoint   ] Safepoint "Cleanup", Time since last: 1004339968 ns, Reaching safepoint: 130775 ns, At safepoint: 1883 ns, Total: 132658 ns
[2022-08-29T06:40:36.458+0000][7][safepoint   ] Safepoint "Cleanup", Time since last: 1022536577 ns, Reaching safepoint: 215955 ns, At safepoint: 49322 ns, Total: 265277 ns
[2022-08-29T06:40:37.843+0000][7][safepoint   ] Safepoint "ICBufferFull", Time since last: 1384515407 ns, Reaching safepoint: 388688 ns, At safepoint: 50154 ns, Total: 438842 ns
[2022-08-29T06:40:39.487+0000][7][safepoint   ] Safepoint "Cleanup", Time since last: 1643180454 ns, Reaching safepoint: 374652 ns, At safepoint: 75662 ns, Total: 450314 ns
[2022-08-29T06:40:40.487+0000][7][safepoint   ] Safepoint "Cleanup", Time since last: 1000271910 ns, Reaching safepoint: 256070 ns, At safepoint: 22943 ns, Total: 279013 ns
[2022-08-29T06:40:41.677+0000][7][safepoint   ] Safepoint "Cleanup", Time since last: 1189839740 ns, Reaching safepoint: 122109 ns, At safepoint: 21871 ns, Total: 143980 ns
[2022-08-29T06:40:42.680+0000][7][safepoint   ] Safepoint "Cleanup", Time since last: 1002204703 ns, Reaching safepoint: 177814 ns, At safepoint: 4659 ns, Total: 182473 ns
[2022-08-29T06:40:43.650+0000][7][gc,start    ] GC(24) Pause Young (Normal) (G1 Evacuation Pause)
[2022-08-29T06:40:43.650+0000][7][gc,task     ] GC(24) Using 6 workers of 6 for evacuation
[2022-08-29T06:40:43.650+0000][7][gc,age      ] GC(24) Desired survivor size 10485760 bytes, new threshold 3 (max threshold 15)
[2022-08-29T06:40:43.667+0000][7][gc,age      ] GC(24) Age table with threshold 3 (max threshold 15)
[2022-08-29T06:40:43.667+0000][7][gc,age      ] GC(24) - age   1:    6269288 bytes,    6269288 total
[2022-08-29T06:40:43.667+0000][7][gc,age      ] GC(24) - age   2:    6467464 bytes,   12736752 total
[2022-08-29T06:40:43.667+0000][7][gc,age      ] GC(24) - age   3:    2399664 bytes,   15136416 total
[2022-08-29T06:40:43.668+0000][7][gc,phases   ] GC(24)   Pre Evacuate Collection Set: 0.1ms
[2022-08-29T06:40:43.668+0000][7][gc,phases   ] GC(24)   Merge Heap Roots: 0.1ms
[2022-08-29T06:40:43.668+0000][7][gc,phases   ] GC(24)   Evacuate Collection Set: 15.1ms
[2022-08-29T06:40:43.668+0000][7][gc,phases   ] GC(24)   Post Evacuate Collection Set: 1.4ms
[2022-08-29T06:40:43.668+0000][7][gc,phases   ] GC(24)   Other: 1.5ms
[2022-08-29T06:40:43.668+0000][7][gc,heap     ] GC(24) Eden regions: 29->0(25)
[2022-08-29T06:40:43.669+0000][7][gc,heap     ] GC(24) Survivor regions: 4->4(5)
[2022-08-29T06:40:43.669+0000][7][gc,heap     ] GC(24) Old regions: 14->16
[2022-08-29T06:40:43.669+0000][7][gc,heap     ] GC(24) Archive regions: 2->2
[2022-08-29T06:40:43.669+0000][7][gc,heap     ] GC(24) Humongous regions: 2->2
[2022-08-29T06:40:43.669+0000][7][gc,metaspace] GC(24) Metaspace: 89708K(93912K)->89708K(93912K) NonClass: 77548K(80600K)->77548K(80600K) Class: 12159K(13312K)->12159K(13312K)
[2022-08-29T06:40:43.669+0000][7][gc          ] GC(24) Pause Young (Normal) (G1 Evacuation Pause) 199M->89M(256M) 19.918ms
[2022-08-29T06:40:43.670+0000][7][gc,cpu      ] GC(24) User=0.07s Sys=0.00s Real=0.02s
[2022-08-29T06:40:43.670+0000][7][safepoint   ] Safepoint "G1CollectForAllocation", Time since last: 969530329 ns, Reaching safepoint: 306225 ns, At safepoint: 20744636 ns, Total: 21050861 ns
[2022-08-29T06:40:44.671+0000][7][safepoint   ] Safepoint "Cleanup", Time since last: 1000817422 ns, Reaching safepoint: 170831 ns, At safepoint: 9608 ns, Total: 180439 ns
[2022-08-29T06:40:45.800+0000][7][safepoint   ] Safepoint "Cleanup", Time since last: 1128347712 ns, Reaching safepoint: 223369 ns, At safepoint: 45104 ns, Total: 268473 ns
[2022-08-29T06:41:03.698+0000][7][safepoint   ] Safepoint "Cleanup", Time since last: 17896077246 ns, Reaching safepoint: 329027 ns, At safepoint: 54833 ns, Total: 383860 ns
[2022-08-29T06:41:06.700+0000][7][safepoint   ] Safepoint "Cleanup", Time since last: 3001774237 ns, Reaching safepoint: 200276 ns, At safepoint: 5430 ns, Total: 205706 ns
[2022-08-29T06:41:08.116+0000][7][safepoint   ] Safepoint "Cleanup", Time since last: 1416302216 ns, Reaching safepoint: 136216 ns, At safepoint: 2615 ns, Total: 138831 ns
[2022-08-29T06:41:10.553+0000][7][safepoint   ] Safepoint "Cleanup", Time since last: 2436359785 ns, Reaching safepoint: 217608 ns, At safepoint: 25377 ns, Total: 242985 ns
[2022-08-29T06:41:19.557+0000][7][safepoint   ] Safepoint "Cleanup", Time since last: 9003642241 ns, Reaching safepoint: 147737 ns, At safepoint: 4588 ns, Total: 152325 ns
[2022-08-29T06:41:25.024+0000][7][safepoint   ] Safepoint "Cleanup", Time since last: 5466880332 ns, Reaching safepoint: 145633 ns, At safepoint: 2384 ns, Total: 148017 ns
[2022-08-29T06:41:39.043+0000][7][safepoint   ] Safepoint "Cleanup", Time since last: 14559645096 ns, Reaching safepoint: 2924623 ns, At safepoint: 75512 ns, Total: 3000135 ns
[2022-08-29T06:41:40.044+0000][7][safepoint   ] Safepoint "Cleanup", Time since last: 1000962515 ns, Reaching safepoint: 249127 ns, At safepoint: 8115 ns, Total: 257242 ns
[2022-08-29T06:41:43.045+0000][7][safepoint   ] Safepoint "Cleanup", Time since last: 3000790223 ns, Reaching safepoint: 231383 ns, At safepoint: 8306 ns, Total: 239689 ns
[2022-08-29T06:41:46.046+0000][7][safepoint   ] Safepoint "Cleanup", Time since last: 3000983193 ns, Reaching safepoint: 417283 ns, At safepoint: 44032 ns, Total: 461315 ns
[2022-08-29T06:41:48.048+0000][7][safepoint   ] Safepoint "Cleanup", Time since last: 2001157380 ns, Reaching safepoint: 318848 ns, At safepoint: 47259 ns, Total: 366107 ns
[2022-08-29T06:41:49.404+0000][7][safepoint   ] Safepoint "Cleanup", Time since last: 1356446117 ns, Reaching safepoint: 264846 ns, At safepoint: 5891 ns, Total: 270737 ns
[2022-08-29T06:41:55.629+0000][7][safepoint   ] Safepoint "Cleanup", Time since last: 6224391926 ns, Reaching safepoint: 573215 ns, At safepoint: 39354 ns, Total: 612569 ns
[2022-08-29T06:41:56.631+0000][7][safepoint   ] Safepoint "Cleanup", Time since last: 1000735850 ns, Reaching safepoint: 603241 ns, At safepoint: 64981 ns, Total: 668222 ns
[2022-08-29T06:42:02.633+0000][7][safepoint   ] Safepoint "Cleanup", Time since last: 6001719866 ns, Reaching safepoint: 893936 ns, At safepoint: 5821 ns, Total: 899757 ns
[2022-08-29T06:42:06.180+0000][7][safepoint   ] Safepoint "Cleanup", Time since last: 3001848285 ns, Reaching safepoint: 332624 ns, At safepoint: 56345 ns, Total: 388969 ns
[2022-08-29T06:42:10.182+0000][7][safepoint   ] Safepoint "Cleanup", Time since last: 4001367856 ns, Reaching safepoint: 367539 ns, At safepoint: 55935 ns, Total: 423474 ns
[2022-08-29T06:42:13.183+0000][7][safepoint   ] Safepoint "Cleanup", Time since last: 3000656380 ns, Reaching safepoint: 401984 ns, At safepoint: 14848 ns, Total: 416832 ns
[2022-08-29T06:42:16.185+0000][7][safepoint   ] Safepoint "Cleanup", Time since last: 3001356354 ns, Reaching safepoint: 267481 ns, At safepoint: 9468 ns, Total: 276949 ns
[2022-08-29T06:42:19.186+0000][7][safepoint   ] Safepoint "Cleanup", Time since last: 3001088411 ns, Reaching safepoint: 327975 ns, At safepoint: 13575 ns, Total: 341550 ns
[2022-08-29T06:42:26.189+0000][7][safepoint   ] Safepoint "Cleanup", Time since last: 7001635568 ns, Reaching safepoint: 525014 ns, At safepoint: 69460 ns, Total: 594474 ns
[2022-08-29T06:42:28.190+0000][7][safepoint   ] Safepoint "Cleanup", Time since last: 2001207545 ns, Reaching safepoint: 359524 ns, At safepoint: 63128 ns, Total: 422652 ns
[2022-08-29T06:42:34.192+0000][7][safepoint   ] Safepoint "Cleanup", Time since last: 6001529428 ns, Reaching safepoint: 196519 ns, At safepoint: 34585 ns, Total: 231104 ns
[2022-08-29T06:42:35.193+0000][7][safepoint   ] Safepoint "Cleanup", Time since last: 1000577543 ns, Reaching safepoint: 613220 ns, At safepoint: 63118 ns, Total: 676338 ns
[2022-08-29T06:42:36.194+0000][7][safepoint   ] Safepoint "Cleanup", Time since last: 1002324397 ns, Reaching safepoint: 389911 ns, At safepoint: 7354 ns, Total: 397265 ns
[2022-08-29T06:42:39.196+0000][7][safepoint   ] Safepoint "Cleanup", Time since last: 3001075367 ns, Reaching safepoint: 313397 ns, At safepoint: 14297 ns, Total: 327694 ns
[2022-08-29T06:42:41.198+0000][7][safepoint   ] Safepoint "Cleanup", Time since last: 2001136411 ns, Reaching safepoint: 487795 ns, At safepoint: 71294 ns, Total: 559089 ns
[2022-08-29T06:42:43.199+0000][7][safepoint   ] Safepoint "Cleanup", Time since last: 2000984976 ns, Reaching safepoint: 323727 ns, At safepoint: 141596 ns, Total: 465323 ns
[2022-08-29T06:42:44.201+0000][7][safepoint   ] Safepoint "Cleanup", Time since last: 1001227191 ns, Reaching safepoint: 308248 ns, At safepoint: 3967 ns, Total: 312215 ns
[2022-08-29T06:42:46.202+0000][7][safepoint   ] Safepoint "Cleanup", Time since last: 2001125852 ns, Reaching safepoint: 533580 ns, At safepoint: 6282 ns, Total: 539862 ns
[2022-08-29T06:42:57.206+0000][7][safepoint   ] Safepoint "Cleanup", Time since last: 11003531693 ns, Reaching safepoint: 490630 ns, At safepoint: 6773 ns, Total: 497403 ns
[2022-08-29T06:42:58.208+0000][7][safepoint   ] Safepoint "Cleanup", Time since last: 1000938319 ns, Reaching safepoint: 394720 ns, At safepoint: 68889 ns, Total: 463609 ns
[2022-08-29T06:43:07.311+0000][7][safepoint   ] Safepoint "Cleanup", Time since last: 9100035588 ns, Reaching safepoint: 378730 ns, At safepoint: 4508 ns, Total: 383238 ns
[2022-08-29T06:43:09.316+0000][7][safepoint   ] Safepoint "Cleanup", Time since last: 2005010095 ns, Reaching safepoint: 390021 ns, At safepoint: 96561 ns, Total: 486582 ns
[2022-08-29T06:43:10.317+0000][7][safepoint   ] Safepoint "Cleanup", Time since last: 1000869591 ns, Reaching safepoint: 201317 ns, At safepoint: 34986 ns, Total: 236303 ns
[2022-08-29T06:43:13.830+0000][7][safepoint   ] Safepoint "Cleanup", Time since last: 3000817242 ns, Reaching safepoint: 511811527 ns, At safepoint: 282049 ns, Total: 512093576 ns
[2022-08-29T06:43:14.831+0000][7][safepoint   ] Safepoint "Cleanup", Time since last: 1000574798 ns, Reaching safepoint: 342201 ns, At safepoint: 85911 ns, Total: 428112 ns
[2022-08-29T06:43:28.834+0000][7][safepoint   ] Safepoint "Cleanup", Time since last: 14002519506 ns, Reaching safepoint: 480050 ns, At safepoint: 5921 ns, Total: 485971 ns
[2022-08-29T06:43:39.835+0000][7][safepoint   ] Safepoint "Cleanup", Time since last: 11002811071 ns, Reaching safepoint: 462558 ns, At safepoint: 14046 ns, Total: 476604 ns
[2022-08-29T06:43:42.837+0000][7][safepoint   ] Safepoint "Cleanup", Time since last: 3001250535 ns, Reaching safepoint: 286738 ns, At safepoint: 59802 ns, Total: 346540 ns
[2022-08-29T06:43:45.024+0000][7][safepoint   ] Safepoint "Cleanup", Time since last: 2000708048 ns, Reaching safepoint: 185201873 ns, At safepoint: 1464025 ns, Total: 186665898 ns
[2022-08-29T06:44:03.028+0000][7][safepoint   ] Safepoint "Cleanup", Time since last: 18003650347 ns, Reaching safepoint: 383949 ns, At safepoint: 39094 ns, Total: 423043 ns
[2022-08-29T06:44:10.031+0000][7][safepoint   ] Safepoint "Cleanup", Time since last: 7002780974 ns, Reaching safepoint: 332965 ns, At safepoint: 4247 ns, Total: 337212 ns
[2022-08-29T06:44:16.034+0000][7][safepoint   ] Safepoint "Cleanup", Time since last: 6001888441 ns, Reaching safepoint: 259447 ns, At safepoint: 3998 ns, Total: 263445 ns
[2022-08-29T06:44:22.036+0000][7][safepoint   ] Safepoint "Cleanup", Time since last: 6001865027 ns, Reaching safepoint: 525786 ns, At safepoint: 75852 ns, Total: 601638 ns
[2022-08-29T06:44:40.050+0000][7][safepoint   ] Safepoint "Cleanup", Time since last: 18003889654 ns, Reaching safepoint: 754004 ns, At safepoint: 15659 ns, Total: 769663 ns
[2022-08-29T06:44:48.064+0000][7][safepoint   ] Safepoint "Cleanup", Time since last: 8013772565 ns, Reaching safepoint: 466334 ns, At safepoint: 96050 ns, Total: 562384 ns
[2022-08-29T06:44:58.098+0000][7][safepoint   ] Safepoint "Cleanup", Time since last: 9929318173 ns, Reaching safepoint: 104036278 ns, At safepoint: 61305 ns, Total: 104097583 ns
[2022-08-29T06:45:07.265+0000][7][safepoint   ] Safepoint "Cleanup", Time since last: 9175162430 ns, Reaching safepoint: 590768 ns, At safepoint: 53089 ns, Total: 643857 ns
[2022-08-29T06:45:09.268+0000][7][safepoint   ] Safepoint "Cleanup", Time since last: 2002680647 ns, Reaching safepoint: 278502 ns, At safepoint: 4990 ns, Total: 283492 ns
[2022-08-29T06:45:10.269+0000][7][safepoint   ] Safepoint "Cleanup", Time since last: 1000832000 ns, Reaching safepoint: 433132 ns, At safepoint: 4538 ns, Total: 437670 ns
[2022-08-29T06:45:18.271+0000][7][safepoint   ] Safepoint "Cleanup", Time since last: 8001989932 ns, Reaching safepoint: 373150 ns, At safepoint: 37761 ns, Total: 410911 ns
[2022-08-29T06:45:29.274+0000][7][safepoint   ] Safepoint "Cleanup", Time since last: 11002578305 ns, Reaching safepoint: 325681 ns, At safepoint: 5390 ns, Total: 331071 ns
[2022-08-29T06:45:40.275+0000][7][safepoint   ] Safepoint "Cleanup", Time since last: 11002378711 ns, Reaching safepoint: 416771 ns, At safepoint: 12684 ns, Total: 429455 ns
[2022-08-29T06:45:43.277+0000][7][safepoint   ] Safepoint "Cleanup", Time since last: 3001490114 ns, Reaching safepoint: 473308 ns, At safepoint: 37390 ns, Total: 510698 ns
[2022-08-29T06:45:48.279+0000][7][safepoint   ] Safepoint "Cleanup", Time since last: 5001259772 ns, Reaching safepoint: 343925 ns, At safepoint: 46417 ns, Total: 390342 ns
[2022-08-29T06:46:08.791+0000][7][safepoint   ] Safepoint "Cleanup", Time since last: 20488123524 ns, Reaching safepoint: 238647 ns, At safepoint: 3657 ns, Total: 242304 ns
[2022-08-29T06:46:09.814+0000][7][safepoint   ] Safepoint "Cleanup", Time since last: 1004646753 ns, Reaching safepoint: 18498254 ns, At safepoint: 112381 ns, Total: 18610635 ns
[2022-08-29T06:46:21.017+0000][7][safepoint   ] Safepoint "Cleanup", Time since last: 11005905083 ns, Reaching safepoint: 196885050 ns, At safepoint: 100588 ns, Total: 196985638 ns
[2022-08-29T06:46:22.277+0000][7][safepoint   ] Safepoint "Cleanup", Time since last: 1002097553 ns, Reaching safepoint: 257973190 ns, At safepoint: 42299 ns, Total: 258015489 ns
[2022-08-29T06:46:23.288+0000][7][safepoint   ] Safepoint "Cleanup", Time since last: 1010478969 ns, Reaching safepoint: 288029 ns, At safepoint: 19938 ns, Total: 307967 ns
[2022-08-29T06:46:40.415+0000][7][safepoint   ] Safepoint "Cleanup", Time since last: 17003180755 ns, Reaching safepoint: 134049553 ns, At safepoint: 123993 ns, Total: 134173546 ns
[2022-08-29T06:46:52.418+0000][7][safepoint   ] Safepoint "Cleanup", Time since last: 12002907523 ns, Reaching safepoint: 388879 ns, At safepoint: 62397 ns, Total: 451276 ns
[2022-08-29T06:47:09.412+0000][7][safepoint   ] Safepoint "Cleanup", Time since last: 17004275408 ns, Reaching safepoint: 389140 ns, At safepoint: 53971 ns, Total: 443111 ns
[2022-08-29T06:47:23.415+0000][7][safepoint   ] Safepoint "Cleanup", Time since last: 14002861536 ns, Reaching safepoint: 398007 ns, At safepoint: 12463 ns, Total: 410470 ns
[2022-08-29T06:47:56.156+0000][7][safepoint   ] Safepoint "Cleanup", Time since last: 32507208759 ns, Reaching safepoint: 231861160 ns, At safepoint: 66615 ns, Total: 231927775 ns
[2022-08-29T06:47:57.159+0000][7][safepoint   ] Safepoint "Cleanup", Time since last: 1002465483 ns, Reaching safepoint: 368501 ns, At safepoint: 54662 ns, Total: 423163 ns
[2022-08-29T06:48:10.158+0000][7][safepoint   ] Safepoint "Cleanup", Time since last: 13002940936 ns, Reaching safepoint: 510036 ns, At safepoint: 74670 ns, Total: 584706 ns
[2022-08-29T06:48:11.159+0000][7][safepoint   ] Safepoint "Cleanup", Time since last: 1001088752 ns, Reaching safepoint: 307135 ns, At safepoint: 5120 ns, Total: 312255 ns
[2022-08-29T06:48:27.184+0000][7][safepoint   ] Safepoint "Cleanup", Time since last: 16023873585 ns, Reaching safepoint: 526597 ns, At safepoint: 6082 ns, Total: 532679 ns
[2022-08-29T06:48:40.189+0000][7][safepoint   ] Safepoint "Cleanup", Time since last: 13003449749 ns, Reaching safepoint: 437911 ns, At safepoint: 5500 ns, Total: 443411 ns
[2022-08-29T06:48:46.191+0000][7][safepoint   ] Safepoint "Cleanup", Time since last: 6001363747 ns, Reaching safepoint: 414157 ns, At safepoint: 25688 ns, Total: 439845 ns
[2022-08-29T06:48:50.194+0000][7][safepoint   ] Safepoint "Cleanup", Time since last: 4001798423 ns, Reaching safepoint: 799779 ns, At safepoint: 12434 ns, Total: 812213 ns
[2022-08-29T06:48:57.198+0000][7][safepoint   ] Safepoint "Cleanup", Time since last: 7003293226 ns, Reaching safepoint: 540102 ns, At safepoint: 6051 ns, Total: 546153 ns
[2022-08-29T06:49:27.237+0000][7][safepoint   ] Safepoint "Cleanup", Time since last: 30040783111 ns, Reaching safepoint: 359154 ns, At safepoint: 4879 ns, Total: 364033 ns
[2022-08-29T06:49:40.305+0000][7][safepoint   ] Safepoint "Cleanup", Time since last: 13065988058 ns, Reaching safepoint: 543920 ns, At safepoint: 5290 ns, Total: 549210 ns
[2022-08-29T06:49:42.308+0000][7][safepoint   ] Safepoint "Cleanup", Time since last: 2002259837 ns, Reaching safepoint: 545834 ns, At safepoint: 7254 ns, Total: 553088 ns
[2022-08-29T06:49:56.311+0000][7][safepoint   ] Safepoint "Cleanup", Time since last: 14002684064 ns, Reaching safepoint: 336010 ns, At safepoint: 3797 ns, Total: 339807 ns
[2022-08-29T06:49:57.312+0000][7][safepoint   ] Safepoint "Cleanup", Time since last: 1000837981 ns, Reaching safepoint: 532408 ns, At safepoint: 6012 ns, Total: 538420 ns
[2022-08-29T06:50:08.329+0000][7][safepoint   ] Safepoint "Cleanup", Time since last: 11003200071 ns, Reaching safepoint: 492934 ns, At safepoint: 9237 ns, Total: 502171 ns
[2022-08-29T06:50:27.366+0000][7][safepoint   ] Safepoint "Cleanup", Time since last: 19035858807 ns, Reaching safepoint: 504296 ns, At safepoint: 5801 ns, Total: 510097 ns
[2022-08-29T06:50:57.374+0000][7][safepoint   ] Safepoint "Cleanup", Time since last: 30021957342 ns, Reaching safepoint: 443261 ns, At safepoint: 7284 ns, Total: 450545 ns
[2022-08-29T06:51:10.380+0000][7][safepoint   ] Safepoint "Cleanup", Time since last: 13005820254 ns, Reaching safepoint: 309309 ns, At safepoint: 4860 ns, Total: 314169 ns
[2022-08-29T06:51:12.381+0000][7][safepoint   ] Safepoint "Cleanup", Time since last: 2000881703 ns, Reaching safepoint: 544822 ns, At safepoint: 5991 ns, Total: 550813 ns
[2022-08-29T06:51:27.386+0000][7][safepoint   ] Safepoint "Cleanup", Time since last: 15004073199 ns, Reaching safepoint: 490940 ns, At safepoint: 63129 ns, Total: 554069 ns
[2022-08-29T06:51:40.396+0000][7][safepoint   ] Safepoint "Cleanup", Time since last: 13009707542 ns, Reaching safepoint: 286217 ns, At safepoint: 4648 ns, Total: 290865 ns
[2022-08-29T06:51:42.398+0000][7][safepoint   ] Safepoint "Cleanup", Time since last: 2001086548 ns, Reaching safepoint: 336911 ns, At safepoint: 3637 ns, Total: 340548 ns
[2022-08-29T06:51:43.399+0000][7][safepoint   ] Safepoint "Cleanup", Time since last: 1000795822 ns, Reaching safepoint: 340880 ns, At safepoint: 3767 ns, Total: 344647 ns
[2022-08-29T06:51:58.402+0000][7][safepoint   ] Safepoint "Cleanup", Time since last: 15002378721 ns, Reaching safepoint: 312526 ns, At safepoint: 58340 ns, Total: 370866 ns
[2022-08-29T06:51:59.716+0000][7][safepoint   ] Safepoint "Cleanup", Time since last: 1000922660 ns, Reaching safepoint: 312913653 ns, At safepoint: 285796 ns, Total: 313199449 ns
[2022-08-29T06:52:11.722+0000][7][safepoint   ] Safepoint "Cleanup", Time since last: 12004554952 ns, Reaching safepoint: 409949 ns, At safepoint: 12223 ns, Total: 422172 ns
[2022-08-29T06:52:28.728+0000][7][safepoint   ] Safepoint "Cleanup", Time since last: 17003865118 ns, Reaching safepoint: 1359639 ns, At safepoint: 68098 ns, Total: 1427737 ns
[2022-08-29T06:52:29.739+0000][7][safepoint   ] Safepoint "Cleanup", Time since last: 1003596724 ns, Reaching safepoint: 8027973 ns, At safepoint: 31879 ns, Total: 8059852 ns
[2022-08-29T06:52:59.750+0000][7][safepoint   ] Safepoint "Cleanup", Time since last: 30010404752 ns, Reaching safepoint: 422102 ns, At safepoint: 7974 ns, Total: 430076 ns
[2022-08-29T06:53:01.752+0000][7][safepoint   ] Safepoint "Cleanup", Time since last: 2001217523 ns, Reaching safepoint: 275877 ns, At safepoint: 7034 ns, Total: 282911 ns
[2022-08-29T06:53:29.905+0000][7][safepoint   ] Safepoint "Cleanup", Time since last: 28139012150 ns, Reaching safepoint: 502091 ns, At safepoint: 5120 ns, Total: 507211 ns
[2022-08-29T06:53:39.894+0000][7][safepoint   ] Safepoint "Cleanup", Time since last: 10002910548 ns, Reaching safepoint: 571351 ns, At safepoint: 3617 ns, Total: 574968 ns
[2022-08-29T06:54:01.283+0000][7][safepoint   ] Safepoint "Cleanup", Time since last: 21388429096 ns, Reaching safepoint: 366047 ns, At safepoint: 13255 ns, Total: 379302 ns
[2022-08-29T06:54:31.304+0000][7][safepoint   ] Safepoint "Cleanup", Time since last: 30007298256 ns, Reaching safepoint: 521348 ns, At safepoint: 77595 ns, Total: 598943 ns
[2022-08-29T07:02:26.627+0000][7][safepoint   ] Safepoint "Cleanup", Time since last: 471135432075 ns, Reaching safepoint: 4029544727 ns, At safepoint: 26972703 ns, Total: 4056517430 ns
[2022-08-29T07:02:35.820+0000][7][safepoint   ] Safepoint "Cleanup", Time since last: 1908768271 ns, Reaching safepoint: 4095181816 ns, At safepoint: 3189137654 ns, Total: 7284319470 ns
[2022-08-29T07:02:44.404+0000][7][safepoint   ] Safepoint "Cleanup", Time since last: 7740991701 ns, Reaching safepoint: 842850244 ns, At safepoint: 58579 ns, Total: 842908823 ns
[2022-08-29T07:02:53.014+0000][7][safepoint   ] Safepoint "Cleanup", Time since last: 9034625523 ns, Reaching safepoint: 452890 ns, At safepoint: 24375 ns, Total: 477265 ns
[2022-08-29T07:02:57.016+0000][7][safepoint   ] Safepoint "Cleanup", Time since last: 4001304036 ns, Reaching safepoint: 419997 ns, At safepoint: 6984 ns, Total: 426981 ns
[2022-08-29T07:03:23.303+0000][7][safepoint   ] Safepoint "Cleanup", Time since last: 26006437703 ns, Reaching safepoint: 609613 ns, At safepoint: 47108 ns, Total: 656721 ns
[2022-08-29T07:03:33.306+0000][7][safepoint   ] Safepoint "Cleanup", Time since last: 10002488788 ns, Reaching safepoint: 564959 ns, At safepoint: 61034 ns, Total: 625993 ns
[2022-08-29T07:03:54.309+0000][7][safepoint   ] Safepoint "Cleanup", Time since last: 21003662759 ns, Reaching safepoint: 385714 ns, At safepoint: 3987 ns, Total: 389701 ns
[2022-08-29T07:04:23.328+0000][7][safepoint   ] Safepoint "Cleanup", Time since last: 29016900401 ns, Reaching safepoint: 711013 ns, At safepoint: 67617 ns, Total: 778630 ns
[2022-08-29T07:04:24.330+0000][7][safepoint   ] Safepoint "Cleanup", Time since last: 1000902242 ns, Reaching safepoint: 649217 ns, At safepoint: 4088 ns, Total: 653305 ns
[2022-08-29T07:04:32.332+0000][7][safepoint   ] Safepoint "Cleanup", Time since last: 8001723632 ns, Reaching safepoint: 321103 ns, At safepoint: 4037 ns, Total: 325140 ns
[2022-08-29T07:04:54.335+0000][7][safepoint   ] Safepoint "Cleanup", Time since last: 22004275739 ns, Reaching safepoint: 490830 ns, At safepoint: 6202 ns, Total: 497032 ns
[2022-08-29T07:04:58.338+0000][7][safepoint   ] Safepoint "Cleanup", Time since last: 4002012413 ns, Reaching safepoint: 516639 ns, At safepoint: 5931 ns, Total: 522570 ns
[2022-08-29T07:05:13.744+0000][7][safepoint   ] Safepoint "Cleanup", Time since last: 15234406153 ns, Reaching safepoint: 171273969 ns, At safepoint: 196258 ns, Total: 171470227 ns
[2022-08-29T07:05:14.780+0000][7][safepoint   ] Safepoint "Cleanup", Time since last: 1001407489 ns, Reaching safepoint: 34636924 ns, At safepoint: 62267 ns, Total: 34699191 ns
[2022-08-29T07:05:15.877+0000][7][safepoint   ] Safepoint "Cleanup", Time since last: 1001523096 ns, Reaching safepoint: 94909114 ns, At safepoint: 113353 ns, Total: 95022467 ns
[2022-08-29T07:05:16.932+0000][7][safepoint   ] Safepoint "Cleanup", Time since last: 1055251647 ns, Reaching safepoint: 206477 ns, At safepoint: 26069 ns, Total: 232546 ns
[2022-08-29T07:05:17.026+0000][7][gc,heap,exit] Heap
[2022-08-29T07:05:17.027+0000][7][gc,heap,exit]  garbage-first heap   total 262144K, used 169409K [0x00000000f0000000, 0x0000000100000000)
[2022-08-29T07:05:17.027+0000][7][gc,heap,exit]   region size 4096K, 25 young (102400K), 4 survivors (16384K)
[2022-08-29T07:05:17.027+0000][7][gc,heap,exit]  Metaspace       used 95084K, capacity 98437K, committed 99416K, reserved 1134592K
[2022-08-29T07:05:17.027+0000][7][gc,heap,exit]   class space    used 12791K, capacity 13822K, committed 13952K, reserved 1048576K
