[2022-08-29T07:05:21.586+0000][164][gc] Using G1
[2022-08-29T07:05:21.590+0000][164][gc,init] Version: 15.0.1+9 (release)
[2022-08-29T07:05:21.590+0000][164][gc,init] CPUs: 6 total, 6 available
[2022-08-29T07:05:21.591+0000][164][gc,init] Memory: 5874M
[2022-08-29T07:05:21.591+0000][164][gc,init] Large Page Support: Disabled
[2022-08-29T07:05:21.591+0000][164][gc,init] NUMA Support: Disabled
[2022-08-29T07:05:21.592+0000][164][gc,init] Compressed Oops: Enabled (32-bit)
[2022-08-29T07:05:21.592+0000][164][gc,init] Heap Region Size: 1M
[2022-08-29T07:05:21.593+0000][164][gc,init] Heap Min Capacity: 256M
[2022-08-29T07:05:21.593+0000][164][gc,init] Heap Initial Capacity: 256M
[2022-08-29T07:05:21.594+0000][164][gc,init] Heap Max Capacity: 256M
[2022-08-29T07:05:21.594+0000][164][gc,init] Pre-touch: Disabled
[2022-08-29T07:05:21.594+0000][164][gc,init] Parallel Workers: 6
[2022-08-29T07:05:21.595+0000][164][gc,init] Concurrent Workers: 2
[2022-08-29T07:05:21.595+0000][164][gc,init] Concurrent Refinement Workers: 6
[2022-08-29T07:05:21.595+0000][164][gc,init] Periodic GC: Disabled
[2022-08-29T07:05:21.596+0000][164][gc,metaspace] CDS disabled.
[2022-08-29T07:05:21.597+0000][164][gc,metaspace] Compressed class space mapped at: 0x0000000100000000-0x0000000140000000, size: 1073741824
[2022-08-29T07:05:21.597+0000][164][gc,metaspace] Narrow klass base: 0x0000000000000000, Narrow klass shift: 3, Narrow klass range: 0x140000000
[2022-08-29T07:05:21.704+0000][164][gc,heap,exit] Heap
[2022-08-29T07:05:21.704+0000][164][gc,heap,exit]  garbage-first heap   total 262144K, used 1024K [0x00000000f0000000, 0x0000000100000000)
[2022-08-29T07:05:21.704+0000][164][gc,heap,exit]   region size 1024K, 2 young (2048K), 0 survivors (0K)
[2022-08-29T07:05:21.705+0000][164][gc,heap,exit]  Metaspace       used 3402K, capacity 4480K, committed 4480K, reserved 1056768K
[2022-08-29T07:05:21.705+0000][164][gc,heap,exit]   class space    used 278K, capacity 384K, committed 384K, reserved 1048576K
