[2022-08-29T03:50:46.761+0000][7][gc] Using G1
[2022-08-29T03:50:46.851+0000][7][gc,init] Version: 15.0.1+9 (release)
[2022-08-29T03:50:46.851+0000][7][gc,init] CPUs: 6 total, 6 available
[2022-08-29T03:50:46.851+0000][7][gc,init] Memory: 5874M
[2022-08-29T03:50:46.851+0000][7][gc,init] Large Page Support: Disabled
[2022-08-29T03:50:46.852+0000][7][gc,init] NUMA Support: Disabled
[2022-08-29T03:50:46.852+0000][7][gc,init] Compressed Oops: Enabled (32-bit)
[2022-08-29T03:50:46.852+0000][7][gc,init] Heap Region Size: 4M
[2022-08-29T03:50:46.853+0000][7][gc,init] Heap Min Capacity: 256M
[2022-08-29T03:50:46.853+0000][7][gc,init] Heap Initial Capacity: 256M
[2022-08-29T03:50:46.853+0000][7][gc,init] Heap Max Capacity: 256M
[2022-08-29T03:50:46.853+0000][7][gc,init] Pre-touch: Enabled
[2022-08-29T03:50:46.854+0000][7][gc,init] Parallel Workers: 6
[2022-08-29T03:50:46.854+0000][7][gc,init] Concurrent Workers: 2
[2022-08-29T03:50:46.854+0000][7][gc,init] Concurrent Refinement Workers: 6
[2022-08-29T03:50:46.854+0000][7][gc,init] Periodic GC: Disabled
[2022-08-29T03:50:46.855+0000][7][gc,cds ] Mark closed archive regions in map: [0x00000000ffc00000, 0x00000000ffc7bff8]
[2022-08-29T03:50:46.855+0000][7][gc,cds ] Mark open archive regions in map: [0x00000000ffb00000, 0x00000000ffb51ff8]
[2022-08-29T03:50:46.855+0000][7][gc,metaspace] CDS archive(s) mapped at: [0x0000000800000000-0x0000000800b2a000-0x0000000800b2a000), size 11706368, SharedBaseAddress: 0x0000000800000000, ArchiveRelocationMode: 0.
[2022-08-29T03:50:46.855+0000][7][gc,metaspace] Compressed class space mapped at: 0x0000000800b2c000-0x0000000840b2c000, size: 1073741824
[2022-08-29T03:50:46.855+0000][7][gc,metaspace] Narrow klass base: 0x0000000800000000, Narrow klass shift: 3, Narrow klass range: 0x100000000
[2022-08-29T03:50:47.170+0000][7][safepoint   ] Safepoint "ICBufferFull", Time since last: 309604298 ns, Reaching safepoint: 399670 ns, At safepoint: 155692 ns, Total: 555362 ns
[2022-08-29T03:50:47.173+0000][7][gc,start    ] GC(0) Pause Young (Normal) (G1 Evacuation Pause)
[2022-08-29T03:50:47.175+0000][7][gc,task     ] GC(0) Using 6 workers of 6 for evacuation
[2022-08-29T03:50:47.175+0000][7][gc,age      ] GC(0) Desired survivor size 2097152 bytes, new threshold 15 (max threshold 15)
[2022-08-29T03:50:47.177+0000][7][gc,age      ] GC(0) Age table with threshold 15 (max threshold 15)
[2022-08-29T03:50:47.178+0000][7][gc,age      ] GC(0) - age   1:    3354936 bytes,    3354936 total
[2022-08-29T03:50:47.178+0000][7][gc,phases   ] GC(0)   Pre Evacuate Collection Set: 0.1ms
[2022-08-29T03:50:47.178+0000][7][gc,phases   ] GC(0)   Merge Heap Roots: 0.1ms
[2022-08-29T03:50:47.178+0000][7][gc,phases   ] GC(0)   Evacuate Collection Set: 1.2ms
[2022-08-29T03:50:47.178+0000][7][gc,phases   ] GC(0)   Post Evacuate Collection Set: 0.5ms
[2022-08-29T03:50:47.178+0000][7][gc,phases   ] GC(0)   Other: 2.3ms
[2022-08-29T03:50:47.179+0000][7][gc,heap     ] GC(0) Eden regions: 4->0(4)
[2022-08-29T03:50:47.179+0000][7][gc,heap     ] GC(0) Survivor regions: 0->1(1)
[2022-08-29T03:50:47.179+0000][7][gc,heap     ] GC(0) Old regions: 0->0
[2022-08-29T03:50:47.179+0000][7][gc,heap     ] GC(0) Archive regions: 2->2
[2022-08-29T03:50:47.179+0000][7][gc,heap     ] GC(0) Humongous regions: 0->0
[2022-08-29T03:50:47.179+0000][7][gc,metaspace] GC(0) Metaspace: 5122K(7680K)->5122K(7680K) NonClass: 4600K(6912K)->4600K(6912K) Class: 521K(768K)->521K(768K)
[2022-08-29T03:50:47.180+0000][7][gc          ] GC(0) Pause Young (Normal) (G1 Evacuation Pause) 19M->7M(256M) 6.186ms
[2022-08-29T03:50:47.180+0000][7][gc,cpu      ] GC(0) User=0.02s Sys=0.00s Real=0.01s
[2022-08-29T03:50:47.180+0000][7][safepoint   ] Safepoint "G1CollectForAllocation", Time since last: 2800501 ns, Reaching safepoint: 199714 ns, At safepoint: 6587722 ns, Total: 6787436 ns
[2022-08-29T03:50:47.505+0000][7][gc,start    ] GC(1) Pause Young (Normal) (G1 Evacuation Pause)
[2022-08-29T03:50:47.506+0000][7][gc,task     ] GC(1) Using 6 workers of 6 for evacuation
[2022-08-29T03:50:47.506+0000][7][gc,age      ] GC(1) Desired survivor size 2097152 bytes, new threshold 1 (max threshold 15)
[2022-08-29T03:50:47.510+0000][7][gc,age      ] GC(1) Age table with threshold 1 (max threshold 15)
[2022-08-29T03:50:47.510+0000][7][gc,age      ] GC(1) - age   1:    1299232 bytes,    1299232 total
[2022-08-29T03:50:47.510+0000][7][gc,phases   ] GC(1)   Pre Evacuate Collection Set: 0.3ms
[2022-08-29T03:50:47.510+0000][7][gc,phases   ] GC(1)   Merge Heap Roots: 0.2ms
[2022-08-29T03:50:47.511+0000][7][gc,phases   ] GC(1)   Evacuate Collection Set: 2.1ms
[2022-08-29T03:50:47.511+0000][7][gc,phases   ] GC(1)   Post Evacuate Collection Set: 0.7ms
[2022-08-29T03:50:47.511+0000][7][gc,phases   ] GC(1)   Other: 1.7ms
[2022-08-29T03:50:47.511+0000][7][gc,heap     ] GC(1) Eden regions: 4->0(10)
[2022-08-29T03:50:47.511+0000][7][gc,heap     ] GC(1) Survivor regions: 1->1(1)
[2022-08-29T03:50:47.511+0000][7][gc,heap     ] GC(1) Old regions: 0->1
[2022-08-29T03:50:47.512+0000][7][gc,heap     ] GC(1) Archive regions: 2->2
[2022-08-29T03:50:47.512+0000][7][gc,heap     ] GC(1) Humongous regions: 0->0
[2022-08-29T03:50:47.512+0000][7][gc,metaspace] GC(1) Metaspace: 9908K(10496K)->9908K(10496K) NonClass: 8738K(9216K)->8738K(9216K) Class: 1169K(1280K)->1169K(1280K)
[2022-08-29T03:50:47.512+0000][7][gc          ] GC(1) Pause Young (Normal) (G1 Evacuation Pause) 23M->8M(256M) 6.723ms
[2022-08-29T03:50:47.512+0000][7][gc,cpu      ] GC(1) User=0.01s Sys=0.00s Real=0.00s
[2022-08-29T03:50:47.512+0000][7][safepoint   ] Safepoint "G1CollectForAllocation", Time since last: 325037255 ns, Reaching safepoint: 255599 ns, At safepoint: 7167239 ns, Total: 7422838 ns
[2022-08-29T03:50:48.008+0000][7][safepoint   ] Safepoint "ICBufferFull", Time since last: 495028398 ns, Reaching safepoint: 209362 ns, At safepoint: 9568 ns, Total: 218930 ns
[2022-08-29T03:50:48.250+0000][7][gc,start    ] GC(2) Pause Young (Normal) (G1 Evacuation Pause)
[2022-08-29T03:50:48.250+0000][7][gc,task     ] GC(2) Using 6 workers of 6 for evacuation
[2022-08-29T03:50:48.250+0000][7][gc,age      ] GC(2) Desired survivor size 4194304 bytes, new threshold 15 (max threshold 15)
[2022-08-29T03:50:48.256+0000][7][gc,age      ] GC(2) Age table with threshold 15 (max threshold 15)
[2022-08-29T03:50:48.256+0000][7][gc,age      ] GC(2) - age   1:    2435752 bytes,    2435752 total
[2022-08-29T03:50:48.257+0000][7][gc,age      ] GC(2) - age   2:    1250480 bytes,    3686232 total
[2022-08-29T03:50:48.257+0000][7][gc,phases   ] GC(2)   Pre Evacuate Collection Set: 0.1ms
[2022-08-29T03:50:48.257+0000][7][gc,phases   ] GC(2)   Merge Heap Roots: 0.4ms
[2022-08-29T03:50:48.257+0000][7][gc,phases   ] GC(2)   Evacuate Collection Set: 3.7ms
[2022-08-29T03:50:48.257+0000][7][gc,phases   ] GC(2)   Post Evacuate Collection Set: 1.6ms
[2022-08-29T03:50:48.258+0000][7][gc,phases   ] GC(2)   Other: 1.5ms
[2022-08-29T03:50:48.258+0000][7][gc,heap     ] GC(2) Eden regions: 10->0(34)
[2022-08-29T03:50:48.258+0000][7][gc,heap     ] GC(2) Survivor regions: 1->1(2)
[2022-08-29T03:50:48.258+0000][7][gc,heap     ] GC(2) Old regions: 1->1
[2022-08-29T03:50:48.258+0000][7][gc,heap     ] GC(2) Archive regions: 2->2
[2022-08-29T03:50:48.259+0000][7][gc,heap     ] GC(2) Humongous regions: 0->0
[2022-08-29T03:50:48.259+0000][7][gc,metaspace] GC(2) Metaspace: 14552K(14976K)->14552K(14976K) NonClass: 12859K(13056K)->12859K(13056K) Class: 1692K(1920K)->1692K(1920K)
[2022-08-29T03:50:48.259+0000][7][gc          ] GC(2) Pause Young (Normal) (G1 Evacuation Pause) 48M->10M(256M) 9.229ms
[2022-08-29T03:50:48.259+0000][7][gc,cpu      ] GC(2) User=0.01s Sys=0.01s Real=0.01s
[2022-08-29T03:50:48.259+0000][7][safepoint   ] Safepoint "G1CollectForAllocation", Time since last: 241522105 ns, Reaching safepoint: 258795 ns, At safepoint: 9626189 ns, Total: 9884984 ns
[2022-08-29T03:50:48.642+0000][7][safepoint   ] Safepoint "ICBufferFull", Time since last: 383005244 ns, Reaching safepoint: 259497 ns, At safepoint: 3978 ns, Total: 263475 ns
[2022-08-29T03:50:48.648+0000][7][safepoint   ] Safepoint "ICBufferFull", Time since last: 5319454 ns, Reaching safepoint: 83466 ns, At safepoint: 3627 ns, Total: 87093 ns
[2022-08-29T03:50:48.653+0000][7][safepoint   ] Safepoint "ICBufferFull", Time since last: 4906931 ns, Reaching safepoint: 106028 ns, At safepoint: 3607 ns, Total: 109635 ns
[2022-08-29T03:50:48.656+0000][7][safepoint   ] Safepoint "ICBufferFull", Time since last: 3205681 ns, Reaching safepoint: 108623 ns, At safepoint: 3376 ns, Total: 111999 ns
[2022-08-29T03:50:48.663+0000][7][safepoint   ] Safepoint "ICBufferFull", Time since last: 6505228 ns, Reaching safepoint: 164488 ns, At safepoint: 40617 ns, Total: 205105 ns
[2022-08-29T03:50:48.666+0000][7][safepoint   ] Safepoint "ICBufferFull", Time since last: 2993012 ns, Reaching safepoint: 118652 ns, At safepoint: 7224 ns, Total: 125876 ns
[2022-08-29T03:50:48.670+0000][7][safepoint   ] Safepoint "ICBufferFull", Time since last: 3559383 ns, Reaching safepoint: 137097 ns, At safepoint: 3146 ns, Total: 140243 ns
[2022-08-29T03:50:48.673+0000][7][safepoint   ] Safepoint "ICBufferFull", Time since last: 2644428 ns, Reaching safepoint: 251552 ns, At safepoint: 4278 ns, Total: 255830 ns
[2022-08-29T03:50:48.680+0000][7][safepoint   ] Safepoint "ICBufferFull", Time since last: 7688677 ns, Reaching safepoint: 80090 ns, At safepoint: 2805 ns, Total: 82895 ns
[2022-08-29T03:50:48.692+0000][7][safepoint   ] Safepoint "ICBufferFull", Time since last: 12037270 ns, Reaching safepoint: 85079 ns, At safepoint: 2365 ns, Total: 87444 ns
[2022-08-29T03:50:48.701+0000][7][safepoint   ] Safepoint "ICBufferFull", Time since last: 8433943 ns, Reaching safepoint: 67166 ns, At safepoint: 7073 ns, Total: 74239 ns
[2022-08-29T03:50:48.706+0000][7][safepoint   ] Safepoint "ICBufferFull", Time since last: 4738986 ns, Reaching safepoint: 252083 ns, At safepoint: 4328 ns, Total: 256411 ns
[2022-08-29T03:50:48.710+0000][7][safepoint   ] Safepoint "ICBufferFull", Time since last: 3513237 ns, Reaching safepoint: 121088 ns, At safepoint: 3015 ns, Total: 124103 ns
[2022-08-29T03:50:48.723+0000][7][safepoint   ] Safepoint "ICBufferFull", Time since last: 13624566 ns, Reaching safepoint: 111880 ns, At safepoint: 3156 ns, Total: 115036 ns
[2022-08-29T03:50:48.727+0000][7][safepoint   ] Safepoint "ICBufferFull", Time since last: 2764774 ns, Reaching safepoint: 1218124 ns, At safepoint: 7203 ns, Total: 1225327 ns
[2022-08-29T03:50:48.738+0000][7][safepoint   ] Safepoint "ICBufferFull", Time since last: 10004308 ns, Reaching safepoint: 278833 ns, At safepoint: 52939 ns, Total: 331772 ns
[2022-08-29T03:50:48.742+0000][7][safepoint   ] Safepoint "ICBufferFull", Time since last: 3746826 ns, Reaching safepoint: 96981 ns, At safepoint: 3998 ns, Total: 100979 ns
[2022-08-29T03:50:48.745+0000][7][safepoint   ] Safepoint "ICBufferFull", Time since last: 3487469 ns, Reaching safepoint: 132829 ns, At safepoint: 51927 ns, Total: 184756 ns
[2022-08-29T03:50:48.750+0000][7][safepoint   ] Safepoint "ICBufferFull", Time since last: 4982372 ns, Reaching safepoint: 151955 ns, At safepoint: 5501 ns, Total: 157456 ns
[2022-08-29T03:50:48.765+0000][7][safepoint   ] Safepoint "ICBufferFull", Time since last: 14119334 ns, Reaching safepoint: 127318 ns, At safepoint: 8596 ns, Total: 135914 ns
[2022-08-29T03:50:48.766+0000][7][safepoint   ] Safepoint "ICBufferFull", Time since last: 1182648 ns, Reaching safepoint: 221986 ns, At safepoint: 4839 ns, Total: 226825 ns
[2022-08-29T03:50:48.767+0000][7][safepoint   ] Safepoint "ICBufferFull", Time since last: 1121964 ns, Reaching safepoint: 187141 ns, At safepoint: 3576 ns, Total: 190717 ns
[2022-08-29T03:50:48.769+0000][7][safepoint   ] Safepoint "ICBufferFull", Time since last: 1138184 ns, Reaching safepoint: 170190 ns, At safepoint: 36808 ns, Total: 206998 ns
[2022-08-29T03:50:48.770+0000][7][safepoint   ] Safepoint "ICBufferFull", Time since last: 1220309 ns, Reaching safepoint: 131256 ns, At safepoint: 21911 ns, Total: 153167 ns
[2022-08-29T03:50:48.772+0000][7][safepoint   ] Safepoint "ICBufferFull", Time since last: 1370990 ns, Reaching safepoint: 179347 ns, At safepoint: 3496 ns, Total: 182843 ns
[2022-08-29T03:50:48.773+0000][7][safepoint   ] Safepoint "ICBufferFull", Time since last: 1146530 ns, Reaching safepoint: 180218 ns, At safepoint: 7464 ns, Total: 187682 ns
[2022-08-29T03:50:48.774+0000][7][safepoint   ] Safepoint "ICBufferFull", Time since last: 919123 ns, Reaching safepoint: 185778 ns, At safepoint: 4328 ns, Total: 190106 ns
[2022-08-29T03:50:48.775+0000][7][safepoint   ] Safepoint "ICBufferFull", Time since last: 977534 ns, Reaching safepoint: 177532 ns, At safepoint: 5400 ns, Total: 182932 ns
[2022-08-29T03:50:48.776+0000][7][safepoint   ] Safepoint "ICBufferFull", Time since last: 915327 ns, Reaching safepoint: 175118 ns, At safepoint: 4999 ns, Total: 180117 ns
[2022-08-29T03:50:48.777+0000][7][safepoint   ] Safepoint "ICBufferFull", Time since last: 905508 ns, Reaching safepoint: 172884 ns, At safepoint: 4218 ns, Total: 177102 ns
[2022-08-29T03:50:48.781+0000][7][safepoint   ] Safepoint "ICBufferFull", Time since last: 1012389 ns, Reaching safepoint: 2244087 ns, At safepoint: 11101 ns, Total: 2255188 ns
[2022-08-29T03:50:48.783+0000][7][safepoint   ] Safepoint "ICBufferFull", Time since last: 1912686 ns, Reaching safepoint: 249598 ns, At safepoint: 10199 ns, Total: 259797 ns
[2022-08-29T03:50:48.787+0000][7][safepoint   ] Safepoint "ICBufferFull", Time since last: 1808211 ns, Reaching safepoint: 2204784 ns, At safepoint: 12663 ns, Total: 2217447 ns
[2022-08-29T03:50:48.788+0000][7][safepoint   ] Safepoint "ICBufferFull", Time since last: 1314705 ns, Reaching safepoint: 77997 ns, At safepoint: 3597 ns, Total: 81594 ns
[2022-08-29T03:50:48.789+0000][7][safepoint   ] Safepoint "ICBufferFull", Time since last: 1065217 ns, Reaching safepoint: 119123 ns, At safepoint: 23163 ns, Total: 142286 ns
[2022-08-29T03:50:48.791+0000][7][safepoint   ] Safepoint "ICBufferFull", Time since last: 1130941 ns, Reaching safepoint: 80942 ns, At safepoint: 37741 ns, Total: 118683 ns
[2022-08-29T03:50:48.795+0000][7][safepoint   ] Safepoint "ICBufferFull", Time since last: 4016270 ns, Reaching safepoint: 159569 ns, At safepoint: 6964 ns, Total: 166533 ns
[2022-08-29T03:50:48.799+0000][7][safepoint   ] Safepoint "ICBufferFull", Time since last: 4238366 ns, Reaching safepoint: 82165 ns, At safepoint: 5249 ns, Total: 87414 ns
[2022-08-29T03:50:49.032+0000][7][safepoint   ] Safepoint "ICBufferFull", Time since last: 232182783 ns, Reaching safepoint: 316383 ns, At safepoint: 9047 ns, Total: 325430 ns
[2022-08-29T03:50:49.037+0000][7][gc,start    ] GC(3) Pause Young (Normal) (G1 Evacuation Pause)
[2022-08-29T03:50:49.037+0000][7][gc,task     ] GC(3) Using 6 workers of 6 for evacuation
[2022-08-29T03:50:49.037+0000][7][gc,age      ] GC(3) Desired survivor size 10485760 bytes, new threshold 15 (max threshold 15)
[2022-08-29T03:50:49.051+0000][7][gc,age      ] GC(3) Age table with threshold 15 (max threshold 15)
[2022-08-29T03:50:49.055+0000][7][gc,age      ] GC(3) - age   1:    3922032 bytes,    3922032 total
[2022-08-29T03:50:49.057+0000][7][gc,age      ] GC(3) - age   2:    2351128 bytes,    6273160 total
[2022-08-29T03:50:49.058+0000][7][gc,age      ] GC(3) - age   3:    1233976 bytes,    7507136 total
[2022-08-29T03:50:49.065+0000][7][gc,phases   ] GC(3)   Pre Evacuate Collection Set: 0.1ms
[2022-08-29T03:50:49.066+0000][7][gc,phases   ] GC(3)   Merge Heap Roots: 0.1ms
[2022-08-29T03:50:49.066+0000][7][gc,phases   ] GC(3)   Evacuate Collection Set: 13.0ms
[2022-08-29T03:50:49.066+0000][7][gc,phases   ] GC(3)   Post Evacuate Collection Set: 0.8ms
[2022-08-29T03:50:49.066+0000][7][gc,phases   ] GC(3)   Other: 14.5ms
[2022-08-29T03:50:49.066+0000][7][gc,heap     ] GC(3) Eden regions: 34->0(36)
[2022-08-29T03:50:49.066+0000][7][gc,heap     ] GC(3) Survivor regions: 1->2(5)
[2022-08-29T03:50:49.067+0000][7][gc,heap     ] GC(3) Old regions: 1->1
[2022-08-29T03:50:49.067+0000][7][gc,heap     ] GC(3) Archive regions: 2->2
[2022-08-29T03:50:49.067+0000][7][gc,heap     ] GC(3) Humongous regions: 0->0
[2022-08-29T03:50:49.067+0000][7][gc,metaspace] GC(3) Metaspace: 17938K(18432K)->17938K(18432K) NonClass: 15799K(16128K)->15799K(16128K) Class: 2139K(2304K)->2139K(2304K)
[2022-08-29T03:50:49.067+0000][7][gc          ] GC(3) Pause Young (Normal) (G1 Evacuation Pause) 146M->14M(256M) 30.321ms
[2022-08-29T03:50:49.067+0000][7][gc,cpu      ] GC(3) User=0.04s Sys=0.00s Real=0.03s
[2022-08-29T03:50:49.068+0000][7][safepoint   ] Safepoint "G1CollectForAllocation", Time since last: 4985197 ns, Reaching safepoint: 224331 ns, At safepoint: 31326277 ns, Total: 31550608 ns
[2022-08-29T03:50:49.373+0000][7][gc,start    ] GC(4) Pause Young (Normal) (G1 Evacuation Pause)
[2022-08-29T03:50:49.383+0000][7][gc,task     ] GC(4) Using 6 workers of 6 for evacuation
[2022-08-29T03:50:49.388+0000][7][gc,age      ] GC(4) Desired survivor size 10485760 bytes, new threshold 15 (max threshold 15)
[2022-08-29T03:50:49.415+0000][7][gc,age      ] GC(4) Age table with threshold 15 (max threshold 15)
[2022-08-29T03:50:49.418+0000][7][gc,age      ] GC(4) - age   1:    2476064 bytes,    2476064 total
[2022-08-29T03:50:49.425+0000][7][gc,age      ] GC(4) - age   2:    3316976 bytes,    5793040 total
[2022-08-29T03:50:49.429+0000][7][gc,age      ] GC(4) - age   3:    2351128 bytes,    8144168 total
[2022-08-29T03:50:49.430+0000][7][gc,age      ] GC(4) - age   4:    1233976 bytes,    9378144 total
[2022-08-29T03:50:49.431+0000][7][gc,phases   ] GC(4)   Pre Evacuate Collection Set: 0.1ms
[2022-08-29T03:50:49.431+0000][7][gc,phases   ] GC(4)   Merge Heap Roots: 0.0ms
[2022-08-29T03:50:49.431+0000][7][gc,phases   ] GC(4)   Evacuate Collection Set: 20.6ms
[2022-08-29T03:50:49.431+0000][7][gc,phases   ] GC(4)   Post Evacuate Collection Set: 4.4ms
[2022-08-29T03:50:49.431+0000][7][gc,phases   ] GC(4)   Other: 32.4ms
[2022-08-29T03:50:49.431+0000][7][gc,heap     ] GC(4) Eden regions: 36->0(35)
[2022-08-29T03:50:49.432+0000][7][gc,heap     ] GC(4) Survivor regions: 2->3(5)
[2022-08-29T03:50:49.432+0000][7][gc,heap     ] GC(4) Old regions: 1->1
[2022-08-29T03:50:49.432+0000][7][gc,heap     ] GC(4) Archive regions: 2->2
[2022-08-29T03:50:49.432+0000][7][gc,heap     ] GC(4) Humongous regions: 0->0
[2022-08-29T03:50:49.432+0000][7][gc,metaspace] GC(4) Metaspace: 18540K(19328K)->18540K(19328K) NonClass: 16330K(16896K)->16330K(16896K) Class: 2209K(2432K)->2209K(2432K)
[2022-08-29T03:50:49.432+0000][7][gc          ] GC(4) Pause Young (Normal) (G1 Evacuation Pause) 158M->16M(256M) 59.329ms
[2022-08-29T03:50:49.433+0000][7][gc,cpu      ] GC(4) User=0.03s Sys=0.00s Real=0.06s
[2022-08-29T03:50:49.433+0000][7][safepoint   ] Safepoint "G1CollectForAllocation", Time since last: 304584987 ns, Reaching safepoint: 183183 ns, At safepoint: 59763086 ns, Total: 59946269 ns
[2022-08-29T03:50:49.745+0000][7][gc,start    ] GC(5) Pause Young (Normal) (G1 Evacuation Pause)
[2022-08-29T03:50:49.750+0000][7][gc,task     ] GC(5) Using 6 workers of 6 for evacuation
[2022-08-29T03:50:49.752+0000][7][gc,age      ] GC(5) Desired survivor size 10485760 bytes, new threshold 15 (max threshold 15)
[2022-08-29T03:50:49.769+0000][7][gc,age      ] GC(5) Age table with threshold 15 (max threshold 15)
[2022-08-29T03:50:49.769+0000][7][gc,age      ] GC(5) - age   1:    1756976 bytes,    1756976 total
[2022-08-29T03:50:49.772+0000][7][gc,age      ] GC(5) - age   2:    1881912 bytes,    3638888 total
[2022-08-29T03:50:49.772+0000][7][gc,age      ] GC(5) - age   3:    3315872 bytes,    6954760 total
[2022-08-29T03:50:49.772+0000][7][gc,age      ] GC(5) - age   4:    2351128 bytes,    9305888 total
[2022-08-29T03:50:49.772+0000][7][gc,age      ] GC(5) - age   5:    1233976 bytes,   10539864 total
[2022-08-29T03:50:49.773+0000][7][gc,phases   ] GC(5)   Pre Evacuate Collection Set: 2.2ms
[2022-08-29T03:50:49.773+0000][7][gc,phases   ] GC(5)   Merge Heap Roots: 0.3ms
[2022-08-29T03:50:49.773+0000][7][gc,phases   ] GC(5)   Evacuate Collection Set: 12.4ms
[2022-08-29T03:50:49.773+0000][7][gc,phases   ] GC(5)   Post Evacuate Collection Set: 1.0ms
[2022-08-29T03:50:49.773+0000][7][gc,phases   ] GC(5)   Other: 11.3ms
[2022-08-29T03:50:49.773+0000][7][gc,heap     ] GC(5) Eden regions: 35->0(35)
[2022-08-29T03:50:49.773+0000][7][gc,heap     ] GC(5) Survivor regions: 3->3(5)
[2022-08-29T03:50:49.774+0000][7][gc,heap     ] GC(5) Old regions: 1->1
[2022-08-29T03:50:49.774+0000][7][gc,heap     ] GC(5) Archive regions: 2->2
[2022-08-29T03:50:49.774+0000][7][gc,heap     ] GC(5) Humongous regions: 0->0
[2022-08-29T03:50:49.774+0000][7][gc,metaspace] GC(5) Metaspace: 19008K(19968K)->19008K(19968K) NonClass: 16724K(17408K)->16724K(17408K) Class: 2284K(2560K)->2284K(2560K)
[2022-08-29T03:50:49.774+0000][7][gc          ] GC(5) Pause Young (Normal) (G1 Evacuation Pause) 156M->17M(256M) 28.796ms
[2022-08-29T03:50:49.774+0000][7][gc,cpu      ] GC(5) User=0.03s Sys=0.00s Real=0.02s
[2022-08-29T03:50:49.775+0000][7][safepoint   ] Safepoint "G1CollectForAllocation", Time since last: 312454141 ns, Reaching safepoint: 129283 ns, At safepoint: 29215369 ns, Total: 29344652 ns
[2022-08-29T03:50:50.038+0000][7][gc,start    ] GC(6) Pause Young (Normal) (G1 Evacuation Pause)
[2022-08-29T03:50:50.038+0000][7][gc,task     ] GC(6) Using 6 workers of 6 for evacuation
[2022-08-29T03:50:50.038+0000][7][gc,age      ] GC(6) Desired survivor size 10485760 bytes, new threshold 5 (max threshold 15)
[2022-08-29T03:50:50.045+0000][7][gc,age      ] GC(6) Age table with threshold 5 (max threshold 15)
[2022-08-29T03:50:50.045+0000][7][gc,age      ] GC(6) - age   1:    1236120 bytes,    1236120 total
[2022-08-29T03:50:50.045+0000][7][gc,age      ] GC(6) - age   2:    1479040 bytes,    2715160 total
[2022-08-29T03:50:50.045+0000][7][gc,age      ] GC(6) - age   3:    1881912 bytes,    4597072 total
[2022-08-29T03:50:50.045+0000][7][gc,age      ] GC(6) - age   4:    3315872 bytes,    7912944 total
[2022-08-29T03:50:50.046+0000][7][gc,age      ] GC(6) - age   5:    2351128 bytes,   10264072 total
[2022-08-29T03:50:50.046+0000][7][gc,phases   ] GC(6)   Pre Evacuate Collection Set: 0.2ms
[2022-08-29T03:50:50.046+0000][7][gc,phases   ] GC(6)   Merge Heap Roots: 0.1ms
[2022-08-29T03:50:50.046+0000][7][gc,phases   ] GC(6)   Evacuate Collection Set: 5.1ms
[2022-08-29T03:50:50.046+0000][7][gc,phases   ] GC(6)   Post Evacuate Collection Set: 0.8ms
[2022-08-29T03:50:50.046+0000][7][gc,phases   ] GC(6)   Other: 1.7ms
[2022-08-29T03:50:50.046+0000][7][gc,heap     ] GC(6) Eden regions: 35->0(35)
[2022-08-29T03:50:50.046+0000][7][gc,heap     ] GC(6) Survivor regions: 3->3(5)
[2022-08-29T03:50:50.047+0000][7][gc,heap     ] GC(6) Old regions: 1->2
[2022-08-29T03:50:50.047+0000][7][gc,heap     ] GC(6) Archive regions: 2->2
[2022-08-29T03:50:50.047+0000][7][gc,heap     ] GC(6) Humongous regions: 0->0
[2022-08-29T03:50:50.047+0000][7][gc,metaspace] GC(6) Metaspace: 19296K(20224K)->19296K(20224K) NonClass: 16982K(17664K)->16982K(17664K) Class: 2313K(2560K)->2313K(2560K)
[2022-08-29T03:50:50.047+0000][7][gc          ] GC(6) Pause Young (Normal) (G1 Evacuation Pause) 157M->18M(256M) 9.218ms
[2022-08-29T03:50:50.047+0000][7][gc,cpu      ] GC(6) User=0.02s Sys=0.00s Real=0.01s
[2022-08-29T03:50:50.047+0000][7][safepoint   ] Safepoint "G1CollectForAllocation", Time since last: 263100113 ns, Reaching safepoint: 128931 ns, At safepoint: 9562971 ns, Total: 9691902 ns
[2022-08-29T03:50:50.214+0000][7][gc,start    ] GC(7) Pause Young (Normal) (G1 Evacuation Pause)
[2022-08-29T03:50:50.215+0000][7][gc,task     ] GC(7) Using 6 workers of 6 for evacuation
[2022-08-29T03:50:50.215+0000][7][gc,age      ] GC(7) Desired survivor size 10485760 bytes, new threshold 15 (max threshold 15)
[2022-08-29T03:50:50.225+0000][7][gc,age      ] GC(7) Age table with threshold 15 (max threshold 15)
[2022-08-29T03:50:50.225+0000][7][gc,age      ] GC(7) - age   1:     871816 bytes,     871816 total
[2022-08-29T03:50:50.225+0000][7][gc,age      ] GC(7) - age   2:    1214128 bytes,    2085944 total
[2022-08-29T03:50:50.226+0000][7][gc,age      ] GC(7) - age   3:    1478432 bytes,    3564376 total
[2022-08-29T03:50:50.226+0000][7][gc,age      ] GC(7) - age   4:    1881880 bytes,    5446256 total
[2022-08-29T03:50:50.230+0000][7][gc,age      ] GC(7) - age   5:    3311920 bytes,    8758176 total
[2022-08-29T03:50:50.230+0000][7][gc,age      ] GC(7) - age   6:    2351128 bytes,   11109304 total
[2022-08-29T03:50:50.230+0000][7][gc,phases   ] GC(7)   Pre Evacuate Collection Set: 0.1ms
[2022-08-29T03:50:50.231+0000][7][gc,phases   ] GC(7)   Merge Heap Roots: 0.1ms
[2022-08-29T03:50:50.231+0000][7][gc,phases   ] GC(7)   Evacuate Collection Set: 8.0ms
[2022-08-29T03:50:50.232+0000][7][gc,phases   ] GC(7)   Post Evacuate Collection Set: 1.2ms
[2022-08-29T03:50:50.232+0000][7][gc,phases   ] GC(7)   Other: 6.6ms
[2022-08-29T03:50:50.232+0000][7][gc,heap     ] GC(7) Eden regions: 35->0(35)
[2022-08-29T03:50:50.232+0000][7][gc,heap     ] GC(7) Survivor regions: 3->3(5)
[2022-08-29T03:50:50.233+0000][7][gc,heap     ] GC(7) Old regions: 2->2
[2022-08-29T03:50:50.233+0000][7][gc,heap     ] GC(7) Archive regions: 2->2
[2022-08-29T03:50:50.233+0000][7][gc,heap     ] GC(7) Humongous regions: 0->0
[2022-08-29T03:50:50.233+0000][7][gc,metaspace] GC(7) Metaspace: 19440K(20480K)->19440K(20480K) NonClass: 17099K(17920K)->17099K(17920K) Class: 2340K(2560K)->2340K(2560K)
[2022-08-29T03:50:50.235+0000][7][gc          ] GC(7) Pause Young (Normal) (G1 Evacuation Pause) 158M->19M(256M) 20.378ms
[2022-08-29T03:50:50.235+0000][7][gc,cpu      ] GC(7) User=0.02s Sys=0.00s Real=0.02s
[2022-08-29T03:50:50.239+0000][7][safepoint   ] Safepoint "G1CollectForAllocation", Time since last: 166121277 ns, Reaching safepoint: 890099 ns, At safepoint: 24883947 ns, Total: 25774046 ns
[2022-08-29T03:50:50.531+0000][7][gc,start    ] GC(8) Pause Young (Normal) (G1 Evacuation Pause)
[2022-08-29T03:50:50.531+0000][7][gc,task     ] GC(8) Using 6 workers of 6 for evacuation
[2022-08-29T03:50:50.532+0000][7][gc,age      ] GC(8) Desired survivor size 10485760 bytes, new threshold 6 (max threshold 15)
[2022-08-29T03:50:50.548+0000][7][gc,age      ] GC(8) Age table with threshold 6 (max threshold 15)
[2022-08-29T03:50:50.558+0000][7][gc,age      ] GC(8) - age   1:     536224 bytes,     536224 total
[2022-08-29T03:50:50.558+0000][7][gc,age      ] GC(8) - age   2:     282440 bytes,     818664 total
[2022-08-29T03:50:50.558+0000][7][gc,age      ] GC(8) - age   3:    1214128 bytes,    2032792 total
[2022-08-29T03:50:50.558+0000][7][gc,age      ] GC(8) - age   4:    1478432 bytes,    3511224 total
[2022-08-29T03:50:50.559+0000][7][gc,age      ] GC(8) - age   5:    1881880 bytes,    5393104 total
[2022-08-29T03:50:50.559+0000][7][gc,age      ] GC(8) - age   6:    3311920 bytes,    8705024 total
[2022-08-29T03:50:50.559+0000][7][gc,phases   ] GC(8)   Pre Evacuate Collection Set: 0.1ms
[2022-08-29T03:50:50.560+0000][7][gc,phases   ] GC(8)   Merge Heap Roots: 0.0ms
[2022-08-29T03:50:50.560+0000][7][gc,phases   ] GC(8)   Evacuate Collection Set: 13.7ms
[2022-08-29T03:50:50.560+0000][7][gc,phases   ] GC(8)   Post Evacuate Collection Set: 1.1ms
[2022-08-29T03:50:50.561+0000][7][gc,phases   ] GC(8)   Other: 13.4ms
[2022-08-29T03:50:50.561+0000][7][gc,heap     ] GC(8) Eden regions: 35->0(35)
[2022-08-29T03:50:50.561+0000][7][gc,heap     ] GC(8) Survivor regions: 3->3(5)
[2022-08-29T03:50:50.561+0000][7][gc,heap     ] GC(8) Old regions: 2->2
[2022-08-29T03:50:50.562+0000][7][gc,heap     ] GC(8) Archive regions: 2->2
[2022-08-29T03:50:50.562+0000][7][gc,heap     ] GC(8) Humongous regions: 0->0
[2022-08-29T03:50:50.562+0000][7][gc,metaspace] GC(8) Metaspace: 19655K(20864K)->19655K(20864K) NonClass: 17274K(18176K)->17274K(18176K) Class: 2381K(2688K)->2381K(2688K)
[2022-08-29T03:50:50.563+0000][7][gc          ] GC(8) Pause Young (Normal) (G1 Evacuation Pause) 159M->19M(256M) 31.941ms
[2022-08-29T03:50:50.566+0000][7][gc,cpu      ] GC(8) User=0.10s Sys=0.00s Real=0.04s
[2022-08-29T03:50:50.570+0000][7][safepoint   ] Safepoint "G1CollectForAllocation", Time since last: 291230718 ns, Reaching safepoint: 178174 ns, At safepoint: 39004343 ns, Total: 39182517 ns
[2022-08-29T03:50:50.853+0000][7][gc,start    ] GC(9) Pause Young (Normal) (G1 Evacuation Pause)
[2022-08-29T03:50:50.854+0000][7][gc,task     ] GC(9) Using 6 workers of 6 for evacuation
[2022-08-29T03:50:50.856+0000][7][gc,age      ] GC(9) Desired survivor size 10485760 bytes, new threshold 15 (max threshold 15)
[2022-08-29T03:50:50.861+0000][7][gc,age      ] GC(9) Age table with threshold 15 (max threshold 15)
[2022-08-29T03:50:50.862+0000][7][gc,age      ] GC(9) - age   1:    2294464 bytes,    2294464 total
[2022-08-29T03:50:50.862+0000][7][gc,age      ] GC(9) - age   2:     254840 bytes,    2549304 total
[2022-08-29T03:50:50.862+0000][7][gc,age      ] GC(9) - age   3:     282288 bytes,    2831592 total
[2022-08-29T03:50:50.862+0000][7][gc,age      ] GC(9) - age   4:    1214128 bytes,    4045720 total
[2022-08-29T03:50:50.862+0000][7][gc,age      ] GC(9) - age   5:    1477760 bytes,    5523480 total
[2022-08-29T03:50:50.863+0000][7][gc,age      ] GC(9) - age   6:    1881592 bytes,    7405072 total
[2022-08-29T03:50:50.863+0000][7][gc,age      ] GC(9) - age   7:    3311792 bytes,   10716864 total
[2022-08-29T03:50:50.863+0000][7][gc,phases   ] GC(9)   Pre Evacuate Collection Set: 0.1ms
[2022-08-29T03:50:50.863+0000][7][gc,phases   ] GC(9)   Merge Heap Roots: 0.0ms
[2022-08-29T03:50:50.863+0000][7][gc,phases   ] GC(9)   Evacuate Collection Set: 4.3ms
[2022-08-29T03:50:50.864+0000][7][gc,phases   ] GC(9)   Post Evacuate Collection Set: 0.9ms
[2022-08-29T03:50:50.864+0000][7][gc,phases   ] GC(9)   Other: 4.7ms
[2022-08-29T03:50:50.864+0000][7][gc,heap     ] GC(9) Eden regions: 35->0(35)
[2022-08-29T03:50:50.864+0000][7][gc,heap     ] GC(9) Survivor regions: 3->3(5)
[2022-08-29T03:50:50.865+0000][7][gc,heap     ] GC(9) Old regions: 2->2
[2022-08-29T03:50:50.865+0000][7][gc,heap     ] GC(9) Archive regions: 2->2
[2022-08-29T03:50:50.865+0000][7][gc,heap     ] GC(9) Humongous regions: 0->0
[2022-08-29T03:50:50.865+0000][7][gc,metaspace] GC(9) Metaspace: 19720K(20864K)->19720K(20864K) NonClass: 17326K(18176K)->17326K(18176K) Class: 2393K(2688K)->2393K(2688K)
[2022-08-29T03:50:50.865+0000][7][gc          ] GC(9) Pause Young (Normal) (G1 Evacuation Pause) 159M->21M(256M) 12.339ms
[2022-08-29T03:50:50.866+0000][7][gc,cpu      ] GC(9) User=0.01s Sys=0.00s Real=0.02s
[2022-08-29T03:50:50.866+0000][7][safepoint   ] Safepoint "G1CollectForAllocation", Time since last: 279909691 ns, Reaching safepoint: 3302092 ns, At safepoint: 12948528 ns, Total: 16250620 ns
[2022-08-29T03:50:51.105+0000][7][gc,start    ] GC(10) Pause Young (Concurrent Start) (Metadata GC Threshold)
[2022-08-29T03:50:51.108+0000][7][gc,task     ] GC(10) Using 6 workers of 6 for evacuation
[2022-08-29T03:50:51.110+0000][7][gc,age      ] GC(10) Desired survivor size 10485760 bytes, new threshold 7 (max threshold 15)
[2022-08-29T03:50:51.128+0000][7][gc,age      ] GC(10) Age table with threshold 7 (max threshold 15)
[2022-08-29T03:50:51.129+0000][7][gc,age      ] GC(10) - age   1:    1665680 bytes,    1665680 total
[2022-08-29T03:50:51.132+0000][7][gc,age      ] GC(10) - age   2:     412288 bytes,    2077968 total
[2022-08-29T03:50:51.134+0000][7][gc,age      ] GC(10) - age   3:     254840 bytes,    2332808 total
[2022-08-29T03:50:51.134+0000][7][gc,age      ] GC(10) - age   4:     282224 bytes,    2615032 total
[2022-08-29T03:50:51.135+0000][7][gc,age      ] GC(10) - age   5:    1214128 bytes,    3829160 total
[2022-08-29T03:50:51.136+0000][7][gc,age      ] GC(10) - age   6:    1476720 bytes,    5305880 total
[2022-08-29T03:50:51.136+0000][7][gc,age      ] GC(10) - age   7:    1881400 bytes,    7187280 total
[2022-08-29T03:50:51.137+0000][7][gc,phases   ] GC(10)   Pre Evacuate Collection Set: 4.0ms
[2022-08-29T03:50:51.137+0000][7][gc,phases   ] GC(10)   Merge Heap Roots: 0.1ms
[2022-08-29T03:50:51.137+0000][7][gc,phases   ] GC(10)   Evacuate Collection Set: 8.7ms
[2022-08-29T03:50:51.137+0000][7][gc,phases   ] GC(10)   Post Evacuate Collection Set: 1.2ms
[2022-08-29T03:50:51.138+0000][7][gc,phases   ] GC(10)   Other: 17.7ms
[2022-08-29T03:50:51.138+0000][7][gc,heap     ] GC(10) Eden regions: 35->0(36)
[2022-08-29T03:50:51.138+0000][7][gc,heap     ] GC(10) Survivor regions: 3->2(5)
[2022-08-29T03:50:51.138+0000][7][gc,heap     ] GC(10) Old regions: 2->3
[2022-08-29T03:50:51.138+0000][7][gc,heap     ] GC(10) Archive regions: 2->2
[2022-08-29T03:50:51.139+0000][7][gc,heap     ] GC(10) Humongous regions: 0->0
[2022-08-29T03:50:51.140+0000][7][gc,metaspace] GC(10) Metaspace: 20016K(21248K)->20016K(21248K) NonClass: 17573K(18432K)->17573K(18432K) Class: 2442K(2816K)->2442K(2816K)
[2022-08-29T03:50:51.141+0000][7][gc          ] GC(10) Pause Young (Concurrent Start) (Metadata GC Threshold) 159M->21M(256M) 35.860ms
[2022-08-29T03:50:51.141+0000][7][gc,cpu      ] GC(10) User=0.03s Sys=0.03s Real=0.04s
[2022-08-29T03:50:51.141+0000][7][gc          ] GC(11) Concurrent Cycle
[2022-08-29T03:50:51.142+0000][7][gc,marking  ] GC(11) Concurrent Clear Claimed Marks
[2022-08-29T03:50:51.143+0000][7][gc,marking  ] GC(11) Concurrent Clear Claimed Marks 0.993ms
[2022-08-29T03:50:51.143+0000][7][gc,marking  ] GC(11) Concurrent Scan Root Regions
[2022-08-29T03:50:51.142+0000][7][safepoint   ] Safepoint "CollectForMetadataAllocation", Time since last: 238744396 ns, Reaching safepoint: 335819 ns, At safepoint: 36667432 ns, Total: 37003251 ns
[2022-08-29T03:50:51.145+0000][7][gc,marking  ] GC(11) Concurrent Scan Root Regions 1.918ms
[2022-08-29T03:50:51.145+0000][7][gc,marking  ] GC(11) Concurrent Mark (4.434s)
[2022-08-29T03:50:51.145+0000][7][gc,marking  ] GC(11) Concurrent Mark From Roots
[2022-08-29T03:50:51.146+0000][7][gc,task     ] GC(11) Using 2 workers of 2 for marking
[2022-08-29T03:50:51.150+0000][7][gc,marking  ] GC(11) Concurrent Mark From Roots 4.081ms
[2022-08-29T03:50:51.150+0000][7][gc,marking  ] GC(11) Concurrent Preclean
[2022-08-29T03:50:51.150+0000][7][gc,marking  ] GC(11) Concurrent Preclean 0.218ms
[2022-08-29T03:50:51.150+0000][7][gc,marking  ] GC(11) Concurrent Mark (4.434s, 4.439s) 5.016ms
[2022-08-29T03:50:51.154+0000][7][gc,start    ] GC(11) Pause Remark
[2022-08-29T03:50:51.175+0000][7][gc          ] GC(11) Pause Remark 23M->23M(256M) 20.677ms
[2022-08-29T03:50:51.175+0000][7][gc,cpu      ] GC(11) User=0.03s Sys=0.01s Real=0.03s
[2022-08-29T03:50:51.175+0000][7][safepoint   ] Safepoint "G1Concurrent", Time since last: 12262051 ns, Reaching safepoint: 333806 ns, At safepoint: 21283647 ns, Total: 21617453 ns
[2022-08-29T03:50:51.200+0000][7][gc,marking  ] GC(11) Concurrent Rebuild Remembered Sets
[2022-08-29T03:50:51.206+0000][7][gc,marking  ] GC(11) Concurrent Rebuild Remembered Sets 5.703ms
[2022-08-29T03:50:51.207+0000][7][gc,start    ] GC(11) Pause Cleanup
[2022-08-29T03:50:51.211+0000][7][gc          ] GC(11) Pause Cleanup 35M->35M(256M) 3.848ms
[2022-08-29T03:50:51.214+0000][7][gc,cpu      ] GC(11) User=0.00s Sys=0.00s Real=0.00s
[2022-08-29T03:50:51.215+0000][7][safepoint   ] Safepoint "G1Concurrent", Time since last: 31084443 ns, Reaching safepoint: 778971 ns, At safepoint: 8149641 ns, Total: 8928612 ns
[2022-08-29T03:50:51.222+0000][7][gc,marking  ] GC(11) Concurrent Cleanup for Next Mark
[2022-08-29T03:50:51.223+0000][7][gc,marking  ] GC(11) Concurrent Cleanup for Next Mark 0.922ms
[2022-08-29T03:50:51.223+0000][7][gc          ] GC(11) Concurrent Cycle 81.821ms
[2022-08-29T03:50:51.404+0000][7][gc,start    ] GC(12) Pause Young (Normal) (G1 Evacuation Pause)
[2022-08-29T03:50:51.408+0000][7][gc,task     ] GC(12) Using 6 workers of 6 for evacuation
[2022-08-29T03:50:51.410+0000][7][gc,age      ] GC(12) Desired survivor size 10485760 bytes, new threshold 15 (max threshold 15)
[2022-08-29T03:50:51.445+0000][7][gc,age      ] GC(12) Age table with threshold 15 (max threshold 15)
[2022-08-29T03:50:51.446+0000][7][gc,age      ] GC(12) - age   1:    2634288 bytes,    2634288 total
[2022-08-29T03:50:51.446+0000][7][gc,age      ] GC(12) - age   2:    1644776 bytes,    4279064 total
[2022-08-29T03:50:51.448+0000][7][gc,age      ] GC(12) - age   3:     411296 bytes,    4690360 total
[2022-08-29T03:50:51.448+0000][7][gc,age      ] GC(12) - age   4:     254776 bytes,    4945136 total
[2022-08-29T03:50:51.449+0000][7][gc,age      ] GC(12) - age   5:     282224 bytes,    5227360 total
[2022-08-29T03:50:51.449+0000][7][gc,age      ] GC(12) - age   6:    1214128 bytes,    6441488 total
[2022-08-29T03:50:51.449+0000][7][gc,age      ] GC(12) - age   7:    1476720 bytes,    7918208 total
[2022-08-29T03:50:51.453+0000][7][gc,age      ] GC(12) - age   8:    1881400 bytes,    9799608 total
[2022-08-29T03:50:51.454+0000][7][gc,phases   ] GC(12)   Pre Evacuate Collection Set: 1.9ms
[2022-08-29T03:50:51.454+0000][7][gc,phases   ] GC(12)   Merge Heap Roots: 1.6ms
[2022-08-29T03:50:51.455+0000][7][gc,phases   ] GC(12)   Evacuate Collection Set: 14.9ms
[2022-08-29T03:50:51.455+0000][7][gc,phases   ] GC(12)   Post Evacuate Collection Set: 14.9ms
[2022-08-29T03:50:51.455+0000][7][gc,phases   ] GC(12)   Other: 17.0ms
[2022-08-29T03:50:51.455+0000][7][gc,heap     ] GC(12) Eden regions: 36->0(35)
[2022-08-29T03:50:51.456+0000][7][gc,heap     ] GC(12) Survivor regions: 2->3(5)
[2022-08-29T03:50:51.456+0000][7][gc,heap     ] GC(12) Old regions: 3->3
[2022-08-29T03:50:51.457+0000][7][gc,heap     ] GC(12) Archive regions: 2->2
[2022-08-29T03:50:51.457+0000][7][gc,heap     ] GC(12) Humongous regions: 0->0
[2022-08-29T03:50:51.457+0000][7][gc,metaspace] GC(12) Metaspace: 20097K(21504K)->20097K(21504K) NonClass: 17636K(18688K)->17636K(18688K) Class: 2460K(2816K)->2460K(2816K)
[2022-08-29T03:50:51.458+0000][7][gc          ] GC(12) Pause Young (Normal) (G1 Evacuation Pause) 165M->23M(256M) 54.702ms
[2022-08-29T03:50:51.459+0000][7][gc,cpu      ] GC(12) User=0.13s Sys=0.00s Real=0.06s
[2022-08-29T03:50:51.459+0000][7][safepoint   ] Safepoint "G1CollectForAllocation", Time since last: 183520741 ns, Reaching safepoint: 4623659 ns, At safepoint: 55644073 ns, Total: 60267732 ns
[2022-08-29T03:50:51.608+0000][7][gc,start    ] GC(13) Pause Young (Normal) (G1 Evacuation Pause)
[2022-08-29T03:50:51.608+0000][7][gc,task     ] GC(13) Using 6 workers of 6 for evacuation
[2022-08-29T03:50:51.609+0000][7][gc,age      ] GC(13) Desired survivor size 10485760 bytes, new threshold 15 (max threshold 15)
[2022-08-29T03:50:51.620+0000][7][gc,age      ] GC(13) Age table with threshold 15 (max threshold 15)
[2022-08-29T03:50:51.620+0000][7][gc,age      ] GC(13) - age   1:     667816 bytes,     667816 total
[2022-08-29T03:50:51.621+0000][7][gc,age      ] GC(13) - age   2:     506896 bytes,    1174712 total
[2022-08-29T03:50:51.621+0000][7][gc,age      ] GC(13) - age   3:    1644776 bytes,    2819488 total
[2022-08-29T03:50:51.621+0000][7][gc,age      ] GC(13) - age   4:     411080 bytes,    3230568 total
[2022-08-29T03:50:51.621+0000][7][gc,age      ] GC(13) - age   5:     254776 bytes,    3485344 total
[2022-08-29T03:50:51.622+0000][7][gc,age      ] GC(13) - age   6:     281680 bytes,    3767024 total
[2022-08-29T03:50:51.622+0000][7][gc,age      ] GC(13) - age   7:    1214128 bytes,    4981152 total
[2022-08-29T03:50:51.625+0000][7][gc,age      ] GC(13) - age   8:    1476720 bytes,    6457872 total
[2022-08-29T03:50:51.625+0000][7][gc,age      ] GC(13) - age   9:    1881400 bytes,    8339272 total
[2022-08-29T03:50:51.626+0000][7][gc,phases   ] GC(13)   Pre Evacuate Collection Set: 1.3ms
[2022-08-29T03:50:51.626+0000][7][gc,phases   ] GC(13)   Merge Heap Roots: 0.1ms
[2022-08-29T03:50:51.626+0000][7][gc,phases   ] GC(13)   Evacuate Collection Set: 8.0ms
[2022-08-29T03:50:51.626+0000][7][gc,phases   ] GC(13)   Post Evacuate Collection Set: 1.6ms
[2022-08-29T03:50:51.626+0000][7][gc,phases   ] GC(13)   Other: 6.9ms
[2022-08-29T03:50:51.627+0000][7][gc,heap     ] GC(13) Eden regions: 35->0(35)
[2022-08-29T03:50:51.627+0000][7][gc,heap     ] GC(13) Survivor regions: 3->3(5)
[2022-08-29T03:50:51.627+0000][7][gc,heap     ] GC(13) Old regions: 3->3
[2022-08-29T03:50:51.627+0000][7][gc,heap     ] GC(13) Archive regions: 2->2
[2022-08-29T03:50:51.627+0000][7][gc,heap     ] GC(13) Humongous regions: 0->0
[2022-08-29T03:50:51.628+0000][7][gc,metaspace] GC(13) Metaspace: 20134K(21504K)->20134K(21504K) NonClass: 17664K(18688K)->17664K(18688K) Class: 2469K(2816K)->2469K(2816K)
[2022-08-29T03:50:51.628+0000][7][gc          ] GC(13) Pause Young (Normal) (G1 Evacuation Pause) 163M->22M(256M) 19.940ms
[2022-08-29T03:50:51.628+0000][7][gc,cpu      ] GC(13) User=0.03s Sys=0.01s Real=0.02s
[2022-08-29T03:50:51.629+0000][7][safepoint   ] Safepoint "G1CollectForAllocation", Time since last: 148170950 ns, Reaching safepoint: 402215 ns, At safepoint: 20842740 ns, Total: 21244955 ns
[2022-08-29T03:50:52.687+0000][7][safepoint   ] Safepoint "Cleanup", Time since last: 1057972969 ns, Reaching safepoint: 315321 ns, At safepoint: 100048 ns, Total: 415369 ns
[2022-08-29T03:50:53.326+0000][7][safepoint   ] Safepoint "ICBufferFull", Time since last: 638659286 ns, Reaching safepoint: 394740 ns, At safepoint: 7735 ns, Total: 402475 ns
[2022-08-29T03:50:53.478+0000][7][gc,start    ] GC(14) Pause Young (Normal) (G1 Evacuation Pause)
[2022-08-29T03:50:53.479+0000][7][gc,task     ] GC(14) Using 6 workers of 6 for evacuation
[2022-08-29T03:50:53.479+0000][7][gc,age      ] GC(14) Desired survivor size 10485760 bytes, new threshold 15 (max threshold 15)
[2022-08-29T03:50:53.503+0000][7][gc,age      ] GC(14) Age table with threshold 15 (max threshold 15)
[2022-08-29T03:50:53.504+0000][7][gc,age      ] GC(14) - age   1:   10195112 bytes,   10195112 total
[2022-08-29T03:50:53.504+0000][7][gc,age      ] GC(14) - age   2:     298328 bytes,   10493440 total
[2022-08-29T03:50:53.504+0000][7][gc,age      ] GC(14) - age   3:     506360 bytes,   10999800 total
[2022-08-29T03:50:53.504+0000][7][gc,age      ] GC(14) - age   4:    1640624 bytes,   12640424 total
[2022-08-29T03:50:53.505+0000][7][gc,age      ] GC(14) - age   5:     410520 bytes,   13050944 total
[2022-08-29T03:50:53.505+0000][7][gc,age      ] GC(14) - age   6:     254248 bytes,   13305192 total
[2022-08-29T03:50:53.505+0000][7][gc,age      ] GC(14) - age   7:     272528 bytes,   13577720 total
[2022-08-29T03:50:53.505+0000][7][gc,age      ] GC(14) - age   8:    1213384 bytes,   14791104 total
[2022-08-29T03:50:53.505+0000][7][gc,age      ] GC(14) - age   9:    1473088 bytes,   16264192 total
[2022-08-29T03:50:53.505+0000][7][gc,age      ] GC(14) - age  10:    1873992 bytes,   18138184 total
[2022-08-29T03:50:53.506+0000][7][gc,phases   ] GC(14)   Pre Evacuate Collection Set: 0.1ms
[2022-08-29T03:50:53.506+0000][7][gc,phases   ] GC(14)   Merge Heap Roots: 0.1ms
[2022-08-29T03:50:53.506+0000][7][gc,phases   ] GC(14)   Evacuate Collection Set: 16.5ms
[2022-08-29T03:50:53.506+0000][7][gc,phases   ] GC(14)   Post Evacuate Collection Set: 7.4ms
[2022-08-29T03:50:53.506+0000][7][gc,phases   ] GC(14)   Other: 3.6ms
[2022-08-29T03:50:53.506+0000][7][gc,heap     ] GC(14) Eden regions: 35->0(33)
[2022-08-29T03:50:53.506+0000][7][gc,heap     ] GC(14) Survivor regions: 3->5(5)
[2022-08-29T03:50:53.507+0000][7][gc,heap     ] GC(14) Old regions: 3->3
[2022-08-29T03:50:53.507+0000][7][gc,heap     ] GC(14) Archive regions: 2->2
[2022-08-29T03:50:53.507+0000][7][gc,heap     ] GC(14) Humongous regions: 0->0
[2022-08-29T03:50:53.507+0000][7][gc,metaspace] GC(14) Metaspace: 30081K(32256K)->30081K(32256K) NonClass: 26316K(27904K)->26316K(27904K) Class: 3765K(4352K)->3765K(4352K)
[2022-08-29T03:50:53.507+0000][7][gc          ] GC(14) Pause Young (Normal) (G1 Evacuation Pause) 162M->31M(256M) 29.048ms
[2022-08-29T03:50:53.507+0000][7][gc,cpu      ] GC(14) User=0.06s Sys=0.00s Real=0.03s
[2022-08-29T03:50:53.508+0000][7][safepoint   ] Safepoint "G1CollectForAllocation", Time since last: 151749330 ns, Reaching safepoint: 218239 ns, At safepoint: 29428508 ns, Total: 29646747 ns
[2022-08-29T03:50:54.346+0000][7][gc,start    ] GC(15) Pause Young (Normal) (G1 Evacuation Pause)
[2022-08-29T03:50:54.347+0000][7][gc,task     ] GC(15) Using 6 workers of 6 for evacuation
[2022-08-29T03:50:54.347+0000][7][gc,age      ] GC(15) Desired survivor size 10485760 bytes, new threshold 2 (max threshold 15)
[2022-08-29T03:50:54.388+0000][7][gc,age      ] GC(15) Age table with threshold 2 (max threshold 15)
[2022-08-29T03:50:54.390+0000][7][gc,age      ] GC(15) - age   1:   12694064 bytes,   12694064 total
[2022-08-29T03:50:54.390+0000][7][gc,age      ] GC(15) - age   2:    7863552 bytes,   20557616 total
[2022-08-29T03:50:54.390+0000][7][gc,phases   ] GC(15)   Pre Evacuate Collection Set: 0.1ms
[2022-08-29T03:50:54.391+0000][7][gc,phases   ] GC(15)   Merge Heap Roots: 0.0ms
[2022-08-29T03:50:54.391+0000][7][gc,phases   ] GC(15)   Evacuate Collection Set: 38.2ms
[2022-08-29T03:50:54.391+0000][7][gc,phases   ] GC(15)   Post Evacuate Collection Set: 2.4ms
[2022-08-29T03:50:54.391+0000][7][gc,phases   ] GC(15)   Other: 3.4ms
[2022-08-29T03:50:54.391+0000][7][gc,heap     ] GC(15) Eden regions: 33->0(33)
[2022-08-29T03:50:54.391+0000][7][gc,heap     ] GC(15) Survivor regions: 5->5(5)
[2022-08-29T03:50:54.391+0000][7][gc,heap     ] GC(15) Old regions: 3->6
[2022-08-29T03:50:54.392+0000][7][gc,heap     ] GC(15) Archive regions: 2->2
[2022-08-29T03:50:54.392+0000][7][gc,heap     ] GC(15) Humongous regions: 0->0
[2022-08-29T03:50:54.392+0000][7][gc,metaspace] GC(15) Metaspace: 30170K(32256K)->30170K(32256K) NonClass: 26396K(27904K)->26396K(27904K) Class: 3773K(4352K)->3773K(4352K)
[2022-08-29T03:50:54.392+0000][7][gc          ] GC(15) Pause Young (Normal) (G1 Evacuation Pause) 163M->47M(256M) 45.615ms
[2022-08-29T03:50:54.392+0000][7][gc,cpu      ] GC(15) User=0.11s Sys=0.00s Real=0.04s
[2022-08-29T03:50:54.392+0000][7][safepoint   ] Safepoint "G1CollectForAllocation", Time since last: 838502753 ns, Reaching safepoint: 206387 ns, At safepoint: 45938455 ns, Total: 46144842 ns
[2022-08-29T03:50:55.071+0000][7][gc,start    ] GC(16) Pause Young (Concurrent Start) (Metadata GC Threshold)
[2022-08-29T03:50:55.072+0000][7][gc,task     ] GC(16) Using 6 workers of 6 for evacuation
[2022-08-29T03:50:55.072+0000][7][gc,age      ] GC(16) Desired survivor size 10485760 bytes, new threshold 1 (max threshold 15)
[2022-08-29T03:50:55.106+0000][7][gc,age      ] GC(16) Age table with threshold 1 (max threshold 15)
[2022-08-29T03:50:55.107+0000][7][gc,age      ] GC(16) - age   1:   12324248 bytes,   12324248 total
[2022-08-29T03:50:55.107+0000][7][gc,phases   ] GC(16)   Pre Evacuate Collection Set: 0.2ms
[2022-08-29T03:50:55.107+0000][7][gc,phases   ] GC(16)   Merge Heap Roots: 0.1ms
[2022-08-29T03:50:55.107+0000][7][gc,phases   ] GC(16)   Evacuate Collection Set: 27.6ms
[2022-08-29T03:50:55.108+0000][7][gc,phases   ] GC(16)   Post Evacuate Collection Set: 6.5ms
[2022-08-29T03:50:55.108+0000][7][gc,phases   ] GC(16)   Other: 1.5ms
[2022-08-29T03:50:55.108+0000][7][gc,heap     ] GC(16) Eden regions: 22->0(28)
[2022-08-29T03:50:55.108+0000][7][gc,heap     ] GC(16) Survivor regions: 5->4(5)
[2022-08-29T03:50:55.108+0000][7][gc,heap     ] GC(16) Old regions: 6->11
[2022-08-29T03:50:55.108+0000][7][gc,heap     ] GC(16) Archive regions: 2->2
[2022-08-29T03:50:55.108+0000][7][gc,heap     ] GC(16) Humongous regions: 0->0
[2022-08-29T03:50:55.108+0000][7][gc,metaspace] GC(16) Metaspace: 33536K(35840K)->33536K(35840K) NonClass: 29201K(30848K)->29201K(30848K) Class: 4335K(4992K)->4335K(4992K)
[2022-08-29T03:50:55.109+0000][7][gc          ] GC(16) Pause Young (Concurrent Start) (Metadata GC Threshold) 133M->60M(256M) 37.486ms
[2022-08-29T03:50:55.109+0000][7][gc,cpu      ] GC(16) User=0.07s Sys=0.02s Real=0.04s
[2022-08-29T03:50:55.109+0000][7][gc          ] GC(17) Concurrent Cycle
[2022-08-29T03:50:55.109+0000][7][gc,marking  ] GC(17) Concurrent Clear Claimed Marks
[2022-08-29T03:50:55.109+0000][7][safepoint   ] Safepoint "CollectForMetadataAllocation", Time since last: 678701195 ns, Reaching safepoint: 237224 ns, At safepoint: 38047420 ns, Total: 38284644 ns
[2022-08-29T03:50:55.109+0000][7][gc,marking  ] GC(17) Concurrent Clear Claimed Marks 0.216ms
[2022-08-29T03:50:55.112+0000][7][gc,marking  ] GC(17) Concurrent Scan Root Regions
[2022-08-29T03:50:55.128+0000][7][gc,marking  ] GC(17) Concurrent Scan Root Regions 15.810ms
[2022-08-29T03:50:55.128+0000][7][gc,marking  ] GC(17) Concurrent Mark (8.416s)
[2022-08-29T03:50:55.128+0000][7][gc,marking  ] GC(17) Concurrent Mark From Roots
[2022-08-29T03:50:55.128+0000][7][gc,task     ] GC(17) Using 2 workers of 2 for marking
[2022-08-29T03:50:55.162+0000][7][safepoint   ] Safepoint "CollectForMetadataAllocation", Time since last: 46076914 ns, Reaching safepoint: 6234219 ns, At safepoint: 236243 ns, Total: 6470462 ns
[2022-08-29T03:50:55.176+0000][7][gc,marking  ] GC(17) Concurrent Mark From Roots 47.402ms
[2022-08-29T03:50:55.181+0000][7][gc,marking  ] GC(17) Concurrent Preclean
[2022-08-29T03:50:55.181+0000][7][gc,marking  ] GC(17) Concurrent Preclean 0.734ms
[2022-08-29T03:50:55.183+0000][7][gc,marking  ] GC(17) Concurrent Mark (8.416s, 8.471s) 55.073ms
[2022-08-29T03:50:55.195+0000][7][safepoint   ] Safepoint "CollectForMetadataAllocation", Time since last: 28545372 ns, Reaching safepoint: 4301846 ns, At safepoint: 144031 ns, Total: 4445877 ns
[2022-08-29T03:50:55.195+0000][7][gc,start    ] GC(17) Pause Remark
[2022-08-29T03:50:55.206+0000][7][gc          ] GC(17) Pause Remark 64M->64M(256M) 10.719ms
[2022-08-29T03:50:55.206+0000][7][gc,cpu      ] GC(17) User=0.02s Sys=0.00s Real=0.01s
[2022-08-29T03:50:55.207+0000][7][safepoint   ] Safepoint "G1Concurrent", Time since last: 417763 ns, Reaching safepoint: 244228 ns, At safepoint: 11352946 ns, Total: 11597174 ns
[2022-08-29T03:50:55.207+0000][7][gc,marking  ] GC(17) Concurrent Rebuild Remembered Sets
[2022-08-29T03:50:55.227+0000][7][gc,marking  ] GC(17) Concurrent Rebuild Remembered Sets 20.024ms
[2022-08-29T03:50:55.228+0000][7][gc,start    ] GC(17) Pause Cleanup
[2022-08-29T03:50:55.228+0000][7][gc          ] GC(17) Pause Cleanup 64M->64M(256M) 0.318ms
[2022-08-29T03:50:55.229+0000][7][gc,cpu      ] GC(17) User=0.00s Sys=0.00s Real=0.00s
[2022-08-29T03:50:55.229+0000][7][safepoint   ] Safepoint "G1Concurrent", Time since last: 20861766 ns, Reaching safepoint: 433984 ns, At safepoint: 676168 ns, Total: 1110152 ns
[2022-08-29T03:50:55.230+0000][7][gc,marking  ] GC(17) Concurrent Cleanup for Next Mark
[2022-08-29T03:50:55.231+0000][7][gc,marking  ] GC(17) Concurrent Cleanup for Next Mark 0.570ms
[2022-08-29T03:50:55.231+0000][7][gc          ] GC(17) Concurrent Cycle 122.393ms
[2022-08-29T03:50:55.372+0000][7][gc,start    ] GC(18) Pause Young (Concurrent Start) (G1 Evacuation Pause)
[2022-08-29T03:50:55.372+0000][7][gc,task     ] GC(18) Using 6 workers of 6 for evacuation
[2022-08-29T03:50:55.372+0000][7][gc,age      ] GC(18) Desired survivor size 8388608 bytes, new threshold 1 (max threshold 15)
[2022-08-29T03:50:55.384+0000][7][gc,age      ] GC(18) Age table with threshold 1 (max threshold 15)
[2022-08-29T03:50:55.384+0000][7][gc,age      ] GC(18) - age   1:     627976 bytes,     627976 total
[2022-08-29T03:50:55.384+0000][7][gc,phases   ] GC(18)   Pre Evacuate Collection Set: 0.1ms
[2022-08-29T03:50:55.384+0000][7][gc,phases   ] GC(18)   Merge Heap Roots: 0.1ms
[2022-08-29T03:50:55.384+0000][7][gc,phases   ] GC(18)   Evacuate Collection Set: 10.2ms
[2022-08-29T03:50:55.385+0000][7][gc,phases   ] GC(18)   Post Evacuate Collection Set: 0.7ms
[2022-08-29T03:50:55.385+0000][7][gc,phases   ] GC(18)   Other: 1.3ms
[2022-08-29T03:50:55.385+0000][7][gc,heap     ] GC(18) Eden regions: 28->0(30)
[2022-08-29T03:50:55.385+0000][7][gc,heap     ] GC(18) Survivor regions: 4->1(4)
[2022-08-29T03:50:55.385+0000][7][gc,heap     ] GC(18) Old regions: 11->14
[2022-08-29T03:50:55.385+0000][7][gc,heap     ] GC(18) Archive regions: 2->2
[2022-08-29T03:50:55.386+0000][7][gc,heap     ] GC(18) Humongous regions: 0->0
[2022-08-29T03:50:55.386+0000][7][gc,metaspace] GC(18) Metaspace: 35847K(38272K)->35847K(38272K) NonClass: 31275K(33024K)->31275K(33024K) Class: 4572K(5248K)->4572K(5248K)
[2022-08-29T03:50:55.386+0000][7][gc          ] GC(18) Pause Young (Concurrent Start) (G1 Evacuation Pause) 172M->60M(256M) 14.193ms
[2022-08-29T03:50:55.386+0000][7][gc,cpu      ] GC(18) User=0.02s Sys=0.00s Real=0.02s
[2022-08-29T03:50:55.386+0000][7][gc          ] GC(19) Concurrent Cycle
[2022-08-29T03:50:55.386+0000][7][safepoint   ] Safepoint "G1CollectForAllocation", Time since last: 140425969 ns, Reaching safepoint: 2517530 ns, At safepoint: 14594254 ns, Total: 17111784 ns
[2022-08-29T03:50:55.386+0000][7][gc,marking  ] GC(19) Concurrent Clear Claimed Marks
[2022-08-29T03:50:55.387+0000][7][gc,marking  ] GC(19) Concurrent Clear Claimed Marks 0.431ms
[2022-08-29T03:50:55.387+0000][7][gc,marking  ] GC(19) Concurrent Scan Root Regions
[2022-08-29T03:50:55.391+0000][7][gc,marking  ] GC(19) Concurrent Scan Root Regions 3.994ms
[2022-08-29T03:50:55.392+0000][7][gc,marking  ] GC(19) Concurrent Mark (8.681s)
[2022-08-29T03:50:55.393+0000][7][gc,marking  ] GC(19) Concurrent Mark From Roots
[2022-08-29T03:50:55.393+0000][7][gc,task     ] GC(19) Using 2 workers of 2 for marking
[2022-08-29T03:50:55.444+0000][7][gc,marking  ] GC(19) Concurrent Mark From Roots 51.104ms
[2022-08-29T03:50:55.444+0000][7][gc,marking  ] GC(19) Concurrent Preclean
[2022-08-29T03:50:55.445+0000][7][gc,marking  ] GC(19) Concurrent Preclean 0.311ms
[2022-08-29T03:50:55.445+0000][7][gc,marking  ] GC(19) Concurrent Mark (8.681s, 8.733s) 52.385ms
[2022-08-29T03:50:55.445+0000][7][gc,start    ] GC(19) Pause Remark
[2022-08-29T03:50:55.448+0000][7][gc          ] GC(19) Pause Remark 62M->62M(256M) 2.954ms
[2022-08-29T03:50:55.448+0000][7][gc,cpu      ] GC(19) User=0.01s Sys=0.00s Real=0.01s
[2022-08-29T03:50:55.448+0000][7][safepoint   ] Safepoint "G1Concurrent", Time since last: 58591920 ns, Reaching safepoint: 199093 ns, At safepoint: 3431144 ns, Total: 3630237 ns
[2022-08-29T03:50:55.449+0000][7][gc,marking  ] GC(19) Concurrent Rebuild Remembered Sets
[2022-08-29T03:50:55.476+0000][7][gc,marking  ] GC(19) Concurrent Rebuild Remembered Sets 27.019ms
[2022-08-29T03:50:55.476+0000][7][gc,start    ] GC(19) Pause Cleanup
[2022-08-29T03:50:55.477+0000][7][gc          ] GC(19) Pause Cleanup 62M->62M(256M) 0.333ms
[2022-08-29T03:50:55.477+0000][7][gc,cpu      ] GC(19) User=0.00s Sys=0.00s Real=0.00s
[2022-08-29T03:50:55.477+0000][7][safepoint   ] Safepoint "G1Concurrent", Time since last: 27696120 ns, Reaching safepoint: 276028 ns, At safepoint: 794479 ns, Total: 1070507 ns
[2022-08-29T03:50:55.477+0000][7][gc,marking  ] GC(19) Concurrent Cleanup for Next Mark
[2022-08-29T03:50:55.478+0000][7][gc,marking  ] GC(19) Concurrent Cleanup for Next Mark 0.560ms
[2022-08-29T03:50:55.478+0000][7][gc          ] GC(19) Concurrent Cycle 92.191ms
[2022-08-29T03:50:57.040+0000][7][safepoint   ] Safepoint "Cleanup", Time since last: 1557986204 ns, Reaching safepoint: 4684494 ns, At safepoint: 10119 ns, Total: 4694613 ns
[2022-08-29T03:50:57.099+0000][7][gc,start    ] GC(20) Pause Young (Normal) (G1 Evacuation Pause)
[2022-08-29T03:50:57.099+0000][7][gc,task     ] GC(20) Using 6 workers of 6 for evacuation
[2022-08-29T03:50:57.099+0000][7][gc,age      ] GC(20) Desired survivor size 8388608 bytes, new threshold 15 (max threshold 15)
[2022-08-29T03:50:57.108+0000][7][gc,age      ] GC(20) Age table with threshold 15 (max threshold 15)
[2022-08-29T03:50:57.108+0000][7][gc,age      ] GC(20) - age   1:    5993376 bytes,    5993376 total
[2022-08-29T03:50:57.109+0000][7][gc,age      ] GC(20) - age   2:     596928 bytes,    6590304 total
[2022-08-29T03:50:57.109+0000][7][gc,phases   ] GC(20)   Pre Evacuate Collection Set: 0.1ms
[2022-08-29T03:50:57.109+0000][7][gc,phases   ] GC(20)   Merge Heap Roots: 0.0ms
[2022-08-29T03:50:57.109+0000][7][gc,phases   ] GC(20)   Evacuate Collection Set: 7.0ms
[2022-08-29T03:50:57.109+0000][7][gc,phases   ] GC(20)   Post Evacuate Collection Set: 1.6ms
[2022-08-29T03:50:57.109+0000][7][gc,phases   ] GC(20)   Other: 1.5ms
[2022-08-29T03:50:57.110+0000][7][gc,heap     ] GC(20) Eden regions: 30->0(29)
[2022-08-29T03:50:57.110+0000][7][gc,heap     ] GC(20) Survivor regions: 1->2(4)
[2022-08-29T03:50:57.110+0000][7][gc,heap     ] GC(20) Old regions: 14->14
[2022-08-29T03:50:57.110+0000][7][gc,heap     ] GC(20) Archive regions: 2->2
[2022-08-29T03:50:57.110+0000][7][gc,heap     ] GC(20) Humongous regions: 0->0
[2022-08-29T03:50:57.110+0000][7][gc,metaspace] GC(20) Metaspace: 51859K(55424K)->51859K(55424K) NonClass: 44922K(47616K)->44922K(47616K) Class: 6937K(7808K)->6937K(7808K)
[2022-08-29T03:50:57.110+0000][7][gc          ] GC(20) Pause Young (Normal) (G1 Evacuation Pause) 180M->66M(256M) 11.746ms
[2022-08-29T03:50:57.111+0000][7][gc,cpu      ] GC(20) User=0.02s Sys=0.00s Real=0.01s
[2022-08-29T03:50:57.112+0000][7][safepoint   ] Safepoint "G1CollectForAllocation", Time since last: 58615424 ns, Reaching safepoint: 141325 ns, At safepoint: 13432816 ns, Total: 13574141 ns
[2022-08-29T03:50:58.372+0000][7][gc,start    ] GC(21) Pause Young (Concurrent Start) (Metadata GC Threshold)
[2022-08-29T03:50:58.373+0000][7][gc,task     ] GC(21) Using 6 workers of 6 for evacuation
[2022-08-29T03:50:58.373+0000][7][gc,age      ] GC(21) Desired survivor size 8388608 bytes, new threshold 15 (max threshold 15)
[2022-08-29T03:50:58.386+0000][7][gc,age      ] GC(21) Age table with threshold 15 (max threshold 15)
[2022-08-29T03:50:58.386+0000][7][gc,age      ] GC(21) - age   1:    4220976 bytes,    4220976 total
[2022-08-29T03:50:58.387+0000][7][gc,age      ] GC(21) - age   2:    5810504 bytes,   10031480 total
[2022-08-29T03:50:58.387+0000][7][gc,age      ] GC(21) - age   3:     595312 bytes,   10626792 total
[2022-08-29T03:50:58.387+0000][7][gc,phases   ] GC(21)   Pre Evacuate Collection Set: 0.2ms
[2022-08-29T03:50:58.388+0000][7][gc,phases   ] GC(21)   Merge Heap Roots: 0.1ms
[2022-08-29T03:50:58.388+0000][7][gc,phases   ] GC(21)   Evacuate Collection Set: 9.4ms
[2022-08-29T03:50:58.388+0000][7][gc,phases   ] GC(21)   Post Evacuate Collection Set: 3.0ms
[2022-08-29T03:50:58.389+0000][7][gc,phases   ] GC(21)   Other: 2.4ms
[2022-08-29T03:50:58.389+0000][7][gc,heap     ] GC(21) Eden regions: 29->0(29)
[2022-08-29T03:50:58.389+0000][7][gc,heap     ] GC(21) Survivor regions: 2->3(4)
[2022-08-29T03:50:58.389+0000][7][gc,heap     ] GC(21) Old regions: 14->14
[2022-08-29T03:50:58.389+0000][7][gc,heap     ] GC(21) Archive regions: 2->2
[2022-08-29T03:50:58.390+0000][7][gc,heap     ] GC(21) Humongous regions: 0->0
[2022-08-29T03:50:58.390+0000][7][gc,metaspace] GC(21) Metaspace: 60609K(64216K)->60609K(64216K) NonClass: 52493K(55256K)->52493K(55256K) Class: 8116K(8960K)->8116K(8960K)
[2022-08-29T03:50:58.390+0000][7][gc          ] GC(21) Pause Young (Concurrent Start) (Metadata GC Threshold) 180M->70M(256M) 17.899ms
[2022-08-29T03:50:58.390+0000][7][gc,cpu      ] GC(21) User=0.03s Sys=0.00s Real=0.02s
[2022-08-29T03:50:58.391+0000][7][gc          ] GC(22) Concurrent Cycle
[2022-08-29T03:50:58.391+0000][7][safepoint   ] Safepoint "CollectForMetadataAllocation", Time since last: 1259502808 ns, Reaching safepoint: 526066 ns, At safepoint: 18577072 ns, Total: 19103138 ns
[2022-08-29T03:50:58.391+0000][7][gc,marking  ] GC(22) Concurrent Clear Claimed Marks
[2022-08-29T03:50:58.391+0000][7][gc,marking  ] GC(22) Concurrent Clear Claimed Marks 0.439ms
[2022-08-29T03:50:58.391+0000][7][gc,marking  ] GC(22) Concurrent Scan Root Regions
[2022-08-29T03:50:58.398+0000][7][gc,marking  ] GC(22) Concurrent Scan Root Regions 6.631ms
[2022-08-29T03:50:58.405+0000][7][gc,marking  ] GC(22) Concurrent Mark (11.694s)
[2022-08-29T03:50:58.406+0000][7][gc,marking  ] GC(22) Concurrent Mark From Roots
[2022-08-29T03:50:58.406+0000][7][gc,task     ] GC(22) Using 2 workers of 2 for marking
[2022-08-29T03:50:58.409+0000][7][safepoint   ] Safepoint "CollectForMetadataAllocation", Time since last: 17953253 ns, Reaching safepoint: 156323 ns, At safepoint: 130404 ns, Total: 286727 ns
[2022-08-29T03:50:58.436+0000][7][safepoint   ] Safepoint "CollectForMetadataAllocation", Time since last: 26691868 ns, Reaching safepoint: 237605 ns, At safepoint: 141706 ns, Total: 379311 ns
[2022-08-29T03:50:58.469+0000][7][gc,marking  ] GC(22) Concurrent Mark From Roots 63.785ms
[2022-08-29T03:50:58.470+0000][7][gc,marking  ] GC(22) Concurrent Preclean
[2022-08-29T03:50:58.470+0000][7][gc,marking  ] GC(22) Concurrent Preclean 0.422ms
[2022-08-29T03:50:58.470+0000][7][gc,marking  ] GC(22) Concurrent Mark (11.694s, 11.759s) 65.201ms
[2022-08-29T03:50:58.471+0000][7][gc,start    ] GC(22) Pause Remark
[2022-08-29T03:50:58.476+0000][7][gc          ] GC(22) Pause Remark 78M->78M(256M) 4.667ms
[2022-08-29T03:50:58.476+0000][7][gc,cpu      ] GC(22) User=0.02s Sys=0.00s Real=0.01s
[2022-08-29T03:50:58.476+0000][7][safepoint   ] Safepoint "G1Concurrent", Time since last: 34620152 ns, Reaching safepoint: 387136 ns, At safepoint: 5282214 ns, Total: 5669350 ns
[2022-08-29T03:50:58.477+0000][7][gc,marking  ] GC(22) Concurrent Rebuild Remembered Sets
[2022-08-29T03:50:58.529+0000][7][gc,marking  ] GC(22) Concurrent Rebuild Remembered Sets 52.714ms
[2022-08-29T03:50:58.534+0000][7][gc,start    ] GC(22) Pause Cleanup
[2022-08-29T03:50:58.535+0000][7][gc          ] GC(22) Pause Cleanup 82M->82M(256M) 0.453ms
[2022-08-29T03:50:58.535+0000][7][gc,cpu      ] GC(22) User=0.00s Sys=0.00s Real=0.00s
[2022-08-29T03:50:58.535+0000][7][safepoint   ] Safepoint "G1Concurrent", Time since last: 56974307 ns, Reaching safepoint: 876113 ns, At safepoint: 794820 ns, Total: 1670933 ns
[2022-08-29T03:50:58.536+0000][7][gc,marking  ] GC(22) Concurrent Cleanup for Next Mark
[2022-08-29T03:50:58.536+0000][7][gc,marking  ] GC(22) Concurrent Cleanup for Next Mark 0.659ms
[2022-08-29T03:50:58.537+0000][7][gc          ] GC(22) Concurrent Cycle 146.176ms
[2022-08-29T03:50:59.817+0000][7][safepoint   ] Safepoint "Cleanup", Time since last: 1279414934 ns, Reaching safepoint: 2367278 ns, At safepoint: 59532 ns, Total: 2426810 ns
[2022-08-29T03:51:00.825+0000][7][safepoint   ] Safepoint "Cleanup", Time since last: 1007618254 ns, Reaching safepoint: 188283 ns, At safepoint: 22863 ns, Total: 211146 ns
[2022-08-29T03:51:00.958+0000][7][gc,start    ] GC(23) Pause Young (Concurrent Start) (G1 Evacuation Pause)
[2022-08-29T03:51:00.958+0000][7][gc,task     ] GC(23) Using 6 workers of 6 for evacuation
[2022-08-29T03:51:00.958+0000][7][gc,age      ] GC(23) Desired survivor size 8388608 bytes, new threshold 2 (max threshold 15)
[2022-08-29T03:51:00.970+0000][7][gc,age      ] GC(23) Age table with threshold 2 (max threshold 15)
[2022-08-29T03:51:00.970+0000][7][gc,age      ] GC(23) - age   1:    6400384 bytes,    6400384 total
[2022-08-29T03:51:00.970+0000][7][gc,age      ] GC(23) - age   2:    4057976 bytes,   10458360 total
[2022-08-29T03:51:00.970+0000][7][gc,phases   ] GC(23)   Pre Evacuate Collection Set: 0.2ms
[2022-08-29T03:51:00.971+0000][7][gc,phases   ] GC(23)   Merge Heap Roots: 0.1ms
[2022-08-29T03:51:00.971+0000][7][gc,phases   ] GC(23)   Evacuate Collection Set: 9.7ms
[2022-08-29T03:51:00.971+0000][7][gc,phases   ] GC(23)   Post Evacuate Collection Set: 1.2ms
[2022-08-29T03:51:00.971+0000][7][gc,phases   ] GC(23)   Other: 1.3ms
[2022-08-29T03:51:00.971+0000][7][gc,heap     ] GC(23) Eden regions: 29->0(28)
[2022-08-29T03:51:00.971+0000][7][gc,heap     ] GC(23) Survivor regions: 3->3(4)
[2022-08-29T03:51:00.972+0000][7][gc,heap     ] GC(23) Old regions: 14->16
[2022-08-29T03:51:00.972+0000][7][gc,heap     ] GC(23) Archive regions: 2->2
[2022-08-29T03:51:00.972+0000][7][gc,heap     ] GC(23) Humongous regions: 0->0
[2022-08-29T03:51:00.972+0000][7][gc,metaspace] GC(23) Metaspace: 79723K(84132K)->79723K(84132K) NonClass: 69023K(72356K)->69023K(72356K) Class: 10699K(11776K)->10699K(11776K)
[2022-08-29T03:51:00.972+0000][7][gc          ] GC(23) Pause Young (Concurrent Start) (G1 Evacuation Pause) 186M->76M(256M) 13.991ms
[2022-08-29T03:51:00.972+0000][7][gc,cpu      ] GC(23) User=0.05s Sys=0.00s Real=0.01s
[2022-08-29T03:51:00.972+0000][7][gc          ] GC(24) Concurrent Cycle
[2022-08-29T03:51:00.973+0000][7][gc,marking  ] GC(24) Concurrent Clear Claimed Marks
[2022-08-29T03:51:00.973+0000][7][gc,marking  ] GC(24) Concurrent Clear Claimed Marks 0.220ms
[2022-08-29T03:51:00.973+0000][7][gc,marking  ] GC(24) Concurrent Scan Root Regions
[2022-08-29T03:51:00.972+0000][7][safepoint   ] Safepoint "G1CollectForAllocation", Time since last: 133103749 ns, Reaching safepoint: 339166 ns, At safepoint: 14418846 ns, Total: 14758012 ns
[2022-08-29T03:51:00.984+0000][7][gc,marking  ] GC(24) Concurrent Scan Root Regions 11.331ms
[2022-08-29T03:51:00.985+0000][7][gc,marking  ] GC(24) Concurrent Mark (14.274s)
[2022-08-29T03:51:00.986+0000][7][gc,marking  ] GC(24) Concurrent Mark From Roots
[2022-08-29T03:51:00.986+0000][7][gc,task     ] GC(24) Using 2 workers of 2 for marking
[2022-08-29T03:51:01.027+0000][7][gc,marking  ] GC(24) Concurrent Mark From Roots 40.564ms
[2022-08-29T03:51:01.027+0000][7][gc,marking  ] GC(24) Concurrent Preclean
[2022-08-29T03:51:01.027+0000][7][gc,marking  ] GC(24) Concurrent Preclean 0.345ms
[2022-08-29T03:51:01.027+0000][7][gc,marking  ] GC(24) Concurrent Mark (14.274s, 14.316s) 42.203ms
[2022-08-29T03:51:01.028+0000][7][gc,start    ] GC(24) Pause Remark
[2022-08-29T03:51:01.031+0000][7][gc          ] GC(24) Pause Remark 82M->82M(256M) 3.460ms
[2022-08-29T03:51:01.031+0000][7][gc,cpu      ] GC(24) User=0.01s Sys=0.00s Real=0.00s
[2022-08-29T03:51:01.032+0000][7][safepoint   ] Safepoint "G1Concurrent", Time since last: 55073112 ns, Reaching safepoint: 132899 ns, At safepoint: 3998517 ns, Total: 4131416 ns
[2022-08-29T03:51:01.032+0000][7][gc,marking  ] GC(24) Concurrent Rebuild Remembered Sets
[2022-08-29T03:51:01.061+0000][7][gc,marking  ] GC(24) Concurrent Rebuild Remembered Sets 29.339ms
[2022-08-29T03:51:01.062+0000][7][gc,start    ] GC(24) Pause Cleanup
[2022-08-29T03:51:01.063+0000][7][gc          ] GC(24) Pause Cleanup 82M->82M(256M) 0.663ms
[2022-08-29T03:51:01.063+0000][7][gc,cpu      ] GC(24) User=0.00s Sys=0.00s Real=0.00s
[2022-08-29T03:51:01.063+0000][7][safepoint   ] Safepoint "G1Concurrent", Time since last: 30016962 ns, Reaching safepoint: 321363 ns, At safepoint: 1079734 ns, Total: 1401097 ns
[2022-08-29T03:51:01.063+0000][7][gc,marking  ] GC(24) Concurrent Cleanup for Next Mark
[2022-08-29T03:51:01.064+0000][7][gc,marking  ] GC(24) Concurrent Cleanup for Next Mark 0.415ms
[2022-08-29T03:51:01.064+0000][7][gc          ] GC(24) Concurrent Cycle 91.495ms
[2022-08-29T03:51:01.897+0000][7][safepoint   ] Safepoint "ICBufferFull", Time since last: 833021936 ns, Reaching safepoint: 386886 ns, At safepoint: 41428 ns, Total: 428314 ns
[2022-08-29T03:51:02.514+0000][7][safepoint   ] Safepoint "ICBufferFull", Time since last: 616625302 ns, Reaching safepoint: 281838 ns, At safepoint: 47089 ns, Total: 328927 ns
[2022-08-29T03:51:02.576+0000][7][gc,start    ] GC(25) Pause Young (Concurrent Start) (G1 Humongous Allocation)
[2022-08-29T03:51:02.576+0000][7][gc,task     ] GC(25) Using 6 workers of 6 for evacuation
[2022-08-29T03:51:02.577+0000][7][gc,age      ] GC(25) Desired survivor size 8388608 bytes, new threshold 2 (max threshold 15)
[2022-08-29T03:51:02.588+0000][7][gc,age      ] GC(25) Age table with threshold 2 (max threshold 15)
[2022-08-29T03:51:02.588+0000][7][gc,age      ] GC(25) - age   1:    3115576 bytes,    3115576 total
[2022-08-29T03:51:02.588+0000][7][gc,age      ] GC(25) - age   2:    6101720 bytes,    9217296 total
[2022-08-29T03:51:02.588+0000][7][gc,phases   ] GC(25)   Pre Evacuate Collection Set: 0.2ms
[2022-08-29T03:51:02.588+0000][7][gc,phases   ] GC(25)   Merge Heap Roots: 0.2ms
[2022-08-29T03:51:02.589+0000][7][gc,phases   ] GC(25)   Evacuate Collection Set: 8.9ms
[2022-08-29T03:51:02.589+0000][7][gc,phases   ] GC(25)   Post Evacuate Collection Set: 1.3ms
[2022-08-29T03:51:02.589+0000][7][gc,phases   ] GC(25)   Other: 1.5ms
[2022-08-29T03:51:02.589+0000][7][gc,heap     ] GC(25) Eden regions: 14->0(26)
[2022-08-29T03:51:02.589+0000][7][gc,heap     ] GC(25) Survivor regions: 3->3(4)
[2022-08-29T03:51:02.589+0000][7][gc,heap     ] GC(25) Old regions: 16->17
[2022-08-29T03:51:02.590+0000][7][gc,heap     ] GC(25) Archive regions: 2->2
[2022-08-29T03:51:02.590+0000][7][gc,heap     ] GC(25) Humongous regions: 1->1
[2022-08-29T03:51:02.590+0000][7][gc,metaspace] GC(25) Metaspace: 86728K(91300K)->86728K(91300K) NonClass: 74992K(78500K)->74992K(78500K) Class: 11735K(12800K)->11735K(12800K)
[2022-08-29T03:51:02.590+0000][7][gc          ] GC(25) Pause Young (Concurrent Start) (G1 Humongous Allocation) 133M->83M(256M) 14.032ms
[2022-08-29T03:51:02.590+0000][7][gc,cpu      ] GC(25) User=0.05s Sys=0.01s Real=0.01s
[2022-08-29T03:51:02.591+0000][7][safepoint   ] Safepoint "G1TryInitiateConcMark", Time since last: 62477886 ns, Reaching safepoint: 136656 ns, At safepoint: 14490910 ns, Total: 14627566 ns
[2022-08-29T03:51:02.591+0000][7][gc          ] GC(26) Concurrent Cycle
[2022-08-29T03:51:02.594+0000][7][gc,marking  ] GC(26) Concurrent Clear Claimed Marks
[2022-08-29T03:51:02.595+0000][7][gc,marking  ] GC(26) Concurrent Clear Claimed Marks 0.302ms
[2022-08-29T03:51:02.596+0000][7][gc,marking  ] GC(26) Concurrent Scan Root Regions
[2022-08-29T03:51:02.601+0000][7][gc,marking  ] GC(26) Concurrent Scan Root Regions 5.932ms
[2022-08-29T03:51:02.602+0000][7][gc,marking  ] GC(26) Concurrent Mark (15.890s)
[2022-08-29T03:51:02.602+0000][7][gc,marking  ] GC(26) Concurrent Mark From Roots
[2022-08-29T03:51:02.602+0000][7][gc,task     ] GC(26) Using 2 workers of 2 for marking
[2022-08-29T03:51:02.661+0000][7][gc,marking  ] GC(26) Concurrent Mark From Roots 58.915ms
[2022-08-29T03:51:02.661+0000][7][gc,marking  ] GC(26) Concurrent Preclean
[2022-08-29T03:51:02.662+0000][7][gc,marking  ] GC(26) Concurrent Preclean 0.335ms
[2022-08-29T03:51:02.662+0000][7][gc,marking  ] GC(26) Concurrent Mark (15.890s, 15.950s) 59.911ms
[2022-08-29T03:51:02.662+0000][7][gc,start    ] GC(26) Pause Remark
[2022-08-29T03:51:02.667+0000][7][gc          ] GC(26) Pause Remark 89M->89M(256M) 4.684ms
[2022-08-29T03:51:02.667+0000][7][gc,cpu      ] GC(26) User=0.01s Sys=0.00s Real=0.01s
[2022-08-29T03:51:02.667+0000][7][safepoint   ] Safepoint "G1Concurrent", Time since last: 71395156 ns, Reaching safepoint: 186670 ns, At safepoint: 5289639 ns, Total: 5476309 ns
[2022-08-29T03:51:02.668+0000][7][gc,marking  ] GC(26) Concurrent Rebuild Remembered Sets
[2022-08-29T03:51:02.698+0000][7][gc,marking  ] GC(26) Concurrent Rebuild Remembered Sets 30.740ms
[2022-08-29T03:51:02.699+0000][7][gc,start    ] GC(26) Pause Cleanup
[2022-08-29T03:51:02.699+0000][7][gc          ] GC(26) Pause Cleanup 91M->91M(256M) 0.290ms
[2022-08-29T03:51:02.700+0000][7][gc,cpu      ] GC(26) User=0.00s Sys=0.00s Real=0.00s
[2022-08-29T03:51:02.700+0000][7][safepoint   ] Safepoint "G1Concurrent", Time since last: 31235215 ns, Reaching safepoint: 383049 ns, At safepoint: 750837 ns, Total: 1133886 ns
[2022-08-29T03:51:02.700+0000][7][gc,marking  ] GC(26) Concurrent Cleanup for Next Mark
[2022-08-29T03:51:02.701+0000][7][gc,marking  ] GC(26) Concurrent Cleanup for Next Mark 1.018ms
[2022-08-29T03:51:02.703+0000][7][gc          ] GC(26) Concurrent Cycle 111.999ms
[2022-08-29T03:51:03.669+0000][7][safepoint   ] Safepoint "ICBufferFull", Time since last: 969105694 ns, Reaching safepoint: 359023 ns, At safepoint: 29155 ns, Total: 388178 ns
[2022-08-29T03:51:04.671+0000][7][safepoint   ] Safepoint "Cleanup", Time since last: 1001236178 ns, Reaching safepoint: 276047 ns, At safepoint: 25338 ns, Total: 301385 ns
[2022-08-29T03:51:05.672+0000][7][safepoint   ] Safepoint "Cleanup", Time since last: 1000637686 ns, Reaching safepoint: 234659 ns, At safepoint: 5661 ns, Total: 240320 ns
[2022-08-29T03:51:07.236+0000][7][safepoint   ] Safepoint "Cleanup", Time since last: 1564324278 ns, Reaching safepoint: 182763 ns, At safepoint: 32441 ns, Total: 215204 ns
[2022-08-29T03:51:08.236+0000][7][safepoint   ] Safepoint "Cleanup", Time since last: 1000217848 ns, Reaching safepoint: 209914 ns, At safepoint: 5771 ns, Total: 215685 ns
[2022-08-29T03:51:10.238+0000][7][safepoint   ] Safepoint "Cleanup", Time since last: 2000691997 ns, Reaching safepoint: 289012 ns, At safepoint: 46938 ns, Total: 335950 ns
[2022-08-29T03:51:11.238+0000][7][safepoint   ] Safepoint "Cleanup", Time since last: 1000621315 ns, Reaching safepoint: 197841 ns, At safepoint: 23003 ns, Total: 220844 ns
[2022-08-29T03:51:13.239+0000][7][safepoint   ] Safepoint "Cleanup", Time since last: 2000778480 ns, Reaching safepoint: 279103 ns, At safepoint: 23264 ns, Total: 302367 ns
[2022-08-29T03:51:21.241+0000][7][safepoint   ] Safepoint "Cleanup", Time since last: 8001645496 ns, Reaching safepoint: 328126 ns, At safepoint: 73287 ns, Total: 401413 ns
[2022-08-29T03:51:23.243+0000][7][safepoint   ] Safepoint "Cleanup", Time since last: 2000964629 ns, Reaching safepoint: 382908 ns, At safepoint: 117370 ns, Total: 500278 ns
[2022-08-29T03:51:25.244+0000][7][safepoint   ] Safepoint "Cleanup", Time since last: 2000931306 ns, Reaching safepoint: 326613 ns, At safepoint: 13014 ns, Total: 339627 ns
[2022-08-29T03:51:26.246+0000][7][safepoint   ] Safepoint "Cleanup", Time since last: 1000990006 ns, Reaching safepoint: 534372 ns, At safepoint: 116940 ns, Total: 651312 ns
[2022-08-29T03:51:27.247+0000][7][safepoint   ] Safepoint "Cleanup", Time since last: 1000607239 ns, Reaching safepoint: 355476 ns, At safepoint: 158207 ns, Total: 513683 ns
[2022-08-29T03:51:30.249+0000][7][safepoint   ] Safepoint "Cleanup", Time since last: 3001179241 ns, Reaching safepoint: 418074 ns, At safepoint: 68999 ns, Total: 487073 ns
[2022-08-29T03:51:32.250+0000][7][safepoint   ] Safepoint "Cleanup", Time since last: 2000988594 ns, Reaching safepoint: 407895 ns, At safepoint: 21700 ns, Total: 429595 ns
[2022-08-29T03:51:33.251+0000][7][safepoint   ] Safepoint "Cleanup", Time since last: 1000310262 ns, Reaching safepoint: 452278 ns, At safepoint: 17793 ns, Total: 470071 ns
[2022-08-29T03:51:38.253+0000][7][safepoint   ] Safepoint "Cleanup", Time since last: 5001624517 ns, Reaching safepoint: 365555 ns, At safepoint: 71585 ns, Total: 437140 ns
[2022-08-29T03:51:41.255+0000][7][safepoint   ] Safepoint "Cleanup", Time since last: 3001172057 ns, Reaching safepoint: 417012 ns, At safepoint: 69901 ns, Total: 486913 ns
[2022-08-29T03:51:43.256+0000][7][safepoint   ] Safepoint "Cleanup", Time since last: 2000869942 ns, Reaching safepoint: 415128 ns, At safepoint: 53821 ns, Total: 468949 ns
[2022-08-29T03:51:44.257+0000][7][safepoint   ] Safepoint "Cleanup", Time since last: 1000713097 ns, Reaching safepoint: 322485 ns, At safepoint: 86202 ns, Total: 408687 ns
[2022-08-29T03:51:45.258+0000][7][safepoint   ] Safepoint "Cleanup", Time since last: 1000474730 ns, Reaching safepoint: 287369 ns, At safepoint: 6121 ns, Total: 293490 ns
[2022-08-29T03:51:48.259+0000][7][safepoint   ] Safepoint "Cleanup", Time since last: 3001071740 ns, Reaching safepoint: 154028 ns, At safepoint: 3457 ns, Total: 157485 ns
[2022-08-29T03:51:49.260+0000][7][safepoint   ] Safepoint "Cleanup", Time since last: 1000681197 ns, Reaching safepoint: 375354 ns, At safepoint: 16682 ns, Total: 392036 ns
[2022-08-29T03:51:51.262+0000][7][safepoint   ] Safepoint "Cleanup", Time since last: 2001065287 ns, Reaching safepoint: 350127 ns, At safepoint: 58920 ns, Total: 409047 ns
[2022-08-29T03:51:56.263+0000][7][safepoint   ] Safepoint "Cleanup", Time since last: 5001531102 ns, Reaching safepoint: 306885 ns, At safepoint: 10229 ns, Total: 317114 ns
[2022-08-29T03:52:02.265+0000][7][safepoint   ] Safepoint "Cleanup", Time since last: 6001686703 ns, Reaching safepoint: 273643 ns, At safepoint: 50435 ns, Total: 324078 ns
[2022-08-29T03:52:05.267+0000][7][safepoint   ] Safepoint "Cleanup", Time since last: 3001024581 ns, Reaching safepoint: 383198 ns, At safepoint: 57899 ns, Total: 441097 ns
[2022-08-29T03:52:06.268+0000][7][safepoint   ] Safepoint "Cleanup", Time since last: 1000826550 ns, Reaching safepoint: 346079 ns, At safepoint: 16110 ns, Total: 362189 ns
[2022-08-29T03:52:08.269+0000][7][safepoint   ] Safepoint "Cleanup", Time since last: 2000520196 ns, Reaching safepoint: 462087 ns, At safepoint: 28693 ns, Total: 490780 ns
[2022-08-29T03:52:22.273+0000][7][safepoint   ] Safepoint "Cleanup", Time since last: 14003120132 ns, Reaching safepoint: 415850 ns, At safepoint: 17312 ns, Total: 433162 ns
[2022-08-29T03:52:28.275+0000][7][safepoint   ] Safepoint "Cleanup", Time since last: 6001695871 ns, Reaching safepoint: 387556 ns, At safepoint: 75392 ns, Total: 462948 ns
[2022-08-29T03:52:32.277+0000][7][safepoint   ] Safepoint "Cleanup", Time since last: 4001491356 ns, Reaching safepoint: 329608 ns, At safepoint: 44193 ns, Total: 373801 ns
[2022-08-29T03:52:33.278+0000][7][safepoint   ] Safepoint "Cleanup", Time since last: 1000350688 ns, Reaching safepoint: 475481 ns, At safepoint: 9007 ns, Total: 484488 ns
[2022-08-29T03:52:38.280+0000][7][safepoint   ] Safepoint "Cleanup", Time since last: 5001743789 ns, Reaching safepoint: 380664 ns, At safepoint: 78067 ns, Total: 458731 ns
[2022-08-29T03:52:44.282+0000][7][safepoint   ] Safepoint "Cleanup", Time since last: 6001759159 ns, Reaching safepoint: 390973 ns, At safepoint: 55364 ns, Total: 446337 ns
[2022-08-29T03:52:45.283+0000][7][safepoint   ] Safepoint "Cleanup", Time since last: 1000792666 ns, Reaching safepoint: 353042 ns, At safepoint: 19356 ns, Total: 372398 ns
[2022-08-29T03:52:46.284+0000][7][safepoint   ] Safepoint "Cleanup", Time since last: 1000894978 ns, Reaching safepoint: 450765 ns, At safepoint: 64221 ns, Total: 514986 ns
[2022-08-29T03:52:47.285+0000][7][safepoint   ] Safepoint "Cleanup", Time since last: 1000870913 ns, Reaching safepoint: 230072 ns, At safepoint: 22722 ns, Total: 252794 ns
[2022-08-29T03:52:51.287+0000][7][safepoint   ] Safepoint "Cleanup", Time since last: 4000989215 ns, Reaching safepoint: 410991 ns, At safepoint: 26399 ns, Total: 437390 ns
[2022-08-29T03:52:57.289+0000][7][safepoint   ] Safepoint "Cleanup", Time since last: 6001455200 ns, Reaching safepoint: 317855 ns, At safepoint: 7314 ns, Total: 325169 ns
[2022-08-29T03:53:03.291+0000][7][safepoint   ] Safepoint "Cleanup", Time since last: 6001712942 ns, Reaching safepoint: 346791 ns, At safepoint: 7323 ns, Total: 354114 ns
[2022-08-29T03:53:08.293+0000][7][safepoint   ] Safepoint "Cleanup", Time since last: 5001095996 ns, Reaching safepoint: 339186 ns, At safepoint: 16370 ns, Total: 355556 ns
[2022-08-29T03:53:10.295+0000][7][safepoint   ] Safepoint "Cleanup", Time since last: 2001391620 ns, Reaching safepoint: 546926 ns, At safepoint: 64100 ns, Total: 611026 ns
[2022-08-29T03:53:13.296+0000][7][safepoint   ] Safepoint "Cleanup", Time since last: 3001226930 ns, Reaching safepoint: 375314 ns, At safepoint: 7604 ns, Total: 382918 ns
[2022-08-29T03:53:32.301+0000][7][safepoint   ] Safepoint "Cleanup", Time since last: 19003841676 ns, Reaching safepoint: 451817 ns, At safepoint: 76694 ns, Total: 528511 ns
[2022-08-29T03:53:33.302+0000][7][safepoint   ] Safepoint "Cleanup", Time since last: 1000665197 ns, Reaching safepoint: 337243 ns, At safepoint: 64050 ns, Total: 401293 ns
[2022-08-29T03:53:38.303+0000][7][safepoint   ] Safepoint "Cleanup", Time since last: 5001482088 ns, Reaching safepoint: 301646 ns, At safepoint: 47689 ns, Total: 349335 ns
[2022-08-29T03:53:50.306+0000][7][safepoint   ] Safepoint "Cleanup", Time since last: 12002822193 ns, Reaching safepoint: 291857 ns, At safepoint: 52689 ns, Total: 344546 ns
[2022-08-29T03:54:02.309+0000][7][safepoint   ] Safepoint "Cleanup", Time since last: 12002401354 ns, Reaching safepoint: 424847 ns, At safepoint: 65412 ns, Total: 490259 ns
[2022-08-29T03:54:03.310+0000][7][safepoint   ] Safepoint "Cleanup", Time since last: 1000845566 ns, Reaching safepoint: 394219 ns, At safepoint: 16281 ns, Total: 410500 ns
[2022-08-29T03:54:08.313+0000][7][safepoint   ] Safepoint "Cleanup", Time since last: 5001411046 ns, Reaching safepoint: 456145 ns, At safepoint: 75191 ns, Total: 531336 ns
[2022-08-29T03:54:16.315+0000][7][safepoint   ] Safepoint "Cleanup", Time since last: 8002237606 ns, Reaching safepoint: 334227 ns, At safepoint: 52057 ns, Total: 386284 ns
[2022-08-29T03:54:17.316+0000][7][safepoint   ] Safepoint "Cleanup", Time since last: 1000733536 ns, Reaching safepoint: 295965 ns, At safepoint: 54482 ns, Total: 350447 ns
[2022-08-29T03:54:30.319+0000][7][safepoint   ] Safepoint "Cleanup", Time since last: 13002633089 ns, Reaching safepoint: 435576 ns, At safepoint: 60403 ns, Total: 495979 ns
[2022-08-29T03:54:32.321+0000][7][safepoint   ] Safepoint "Cleanup", Time since last: 2000928291 ns, Reaching safepoint: 354234 ns, At safepoint: 6773 ns, Total: 361007 ns
[2022-08-29T03:54:38.322+0000][7][safepoint   ] Safepoint "Cleanup", Time since last: 6001080145 ns, Reaching safepoint: 359434 ns, At safepoint: 7905 ns, Total: 367339 ns
[2022-08-29T03:54:58.327+0000][7][safepoint   ] Safepoint "Cleanup", Time since last: 20004251864 ns, Reaching safepoint: 376266 ns, At safepoint: 7243 ns, Total: 383509 ns
[2022-08-29T03:55:01.328+0000][7][safepoint   ] Safepoint "Cleanup", Time since last: 3001133406 ns, Reaching safepoint: 332594 ns, At safepoint: 13565 ns, Total: 346159 ns
[2022-08-29T03:55:02.329+0000][7][safepoint   ] Safepoint "Cleanup", Time since last: 1000801683 ns, Reaching safepoint: 351109 ns, At safepoint: 62677 ns, Total: 413786 ns
[2022-08-29T03:55:03.330+0000][7][safepoint   ] Safepoint "Cleanup", Time since last: 1000749585 ns, Reaching safepoint: 343755 ns, At safepoint: 53750 ns, Total: 397505 ns
[2022-08-29T03:55:07.332+0000][7][safepoint   ] Safepoint "Cleanup", Time since last: 4001067953 ns, Reaching safepoint: 385162 ns, At safepoint: 15960 ns, Total: 401122 ns
[2022-08-29T03:55:08.333+0000][7][safepoint   ] Safepoint "Cleanup", Time since last: 1000436429 ns, Reaching safepoint: 394780 ns, At safepoint: 15950 ns, Total: 410730 ns
[2022-08-29T03:55:09.334+0000][7][safepoint   ] Safepoint "Cleanup", Time since last: 1000960902 ns, Reaching safepoint: 389440 ns, At safepoint: 22222 ns, Total: 411662 ns
[2022-08-29T03:55:32.339+0000][7][safepoint   ] Safepoint "Cleanup", Time since last: 23004087156 ns, Reaching safepoint: 449162 ns, At safepoint: 74700 ns, Total: 523862 ns
[2022-08-29T03:55:38.340+0000][7][safepoint   ] Safepoint "Cleanup", Time since last: 6001197435 ns, Reaching safepoint: 151614 ns, At safepoint: 29466 ns, Total: 181080 ns
[2022-08-29T03:55:39.341+0000][7][safepoint   ] Safepoint "Cleanup", Time since last: 1000681978 ns, Reaching safepoint: 414998 ns, At safepoint: 85541 ns, Total: 500539 ns
[2022-08-29T03:56:01.346+0000][7][safepoint   ] Safepoint "Cleanup", Time since last: 22004535767 ns, Reaching safepoint: 446257 ns, At safepoint: 49742 ns, Total: 495999 ns
[2022-08-29T03:56:02.347+0000][7][safepoint   ] Safepoint "Cleanup", Time since last: 1000841088 ns, Reaching safepoint: 300724 ns, At safepoint: 19076 ns, Total: 319800 ns
[2022-08-29T03:56:07.349+0000][7][safepoint   ] Safepoint "Cleanup", Time since last: 5001539877 ns, Reaching safepoint: 319178 ns, At safepoint: 12534 ns, Total: 331712 ns
[2022-08-29T03:56:09.350+0000][7][safepoint   ] Safepoint "Cleanup", Time since last: 2000951805 ns, Reaching safepoint: 377087 ns, At safepoint: 54201 ns, Total: 431288 ns
[2022-08-29T03:56:39.356+0000][7][safepoint   ] Safepoint "Cleanup", Time since last: 30005307064 ns, Reaching safepoint: 308929 ns, At safepoint: 60403 ns, Total: 369332 ns
[2022-08-29T03:57:02.361+0000][7][safepoint   ] Safepoint "Cleanup", Time since last: 23004319422 ns, Reaching safepoint: 533731 ns, At safepoint: 72576 ns, Total: 606307 ns
[2022-08-29T03:57:09.363+0000][7][safepoint   ] Safepoint "Cleanup", Time since last: 7002020919 ns, Reaching safepoint: 487223 ns, At safepoint: 71865 ns, Total: 559088 ns
[2022-08-29T03:57:15.365+0000][7][safepoint   ] Safepoint "Cleanup", Time since last: 6001650836 ns, Reaching safepoint: 340428 ns, At safepoint: 7394 ns, Total: 347822 ns
[2022-08-29T03:57:30.369+0000][7][safepoint   ] Safepoint "Cleanup", Time since last: 15002932230 ns, Reaching safepoint: 371967 ns, At safepoint: 12784 ns, Total: 384751 ns
[2022-08-29T03:57:39.372+0000][7][safepoint   ] Safepoint "Cleanup", Time since last: 9002156394 ns, Reaching safepoint: 385563 ns, At safepoint: 75181 ns, Total: 460744 ns
[2022-08-29T03:58:02.376+0000][7][safepoint   ] Safepoint "Cleanup", Time since last: 23004075694 ns, Reaching safepoint: 365766 ns, At safepoint: 54432 ns, Total: 420198 ns
[2022-08-29T03:58:03.378+0000][7][safepoint   ] Safepoint "Cleanup", Time since last: 1000774723 ns, Reaching safepoint: 293931 ns, At safepoint: 47730 ns, Total: 341661 ns
[2022-08-29T03:58:09.379+0000][7][safepoint   ] Safepoint "Cleanup", Time since last: 6001247128 ns, Reaching safepoint: 509445 ns, At safepoint: 71524 ns, Total: 580969 ns
[2022-08-29T03:58:12.381+0000][7][safepoint   ] Safepoint "Cleanup", Time since last: 3001137624 ns, Reaching safepoint: 325891 ns, At safepoint: 9979 ns, Total: 335870 ns
[2022-08-29T03:58:17.382+0000][7][safepoint   ] Safepoint "Cleanup", Time since last: 5001202715 ns, Reaching safepoint: 338585 ns, At safepoint: 12804 ns, Total: 351389 ns
[2022-08-29T03:58:33.386+0000][7][safepoint   ] Safepoint "Cleanup", Time since last: 16003426767 ns, Reaching safepoint: 426349 ns, At safepoint: 47239 ns, Total: 473588 ns
[2022-08-29T03:58:39.388+0000][7][safepoint   ] Safepoint "Cleanup", Time since last: 6001494222 ns, Reaching safepoint: 462918 ns, At safepoint: 58149 ns, Total: 521067 ns
[2022-08-29T03:59:02.393+0000][7][safepoint   ] Safepoint "Cleanup", Time since last: 23004332015 ns, Reaching safepoint: 452118 ns, At safepoint: 15539 ns, Total: 467657 ns
[2022-08-29T03:59:03.394+0000][7][safepoint   ] Safepoint "Cleanup", Time since last: 1000829506 ns, Reaching safepoint: 439824 ns, At safepoint: 62487 ns, Total: 502311 ns
[2022-08-29T03:59:09.396+0000][7][safepoint   ] Safepoint "Cleanup", Time since last: 6001365912 ns, Reaching safepoint: 370484 ns, At safepoint: 12714 ns, Total: 383198 ns
[2022-08-29T03:59:35.401+0000][7][safepoint   ] Safepoint "Cleanup", Time since last: 26004821132 ns, Reaching safepoint: 494467 ns, At safepoint: 59522 ns, Total: 553989 ns
[2022-08-29T03:59:39.403+0000][7][safepoint   ] Safepoint "Cleanup", Time since last: 4001246247 ns, Reaching safepoint: 519754 ns, At safepoint: 67507 ns, Total: 587261 ns
[2022-08-29T03:59:43.405+0000][7][safepoint   ] Safepoint "Cleanup", Time since last: 4001556578 ns, Reaching safepoint: 378440 ns, At safepoint: 6863 ns, Total: 385303 ns
[2022-08-29T03:59:47.407+0000][7][safepoint   ] Safepoint "Cleanup", Time since last: 4001205771 ns, Reaching safepoint: 355247 ns, At safepoint: 58960 ns, Total: 414207 ns
[2022-08-29T04:00:02.410+0000][7][safepoint   ] Safepoint "Cleanup", Time since last: 15002959210 ns, Reaching safepoint: 428654 ns, At safepoint: 17262 ns, Total: 445916 ns
[2022-08-29T04:00:09.412+0000][7][safepoint   ] Safepoint "Cleanup", Time since last: 7001781841 ns, Reaching safepoint: 384251 ns, At safepoint: 67737 ns, Total: 451988 ns
[2022-08-29T04:00:32.417+0000][7][safepoint   ] Safepoint "Cleanup", Time since last: 23004028015 ns, Reaching safepoint: 451537 ns, At safepoint: 81042 ns, Total: 532579 ns
[2022-08-29T04:00:39.419+0000][7][safepoint   ] Safepoint "Cleanup", Time since last: 7001740102 ns, Reaching safepoint: 374292 ns, At safepoint: 76143 ns, Total: 450435 ns
[2022-08-29T04:00:41.421+0000][7][safepoint   ] Safepoint "Cleanup", Time since last: 2001224867 ns, Reaching safepoint: 382858 ns, At safepoint: 6962 ns, Total: 389820 ns
[2022-08-29T04:01:09.427+0000][7][safepoint   ] Safepoint "Cleanup", Time since last: 28005396221 ns, Reaching safepoint: 367929 ns, At safepoint: 6583 ns, Total: 374512 ns
[2022-08-29T04:01:27.431+0000][7][safepoint   ] Safepoint "Cleanup", Time since last: 18003643673 ns, Reaching safepoint: 338265 ns, At safepoint: 13746 ns, Total: 352011 ns
[2022-08-29T04:01:32.433+0000][7][safepoint   ] Safepoint "Cleanup", Time since last: 5001470357 ns, Reaching safepoint: 383469 ns, At safepoint: 12854 ns, Total: 396323 ns
[2022-08-29T04:01:39.435+0000][7][safepoint   ] Safepoint "Cleanup", Time since last: 7001836243 ns, Reaching safepoint: 358513 ns, At safepoint: 67376 ns, Total: 425889 ns
[2022-08-29T04:02:02.439+0000][7][safepoint   ] Safepoint "Cleanup", Time since last: 23004163679 ns, Reaching safepoint: 499046 ns, At safepoint: 77736 ns, Total: 576782 ns
[2022-08-29T04:02:09.442+0000][7][safepoint   ] Safepoint "Cleanup", Time since last: 7001678838 ns, Reaching safepoint: 375845 ns, At safepoint: 7153 ns, Total: 382998 ns
[2022-08-29T04:02:32.446+0000][7][safepoint   ] Safepoint "Cleanup", Time since last: 23004500561 ns, Reaching safepoint: 327194 ns, At safepoint: 9658 ns, Total: 336852 ns
[2022-08-29T04:02:39.448+0000][7][safepoint   ] Safepoint "Cleanup", Time since last: 7001676453 ns, Reaching safepoint: 297929 ns, At safepoint: 11531 ns, Total: 309460 ns
[2022-08-29T04:03:02.453+0000][7][safepoint   ] Safepoint "Cleanup", Time since last: 23004503938 ns, Reaching safepoint: 386284 ns, At safepoint: 58560 ns, Total: 444844 ns
[2022-08-29T04:03:09.455+0000][7][safepoint   ] Safepoint "Cleanup", Time since last: 7001562590 ns, Reaching safepoint: 363001 ns, At safepoint: 15750 ns, Total: 378751 ns
[2022-08-29T04:03:27.454+0000][7][gc,start    ] GC(27) Pause Young (Normal) (G1 Evacuation Pause)
[2022-08-29T04:03:27.454+0000][7][gc,task     ] GC(27) Using 6 workers of 6 for evacuation
[2022-08-29T04:03:27.454+0000][7][gc,age      ] GC(27) Desired survivor size 8388608 bytes, new threshold 2 (max threshold 15)
[2022-08-29T04:03:27.468+0000][7][gc,age      ] GC(27) Age table with threshold 2 (max threshold 15)
[2022-08-29T04:03:27.468+0000][7][gc,age      ] GC(27) - age   1:    3650888 bytes,    3650888 total
[2022-08-29T04:03:27.469+0000][7][gc,age      ] GC(27) - age   2:    2824824 bytes,    6475712 total
[2022-08-29T04:03:27.469+0000][7][gc,phases   ] GC(27)   Pre Evacuate Collection Set: 0.2ms
[2022-08-29T04:03:27.469+0000][7][gc,phases   ] GC(27)   Merge Heap Roots: 0.2ms
[2022-08-29T04:03:27.469+0000][7][gc,phases   ] GC(27)   Evacuate Collection Set: 12.0ms
[2022-08-29T04:03:27.469+0000][7][gc,phases   ] GC(27)   Post Evacuate Collection Set: 1.4ms
[2022-08-29T04:03:27.469+0000][7][gc,phases   ] GC(27)   Other: 1.4ms
[2022-08-29T04:03:27.469+0000][7][gc,heap     ] GC(27) Eden regions: 26->0(25)
[2022-08-29T04:03:27.469+0000][7][gc,heap     ] GC(27) Survivor regions: 3->2(4)
[2022-08-29T04:03:27.470+0000][7][gc,heap     ] GC(27) Old regions: 17->19
[2022-08-29T04:03:27.470+0000][7][gc,heap     ] GC(27) Archive regions: 2->2
[2022-08-29T04:03:27.470+0000][7][gc,heap     ] GC(27) Humongous regions: 2->2
[2022-08-29T04:03:27.470+0000][7][gc,metaspace] GC(27) Metaspace: 94759K(99620K)->94759K(99620K) NonClass: 81991K(85668K)->81991K(85668K) Class: 12768K(13952K)->12768K(13952K)
[2022-08-29T04:03:27.470+0000][7][gc          ] GC(27) Pause Young (Normal) (G1 Evacuation Pause) 191M->90M(256M) 16.461ms
[2022-08-29T04:03:27.470+0000][7][gc,cpu      ] GC(27) User=0.04s Sys=0.01s Real=0.02s
[2022-08-29T04:03:27.470+0000][7][safepoint   ] Safepoint "G1CollectForAllocation", Time since last: 17998314411 ns, Reaching safepoint: 166843 ns, At safepoint: 16839363 ns, Total: 17006206 ns
[2022-08-29T04:03:28.794+0000][7][safepoint   ] Safepoint "Cleanup", Time since last: 1323350443 ns, Reaching safepoint: 523581 ns, At safepoint: 51407 ns, Total: 574988 ns
[2022-08-29T04:03:32.796+0000][7][safepoint   ] Safepoint "Cleanup", Time since last: 4001173280 ns, Reaching safepoint: 293240 ns, At safepoint: 3356 ns, Total: 296596 ns
[2022-08-29T04:03:39.798+0000][7][safepoint   ] Safepoint "Cleanup", Time since last: 7001614668 ns, Reaching safepoint: 268273 ns, At safepoint: 45585 ns, Total: 313858 ns
[2022-08-29T04:04:09.803+0000][7][safepoint   ] Safepoint "Cleanup", Time since last: 30005278480 ns, Reaching safepoint: 229170 ns, At safepoint: 10089 ns, Total: 239259 ns
[2022-08-29T04:04:10.804+0000][7][safepoint   ] Safepoint "Cleanup", Time since last: 1000708108 ns, Reaching safepoint: 373450 ns, At safepoint: 14226 ns, Total: 387676 ns
[2022-08-29T04:04:23.808+0000][7][safepoint   ] Safepoint "Cleanup", Time since last: 13002619503 ns, Reaching safepoint: 465253 ns, At safepoint: 63920 ns, Total: 529173 ns
[2022-08-29T04:04:27.809+0000][7][safepoint   ] Safepoint "Cleanup", Time since last: 4001343749 ns, Reaching safepoint: 305273 ns, At safepoint: 18254 ns, Total: 323527 ns
[2022-08-29T04:04:32.811+0000][7][safepoint   ] Safepoint "Cleanup", Time since last: 5001280862 ns, Reaching safepoint: 404649 ns, At safepoint: 56486 ns, Total: 461135 ns
[2022-08-29T04:04:39.814+0000][7][safepoint   ] Safepoint "Cleanup", Time since last: 7001794235 ns, Reaching safepoint: 454291 ns, At safepoint: 61746 ns, Total: 516037 ns
[2022-08-29T04:05:00.818+0000][7][safepoint   ] Safepoint "Cleanup", Time since last: 21004066758 ns, Reaching safepoint: 441698 ns, At safepoint: 6502 ns, Total: 448200 ns
[2022-08-29T04:05:02.820+0000][7][safepoint   ] Safepoint "Cleanup", Time since last: 2001077511 ns, Reaching safepoint: 494657 ns, At safepoint: 71975 ns, Total: 566632 ns
[2022-08-29T04:05:09.821+0000][7][safepoint   ] Safepoint "Cleanup", Time since last: 7001673538 ns, Reaching safepoint: 404639 ns, At safepoint: 13364 ns, Total: 418003 ns
[2022-08-29T04:05:39.827+0000][7][safepoint   ] Safepoint "Cleanup", Time since last: 30005540111 ns, Reaching safepoint: 338675 ns, At safepoint: 77536 ns, Total: 416211 ns
[2022-08-29T04:05:40.829+0000][7][safepoint   ] Safepoint "Cleanup", Time since last: 1000938970 ns, Reaching safepoint: 387406 ns, At safepoint: 6783 ns, Total: 394189 ns
[2022-08-29T04:06:02.833+0000][7][safepoint   ] Safepoint "Cleanup", Time since last: 22004319742 ns, Reaching safepoint: 391034 ns, At safepoint: 6762 ns, Total: 397796 ns
[2022-08-29T04:06:09.836+0000][7][safepoint   ] Safepoint "Cleanup", Time since last: 7001851712 ns, Reaching safepoint: 386495 ns, At safepoint: 13024 ns, Total: 399519 ns
[2022-08-29T04:06:11.837+0000][7][safepoint   ] Safepoint "Cleanup", Time since last: 2001179201 ns, Reaching safepoint: 259397 ns, At safepoint: 9668 ns, Total: 269065 ns
[2022-08-29T04:06:32.842+0000][7][safepoint   ] Safepoint "Cleanup", Time since last: 21004450266 ns, Reaching safepoint: 535685 ns, At safepoint: 68137 ns, Total: 603822 ns
[2022-08-29T04:06:39.844+0000][7][safepoint   ] Safepoint "Cleanup", Time since last: 7001931082 ns, Reaching safepoint: 323216 ns, At safepoint: 11852 ns, Total: 335068 ns
[2022-08-29T04:07:09.850+0000][7][safepoint   ] Safepoint "Cleanup", Time since last: 30005333132 ns, Reaching safepoint: 377699 ns, At safepoint: 66765 ns, Total: 444464 ns
[2022-08-29T04:07:11.852+0000][7][safepoint   ] Safepoint "Cleanup", Time since last: 2001141821 ns, Reaching safepoint: 385713 ns, At safepoint: 65313 ns, Total: 451026 ns
[2022-08-29T04:07:12.853+0000][7][safepoint   ] Safepoint "Cleanup", Time since last: 1000714730 ns, Reaching safepoint: 696015 ns, At safepoint: 49833 ns, Total: 745848 ns
[2022-08-29T04:07:27.856+0000][7][safepoint   ] Safepoint "Cleanup", Time since last: 15002806544 ns, Reaching safepoint: 217107 ns, At safepoint: 3377 ns, Total: 220484 ns
[2022-08-29T04:07:39.859+0000][7][safepoint   ] Safepoint "Cleanup", Time since last: 12002112692 ns, Reaching safepoint: 329347 ns, At safepoint: 27722 ns, Total: 357069 ns
[2022-08-29T04:08:09.865+0000][7][safepoint   ] Safepoint "Cleanup", Time since last: 30005350555 ns, Reaching safepoint: 480110 ns, At safepoint: 7825 ns, Total: 487935 ns
[2022-08-29T04:08:12.867+0000][7][safepoint   ] Safepoint "Cleanup", Time since last: 3001411486 ns, Reaching safepoint: 372369 ns, At safepoint: 15549 ns, Total: 387918 ns
[2022-08-29T04:08:32.871+0000][7][safepoint   ] Safepoint "Cleanup", Time since last: 20003571649 ns, Reaching safepoint: 284003 ns, At safepoint: 49493 ns, Total: 333496 ns
[2022-08-29T04:08:39.873+0000][7][safepoint   ] Safepoint "Cleanup", Time since last: 7001534416 ns, Reaching safepoint: 468829 ns, At safepoint: 65403 ns, Total: 534232 ns
[2022-08-29T04:08:45.875+0000][7][safepoint   ] Safepoint "Cleanup", Time since last: 6001774878 ns, Reaching safepoint: 428283 ns, At safepoint: 72186 ns, Total: 500469 ns
[2022-08-29T04:08:57.878+0000][7][safepoint   ] Safepoint "Cleanup", Time since last: 12002360286 ns, Reaching safepoint: 351330 ns, At safepoint: 6261 ns, Total: 357591 ns
[2022-08-29T04:09:09.880+0000][7][safepoint   ] Safepoint "Cleanup", Time since last: 12002456066 ns, Reaching safepoint: 275236 ns, At safepoint: 48100 ns, Total: 323336 ns
[2022-08-29T04:09:32.886+0000][7][safepoint   ] Safepoint "Cleanup", Time since last: 23004445117 ns, Reaching safepoint: 591139 ns, At safepoint: 61054 ns, Total: 652193 ns
[2022-08-29T04:09:39.888+0000][7][safepoint   ] Safepoint "Cleanup", Time since last: 7002005290 ns, Reaching safepoint: 347642 ns, At safepoint: 73267 ns, Total: 420909 ns
[2022-08-29T04:10:10.893+0000][7][safepoint   ] Safepoint "Cleanup", Time since last: 31005221804 ns, Reaching safepoint: 239078 ns, At safepoint: 12253 ns, Total: 251331 ns
[2022-08-29T04:10:12.895+0000][7][safepoint   ] Safepoint "Cleanup", Time since last: 2001599649 ns, Reaching safepoint: 138169 ns, At safepoint: 8116 ns, Total: 146285 ns
[2022-08-29T04:10:32.899+0000][7][safepoint   ] Safepoint "Cleanup", Time since last: 20003787052 ns, Reaching safepoint: 415099 ns, At safepoint: 16891 ns, Total: 431990 ns
[2022-08-29T04:10:40.901+0000][7][safepoint   ] Safepoint "Cleanup", Time since last: 8001900254 ns, Reaching safepoint: 265017 ns, At safepoint: 48050 ns, Total: 313067 ns
[2022-08-29T04:10:50.904+0000][7][safepoint   ] Safepoint "Cleanup", Time since last: 10001938425 ns, Reaching safepoint: 411322 ns, At safepoint: 71854 ns, Total: 483176 ns
[2022-08-29T04:11:02.907+0000][7][safepoint   ] Safepoint "Cleanup", Time since last: 12002185279 ns, Reaching safepoint: 476754 ns, At safepoint: 62146 ns, Total: 538900 ns
[2022-08-29T04:11:10.908+0000][7][safepoint   ] Safepoint "Cleanup", Time since last: 8001493331 ns, Reaching safepoint: 355466 ns, At safepoint: 16280 ns, Total: 371746 ns
[2022-08-29T04:11:32.913+0000][7][safepoint   ] Safepoint "Cleanup", Time since last: 22004503617 ns, Reaching safepoint: 434786 ns, At safepoint: 71043 ns, Total: 505829 ns
[2022-08-29T04:11:40.915+0000][7][safepoint   ] Safepoint "Cleanup", Time since last: 8001526943 ns, Reaching safepoint: 164078 ns, At safepoint: 2765 ns, Total: 166843 ns
[2022-08-29T04:12:02.919+0000][7][safepoint   ] Safepoint "Cleanup", Time since last: 22003676786 ns, Reaching safepoint: 438573 ns, At safepoint: 73287 ns, Total: 511860 ns
[2022-08-29T04:12:07.921+0000][7][safepoint   ] Safepoint "Cleanup", Time since last: 5001464145 ns, Reaching safepoint: 326352 ns, At safepoint: 15148 ns, Total: 341500 ns
[2022-08-29T04:12:10.923+0000][7][safepoint   ] Safepoint "Cleanup", Time since last: 3001008471 ns, Reaching safepoint: 369533 ns, At safepoint: 56045 ns, Total: 425578 ns
[2022-08-29T04:12:32.927+0000][7][safepoint   ] Safepoint "Cleanup", Time since last: 22004284236 ns, Reaching safepoint: 439423 ns, At safepoint: 36319 ns, Total: 475742 ns
[2022-08-29T04:12:40.929+0000][7][safepoint   ] Safepoint "Cleanup", Time since last: 8001703314 ns, Reaching safepoint: 303810 ns, At safepoint: 11631 ns, Total: 315441 ns
[2022-08-29T04:13:02.934+0000][7][safepoint   ] Safepoint "Cleanup", Time since last: 22004182505 ns, Reaching safepoint: 489428 ns, At safepoint: 49292 ns, Total: 538720 ns
[2022-08-29T04:13:10.936+0000][7][safepoint   ] Safepoint "Cleanup", Time since last: 8001499151 ns, Reaching safepoint: 168246 ns, At safepoint: 4508 ns, Total: 172754 ns
[2022-08-29T04:13:12.937+0000][7][safepoint   ] Safepoint "Cleanup", Time since last: 2001022237 ns, Reaching safepoint: 343274 ns, At safepoint: 6733 ns, Total: 350007 ns
[2022-08-29T04:13:32.942+0000][7][safepoint   ] Safepoint "Cleanup", Time since last: 20003970086 ns, Reaching safepoint: 454432 ns, At safepoint: 81763 ns, Total: 536195 ns
[2022-08-29T04:13:40.944+0000][7][safepoint   ] Safepoint "Cleanup", Time since last: 8001935149 ns, Reaching safepoint: 365977 ns, At safepoint: 15518 ns, Total: 381495 ns
[2022-08-29T04:14:10.950+0000][7][safepoint   ] Safepoint "Cleanup", Time since last: 30005196958 ns, Reaching safepoint: 363792 ns, At safepoint: 10269 ns, Total: 374061 ns
[2022-08-29T04:14:32.954+0000][7][safepoint   ] Safepoint "Cleanup", Time since last: 22004217009 ns, Reaching safepoint: 405360 ns, At safepoint: 52248 ns, Total: 457608 ns
[2022-08-29T04:14:40.956+0000][7][safepoint   ] Safepoint "Cleanup", Time since last: 8001868954 ns, Reaching safepoint: 376657 ns, At safepoint: 60393 ns, Total: 437050 ns
[2022-08-29T04:15:10.963+0000][7][safepoint   ] Safepoint "Cleanup", Time since last: 30005666908 ns, Reaching safepoint: 488897 ns, At safepoint: 70722 ns, Total: 559619 ns
[2022-08-29T04:15:32.967+0000][7][safepoint   ] Safepoint "Cleanup", Time since last: 22004061047 ns, Reaching safepoint: 349646 ns, At safepoint: 11261 ns, Total: 360907 ns
[2022-08-29T04:15:40.970+0000][7][safepoint   ] Safepoint "Cleanup", Time since last: 8001955607 ns, Reaching safepoint: 552907 ns, At safepoint: 47980 ns, Total: 600887 ns
[2022-08-29T04:16:10.975+0000][7][safepoint   ] Safepoint "Cleanup", Time since last: 30005384949 ns, Reaching safepoint: 354375 ns, At safepoint: 46697 ns, Total: 401072 ns
[2022-08-29T04:16:32.980+0000][7][safepoint   ] Safepoint "Cleanup", Time since last: 22004214334 ns, Reaching safepoint: 364514 ns, At safepoint: 52588 ns, Total: 417102 ns
[2022-08-29T04:16:40.983+0000][7][safepoint   ] Safepoint "Cleanup", Time since last: 8002009378 ns, Reaching safepoint: 530184 ns, At safepoint: 46808 ns, Total: 576992 ns
[2022-08-29T04:17:02.987+0000][7][safepoint   ] Safepoint "Cleanup", Time since last: 22004195209 ns, Reaching safepoint: 419146 ns, At safepoint: 76904 ns, Total: 496050 ns
[2022-08-29T04:17:32.993+0000][7][safepoint   ] Safepoint "Cleanup", Time since last: 30005628195 ns, Reaching safepoint: 367609 ns, At safepoint: 7344 ns, Total: 374953 ns
[2022-08-29T04:17:40.995+0000][7][safepoint   ] Safepoint "Cleanup", Time since last: 8001969363 ns, Reaching safepoint: 228829 ns, At safepoint: 3306 ns, Total: 232135 ns
[2022-08-29T04:17:57.999+0000][7][safepoint   ] Safepoint "Cleanup", Time since last: 17003058737 ns, Reaching safepoint: 288591 ns, At safepoint: 4779 ns, Total: 293370 ns
[2022-08-29T04:18:03.000+0000][7][safepoint   ] Safepoint "Cleanup", Time since last: 5001254703 ns, Reaching safepoint: 371878 ns, At safepoint: 15789 ns, Total: 387667 ns
[2022-08-29T04:18:41.008+0000][7][safepoint   ] Safepoint "Cleanup", Time since last: 38006140677 ns, Reaching safepoint: 475461 ns, At safepoint: 64231 ns, Total: 539692 ns
[2022-08-29T04:19:08.014+0000][7][safepoint   ] Safepoint "Cleanup", Time since last: 27005515574 ns, Reaching safepoint: 195938 ns, At safepoint: 26269 ns, Total: 222207 ns
[2022-08-29T04:19:41.018+0000][7][safepoint   ] Safepoint "Cleanup", Time since last: 33005196396 ns, Reaching safepoint: 418826 ns, At safepoint: 13755 ns, Total: 432581 ns
[2022-08-29T04:19:58.023+0000][7][safepoint   ] Safepoint "Cleanup", Time since last: 17004014980 ns, Reaching safepoint: 286107 ns, At safepoint: 4779 ns, Total: 290886 ns
[2022-08-29T04:20:11.026+0000][7][safepoint   ] Safepoint "Cleanup", Time since last: 13002643667 ns, Reaching safepoint: 182923 ns, At safepoint: 3948 ns, Total: 186871 ns
[2022-08-29T04:20:41.041+0000][7][safepoint   ] Safepoint "Cleanup", Time since last: 30005294419 ns, Reaching safepoint: 363211 ns, At safepoint: 57859 ns, Total: 421070 ns
[2022-08-29T04:21:11.039+0000][7][safepoint   ] Safepoint "Cleanup", Time since last: 30006881485 ns, Reaching safepoint: 327124 ns, At safepoint: 22632 ns, Total: 349756 ns
[2022-08-29T04:21:12.040+0000][7][safepoint   ] Safepoint "Cleanup", Time since last: 1000748534 ns, Reaching safepoint: 202940 ns, At safepoint: 24657 ns, Total: 227597 ns
[2022-08-29T04:21:13.040+0000][7][safepoint   ] Safepoint "Cleanup", Time since last: 1000445074 ns, Reaching safepoint: 354765 ns, At safepoint: 38573 ns, Total: 393338 ns
[2022-08-29T04:21:33.045+0000][7][safepoint   ] Safepoint "Cleanup", Time since last: 20004163258 ns, Reaching safepoint: 582001 ns, At safepoint: 65713 ns, Total: 647714 ns
[2022-08-29T04:21:37.047+0000][7][safepoint   ] Safepoint "Cleanup", Time since last: 4001181636 ns, Reaching safepoint: 372368 ns, At safepoint: 68428 ns, Total: 440796 ns
[2022-08-29T04:21:41.048+0000][7][safepoint   ] Safepoint "Cleanup", Time since last: 4001323342 ns, Reaching safepoint: 205456 ns, At safepoint: 27321 ns, Total: 232777 ns
[2022-08-29T04:21:42.049+0000][7][safepoint   ] Safepoint "Cleanup", Time since last: 1000563065 ns, Reaching safepoint: 351940 ns, At safepoint: 59923 ns, Total: 411863 ns
[2022-08-29T04:22:12.055+0000][7][safepoint   ] Safepoint "Cleanup", Time since last: 30005491018 ns, Reaching safepoint: 179847 ns, At safepoint: 46107 ns, Total: 225954 ns
[2022-08-29T04:22:42.060+0000][7][safepoint   ] Safepoint "Cleanup", Time since last: 30004934144 ns, Reaching safepoint: 336561 ns, At safepoint: 17783 ns, Total: 354344 ns
[2022-08-29T04:23:03.065+0000][7][safepoint   ] Safepoint "Cleanup", Time since last: 21004227679 ns, Reaching safepoint: 299071 ns, At safepoint: 46858 ns, Total: 345929 ns
[2022-08-29T04:23:12.128+0000][7][safepoint   ] Safepoint "Cleanup", Time since last: 9062898986 ns, Reaching safepoint: 234018 ns, At safepoint: 5060 ns, Total: 239078 ns
[2022-08-29T04:23:32.073+0000][7][gc,heap,exit] Heap
[2022-08-29T04:23:32.073+0000][7][gc,heap,exit]  garbage-first heap   total 262144K, used 166671K [0x00000000f0000000, 0x0000000100000000)
[2022-08-29T04:23:32.073+0000][7][gc,heap,exit]   region size 4096K, 22 young (90112K), 2 survivors (8192K)
[2022-08-29T04:23:32.073+0000][7][gc,heap,exit]  Metaspace       used 96422K, capacity 99794K, committed 100900K, reserved 1136640K
[2022-08-29T04:23:32.074+0000][7][gc,heap,exit]   class space    used 12869K, capacity 13909K, committed 13952K, reserved 1048576K
