[2022-08-29T02:07:24.492+0000][7][gc] Using G1
[2022-08-29T02:07:25.942+0000][7][gc,init] Version: 15.0.1+9 (release)
[2022-08-29T02:07:25.943+0000][7][gc,init] CPUs: 6 total, 6 available
[2022-08-29T02:07:25.943+0000][7][gc,init] Memory: 5874M
[2022-08-29T02:07:25.944+0000][7][gc,init] Large Page Support: Disabled
[2022-08-29T02:07:25.944+0000][7][gc,init] NUMA Support: Disabled
[2022-08-29T02:07:25.944+0000][7][gc,init] Compressed Oops: Enabled (32-bit)
[2022-08-29T02:07:25.944+0000][7][gc,init] Heap Region Size: 4M
[2022-08-29T02:07:25.945+0000][7][gc,init] Heap Min Capacity: 256M
[2022-08-29T02:07:25.945+0000][7][gc,init] Heap Initial Capacity: 256M
[2022-08-29T02:07:25.946+0000][7][gc,init] Heap Max Capacity: 256M
[2022-08-29T02:07:25.946+0000][7][gc,init] Pre-touch: Enabled
[2022-08-29T02:07:25.946+0000][7][gc,init] Parallel Workers: 6
[2022-08-29T02:07:25.946+0000][7][gc,init] Concurrent Workers: 2
[2022-08-29T02:07:25.947+0000][7][gc,init] Concurrent Refinement Workers: 6
[2022-08-29T02:07:25.947+0000][7][gc,init] Periodic GC: Disabled
[2022-08-29T02:07:25.949+0000][7][gc,cds ] Mark closed archive regions in map: [0x00000000ffc00000, 0x00000000ffc7bff8]
[2022-08-29T02:07:25.950+0000][7][gc,cds ] Mark open archive regions in map: [0x00000000ffb00000, 0x00000000ffb51ff8]
[2022-08-29T02:07:25.950+0000][7][gc,metaspace] CDS archive(s) mapped at: [0x0000000800000000-0x0000000800b2a000-0x0000000800b2a000), size 11706368, SharedBaseAddress: 0x0000000800000000, ArchiveRelocationMode: 0.
[2022-08-29T02:07:25.950+0000][7][gc,metaspace] Compressed class space mapped at: 0x0000000800b2c000-0x0000000840b2c000, size: 1073741824
[2022-08-29T02:07:25.950+0000][7][gc,metaspace] Narrow klass base: 0x0000000800000000, Narrow klass shift: 3, Narrow klass range: 0x100000000
[2022-08-29T02:07:29.014+0000][7][safepoint   ] Safepoint "Cleanup", Time since last: 1102493555 ns, Reaching safepoint: 1950418145 ns, At safepoint: 23023 ns, Total: 1950441168 ns
[2022-08-29T02:07:32.566+0000][7][safepoint   ] Safepoint "Cleanup", Time since last: 3552079459 ns, Reaching safepoint: 51978 ns, At safepoint: 8606 ns, Total: 60584 ns
[2022-08-29T02:07:35.225+0000][7][safepoint   ] Safepoint "Cleanup", Time since last: 2657538495 ns, Reaching safepoint: 912551 ns, At safepoint: 23474 ns, Total: 936025 ns
[2022-08-29T02:07:36.459+0000][7][safepoint   ] Safepoint "Cleanup", Time since last: 1001165896 ns, Reaching safepoint: 232688521 ns, At safepoint: 65402 ns, Total: 232753923 ns
[2022-08-29T02:07:36.545+0000][7][gc,start    ] GC(0) Pause Young (Normal) (G1 Evacuation Pause)
[2022-08-29T02:07:36.998+0000][7][gc,task     ] GC(0) Using 6 workers of 6 for evacuation
[2022-08-29T02:07:37.000+0000][7][gc,age      ] GC(0) Desired survivor size 2097152 bytes, new threshold 15 (max threshold 15)
[2022-08-29T02:07:37.013+0000][7][gc,age      ] GC(0) Age table with threshold 15 (max threshold 15)
[2022-08-29T02:07:37.017+0000][7][gc,age      ] GC(0) - age   1:    3354936 bytes,    3354936 total
[2022-08-29T02:07:37.022+0000][7][gc,phases   ] GC(0)   Pre Evacuate Collection Set: 0.1ms
[2022-08-29T02:07:37.023+0000][7][gc,phases   ] GC(0)   Merge Heap Roots: 0.0ms
[2022-08-29T02:07:37.024+0000][7][gc,phases   ] GC(0)   Evacuate Collection Set: 9.7ms
[2022-08-29T02:07:37.026+0000][7][gc,phases   ] GC(0)   Post Evacuate Collection Set: 3.2ms
[2022-08-29T02:07:37.027+0000][7][gc,phases   ] GC(0)   Other: 463.8ms
[2022-08-29T02:07:37.028+0000][7][gc,heap     ] GC(0) Eden regions: 4->0(4)
[2022-08-29T02:07:37.028+0000][7][gc,heap     ] GC(0) Survivor regions: 0->1(1)
[2022-08-29T02:07:37.029+0000][7][gc,heap     ] GC(0) Old regions: 0->0
[2022-08-29T02:07:37.029+0000][7][gc,heap     ] GC(0) Archive regions: 2->2
[2022-08-29T02:07:37.029+0000][7][gc,heap     ] GC(0) Humongous regions: 0->0
[2022-08-29T02:07:37.030+0000][7][gc,metaspace] GC(0) Metaspace: 5092K(7680K)->5092K(7680K) NonClass: 4570K(6912K)->4570K(6912K) Class: 521K(768K)->521K(768K)
[2022-08-29T02:07:37.031+0000][7][gc          ] GC(0) Pause Young (Normal) (G1 Evacuation Pause) 19M->7M(256M) 485.424ms
[2022-08-29T02:07:37.031+0000][7][gc,cpu      ] GC(0) User=0.07s Sys=0.00s Real=0.49s
[2022-08-29T02:07:37.034+0000][7][safepoint   ] Safepoint "G1CollectForAllocation", Time since last: 86560952 ns, Reaching safepoint: 161413 ns, At safepoint: 488993242 ns, Total: 489154655 ns
[2022-08-29T02:07:38.173+0000][7][safepoint   ] Safepoint "Cleanup", Time since last: 1138716915 ns, Reaching safepoint: 216445 ns, At safepoint: 4459 ns, Total: 220904 ns
[2022-08-29T02:07:39.244+0000][7][gc,start    ] GC(1) Pause Young (Normal) (G1 Evacuation Pause)
[2022-08-29T02:07:39.244+0000][7][gc,task     ] GC(1) Using 6 workers of 6 for evacuation
[2022-08-29T02:07:39.244+0000][7][gc,age      ] GC(1) Desired survivor size 2097152 bytes, new threshold 1 (max threshold 15)
[2022-08-29T02:07:39.249+0000][7][gc,age      ] GC(1) Age table with threshold 1 (max threshold 15)
[2022-08-29T02:07:39.249+0000][7][gc,age      ] GC(1) - age   1:    1251664 bytes,    1251664 total
[2022-08-29T02:07:39.249+0000][7][gc,phases   ] GC(1)   Pre Evacuate Collection Set: 0.1ms
[2022-08-29T02:07:39.249+0000][7][gc,phases   ] GC(1)   Merge Heap Roots: 0.1ms
[2022-08-29T02:07:39.249+0000][7][gc,phases   ] GC(1)   Evacuate Collection Set: 2.8ms
[2022-08-29T02:07:39.250+0000][7][gc,phases   ] GC(1)   Post Evacuate Collection Set: 0.7ms
[2022-08-29T02:07:39.250+0000][7][gc,phases   ] GC(1)   Other: 1.6ms
[2022-08-29T02:07:39.250+0000][7][gc,heap     ] GC(1) Eden regions: 4->0(10)
[2022-08-29T02:07:39.250+0000][7][gc,heap     ] GC(1) Survivor regions: 1->1(1)
[2022-08-29T02:07:39.250+0000][7][gc,heap     ] GC(1) Old regions: 0->1
[2022-08-29T02:07:39.250+0000][7][gc,heap     ] GC(1) Archive regions: 2->2
[2022-08-29T02:07:39.250+0000][7][gc,heap     ] GC(1) Humongous regions: 0->0
[2022-08-29T02:07:39.250+0000][7][gc,metaspace] GC(1) Metaspace: 9821K(10496K)->9821K(10496K) NonClass: 8661K(9216K)->8661K(9216K) Class: 1159K(1280K)->1159K(1280K)
[2022-08-29T02:07:39.251+0000][7][gc          ] GC(1) Pause Young (Normal) (G1 Evacuation Pause) 23M->8M(256M) 6.811ms
[2022-08-29T02:07:39.251+0000][7][gc,cpu      ] GC(1) User=0.01s Sys=0.00s Real=0.01s
[2022-08-29T02:07:39.251+0000][7][safepoint   ] Safepoint "G1CollectForAllocation", Time since last: 1069648962 ns, Reaching safepoint: 895058 ns, At safepoint: 7158602 ns, Total: 8053660 ns
[2022-08-29T02:07:40.404+0000][7][safepoint   ] Safepoint "Cleanup", Time since last: 1152788850 ns, Reaching safepoint: 293590 ns, At safepoint: 6192 ns, Total: 299782 ns
[2022-08-29T02:07:41.252+0000][7][gc,start    ] GC(2) Pause Young (Normal) (G1 Evacuation Pause)
[2022-08-29T02:07:41.252+0000][7][gc,task     ] GC(2) Using 6 workers of 6 for evacuation
[2022-08-29T02:07:41.252+0000][7][gc,age      ] GC(2) Desired survivor size 4194304 bytes, new threshold 15 (max threshold 15)
[2022-08-29T02:07:41.259+0000][7][gc,age      ] GC(2) Age table with threshold 15 (max threshold 15)
[2022-08-29T02:07:41.260+0000][7][gc,age      ] GC(2) - age   1:    2385480 bytes,    2385480 total
[2022-08-29T02:07:41.260+0000][7][gc,age      ] GC(2) - age   2:    1203064 bytes,    3588544 total
[2022-08-29T02:07:41.260+0000][7][gc,phases   ] GC(2)   Pre Evacuate Collection Set: 0.1ms
[2022-08-29T02:07:41.260+0000][7][gc,phases   ] GC(2)   Merge Heap Roots: 0.0ms
[2022-08-29T02:07:41.261+0000][7][gc,phases   ] GC(2)   Evacuate Collection Set: 5.0ms
[2022-08-29T02:07:41.261+0000][7][gc,phases   ] GC(2)   Post Evacuate Collection Set: 1.9ms
[2022-08-29T02:07:41.261+0000][7][gc,phases   ] GC(2)   Other: 1.6ms
[2022-08-29T02:07:41.261+0000][7][gc,heap     ] GC(2) Eden regions: 10->0(34)
[2022-08-29T02:07:41.262+0000][7][gc,heap     ] GC(2) Survivor regions: 1->1(2)
[2022-08-29T02:07:41.262+0000][7][gc,heap     ] GC(2) Old regions: 1->1
[2022-08-29T02:07:41.262+0000][7][gc,heap     ] GC(2) Archive regions: 2->2
[2022-08-29T02:07:41.263+0000][7][gc,heap     ] GC(2) Humongous regions: 0->0
[2022-08-29T02:07:41.263+0000][7][gc,metaspace] GC(2) Metaspace: 14380K(14848K)->14380K(14848K) NonClass: 12704K(13056K)->12704K(13056K) Class: 1676K(1792K)->1676K(1792K)
[2022-08-29T02:07:41.264+0000][7][gc          ] GC(2) Pause Young (Normal) (G1 Evacuation Pause) 48M->10M(256M) 12.023ms
[2022-08-29T02:07:41.264+0000][7][gc,cpu      ] GC(2) User=0.01s Sys=0.00s Real=0.01s
[2022-08-29T02:07:41.264+0000][7][safepoint   ] Safepoint "G1CollectForAllocation", Time since last: 847253009 ns, Reaching safepoint: 212509 ns, At safepoint: 12580508 ns, Total: 12793017 ns
[2022-08-29T02:07:41.896+0000][7][safepoint   ] Safepoint "ICBufferFull", Time since last: 631913819 ns, Reaching safepoint: 272370 ns, At safepoint: 43712 ns, Total: 316082 ns
[2022-08-29T02:07:41.904+0000][7][safepoint   ] Safepoint "ICBufferFull", Time since last: 7058966 ns, Reaching safepoint: 201027 ns, At safepoint: 25638 ns, Total: 226665 ns
[2022-08-29T02:07:41.908+0000][7][safepoint   ] Safepoint "ICBufferFull", Time since last: 4475742 ns, Reaching safepoint: 85330 ns, At safepoint: 4589 ns, Total: 89919 ns
[2022-08-29T02:07:41.914+0000][7][safepoint   ] Safepoint "ICBufferFull", Time since last: 5869074 ns, Reaching safepoint: 125926 ns, At safepoint: 26961 ns, Total: 152887 ns
[2022-08-29T02:07:41.928+0000][7][safepoint   ] Safepoint "ICBufferFull", Time since last: 13448616 ns, Reaching safepoint: 217508 ns, At safepoint: 8055 ns, Total: 225563 ns
[2022-08-29T02:07:41.931+0000][7][safepoint   ] Safepoint "ICBufferFull", Time since last: 3182617 ns, Reaching safepoint: 136386 ns, At safepoint: 5981 ns, Total: 142367 ns
[2022-08-29T02:07:41.938+0000][7][safepoint   ] Safepoint "ICBufferFull", Time since last: 7200651 ns, Reaching safepoint: 94999 ns, At safepoint: 4067 ns, Total: 99066 ns
[2022-08-29T02:07:41.948+0000][7][safepoint   ] Safepoint "ICBufferFull", Time since last: 8541906 ns, Reaching safepoint: 554249 ns, At safepoint: 52208 ns, Total: 606457 ns
[2022-08-29T02:07:41.951+0000][7][safepoint   ] Safepoint "ICBufferFull", Time since last: 3662006 ns, Reaching safepoint: 102352 ns, At safepoint: 24727 ns, Total: 127079 ns
[2022-08-29T02:07:41.958+0000][7][safepoint   ] Safepoint "ICBufferFull", Time since last: 6249758 ns, Reaching safepoint: 93926 ns, At safepoint: 22983 ns, Total: 116909 ns
[2022-08-29T02:07:41.965+0000][7][safepoint   ] Safepoint "ICBufferFull", Time since last: 6541265 ns, Reaching safepoint: 200626 ns, At safepoint: 31499 ns, Total: 232125 ns
[2022-08-29T02:07:41.969+0000][7][safepoint   ] Safepoint "ICBufferFull", Time since last: 4177022 ns, Reaching safepoint: 165831 ns, At safepoint: 3066 ns, Total: 168897 ns
[2022-08-29T02:07:41.974+0000][7][safepoint   ] Safepoint "ICBufferFull", Time since last: 5169994 ns, Reaching safepoint: 276838 ns, At safepoint: 4860 ns, Total: 281698 ns
[2022-08-29T02:07:41.985+0000][7][safepoint   ] Safepoint "ICBufferFull", Time since last: 10752401 ns, Reaching safepoint: 191529 ns, At safepoint: 25978 ns, Total: 217507 ns
[2022-08-29T02:07:41.990+0000][7][safepoint   ] Safepoint "ICBufferFull", Time since last: 4706716 ns, Reaching safepoint: 129613 ns, At safepoint: 71935 ns, Total: 201548 ns
[2022-08-29T02:07:42.240+0000][7][safepoint   ] Safepoint "ICBufferFull", Time since last: 249456601 ns, Reaching safepoint: 253675 ns, At safepoint: 8206 ns, Total: 261881 ns
[2022-08-29T02:07:43.226+0000][7][gc,start    ] GC(3) Pause Young (Normal) (G1 Evacuation Pause)
[2022-08-29T02:07:43.228+0000][7][gc,task     ] GC(3) Using 6 workers of 6 for evacuation
[2022-08-29T02:07:43.229+0000][7][gc,age      ] GC(3) Desired survivor size 10485760 bytes, new threshold 15 (max threshold 15)
[2022-08-29T02:07:43.240+0000][7][gc,age      ] GC(3) Age table with threshold 15 (max threshold 15)
[2022-08-29T02:07:43.240+0000][7][gc,age      ] GC(3) - age   1:    3935376 bytes,    3935376 total
[2022-08-29T02:07:43.241+0000][7][gc,age      ] GC(3) - age   2:    2336800 bytes,    6272176 total
[2022-08-29T02:07:43.241+0000][7][gc,age      ] GC(3) - age   3:    1186864 bytes,    7459040 total
[2022-08-29T02:07:43.241+0000][7][gc,phases   ] GC(3)   Pre Evacuate Collection Set: 0.1ms
[2022-08-29T02:07:43.241+0000][7][gc,phases   ] GC(3)   Merge Heap Roots: 0.0ms
[2022-08-29T02:07:43.241+0000][7][gc,phases   ] GC(3)   Evacuate Collection Set: 9.2ms
[2022-08-29T02:07:43.241+0000][7][gc,phases   ] GC(3)   Post Evacuate Collection Set: 0.6ms
[2022-08-29T02:07:43.242+0000][7][gc,phases   ] GC(3)   Other: 4.9ms
[2022-08-29T02:07:43.242+0000][7][gc,heap     ] GC(3) Eden regions: 34->0(36)
[2022-08-29T02:07:43.242+0000][7][gc,heap     ] GC(3) Survivor regions: 1->2(5)
[2022-08-29T02:07:43.242+0000][7][gc,heap     ] GC(3) Old regions: 1->1
[2022-08-29T02:07:43.242+0000][7][gc,heap     ] GC(3) Archive regions: 2->2
[2022-08-29T02:07:43.242+0000][7][gc,heap     ] GC(3) Humongous regions: 0->0
[2022-08-29T02:07:43.243+0000][7][gc,metaspace] GC(3) Metaspace: 17808K(18432K)->17808K(18432K) NonClass: 15685K(16128K)->15685K(16128K) Class: 2123K(2304K)->2123K(2304K)
[2022-08-29T02:07:43.243+0000][7][gc          ] GC(3) Pause Young (Normal) (G1 Evacuation Pause) 146M->14M(256M) 16.649ms
[2022-08-29T02:07:43.243+0000][7][gc,cpu      ] GC(3) User=0.04s Sys=0.00s Real=0.02s
[2022-08-29T02:07:43.243+0000][7][safepoint   ] Safepoint "G1CollectForAllocation", Time since last: 985621009 ns, Reaching safepoint: 468959 ns, At safepoint: 17036784 ns, Total: 17505743 ns
[2022-08-29T02:07:43.919+0000][7][gc,start    ] GC(4) Pause Young (Normal) (G1 Evacuation Pause)
[2022-08-29T02:07:43.921+0000][7][gc,task     ] GC(4) Using 6 workers of 6 for evacuation
[2022-08-29T02:07:43.922+0000][7][gc,age      ] GC(4) Desired survivor size 10485760 bytes, new threshold 15 (max threshold 15)
[2022-08-29T02:07:43.935+0000][7][gc,age      ] GC(4) Age table with threshold 15 (max threshold 15)
[2022-08-29T02:07:43.936+0000][7][gc,age      ] GC(4) - age   1:    2533000 bytes,    2533000 total
[2022-08-29T02:07:43.936+0000][7][gc,age      ] GC(4) - age   2:    3318400 bytes,    5851400 total
[2022-08-29T02:07:43.936+0000][7][gc,age      ] GC(4) - age   3:    2336800 bytes,    8188200 total
[2022-08-29T02:07:43.937+0000][7][gc,age      ] GC(4) - age   4:    1186864 bytes,    9375064 total
[2022-08-29T02:07:43.937+0000][7][gc,phases   ] GC(4)   Pre Evacuate Collection Set: 0.1ms
[2022-08-29T02:07:43.937+0000][7][gc,phases   ] GC(4)   Merge Heap Roots: 0.1ms
[2022-08-29T02:07:43.937+0000][7][gc,phases   ] GC(4)   Evacuate Collection Set: 11.7ms
[2022-08-29T02:07:43.937+0000][7][gc,phases   ] GC(4)   Post Evacuate Collection Set: 0.7ms
[2022-08-29T02:07:43.938+0000][7][gc,phases   ] GC(4)   Other: 5.6ms
[2022-08-29T02:07:43.938+0000][7][gc,heap     ] GC(4) Eden regions: 36->0(35)
[2022-08-29T02:07:43.939+0000][7][gc,heap     ] GC(4) Survivor regions: 2->3(5)
[2022-08-29T02:07:43.939+0000][7][gc,heap     ] GC(4) Old regions: 1->1
[2022-08-29T02:07:43.940+0000][7][gc,heap     ] GC(4) Archive regions: 2->2
[2022-08-29T02:07:43.940+0000][7][gc,heap     ] GC(4) Humongous regions: 0->0
[2022-08-29T02:07:43.940+0000][7][gc,metaspace] GC(4) Metaspace: 18373K(19328K)->18373K(19328K) NonClass: 16180K(16896K)->16180K(16896K) Class: 2193K(2432K)->2193K(2432K)
[2022-08-29T02:07:43.940+0000][7][gc          ] GC(4) Pause Young (Normal) (G1 Evacuation Pause) 158M->16M(256M) 21.805ms
[2022-08-29T02:07:43.941+0000][7][gc,cpu      ] GC(4) User=0.03s Sys=0.00s Real=0.02s
[2022-08-29T02:07:43.941+0000][7][safepoint   ] Safepoint "G1CollectForAllocation", Time since last: 675265944 ns, Reaching safepoint: 261420 ns, At safepoint: 22369733 ns, Total: 22631153 ns
[2022-08-29T02:07:44.434+0000][7][gc,start    ] GC(5) Pause Young (Normal) (G1 Evacuation Pause)
[2022-08-29T02:07:44.434+0000][7][gc,task     ] GC(5) Using 6 workers of 6 for evacuation
[2022-08-29T02:07:44.434+0000][7][gc,age      ] GC(5) Desired survivor size 10485760 bytes, new threshold 15 (max threshold 15)
[2022-08-29T02:07:44.445+0000][7][gc,age      ] GC(5) Age table with threshold 15 (max threshold 15)
[2022-08-29T02:07:44.446+0000][7][gc,age      ] GC(5) - age   1:    2074192 bytes,    2074192 total
[2022-08-29T02:07:44.447+0000][7][gc,age      ] GC(5) - age   2:    1881664 bytes,    3955856 total
[2022-08-29T02:07:44.447+0000][7][gc,age      ] GC(5) - age   3:    3317352 bytes,    7273208 total
[2022-08-29T02:07:44.447+0000][7][gc,age      ] GC(5) - age   4:    2336800 bytes,    9610008 total
[2022-08-29T02:07:44.448+0000][7][gc,age      ] GC(5) - age   5:    1186864 bytes,   10796872 total
[2022-08-29T02:07:44.448+0000][7][gc,phases   ] GC(5)   Pre Evacuate Collection Set: 0.4ms
[2022-08-29T02:07:44.449+0000][7][gc,phases   ] GC(5)   Merge Heap Roots: 0.1ms
[2022-08-29T02:07:44.449+0000][7][gc,phases   ] GC(5)   Evacuate Collection Set: 8.6ms
[2022-08-29T02:07:44.450+0000][7][gc,phases   ] GC(5)   Post Evacuate Collection Set: 1.6ms
[2022-08-29T02:07:44.451+0000][7][gc,phases   ] GC(5)   Other: 4.0ms
[2022-08-29T02:07:44.451+0000][7][gc,heap     ] GC(5) Eden regions: 35->0(35)
[2022-08-29T02:07:44.452+0000][7][gc,heap     ] GC(5) Survivor regions: 3->3(5)
[2022-08-29T02:07:44.452+0000][7][gc,heap     ] GC(5) Old regions: 1->1
[2022-08-29T02:07:44.454+0000][7][gc,heap     ] GC(5) Archive regions: 2->2
[2022-08-29T02:07:44.455+0000][7][gc,heap     ] GC(5) Humongous regions: 0->0
[2022-08-29T02:07:44.455+0000][7][gc,metaspace] GC(5) Metaspace: 18837K(19712K)->18837K(19712K) NonClass: 16570K(17152K)->16570K(17152K) Class: 2267K(2560K)->2267K(2560K)
[2022-08-29T02:07:44.456+0000][7][gc          ] GC(5) Pause Young (Normal) (G1 Evacuation Pause) 156M->18M(256M) 22.147ms
[2022-08-29T02:07:44.456+0000][7][gc,cpu      ] GC(5) User=0.03s Sys=0.00s Real=0.02s
[2022-08-29T02:07:44.456+0000][7][safepoint   ] Safepoint "G1CollectForAllocation", Time since last: 492466084 ns, Reaching safepoint: 154740 ns, At safepoint: 22813386 ns, Total: 22968126 ns
[2022-08-29T02:07:44.963+0000][7][gc,start    ] GC(6) Pause Young (Normal) (G1 Evacuation Pause)
[2022-08-29T02:07:44.964+0000][7][gc,task     ] GC(6) Using 6 workers of 6 for evacuation
[2022-08-29T02:07:44.964+0000][7][gc,age      ] GC(6) Desired survivor size 10485760 bytes, new threshold 5 (max threshold 15)
[2022-08-29T02:07:44.977+0000][7][gc,age      ] GC(6) Age table with threshold 5 (max threshold 15)
[2022-08-29T02:07:44.978+0000][7][gc,age      ] GC(6) - age   1:    1514504 bytes,    1514504 total
[2022-08-29T02:07:44.979+0000][7][gc,age      ] GC(6) - age   2:    1479040 bytes,    2993544 total
[2022-08-29T02:07:44.979+0000][7][gc,age      ] GC(6) - age   3:    1881664 bytes,    4875208 total
[2022-08-29T02:07:44.979+0000][7][gc,age      ] GC(6) - age   4:    3317352 bytes,    8192560 total
[2022-08-29T02:07:44.980+0000][7][gc,age      ] GC(6) - age   5:    2336800 bytes,   10529360 total
[2022-08-29T02:07:44.980+0000][7][gc,phases   ] GC(6)   Pre Evacuate Collection Set: 0.1ms
[2022-08-29T02:07:44.980+0000][7][gc,phases   ] GC(6)   Merge Heap Roots: 0.1ms
[2022-08-29T02:07:44.981+0000][7][gc,phases   ] GC(6)   Evacuate Collection Set: 10.1ms
[2022-08-29T02:07:44.981+0000][7][gc,phases   ] GC(6)   Post Evacuate Collection Set: 2.0ms
[2022-08-29T02:07:44.982+0000][7][gc,phases   ] GC(6)   Other: 5.0ms
[2022-08-29T02:07:44.982+0000][7][gc,heap     ] GC(6) Eden regions: 35->0(35)
[2022-08-29T02:07:44.982+0000][7][gc,heap     ] GC(6) Survivor regions: 3->3(5)
[2022-08-29T02:07:44.983+0000][7][gc,heap     ] GC(6) Old regions: 1->2
[2022-08-29T02:07:44.983+0000][7][gc,heap     ] GC(6) Archive regions: 2->2
[2022-08-29T02:07:44.983+0000][7][gc,heap     ] GC(6) Humongous regions: 0->0
[2022-08-29T02:07:44.983+0000][7][gc,metaspace] GC(6) Metaspace: 19133K(20224K)->19133K(20224K) NonClass: 16835K(17664K)->16835K(17664K) Class: 2298K(2560K)->2298K(2560K)
[2022-08-29T02:07:44.984+0000][7][gc          ] GC(6) Pause Young (Normal) (G1 Evacuation Pause) 158M->19M(256M) 20.746ms
[2022-08-29T02:07:44.984+0000][7][gc,cpu      ] GC(6) User=0.02s Sys=0.00s Real=0.02s
[2022-08-29T02:07:44.984+0000][7][safepoint   ] Safepoint "G1CollectForAllocation", Time since last: 505024841 ns, Reaching safepoint: 1323562 ns, At safepoint: 21715477 ns, Total: 23039039 ns
[2022-08-29T02:07:45.276+0000][7][gc,start    ] GC(7) Pause Young (Normal) (G1 Evacuation Pause)
[2022-08-29T02:07:45.276+0000][7][gc,task     ] GC(7) Using 6 workers of 6 for evacuation
[2022-08-29T02:07:45.276+0000][7][gc,age      ] GC(7) Desired survivor size 10485760 bytes, new threshold 5 (max threshold 15)
[2022-08-29T02:07:45.285+0000][7][gc,age      ] GC(7) Age table with threshold 5 (max threshold 15)
[2022-08-29T02:07:45.286+0000][7][gc,age      ] GC(7) - age   1:     990592 bytes,     990592 total
[2022-08-29T02:07:45.286+0000][7][gc,age      ] GC(7) - age   2:    1243816 bytes,    2234408 total
[2022-08-29T02:07:45.286+0000][7][gc,age      ] GC(7) - age   3:    1478432 bytes,    3712840 total
[2022-08-29T02:07:45.286+0000][7][gc,age      ] GC(7) - age   4:    1881632 bytes,    5594472 total
[2022-08-29T02:07:45.287+0000][7][gc,age      ] GC(7) - age   5:    3313400 bytes,    8907872 total
[2022-08-29T02:07:45.287+0000][7][gc,phases   ] GC(7)   Pre Evacuate Collection Set: 0.1ms
[2022-08-29T02:07:45.287+0000][7][gc,phases   ] GC(7)   Merge Heap Roots: 0.1ms
[2022-08-29T02:07:45.288+0000][7][gc,phases   ] GC(7)   Evacuate Collection Set: 6.8ms
[2022-08-29T02:07:45.288+0000][7][gc,phases   ] GC(7)   Post Evacuate Collection Set: 1.0ms
[2022-08-29T02:07:45.289+0000][7][gc,phases   ] GC(7)   Other: 3.5ms
[2022-08-29T02:07:45.290+0000][7][gc,heap     ] GC(7) Eden regions: 35->0(35)
[2022-08-29T02:07:45.290+0000][7][gc,heap     ] GC(7) Survivor regions: 3->3(5)
[2022-08-29T02:07:45.290+0000][7][gc,heap     ] GC(7) Old regions: 2->2
[2022-08-29T02:07:45.290+0000][7][gc,heap     ] GC(7) Archive regions: 2->2
[2022-08-29T02:07:45.290+0000][7][gc,heap     ] GC(7) Humongous regions: 0->0
[2022-08-29T02:07:45.291+0000][7][gc,metaspace] GC(7) Metaspace: 19271K(20224K)->19271K(20224K) NonClass: 16948K(17664K)->16948K(17664K) Class: 2323K(2560K)->2323K(2560K)
[2022-08-29T02:07:45.291+0000][7][gc          ] GC(7) Pause Young (Normal) (G1 Evacuation Pause) 159M->19M(256M) 14.874ms
[2022-08-29T02:07:45.291+0000][7][gc,cpu      ] GC(7) User=0.02s Sys=0.00s Real=0.02s
[2022-08-29T02:07:45.291+0000][7][safepoint   ] Safepoint "G1CollectForAllocation", Time since last: 291076147 ns, Reaching safepoint: 223880 ns, At safepoint: 15363126 ns, Total: 15587006 ns
[2022-08-29T02:07:45.545+0000][7][gc,start    ] GC(8) Pause Young (Normal) (G1 Evacuation Pause)
[2022-08-29T02:07:45.545+0000][7][gc,task     ] GC(8) Using 6 workers of 6 for evacuation
[2022-08-29T02:07:45.546+0000][7][gc,age      ] GC(8) Desired survivor size 10485760 bytes, new threshold 15 (max threshold 15)
[2022-08-29T02:07:45.552+0000][7][gc,age      ] GC(8) Age table with threshold 15 (max threshold 15)
[2022-08-29T02:07:45.553+0000][7][gc,age      ] GC(8) - age   1:     780608 bytes,     780608 total
[2022-08-29T02:07:45.553+0000][7][gc,age      ] GC(8) - age   2:     255504 bytes,    1036112 total
[2022-08-29T02:07:45.553+0000][7][gc,age      ] GC(8) - age   3:    1243816 bytes,    2279928 total
[2022-08-29T02:07:45.553+0000][7][gc,age      ] GC(8) - age   4:    1478432 bytes,    3758360 total
[2022-08-29T02:07:45.553+0000][7][gc,age      ] GC(8) - age   5:    1881632 bytes,    5639992 total
[2022-08-29T02:07:45.554+0000][7][gc,age      ] GC(8) - age   6:    3313400 bytes,    8953392 total
[2022-08-29T02:07:45.554+0000][7][gc,phases   ] GC(8)   Pre Evacuate Collection Set: 0.1ms
[2022-08-29T02:07:45.554+0000][7][gc,phases   ] GC(8)   Merge Heap Roots: 0.1ms
[2022-08-29T02:07:45.554+0000][7][gc,phases   ] GC(8)   Evacuate Collection Set: 5.5ms
[2022-08-29T02:07:45.554+0000][7][gc,phases   ] GC(8)   Post Evacuate Collection Set: 0.7ms
[2022-08-29T02:07:45.555+0000][7][gc,phases   ] GC(8)   Other: 2.7ms
[2022-08-29T02:07:45.555+0000][7][gc,heap     ] GC(8) Eden regions: 35->0(35)
[2022-08-29T02:07:45.555+0000][7][gc,heap     ] GC(8) Survivor regions: 3->3(5)
[2022-08-29T02:07:45.555+0000][7][gc,heap     ] GC(8) Old regions: 2->2
[2022-08-29T02:07:45.555+0000][7][gc,heap     ] GC(8) Archive regions: 2->2
[2022-08-29T02:07:45.555+0000][7][gc,heap     ] GC(8) Humongous regions: 0->0
[2022-08-29T02:07:45.556+0000][7][gc,metaspace] GC(8) Metaspace: 19487K(20608K)->19487K(20608K) NonClass: 17123K(17920K)->17123K(17920K) Class: 2364K(2688K)->2364K(2688K)
[2022-08-29T02:07:45.556+0000][7][gc          ] GC(8) Pause Young (Normal) (G1 Evacuation Pause) 159M->19M(256M) 10.928ms
[2022-08-29T02:07:45.556+0000][7][gc,cpu      ] GC(8) User=0.03s Sys=0.00s Real=0.01s
[2022-08-29T02:07:45.556+0000][7][safepoint   ] Safepoint "G1CollectForAllocation", Time since last: 253402159 ns, Reaching safepoint: 180449 ns, At safepoint: 11412718 ns, Total: 11593167 ns
[2022-08-29T02:07:45.851+0000][7][gc,start    ] GC(9) Pause Young (Normal) (G1 Evacuation Pause)
[2022-08-29T02:07:45.851+0000][7][gc,task     ] GC(9) Using 6 workers of 6 for evacuation
[2022-08-29T02:07:45.852+0000][7][gc,age      ] GC(9) Desired survivor size 10485760 bytes, new threshold 15 (max threshold 15)
[2022-08-29T02:07:45.862+0000][7][gc,age      ] GC(9) Age table with threshold 15 (max threshold 15)
[2022-08-29T02:07:45.862+0000][7][gc,age      ] GC(9) - age   1:     462568 bytes,     462568 total
[2022-08-29T02:07:45.862+0000][7][gc,age      ] GC(9) - age   2:     255160 bytes,     717728 total
[2022-08-29T02:07:45.863+0000][7][gc,age      ] GC(9) - age   3:     255352 bytes,     973080 total
[2022-08-29T02:07:45.863+0000][7][gc,age      ] GC(9) - age   4:    1243816 bytes,    2216896 total
[2022-08-29T02:07:45.864+0000][7][gc,age      ] GC(9) - age   5:    1477760 bytes,    3694656 total
[2022-08-29T02:07:45.864+0000][7][gc,age      ] GC(9) - age   6:    1881344 bytes,    5576000 total
[2022-08-29T02:07:45.865+0000][7][gc,age      ] GC(9) - age   7:    3313272 bytes,    8889272 total
[2022-08-29T02:07:45.865+0000][7][gc,phases   ] GC(9)   Pre Evacuate Collection Set: 0.4ms
[2022-08-29T02:07:45.866+0000][7][gc,phases   ] GC(9)   Merge Heap Roots: 0.0ms
[2022-08-29T02:07:45.866+0000][7][gc,phases   ] GC(9)   Evacuate Collection Set: 7.0ms
[2022-08-29T02:07:45.866+0000][7][gc,phases   ] GC(9)   Post Evacuate Collection Set: 2.3ms
[2022-08-29T02:07:45.867+0000][7][gc,phases   ] GC(9)   Other: 4.8ms
[2022-08-29T02:07:45.867+0000][7][gc,heap     ] GC(9) Eden regions: 35->0(35)
[2022-08-29T02:07:45.868+0000][7][gc,heap     ] GC(9) Survivor regions: 3->3(5)
[2022-08-29T02:07:45.868+0000][7][gc,heap     ] GC(9) Old regions: 2->2
[2022-08-29T02:07:45.869+0000][7][gc,heap     ] GC(9) Archive regions: 2->2
[2022-08-29T02:07:45.871+0000][7][gc,heap     ] GC(9) Humongous regions: 0->0
[2022-08-29T02:07:45.872+0000][7][gc,metaspace] GC(9) Metaspace: 19551K(20608K)->19551K(20608K) NonClass: 17174K(17920K)->17174K(17920K) Class: 2377K(2688K)->2377K(2688K)
[2022-08-29T02:07:45.873+0000][7][gc          ] GC(9) Pause Young (Normal) (G1 Evacuation Pause) 159M->19M(256M) 21.617ms
[2022-08-29T02:07:45.873+0000][7][gc,cpu      ] GC(9) User=0.03s Sys=0.00s Real=0.02s
[2022-08-29T02:07:45.874+0000][7][safepoint   ] Safepoint "G1CollectForAllocation", Time since last: 294010510 ns, Reaching safepoint: 719710 ns, At safepoint: 22689712 ns, Total: 23409422 ns
[2022-08-29T02:07:46.378+0000][7][gc,start    ] GC(10) Pause Young (Normal) (G1 Evacuation Pause)
[2022-08-29T02:07:46.378+0000][7][gc,task     ] GC(10) Using 6 workers of 6 for evacuation
[2022-08-29T02:07:46.379+0000][7][gc,age      ] GC(10) Desired survivor size 10485760 bytes, new threshold 15 (max threshold 15)
[2022-08-29T02:07:46.384+0000][7][gc,age      ] GC(10) Age table with threshold 15 (max threshold 15)
[2022-08-29T02:07:46.385+0000][7][gc,age      ] GC(10) - age   1:    2220472 bytes,    2220472 total
[2022-08-29T02:07:46.385+0000][7][gc,age      ] GC(10) - age   2:     439728 bytes,    2660200 total
[2022-08-29T02:07:46.385+0000][7][gc,age      ] GC(10) - age   3:     255160 bytes,    2915360 total
[2022-08-29T02:07:46.385+0000][7][gc,age      ] GC(10) - age   4:     255288 bytes,    3170648 total
[2022-08-29T02:07:46.385+0000][7][gc,age      ] GC(10) - age   5:    1243816 bytes,    4414464 total
[2022-08-29T02:07:46.385+0000][7][gc,age      ] GC(10) - age   6:    1476720 bytes,    5891184 total
[2022-08-29T02:07:46.386+0000][7][gc,age      ] GC(10) - age   7:    1881152 bytes,    7772336 total
[2022-08-29T02:07:46.386+0000][7][gc,age      ] GC(10) - age   8:    3312976 bytes,   11085312 total
[2022-08-29T02:07:46.386+0000][7][gc,phases   ] GC(10)   Pre Evacuate Collection Set: 0.1ms
[2022-08-29T02:07:46.386+0000][7][gc,phases   ] GC(10)   Merge Heap Roots: 0.1ms
[2022-08-29T02:07:46.386+0000][7][gc,phases   ] GC(10)   Evacuate Collection Set: 4.6ms
[2022-08-29T02:07:46.386+0000][7][gc,phases   ] GC(10)   Post Evacuate Collection Set: 0.8ms
[2022-08-29T02:07:46.386+0000][7][gc,phases   ] GC(10)   Other: 2.9ms
[2022-08-29T02:07:46.387+0000][7][gc,heap     ] GC(10) Eden regions: 35->0(35)
[2022-08-29T02:07:46.387+0000][7][gc,heap     ] GC(10) Survivor regions: 3->3(5)
[2022-08-29T02:07:46.387+0000][7][gc,heap     ] GC(10) Old regions: 2->2
[2022-08-29T02:07:46.387+0000][7][gc,heap     ] GC(10) Archive regions: 2->2
[2022-08-29T02:07:46.387+0000][7][gc,heap     ] GC(10) Humongous regions: 0->0
[2022-08-29T02:07:46.387+0000][7][gc,metaspace] GC(10) Metaspace: 19872K(21120K)->19872K(21120K) NonClass: 17440K(18432K)->17440K(18432K) Class: 2432K(2688K)->2432K(2688K)
[2022-08-29T02:07:46.387+0000][7][gc          ] GC(10) Pause Young (Normal) (G1 Evacuation Pause) 159M->21M(256M) 9.914ms
[2022-08-29T02:07:46.388+0000][7][gc,cpu      ] GC(10) User=0.03s Sys=0.00s Real=0.01s
[2022-08-29T02:07:46.388+0000][7][safepoint   ] Safepoint "G1CollectForAllocation", Time since last: 503825915 ns, Reaching safepoint: 113172 ns, At safepoint: 10299141 ns, Total: 10412313 ns
[2022-08-29T02:07:46.725+0000][7][gc,start    ] GC(11) Pause Young (Normal) (G1 Evacuation Pause)
[2022-08-29T02:07:46.726+0000][7][gc,task     ] GC(11) Using 6 workers of 6 for evacuation
[2022-08-29T02:07:46.726+0000][7][gc,age      ] GC(11) Desired survivor size 10485760 bytes, new threshold 8 (max threshold 15)
[2022-08-29T02:07:46.732+0000][7][gc,age      ] GC(11) Age table with threshold 8 (max threshold 15)
[2022-08-29T02:07:46.732+0000][7][gc,age      ] GC(11) - age   1:     530456 bytes,     530456 total
[2022-08-29T02:07:46.733+0000][7][gc,age      ] GC(11) - age   2:    1626728 bytes,    2157184 total
[2022-08-29T02:07:46.733+0000][7][gc,age      ] GC(11) - age   3:     438736 bytes,    2595920 total
[2022-08-29T02:07:46.733+0000][7][gc,age      ] GC(11) - age   4:     255096 bytes,    2851016 total
[2022-08-29T02:07:46.733+0000][7][gc,age      ] GC(11) - age   5:     255288 bytes,    3106304 total
[2022-08-29T02:07:46.733+0000][7][gc,age      ] GC(11) - age   6:    1243816 bytes,    4350120 total
[2022-08-29T02:07:46.734+0000][7][gc,age      ] GC(11) - age   7:    1476720 bytes,    5826840 total
[2022-08-29T02:07:46.734+0000][7][gc,age      ] GC(11) - age   8:    1881152 bytes,    7707992 total
[2022-08-29T02:07:46.734+0000][7][gc,phases   ] GC(11)   Pre Evacuate Collection Set: 0.1ms
[2022-08-29T02:07:46.734+0000][7][gc,phases   ] GC(11)   Merge Heap Roots: 0.1ms
[2022-08-29T02:07:46.734+0000][7][gc,phases   ] GC(11)   Evacuate Collection Set: 4.3ms
[2022-08-29T02:07:46.735+0000][7][gc,phases   ] GC(11)   Post Evacuate Collection Set: 0.8ms
[2022-08-29T02:07:46.735+0000][7][gc,phases   ] GC(11)   Other: 3.5ms
[2022-08-29T02:07:46.735+0000][7][gc,heap     ] GC(11) Eden regions: 35->0(35)
[2022-08-29T02:07:46.735+0000][7][gc,heap     ] GC(11) Survivor regions: 3->3(5)
[2022-08-29T02:07:46.735+0000][7][gc,heap     ] GC(11) Old regions: 2->3
[2022-08-29T02:07:46.736+0000][7][gc,heap     ] GC(11) Archive regions: 2->2
[2022-08-29T02:07:46.736+0000][7][gc,heap     ] GC(11) Humongous regions: 0->0
[2022-08-29T02:07:46.736+0000][7][gc,metaspace] GC(11) Metaspace: 19953K(21120K)->19953K(21120K) NonClass: 17510K(18432K)->17510K(18432K) Class: 2443K(2688K)->2443K(2688K)
[2022-08-29T02:07:46.737+0000][7][gc          ] GC(11) Pause Young (Normal) (G1 Evacuation Pause) 161M->21M(256M) 11.261ms
[2022-08-29T02:07:46.737+0000][7][gc,cpu      ] GC(11) User=0.03s Sys=0.00s Real=0.02s
[2022-08-29T02:07:46.737+0000][7][safepoint   ] Safepoint "G1CollectForAllocation", Time since last: 337331506 ns, Reaching safepoint: 147196 ns, At safepoint: 11679799 ns, Total: 11826995 ns
[2022-08-29T02:07:46.951+0000][7][gc,start    ] GC(12) Pause Young (Concurrent Start) (Metadata GC Threshold)
[2022-08-29T02:07:46.952+0000][7][gc,task     ] GC(12) Using 6 workers of 6 for evacuation
[2022-08-29T02:07:46.953+0000][7][gc,age      ] GC(12) Desired survivor size 10485760 bytes, new threshold 15 (max threshold 15)
[2022-08-29T02:07:46.959+0000][7][gc,age      ] GC(12) Age table with threshold 15 (max threshold 15)
[2022-08-29T02:07:46.960+0000][7][gc,age      ] GC(12) - age   1:     313984 bytes,     313984 total
[2022-08-29T02:07:46.960+0000][7][gc,age      ] GC(12) - age   2:     509288 bytes,     823272 total
[2022-08-29T02:07:46.960+0000][7][gc,age      ] GC(12) - age   3:    1626728 bytes,    2450000 total
[2022-08-29T02:07:46.961+0000][7][gc,age      ] GC(12) - age   4:     438520 bytes,    2888520 total
[2022-08-29T02:07:46.961+0000][7][gc,age      ] GC(12) - age   5:     255096 bytes,    3143616 total
[2022-08-29T02:07:46.962+0000][7][gc,age      ] GC(12) - age   6:     254744 bytes,    3398360 total
[2022-08-29T02:07:46.962+0000][7][gc,age      ] GC(12) - age   7:    1243816 bytes,    4642176 total
[2022-08-29T02:07:46.963+0000][7][gc,age      ] GC(12) - age   8:    1476720 bytes,    6118896 total
[2022-08-29T02:07:46.964+0000][7][gc,age      ] GC(12) - age   9:    1881152 bytes,    8000048 total
[2022-08-29T02:07:46.965+0000][7][gc,phases   ] GC(12)   Pre Evacuate Collection Set: 0.1ms
[2022-08-29T02:07:46.966+0000][7][gc,phases   ] GC(12)   Merge Heap Roots: 0.1ms
[2022-08-29T02:07:46.967+0000][7][gc,phases   ] GC(12)   Evacuate Collection Set: 5.5ms
[2022-08-29T02:07:46.968+0000][7][gc,phases   ] GC(12)   Post Evacuate Collection Set: 0.5ms
[2022-08-29T02:07:46.969+0000][7][gc,phases   ] GC(12)   Other: 7.3ms
[2022-08-29T02:07:46.970+0000][7][gc,heap     ] GC(12) Eden regions: 31->0(35)
[2022-08-29T02:07:46.970+0000][7][gc,heap     ] GC(12) Survivor regions: 3->3(5)
[2022-08-29T02:07:46.971+0000][7][gc,heap     ] GC(12) Old regions: 3->3
[2022-08-29T02:07:46.972+0000][7][gc,heap     ] GC(12) Archive regions: 2->2
[2022-08-29T02:07:46.979+0000][7][gc,heap     ] GC(12) Humongous regions: 0->0
[2022-08-29T02:07:46.981+0000][7][gc,metaspace] GC(12) Metaspace: 19992K(21296K)->19992K(21296K) NonClass: 17540K(18480K)->17540K(18480K) Class: 2452K(2816K)->2452K(2816K)
[2022-08-29T02:07:46.985+0000][7][gc          ] GC(12) Pause Young (Concurrent Start) (Metadata GC Threshold) 145M->21M(256M) 33.897ms
[2022-08-29T02:07:46.989+0000][7][gc,cpu      ] GC(12) User=0.04s Sys=0.00s Real=0.04s
[2022-08-29T02:07:46.993+0000][7][gc          ] GC(13) Concurrent Cycle
[2022-08-29T02:07:46.997+0000][7][gc,marking  ] GC(13) Concurrent Clear Claimed Marks
[2022-08-29T02:07:46.997+0000][7][gc,marking  ] GC(13) Concurrent Clear Claimed Marks 0.370ms
[2022-08-29T02:07:47.001+0000][7][gc,marking  ] GC(13) Concurrent Scan Root Regions
[2022-08-29T02:07:46.993+0000][7][safepoint   ] Safepoint "CollectForMetadataAllocation", Time since last: 214086272 ns, Reaching safepoint: 140404 ns, At safepoint: 42072475 ns, Total: 42212879 ns
[2022-08-29T02:07:47.004+0000][7][gc,marking  ] GC(13) Concurrent Scan Root Regions 3.060ms
[2022-08-29T02:07:47.011+0000][7][gc,marking  ] GC(13) Concurrent Mark (22.574s)
[2022-08-29T02:07:47.016+0000][7][gc,marking  ] GC(13) Concurrent Mark From Roots
[2022-08-29T02:07:47.016+0000][7][gc,task     ] GC(13) Using 2 workers of 2 for marking
[2022-08-29T02:07:47.047+0000][7][gc,marking  ] GC(13) Concurrent Mark From Roots 31.740ms
[2022-08-29T02:07:47.051+0000][7][gc,marking  ] GC(13) Concurrent Preclean
[2022-08-29T02:07:47.054+0000][7][gc,marking  ] GC(13) Concurrent Preclean 2.814ms
[2022-08-29T02:07:47.055+0000][7][gc,marking  ] GC(13) Concurrent Mark (22.574s, 22.618s) 44.075ms
[2022-08-29T02:07:47.056+0000][7][gc,start    ] GC(13) Pause Remark
[2022-08-29T02:07:47.075+0000][7][gc          ] GC(13) Pause Remark 47M->47M(256M) 19.466ms
[2022-08-29T02:07:47.076+0000][7][gc,cpu      ] GC(13) User=0.03s Sys=0.01s Real=0.02s
[2022-08-29T02:07:47.077+0000][7][safepoint   ] Safepoint "G1Concurrent", Time since last: 62035627 ns, Reaching safepoint: 334267 ns, At safepoint: 20953458 ns, Total: 21287725 ns
[2022-08-29T02:07:47.077+0000][7][gc,marking  ] GC(13) Concurrent Rebuild Remembered Sets
[2022-08-29T02:07:47.084+0000][7][gc,marking  ] GC(13) Concurrent Rebuild Remembered Sets 6.938ms
[2022-08-29T02:07:47.087+0000][7][gc,start    ] GC(13) Pause Cleanup
[2022-08-29T02:07:47.087+0000][7][gc          ] GC(13) Pause Cleanup 47M->47M(256M) 0.618ms
[2022-08-29T02:07:47.088+0000][7][gc,cpu      ] GC(13) User=0.00s Sys=0.00s Real=0.01s
[2022-08-29T02:07:47.088+0000][7][safepoint   ] Safepoint "G1Concurrent", Time since last: 7830692 ns, Reaching safepoint: 2175800 ns, At safepoint: 1803942 ns, Total: 3979742 ns
[2022-08-29T02:07:47.089+0000][7][gc,marking  ] GC(13) Concurrent Cleanup for Next Mark
[2022-08-29T02:07:47.090+0000][7][gc,marking  ] GC(13) Concurrent Cleanup for Next Mark 0.853ms
[2022-08-29T02:07:47.090+0000][7][gc          ] GC(13) Concurrent Cycle 97.379ms
[2022-08-29T02:07:48.817+0000][7][safepoint   ] Safepoint "Cleanup", Time since last: 1668427171 ns, Reaching safepoint: 60029406 ns, At safepoint: 37170 ns, Total: 60066576 ns
[2022-08-29T02:07:49.824+0000][7][gc,start    ] GC(14) Pause Young (Normal) (G1 Evacuation Pause)
[2022-08-29T02:07:49.824+0000][7][gc,task     ] GC(14) Using 6 workers of 6 for evacuation
[2022-08-29T02:07:49.824+0000][7][gc,age      ] GC(14) Desired survivor size 10485760 bytes, new threshold 15 (max threshold 15)
[2022-08-29T02:07:49.839+0000][7][gc,age      ] GC(14) Age table with threshold 15 (max threshold 15)
[2022-08-29T02:07:49.839+0000][7][gc,age      ] GC(14) - age   1:    8400256 bytes,    8400256 total
[2022-08-29T02:07:49.839+0000][7][gc,age      ] GC(14) - age   2:     287232 bytes,    8687488 total
[2022-08-29T02:07:49.840+0000][7][gc,age      ] GC(14) - age   3:     508816 bytes,    9196304 total
[2022-08-29T02:07:49.840+0000][7][gc,age      ] GC(14) - age   4:    1622384 bytes,   10818688 total
[2022-08-29T02:07:49.841+0000][7][gc,age      ] GC(14) - age   5:     437928 bytes,   11256616 total
[2022-08-29T02:07:49.842+0000][7][gc,age      ] GC(14) - age   6:     254536 bytes,   11511152 total
[2022-08-29T02:07:49.842+0000][7][gc,age      ] GC(14) - age   7:     247728 bytes,   11758880 total
[2022-08-29T02:07:49.843+0000][7][gc,age      ] GC(14) - age   8:    1240968 bytes,   12999848 total
[2022-08-29T02:07:49.843+0000][7][gc,age      ] GC(14) - age   9:    1473216 bytes,   14473064 total
[2022-08-29T02:07:49.844+0000][7][gc,age      ] GC(14) - age  10:    1873832 bytes,   16346896 total
[2022-08-29T02:07:49.845+0000][7][gc,phases   ] GC(14)   Pre Evacuate Collection Set: 0.3ms
[2022-08-29T02:07:49.845+0000][7][gc,phases   ] GC(14)   Merge Heap Roots: 0.3ms
[2022-08-29T02:07:49.846+0000][7][gc,phases   ] GC(14)   Evacuate Collection Set: 11.0ms
[2022-08-29T02:07:49.846+0000][7][gc,phases   ] GC(14)   Post Evacuate Collection Set: 2.7ms
[2022-08-29T02:07:49.847+0000][7][gc,phases   ] GC(14)   Other: 7.0ms
[2022-08-29T02:07:49.847+0000][7][gc,heap     ] GC(14) Eden regions: 35->0(34)
[2022-08-29T02:07:49.847+0000][7][gc,heap     ] GC(14) Survivor regions: 3->4(5)
[2022-08-29T02:07:49.848+0000][7][gc,heap     ] GC(14) Old regions: 3->3
[2022-08-29T02:07:49.848+0000][7][gc,heap     ] GC(14) Archive regions: 2->2
[2022-08-29T02:07:49.848+0000][7][gc,heap     ] GC(14) Humongous regions: 0->0
[2022-08-29T02:07:49.849+0000][7][gc,metaspace] GC(14) Metaspace: 28709K(30464K)->28709K(30464K) NonClass: 25097K(26368K)->25097K(26368K) Class: 3612K(4096K)->3612K(4096K)
[2022-08-29T02:07:49.849+0000][7][gc          ] GC(14) Pause Young (Normal) (G1 Evacuation Pause) 161M->29M(256M) 25.571ms
[2022-08-29T02:07:49.849+0000][7][gc,cpu      ] GC(14) User=0.07s Sys=0.01s Real=0.03s
[2022-08-29T02:07:49.850+0000][7][safepoint   ] Safepoint "G1CollectForAllocation", Time since last: 1006352060 ns, Reaching safepoint: 351018 ns, At safepoint: 26459201 ns, Total: 26810219 ns
[2022-08-29T02:07:50.852+0000][7][safepoint   ] Safepoint "Cleanup", Time since last: 1002182662 ns, Reaching safepoint: 258805 ns, At safepoint: 58941 ns, Total: 317746 ns
[2022-08-29T02:07:51.721+0000][7][gc,start    ] GC(15) Pause Young (Normal) (G1 Evacuation Pause)
[2022-08-29T02:07:51.722+0000][7][gc,task     ] GC(15) Using 6 workers of 6 for evacuation
[2022-08-29T02:07:51.722+0000][7][gc,age      ] GC(15) Desired survivor size 10485760 bytes, new threshold 4 (max threshold 15)
[2022-08-29T02:07:51.740+0000][7][gc,age      ] GC(15) Age table with threshold 4 (max threshold 15)
[2022-08-29T02:07:51.740+0000][7][gc,age      ] GC(15) - age   1:   12094104 bytes,   12094104 total
[2022-08-29T02:07:51.740+0000][7][gc,age      ] GC(15) - age   2:    8066456 bytes,   20160560 total
[2022-08-29T02:07:51.741+0000][7][gc,age      ] GC(15) - age   3:     285176 bytes,   20445736 total
[2022-08-29T02:07:51.741+0000][7][gc,age      ] GC(15) - age   4:     508816 bytes,   20954552 total
[2022-08-29T02:07:51.741+0000][7][gc,phases   ] GC(15)   Pre Evacuate Collection Set: 0.3ms
[2022-08-29T02:07:51.741+0000][7][gc,phases   ] GC(15)   Merge Heap Roots: 0.3ms
[2022-08-29T02:07:51.741+0000][7][gc,phases   ] GC(15)   Evacuate Collection Set: 15.8ms
[2022-08-29T02:07:51.742+0000][7][gc,phases   ] GC(15)   Post Evacuate Collection Set: 1.3ms
[2022-08-29T02:07:51.742+0000][7][gc,phases   ] GC(15)   Other: 2.4ms
[2022-08-29T02:07:51.742+0000][7][gc,heap     ] GC(15) Eden regions: 34->0(33)
[2022-08-29T02:07:51.742+0000][7][gc,heap     ] GC(15) Survivor regions: 4->5(5)
[2022-08-29T02:07:51.742+0000][7][gc,heap     ] GC(15) Old regions: 3->6
[2022-08-29T02:07:51.742+0000][7][gc,heap     ] GC(15) Archive regions: 2->2
[2022-08-29T02:07:51.743+0000][7][gc,heap     ] GC(15) Humongous regions: 0->0
[2022-08-29T02:07:51.743+0000][7][gc,metaspace] GC(15) Metaspace: 28967K(31104K)->28967K(31104K) NonClass: 25323K(26880K)->25323K(26880K) Class: 3643K(4224K)->3643K(4224K)
[2022-08-29T02:07:51.743+0000][7][gc          ] GC(15) Pause Young (Normal) (G1 Evacuation Pause) 165M->45M(256M) 21.911ms
[2022-08-29T02:07:51.743+0000][7][gc,cpu      ] GC(15) User=0.10s Sys=0.00s Real=0.02s
[2022-08-29T02:07:51.743+0000][7][safepoint   ] Safepoint "G1CollectForAllocation", Time since last: 868325230 ns, Reaching safepoint: 321403 ns, At safepoint: 22395151 ns, Total: 22716554 ns
[2022-08-29T02:07:52.744+0000][7][safepoint   ] Safepoint "Cleanup", Time since last: 1000472175 ns, Reaching safepoint: 292759 ns, At safepoint: 49403 ns, Total: 342162 ns
[2022-08-29T02:07:54.091+0000][7][safepoint   ] Safepoint "Cleanup", Time since last: 1000687519 ns, Reaching safepoint: 345999148 ns, At safepoint: 201338 ns, Total: 346200486 ns
[2022-08-29T02:07:54.139+0000][7][gc,start    ] GC(16) Pause Young (Concurrent Start) (Metadata GC Threshold)
[2022-08-29T02:07:54.139+0000][7][gc,task     ] GC(16) Using 6 workers of 6 for evacuation
[2022-08-29T02:07:54.139+0000][7][gc,age      ] GC(16) Desired survivor size 10485760 bytes, new threshold 1 (max threshold 15)
[2022-08-29T02:07:54.166+0000][7][gc,age      ] GC(16) Age table with threshold 1 (max threshold 15)
[2022-08-29T02:07:54.167+0000][7][gc,age      ] GC(16) - age   1:   13293168 bytes,   13293168 total
[2022-08-29T02:07:54.167+0000][7][gc,phases   ] GC(16)   Pre Evacuate Collection Set: 0.2ms
[2022-08-29T02:07:54.167+0000][7][gc,phases   ] GC(16)   Merge Heap Roots: 0.2ms
[2022-08-29T02:07:54.168+0000][7][gc,phases   ] GC(16)   Evacuate Collection Set: 25.1ms
[2022-08-29T02:07:54.168+0000][7][gc,phases   ] GC(16)   Post Evacuate Collection Set: 1.3ms
[2022-08-29T02:07:54.168+0000][7][gc,phases   ] GC(16)   Other: 1.8ms
[2022-08-29T02:07:54.168+0000][7][gc,heap     ] GC(16) Eden regions: 25->0(29)
[2022-08-29T02:07:54.168+0000][7][gc,heap     ] GC(16) Survivor regions: 5->4(5)
[2022-08-29T02:07:54.168+0000][7][gc,heap     ] GC(16) Old regions: 6->11
[2022-08-29T02:07:54.169+0000][7][gc,heap     ] GC(16) Archive regions: 2->2
[2022-08-29T02:07:54.169+0000][7][gc,heap     ] GC(16) Humongous regions: 0->0
[2022-08-29T02:07:54.169+0000][7][gc,metaspace] GC(16) Metaspace: 33754K(35920K)->33754K(35920K) NonClass: 29398K(30928K)->29398K(30928K) Class: 4356K(4992K)->4356K(4992K)
[2022-08-29T02:07:54.169+0000][7][gc          ] GC(16) Pause Young (Concurrent Start) (Metadata GC Threshold) 145M->59M(256M) 30.768ms
[2022-08-29T02:07:54.170+0000][7][gc,cpu      ] GC(16) User=0.09s Sys=0.03s Real=0.03s
[2022-08-29T02:07:54.170+0000][7][gc          ] GC(17) Concurrent Cycle
[2022-08-29T02:07:54.170+0000][7][safepoint   ] Safepoint "CollectForMetadataAllocation", Time since last: 47228213 ns, Reaching safepoint: 156603 ns, At safepoint: 31375319 ns, Total: 31531922 ns
[2022-08-29T02:07:54.170+0000][7][gc,marking  ] GC(17) Concurrent Clear Claimed Marks
[2022-08-29T02:07:54.171+0000][7][gc,marking  ] GC(17) Concurrent Clear Claimed Marks 0.498ms
[2022-08-29T02:07:54.171+0000][7][gc,marking  ] GC(17) Concurrent Scan Root Regions
[2022-08-29T02:07:54.183+0000][7][gc,marking  ] GC(17) Concurrent Scan Root Regions 12.385ms
[2022-08-29T02:07:54.184+0000][7][gc,marking  ] GC(17) Concurrent Mark (29.747s)
[2022-08-29T02:07:54.184+0000][7][gc,marking  ] GC(17) Concurrent Mark From Roots
[2022-08-29T02:07:54.184+0000][7][gc,task     ] GC(17) Using 2 workers of 2 for marking
[2022-08-29T02:07:54.200+0000][7][gc,marking  ] GC(17) Concurrent Mark From Roots 15.970ms
[2022-08-29T02:07:54.200+0000][7][gc,marking  ] GC(17) Concurrent Preclean
[2022-08-29T02:07:54.200+0000][7][gc,marking  ] GC(17) Concurrent Preclean 0.365ms
[2022-08-29T02:07:54.201+0000][7][gc,marking  ] GC(17) Concurrent Mark (29.747s, 29.764s) 17.112ms
[2022-08-29T02:07:54.652+0000][7][gc,start    ] GC(17) Pause Remark
[2022-08-29T02:07:54.655+0000][7][gc          ] GC(17) Pause Remark 61M->61M(256M) 3.083ms
[2022-08-29T02:07:54.655+0000][7][gc,cpu      ] GC(17) User=0.01s Sys=0.00s Real=0.00s
[2022-08-29T02:07:54.656+0000][7][safepoint   ] Safepoint "G1Concurrent", Time since last: 30936636 ns, Reaching safepoint: 451139948 ns, At safepoint: 3675621 ns, Total: 454815569 ns
[2022-08-29T02:07:54.656+0000][7][gc,marking  ] GC(17) Concurrent Rebuild Remembered Sets
[2022-08-29T02:07:54.676+0000][7][gc,marking  ] GC(17) Concurrent Rebuild Remembered Sets 20.144ms
[2022-08-29T02:07:54.678+0000][7][gc,start    ] GC(17) Pause Cleanup
[2022-08-29T02:07:54.680+0000][7][gc          ] GC(17) Pause Cleanup 61M->61M(256M) 2.051ms
[2022-08-29T02:07:54.681+0000][7][gc,cpu      ] GC(17) User=0.00s Sys=0.00s Real=0.00s
[2022-08-29T02:07:54.681+0000][7][safepoint   ] Safepoint "G1Concurrent", Time since last: 21119349 ns, Reaching safepoint: 1042555 ns, At safepoint: 3505052 ns, Total: 4547607 ns
[2022-08-29T02:07:54.682+0000][7][gc,marking  ] GC(17) Concurrent Cleanup for Next Mark
[2022-08-29T02:07:54.683+0000][7][gc,marking  ] GC(17) Concurrent Cleanup for Next Mark 0.932ms
[2022-08-29T02:07:54.684+0000][7][gc          ] GC(17) Concurrent Cycle 513.703ms
[2022-08-29T02:07:59.933+0000][7][safepoint   ] Safepoint "Cleanup", Time since last: 4744289083 ns, Reaching safepoint: 507083982 ns, At safepoint: 33583 ns, Total: 507117565 ns
[2022-08-29T02:08:00.537+0000][7][gc,start    ] GC(18) Pause Young (Normal) (G1 Evacuation Pause)
[2022-08-29T02:08:00.538+0000][7][gc,task     ] GC(18) Using 6 workers of 6 for evacuation
[2022-08-29T02:08:00.539+0000][7][gc,age      ] GC(18) Desired survivor size 10485760 bytes, new threshold 1 (max threshold 15)
[2022-08-29T02:08:00.552+0000][7][gc,age      ] GC(18) Age table with threshold 1 (max threshold 15)
[2022-08-29T02:08:00.552+0000][7][gc,age      ] GC(18) - age   1:    1548352 bytes,    1548352 total
[2022-08-29T02:08:00.552+0000][7][gc,phases   ] GC(18)   Pre Evacuate Collection Set: 0.2ms
[2022-08-29T02:08:00.553+0000][7][gc,phases   ] GC(18)   Merge Heap Roots: 0.3ms
[2022-08-29T02:08:00.554+0000][7][gc,phases   ] GC(18)   Evacuate Collection Set: 9.5ms
[2022-08-29T02:08:00.555+0000][7][gc,phases   ] GC(18)   Post Evacuate Collection Set: 2.6ms
[2022-08-29T02:08:00.555+0000][7][gc,phases   ] GC(18)   Other: 2.6ms
[2022-08-29T02:08:00.555+0000][7][gc,heap     ] GC(18) Eden regions: 29->0(30)
[2022-08-29T02:08:00.555+0000][7][gc,heap     ] GC(18) Survivor regions: 4->1(5)
[2022-08-29T02:08:00.556+0000][7][gc,heap     ] GC(18) Old regions: 11->14
[2022-08-29T02:08:00.556+0000][7][gc,heap     ] GC(18) Archive regions: 2->2
[2022-08-29T02:08:00.557+0000][7][gc,heap     ] GC(18) Humongous regions: 0->0
[2022-08-29T02:08:00.557+0000][7][gc,metaspace] GC(18) Metaspace: 35200K(37584K)->35200K(37584K) NonClass: 30701K(32464K)->30701K(32464K) Class: 4499K(5120K)->4499K(5120K)
[2022-08-29T02:08:00.557+0000][7][gc          ] GC(18) Pause Young (Normal) (G1 Evacuation Pause) 175M->63M(256M) 20.082ms
[2022-08-29T02:08:00.558+0000][7][gc,cpu      ] GC(18) User=0.05s Sys=0.00s Real=0.02s
[2022-08-29T02:08:00.558+0000][7][safepoint   ] Safepoint "G1CollectForAllocation", Time since last: 604148138 ns, Reaching safepoint: 283762 ns, At safepoint: 20804147 ns, Total: 21087909 ns
[2022-08-29T02:08:02.100+0000][7][safepoint   ] Safepoint "Cleanup", Time since last: 1541797822 ns, Reaching safepoint: 223489 ns, At safepoint: 9077 ns, Total: 232566 ns
[2022-08-29T02:08:04.664+0000][7][safepoint   ] Safepoint "Cleanup", Time since last: 2563483281 ns, Reaching safepoint: 183444 ns, At safepoint: 32561 ns, Total: 216005 ns
[2022-08-29T02:08:06.363+0000][7][safepoint   ] Safepoint "Cleanup", Time since last: 1698982643 ns, Reaching safepoint: 319900 ns, At safepoint: 52458 ns, Total: 372358 ns
[2022-08-29T02:08:08.841+0000][7][safepoint   ] Safepoint "Cleanup", Time since last: 2027008752 ns, Reaching safepoint: 450414557 ns, At safepoint: 257363 ns, Total: 450671920 ns
[2022-08-29T02:08:12.986+0000][7][safepoint   ] Safepoint "Cleanup", Time since last: 4144748884 ns, Reaching safepoint: 345037 ns, At safepoint: 48621 ns, Total: 393658 ns
[2022-08-29T02:08:13.083+0000][7][gc,start    ] GC(19) Pause Young (Normal) (G1 Evacuation Pause)
[2022-08-29T02:08:13.084+0000][7][gc,task     ] GC(19) Using 6 workers of 6 for evacuation
[2022-08-29T02:08:13.084+0000][7][gc,age      ] GC(19) Desired survivor size 8388608 bytes, new threshold 15 (max threshold 15)
[2022-08-29T02:08:13.093+0000][7][gc,age      ] GC(19) Age table with threshold 15 (max threshold 15)
[2022-08-29T02:08:13.094+0000][7][gc,age      ] GC(19) - age   1:    5110992 bytes,    5110992 total
[2022-08-29T02:08:13.094+0000][7][gc,age      ] GC(19) - age   2:    1220320 bytes,    6331312 total
[2022-08-29T02:08:13.094+0000][7][gc,phases   ] GC(19)   Pre Evacuate Collection Set: 0.1ms
[2022-08-29T02:08:13.094+0000][7][gc,phases   ] GC(19)   Merge Heap Roots: 0.1ms
[2022-08-29T02:08:13.095+0000][7][gc,phases   ] GC(19)   Evacuate Collection Set: 7.4ms
[2022-08-29T02:08:13.095+0000][7][gc,phases   ] GC(19)   Post Evacuate Collection Set: 1.5ms
[2022-08-29T02:08:13.095+0000][7][gc,phases   ] GC(19)   Other: 1.9ms
[2022-08-29T02:08:13.095+0000][7][gc,heap     ] GC(19) Eden regions: 30->0(30)
[2022-08-29T02:08:13.095+0000][7][gc,heap     ] GC(19) Survivor regions: 1->2(4)
[2022-08-29T02:08:13.096+0000][7][gc,heap     ] GC(19) Old regions: 14->14
[2022-08-29T02:08:13.096+0000][7][gc,heap     ] GC(19) Archive regions: 2->2
[2022-08-29T02:08:13.096+0000][7][gc,heap     ] GC(19) Humongous regions: 0->0
[2022-08-29T02:08:13.096+0000][7][gc,metaspace] GC(19) Metaspace: 50992K(53968K)->50992K(53968K) NonClass: 44138K(46288K)->44138K(46288K) Class: 6854K(7680K)->6854K(7680K)
[2022-08-29T02:08:13.096+0000][7][gc          ] GC(19) Pause Young (Normal) (G1 Evacuation Pause) 183M->66M(256M) 13.275ms
[2022-08-29T02:08:13.097+0000][7][gc,cpu      ] GC(19) User=0.03s Sys=0.01s Real=0.02s
[2022-08-29T02:08:13.097+0000][7][safepoint   ] Safepoint "G1CollectForAllocation", Time since last: 96895309 ns, Reaching safepoint: 242955 ns, At safepoint: 13875707 ns, Total: 14118662 ns
[2022-08-29T02:08:15.834+0000][7][safepoint   ] Safepoint "Cleanup", Time since last: 2736576953 ns, Reaching safepoint: 345377 ns, At safepoint: 56185 ns, Total: 401562 ns
[2022-08-29T02:08:16.865+0000][7][safepoint   ] Safepoint "Cleanup", Time since last: 1000220684 ns, Reaching safepoint: 31086057 ns, At safepoint: 61204 ns, Total: 31147261 ns
[2022-08-29T02:08:17.123+0000][7][gc,start    ] GC(20) Pause Young (Concurrent Start) (Metadata GC Threshold)
[2022-08-29T02:08:17.124+0000][7][gc,task     ] GC(20) Using 6 workers of 6 for evacuation
[2022-08-29T02:08:17.124+0000][7][gc,age      ] GC(20) Desired survivor size 8388608 bytes, new threshold 15 (max threshold 15)
[2022-08-29T02:08:17.133+0000][7][gc,age      ] GC(20) Age table with threshold 15 (max threshold 15)
[2022-08-29T02:08:17.133+0000][7][gc,age      ] GC(20) - age   1:    3515664 bytes,    3515664 total
[2022-08-29T02:08:17.134+0000][7][gc,age      ] GC(20) - age   2:    4938304 bytes,    8453968 total
[2022-08-29T02:08:17.134+0000][7][gc,age      ] GC(20) - age   3:    1219632 bytes,    9673600 total
[2022-08-29T02:08:17.134+0000][7][gc,phases   ] GC(20)   Pre Evacuate Collection Set: 0.2ms
[2022-08-29T02:08:17.134+0000][7][gc,phases   ] GC(20)   Merge Heap Roots: 0.1ms
[2022-08-29T02:08:17.134+0000][7][gc,phases   ] GC(20)   Evacuate Collection Set: 6.4ms
[2022-08-29T02:08:17.135+0000][7][gc,phases   ] GC(20)   Post Evacuate Collection Set: 1.8ms
[2022-08-29T02:08:17.135+0000][7][gc,phases   ] GC(20)   Other: 2.3ms
[2022-08-29T02:08:17.135+0000][7][gc,heap     ] GC(20) Eden regions: 21->0(29)
[2022-08-29T02:08:17.135+0000][7][gc,heap     ] GC(20) Survivor regions: 2->3(4)
[2022-08-29T02:08:17.135+0000][7][gc,heap     ] GC(20) Old regions: 14->14
[2022-08-29T02:08:17.136+0000][7][gc,heap     ] GC(20) Archive regions: 2->2
[2022-08-29T02:08:17.136+0000][7][gc,heap     ] GC(20) Humongous regions: 0->0
[2022-08-29T02:08:17.136+0000][7][gc,metaspace] GC(20) Metaspace: 57005K(60296K)->57005K(60296K) NonClass: 49511K(51848K)->49511K(51848K) Class: 7494K(8448K)->7494K(8448K)
[2022-08-29T02:08:17.136+0000][7][gc          ] GC(20) Pause Young (Concurrent Start) (Metadata GC Threshold) 148M->69M(256M) 12.813ms
[2022-08-29T02:08:17.136+0000][7][gc,cpu      ] GC(20) User=0.04s Sys=0.00s Real=0.01s
[2022-08-29T02:08:17.136+0000][7][gc          ] GC(21) Concurrent Cycle
[2022-08-29T02:08:17.137+0000][7][safepoint   ] Safepoint "CollectForMetadataAllocation", Time since last: 257622232 ns, Reaching safepoint: 296436 ns, At safepoint: 13461700 ns, Total: 13758136 ns
[2022-08-29T02:08:17.137+0000][7][gc,marking  ] GC(21) Concurrent Clear Claimed Marks
[2022-08-29T02:08:17.137+0000][7][gc,marking  ] GC(21) Concurrent Clear Claimed Marks 0.549ms
[2022-08-29T02:08:17.138+0000][7][gc,marking  ] GC(21) Concurrent Scan Root Regions
[2022-08-29T02:08:17.143+0000][7][gc,marking  ] GC(21) Concurrent Scan Root Regions 4.722ms
[2022-08-29T02:08:17.143+0000][7][gc,marking  ] GC(21) Concurrent Mark (52.706s)
[2022-08-29T02:08:17.143+0000][7][gc,marking  ] GC(21) Concurrent Mark From Roots
[2022-08-29T02:08:17.143+0000][7][gc,task     ] GC(21) Using 2 workers of 2 for marking
[2022-08-29T02:08:19.688+0000][7][safepoint   ] Safepoint "Cleanup", Time since last: 1002418736 ns, Reaching safepoint: 1547486828 ns, At safepoint: 84288 ns, Total: 1547571116 ns
[2022-08-29T02:08:19.705+0000][7][safepoint   ] Safepoint "CollectForMetadataAllocation", Time since last: 16464130 ns, Reaching safepoint: 174106 ns, At safepoint: 174417 ns, Total: 348523 ns
[2022-08-29T02:08:19.720+0000][7][gc,marking  ] GC(21) Concurrent Mark From Roots 2575.405ms
[2022-08-29T02:08:19.720+0000][7][gc,marking  ] GC(21) Concurrent Preclean
[2022-08-29T02:08:19.721+0000][7][gc,marking  ] GC(21) Concurrent Preclean 0.428ms
[2022-08-29T02:08:19.721+0000][7][gc,marking  ] GC(21) Concurrent Mark (52.706s, 55.283s) 2576.587ms
[2022-08-29T02:08:19.721+0000][7][gc,start    ] GC(21) Pause Remark
[2022-08-29T02:08:19.724+0000][7][gc          ] GC(21) Pause Remark 72M->72M(256M) 2.889ms
[2022-08-29T02:08:19.725+0000][7][gc,cpu      ] GC(21) User=0.01s Sys=0.00s Real=0.00s
[2022-08-29T02:08:19.725+0000][7][safepoint   ] Safepoint "G1Concurrent", Time since last: 16286858 ns, Reaching safepoint: 167154 ns, At safepoint: 3418539 ns, Total: 3585693 ns
[2022-08-29T02:08:19.725+0000][7][gc,marking  ] GC(21) Concurrent Rebuild Remembered Sets
[2022-08-29T02:08:19.751+0000][7][gc,marking  ] GC(21) Concurrent Rebuild Remembered Sets 25.731ms
[2022-08-29T02:08:19.752+0000][7][gc,start    ] GC(21) Pause Cleanup
[2022-08-29T02:08:19.752+0000][7][gc          ] GC(21) Pause Cleanup 75M->75M(256M) 0.429ms
[2022-08-29T02:08:19.752+0000][7][gc,cpu      ] GC(21) User=0.00s Sys=0.00s Real=0.00s
[2022-08-29T02:08:19.753+0000][7][safepoint   ] Safepoint "G1Concurrent", Time since last: 26338084 ns, Reaching safepoint: 723967 ns, At safepoint: 854292 ns, Total: 1578259 ns
[2022-08-29T02:08:19.753+0000][7][gc,marking  ] GC(21) Concurrent Cleanup for Next Mark
[2022-08-29T02:08:19.754+0000][7][gc,marking  ] GC(21) Concurrent Cleanup for Next Mark 0.553ms
[2022-08-29T02:08:19.754+0000][7][gc          ] GC(21) Concurrent Cycle 2616.004ms
[2022-08-29T02:08:20.754+0000][7][safepoint   ] Safepoint "Cleanup", Time since last: 1000124784 ns, Reaching safepoint: 1182948 ns, At safepoint: 69120 ns, Total: 1252068 ns
[2022-08-29T02:08:21.566+0000][7][gc,start    ] GC(22) Pause Young (Concurrent Start) (G1 Evacuation Pause)
[2022-08-29T02:08:21.567+0000][7][gc,task     ] GC(22) Using 6 workers of 6 for evacuation
[2022-08-29T02:08:21.568+0000][7][gc,age      ] GC(22) Desired survivor size 8388608 bytes, new threshold 2 (max threshold 15)
[2022-08-29T02:08:21.596+0000][7][gc,age      ] GC(22) Age table with threshold 2 (max threshold 15)
[2022-08-29T02:08:21.596+0000][7][gc,age      ] GC(22) - age   1:    5880784 bytes,    5880784 total
[2022-08-29T02:08:21.596+0000][7][gc,age      ] GC(22) - age   2:    3447904 bytes,    9328688 total
[2022-08-29T02:08:21.597+0000][7][gc,phases   ] GC(22)   Pre Evacuate Collection Set: 0.2ms
[2022-08-29T02:08:21.597+0000][7][gc,phases   ] GC(22)   Merge Heap Roots: 0.1ms
[2022-08-29T02:08:21.597+0000][7][gc,phases   ] GC(22)   Evacuate Collection Set: 24.7ms
[2022-08-29T02:08:21.597+0000][7][gc,phases   ] GC(22)   Post Evacuate Collection Set: 1.7ms
[2022-08-29T02:08:21.597+0000][7][gc,phases   ] GC(22)   Other: 4.4ms
[2022-08-29T02:08:21.597+0000][7][gc,heap     ] GC(22) Eden regions: 29->0(28)
[2022-08-29T02:08:21.598+0000][7][gc,heap     ] GC(22) Survivor regions: 3->3(4)
[2022-08-29T02:08:21.598+0000][7][gc,heap     ] GC(22) Old regions: 14->16
[2022-08-29T02:08:21.598+0000][7][gc,heap     ] GC(22) Archive regions: 2->2
[2022-08-29T02:08:21.598+0000][7][gc,heap     ] GC(22) Humongous regions: 0->0
[2022-08-29T02:08:21.598+0000][7][gc,metaspace] GC(22) Metaspace: 74314K(77960K)->74314K(77960K) NonClass: 64322K(66952K)->64322K(66952K) Class: 9991K(11008K)->9991K(11008K)
[2022-08-29T02:08:21.598+0000][7][gc          ] GC(22) Pause Young (Concurrent Start) (G1 Evacuation Pause) 185M->75M(256M) 32.859ms
[2022-08-29T02:08:21.599+0000][7][gc,cpu      ] GC(22) User=0.06s Sys=0.00s Real=0.04s
[2022-08-29T02:08:21.599+0000][7][safepoint   ] Safepoint "G1CollectForAllocation", Time since last: 811214016 ns, Reaching safepoint: 248226 ns, At safepoint: 33303735 ns, Total: 33551961 ns
[2022-08-29T02:08:21.600+0000][7][gc          ] GC(23) Concurrent Cycle
[2022-08-29T02:08:21.600+0000][7][gc,marking  ] GC(23) Concurrent Clear Claimed Marks
[2022-08-29T02:08:21.602+0000][7][gc,marking  ] GC(23) Concurrent Clear Claimed Marks 1.186ms
[2022-08-29T02:08:21.602+0000][7][gc,marking  ] GC(23) Concurrent Scan Root Regions
[2022-08-29T02:08:21.612+0000][7][gc,marking  ] GC(23) Concurrent Scan Root Regions 9.720ms
[2022-08-29T02:08:21.612+0000][7][gc,marking  ] GC(23) Concurrent Mark (57.174s)
[2022-08-29T02:08:21.612+0000][7][gc,marking  ] GC(23) Concurrent Mark From Roots
[2022-08-29T02:08:21.613+0000][7][gc,task     ] GC(23) Using 2 workers of 2 for marking
[2022-08-29T02:08:21.674+0000][7][gc,marking  ] GC(23) Concurrent Mark From Roots 62.011ms
[2022-08-29T02:08:21.676+0000][7][gc,marking  ] GC(23) Concurrent Preclean
[2022-08-29T02:08:21.677+0000][7][gc,marking  ] GC(23) Concurrent Preclean 0.980ms
[2022-08-29T02:08:21.678+0000][7][gc,marking  ] GC(23) Concurrent Mark (57.174s, 57.240s) 66.048ms
[2022-08-29T02:08:21.680+0000][7][gc,start    ] GC(23) Pause Remark
[2022-08-29T02:08:21.687+0000][7][gc          ] GC(23) Pause Remark 81M->81M(256M) 7.032ms
[2022-08-29T02:08:21.687+0000][7][gc,cpu      ] GC(23) User=0.01s Sys=0.00s Real=0.00s
[2022-08-29T02:08:21.687+0000][7][safepoint   ] Safepoint "G1Concurrent", Time since last: 80545813 ns, Reaching safepoint: 189465 ns, At safepoint: 7713853 ns, Total: 7903318 ns
[2022-08-29T02:08:21.689+0000][7][gc,marking  ] GC(23) Concurrent Rebuild Remembered Sets
[2022-08-29T02:08:21.733+0000][7][gc,marking  ] GC(23) Concurrent Rebuild Remembered Sets 43.984ms
[2022-08-29T02:08:21.734+0000][7][gc,start    ] GC(23) Pause Cleanup
[2022-08-29T02:08:21.734+0000][7][gc          ] GC(23) Pause Cleanup 83M->83M(256M) 0.443ms
[2022-08-29T02:08:21.734+0000][7][gc,cpu      ] GC(23) User=0.00s Sys=0.00s Real=0.00s
[2022-08-29T02:08:21.735+0000][7][safepoint   ] Safepoint "G1Concurrent", Time since last: 45869195 ns, Reaching safepoint: 455535 ns, At safepoint: 1042624 ns, Total: 1498159 ns
[2022-08-29T02:08:21.737+0000][7][gc,marking  ] GC(23) Concurrent Cleanup for Next Mark
[2022-08-29T02:08:21.738+0000][7][gc,marking  ] GC(23) Concurrent Cleanup for Next Mark 0.907ms
[2022-08-29T02:08:21.738+0000][7][gc          ] GC(23) Concurrent Cycle 138.907ms
[2022-08-29T02:08:22.735+0000][7][safepoint   ] Safepoint "Cleanup", Time since last: 1000357100 ns, Reaching safepoint: 376085 ns, At safepoint: 31830 ns, Total: 407915 ns
[2022-08-29T02:08:23.738+0000][7][safepoint   ] Safepoint "Cleanup", Time since last: 1001898339 ns, Reaching safepoint: 887985 ns, At safepoint: 26750 ns, Total: 914735 ns
[2022-08-29T02:08:24.740+0000][7][safepoint   ] Safepoint "Cleanup", Time since last: 1001243152 ns, Reaching safepoint: 131716 ns, At safepoint: 3738 ns, Total: 135454 ns
[2022-08-29T02:08:25.741+0000][7][safepoint   ] Safepoint "Cleanup", Time since last: 1000674484 ns, Reaching safepoint: 251472 ns, At safepoint: 8887 ns, Total: 260359 ns
[2022-08-29T02:08:26.602+0000][7][gc,start    ] GC(24) Pause Young (Concurrent Start) (G1 Humongous Allocation)
[2022-08-29T02:08:26.602+0000][7][gc,task     ] GC(24) Using 6 workers of 6 for evacuation
[2022-08-29T02:08:26.602+0000][7][gc,age      ] GC(24) Desired survivor size 8388608 bytes, new threshold 2 (max threshold 15)
[2022-08-29T02:08:26.624+0000][7][gc,age      ] GC(24) Age table with threshold 2 (max threshold 15)
[2022-08-29T02:08:26.624+0000][7][gc,age      ] GC(24) - age   1:    4283128 bytes,    4283128 total
[2022-08-29T02:08:26.625+0000][7][gc,age      ] GC(24) - age   2:    5325776 bytes,    9608904 total
[2022-08-29T02:08:26.625+0000][7][gc,phases   ] GC(24)   Pre Evacuate Collection Set: 0.4ms
[2022-08-29T02:08:26.625+0000][7][gc,phases   ] GC(24)   Merge Heap Roots: 0.2ms
[2022-08-29T02:08:26.625+0000][7][gc,phases   ] GC(24)   Evacuate Collection Set: 18.1ms
[2022-08-29T02:08:26.626+0000][7][gc,phases   ] GC(24)   Post Evacuate Collection Set: 2.6ms
[2022-08-29T02:08:26.626+0000][7][gc,phases   ] GC(24)   Other: 1.9ms
[2022-08-29T02:08:26.626+0000][7][gc,heap     ] GC(24) Eden regions: 16->0(26)
[2022-08-29T02:08:26.626+0000][7][gc,heap     ] GC(24) Survivor regions: 3->3(4)
[2022-08-29T02:08:26.627+0000][7][gc,heap     ] GC(24) Old regions: 16->17
[2022-08-29T02:08:26.627+0000][7][gc,heap     ] GC(24) Archive regions: 2->2
[2022-08-29T02:08:26.627+0000][7][gc,heap     ] GC(24) Humongous regions: 1->1
[2022-08-29T02:08:26.627+0000][7][gc,metaspace] GC(24) Metaspace: 84053K(88072K)->84053K(88072K) NonClass: 72699K(75656K)->72699K(75656K) Class: 11353K(12416K)->11353K(12416K)
[2022-08-29T02:08:26.628+0000][7][gc          ] GC(24) Pause Young (Concurrent Start) (G1 Humongous Allocation) 140M->83M(256M) 26.064ms
[2022-08-29T02:08:26.628+0000][7][gc,cpu      ] GC(24) User=0.06s Sys=0.03s Real=0.03s
[2022-08-29T02:08:26.628+0000][7][gc          ] GC(25) Concurrent Cycle
[2022-08-29T02:08:26.628+0000][7][gc,marking  ] GC(25) Concurrent Clear Claimed Marks
[2022-08-29T02:08:26.629+0000][7][safepoint   ] Safepoint "G1TryInitiateConcMark", Time since last: 860782386 ns, Reaching safepoint: 244890 ns, At safepoint: 27137042 ns, Total: 27381932 ns
[2022-08-29T02:08:26.629+0000][7][gc,marking  ] GC(25) Concurrent Clear Claimed Marks 0.534ms
[2022-08-29T02:08:26.630+0000][7][gc,marking  ] GC(25) Concurrent Scan Root Regions
[2022-08-29T02:08:26.636+0000][7][gc,marking  ] GC(25) Concurrent Scan Root Regions 6.784ms
[2022-08-29T02:08:26.637+0000][7][gc,marking  ] GC(25) Concurrent Mark (62.198s)
[2022-08-29T02:08:26.637+0000][7][gc,marking  ] GC(25) Concurrent Mark From Roots
[2022-08-29T02:08:26.637+0000][7][gc,task     ] GC(25) Using 2 workers of 2 for marking
[2022-08-29T02:08:26.691+0000][7][gc,marking  ] GC(25) Concurrent Mark From Roots 53.590ms
[2022-08-29T02:08:26.691+0000][7][gc,marking  ] GC(25) Concurrent Preclean
[2022-08-29T02:08:26.692+0000][7][gc,marking  ] GC(25) Concurrent Preclean 0.565ms
[2022-08-29T02:08:26.692+0000][7][gc,marking  ] GC(25) Concurrent Mark (62.198s, 62.254s) 55.328ms
[2022-08-29T02:08:26.693+0000][7][gc,start    ] GC(25) Pause Remark
[2022-08-29T02:08:26.698+0000][7][gc          ] GC(25) Pause Remark 92M->92M(256M) 5.189ms
[2022-08-29T02:08:26.698+0000][7][gc,cpu      ] GC(25) User=0.01s Sys=0.02s Real=0.01s
[2022-08-29T02:08:26.698+0000][7][safepoint   ] Safepoint "G1Concurrent", Time since last: 63648120 ns, Reaching safepoint: 241483 ns, At safepoint: 5886927 ns, Total: 6128410 ns
[2022-08-29T02:08:26.699+0000][7][gc,marking  ] GC(25) Concurrent Rebuild Remembered Sets
[2022-08-29T02:08:26.745+0000][7][gc,marking  ] GC(25) Concurrent Rebuild Remembered Sets 46.548ms
[2022-08-29T02:08:26.746+0000][7][gc,start    ] GC(25) Pause Cleanup
[2022-08-29T02:08:26.747+0000][7][gc          ] GC(25) Pause Cleanup 95M->95M(256M) 0.755ms
[2022-08-29T02:08:26.747+0000][7][gc,cpu      ] GC(25) User=0.00s Sys=0.00s Real=0.00s
[2022-08-29T02:08:26.748+0000][7][safepoint   ] Safepoint "G1Concurrent", Time since last: 47446573 ns, Reaching safepoint: 520947 ns, At safepoint: 1329032 ns, Total: 1849979 ns
[2022-08-29T02:08:26.748+0000][7][gc,marking  ] GC(25) Concurrent Cleanup for Next Mark
[2022-08-29T02:08:26.749+0000][7][gc,marking  ] GC(25) Concurrent Cleanup for Next Mark 1.266ms
[2022-08-29T02:08:26.750+0000][7][gc          ] GC(25) Concurrent Cycle 121.658ms
[2022-08-29T02:08:27.594+0000][7][safepoint   ] Safepoint "ICBufferFull", Time since last: 845461720 ns, Reaching safepoint: 521899 ns, At safepoint: 72726 ns, Total: 594625 ns
[2022-08-29T02:08:28.595+0000][7][safepoint   ] Safepoint "Cleanup", Time since last: 1000571772 ns, Reaching safepoint: 238418 ns, At safepoint: 28894 ns, Total: 267312 ns
[2022-08-29T02:08:30.992+0000][7][safepoint   ] Safepoint "Cleanup", Time since last: 2396830828 ns, Reaching safepoint: 287499 ns, At safepoint: 13145 ns, Total: 300644 ns
[2022-08-29T02:08:32.721+0000][7][safepoint   ] Safepoint "Cleanup", Time since last: 1001089122 ns, Reaching safepoint: 727715767 ns, At safepoint: 163146 ns, Total: 727878913 ns
[2022-08-29T02:08:33.751+0000][7][safepoint   ] Safepoint "Cleanup", Time since last: 1029494402 ns, Reaching safepoint: 223860 ns, At safepoint: 43822 ns, Total: 267682 ns
[2022-08-29T02:08:35.422+0000][7][safepoint   ] Safepoint "Cleanup", Time since last: 1671027487 ns, Reaching safepoint: 400420 ns, At safepoint: 75201 ns, Total: 475621 ns
[2022-08-29T02:08:36.775+0000][7][safepoint   ] Safepoint "Cleanup", Time since last: 1352423284 ns, Reaching safepoint: 288331 ns, At safepoint: 34755 ns, Total: 323086 ns
[2022-08-29T02:08:38.055+0000][7][safepoint   ] Safepoint "Cleanup", Time since last: 1280435016 ns, Reaching safepoint: 140193 ns, At safepoint: 5831 ns, Total: 146024 ns
[2022-08-29T02:08:39.058+0000][7][safepoint   ] Safepoint "Cleanup", Time since last: 1002362229 ns, Reaching safepoint: 491291 ns, At safepoint: 46206 ns, Total: 537497 ns
[2022-08-29T02:08:40.059+0000][7][safepoint   ] Safepoint "Cleanup", Time since last: 1000629330 ns, Reaching safepoint: 197842 ns, At safepoint: 30837 ns, Total: 228679 ns
[2022-08-29T02:08:40.808+0000][7][gc,start    ] GC(26) Pause Young (Normal) (G1 Evacuation Pause)
[2022-08-29T02:08:40.808+0000][7][gc,task     ] GC(26) Using 6 workers of 6 for evacuation
[2022-08-29T02:08:40.809+0000][7][gc,age      ] GC(26) Desired survivor size 8388608 bytes, new threshold 2 (max threshold 15)
[2022-08-29T02:08:41.749+0000][7][gc,age      ] GC(26) Age table with threshold 2 (max threshold 15)
[2022-08-29T02:08:41.749+0000][7][gc,age      ] GC(26) - age   1:    1243336 bytes,    1243336 total
[2022-08-29T02:08:41.749+0000][7][gc,age      ] GC(26) - age   2:    4001864 bytes,    5245200 total
[2022-08-29T02:08:41.750+0000][7][gc,mmu      ] GC(26) MMU target violated: 201.0ms (200.0ms/201.0ms)
[2022-08-29T02:08:41.750+0000][7][gc,phases   ] GC(26)   Pre Evacuate Collection Set: 0.2ms
[2022-08-29T02:08:41.750+0000][7][gc,phases   ] GC(26)   Merge Heap Roots: 0.1ms
[2022-08-29T02:08:41.751+0000][7][gc,phases   ] GC(26)   Evacuate Collection Set: 937.7ms
[2022-08-29T02:08:41.751+0000][7][gc,phases   ] GC(26)   Post Evacuate Collection Set: 2.2ms
[2022-08-29T02:08:41.751+0000][7][gc,phases   ] GC(26)   Other: 1.9ms
[2022-08-29T02:08:41.751+0000][7][gc,heap     ] GC(26) Eden regions: 26->0(26)
[2022-08-29T02:08:41.752+0000][7][gc,heap     ] GC(26) Survivor regions: 3->2(4)
[2022-08-29T02:08:41.752+0000][7][gc,heap     ] GC(26) Old regions: 17->18
[2022-08-29T02:08:41.752+0000][7][gc,heap     ] GC(26) Archive regions: 2->2
[2022-08-29T02:08:41.752+0000][7][gc,heap     ] GC(26) Humongous regions: 2->2
[2022-08-29T02:08:41.752+0000][7][gc,metaspace] GC(26) Metaspace: 88099K(92168K)->88099K(92168K) NonClass: 76253K(79240K)->76253K(79240K) Class: 11846K(12928K)->11846K(12928K)
[2022-08-29T02:08:41.753+0000][7][gc          ] GC(26) Pause Young (Normal) (G1 Evacuation Pause) 191M->89M(256M) 944.850ms
[2022-08-29T02:08:41.753+0000][7][gc,cpu      ] GC(26) User=2.57s Sys=0.18s Real=0.94s
[2022-08-29T02:08:41.754+0000][7][safepoint   ] Safepoint "G1CollectForAllocation", Time since last: 748610966 ns, Reaching safepoint: 220814 ns, At safepoint: 945678047 ns, Total: 945898861 ns
[2022-08-29T02:08:43.431+0000][7][safepoint   ] Safepoint "Cleanup", Time since last: 1676583724 ns, Reaching safepoint: 294192 ns, At safepoint: 47078 ns, Total: 341270 ns
[2022-08-29T02:08:44.432+0000][7][safepoint   ] Safepoint "Cleanup", Time since last: 1001292363 ns, Reaching safepoint: 220805 ns, At safepoint: 24245 ns, Total: 245050 ns
[2022-08-29T02:08:45.433+0000][7][safepoint   ] Safepoint "Cleanup", Time since last: 1000472336 ns, Reaching safepoint: 200836 ns, At safepoint: 43752 ns, Total: 244588 ns
[2022-08-29T02:08:47.990+0000][7][safepoint   ] Safepoint "Cleanup", Time since last: 2557172749 ns, Reaching safepoint: 203031 ns, At safepoint: 25448 ns, Total: 228479 ns
[2022-08-29T02:08:48.991+0000][7][safepoint   ] Safepoint "Cleanup", Time since last: 1000536225 ns, Reaching safepoint: 423535 ns, At safepoint: 3727 ns, Total: 427262 ns
[2022-08-29T02:08:50.993+0000][7][safepoint   ] Safepoint "Cleanup", Time since last: 2001037104 ns, Reaching safepoint: 181590 ns, At safepoint: 22582 ns, Total: 204172 ns
[2022-08-29T02:08:55.994+0000][7][safepoint   ] Safepoint "Cleanup", Time since last: 5000766408 ns, Reaching safepoint: 169678 ns, At safepoint: 23364 ns, Total: 193042 ns
[2022-08-29T02:09:03.996+0000][7][safepoint   ] Safepoint "Cleanup", Time since last: 8001541371 ns, Reaching safepoint: 156263 ns, At safepoint: 25738 ns, Total: 182001 ns
[2022-08-29T02:09:09.997+0000][7][safepoint   ] Safepoint "Cleanup", Time since last: 6001106545 ns, Reaching safepoint: 254798 ns, At safepoint: 44694 ns, Total: 299492 ns
[2022-08-29T02:09:10.998+0000][7][safepoint   ] Safepoint "Cleanup", Time since last: 1000550813 ns, Reaching safepoint: 343273 ns, At safepoint: 47439 ns, Total: 390712 ns
[2022-08-29T02:09:12.999+0000][7][safepoint   ] Safepoint "Cleanup", Time since last: 2000711124 ns, Reaching safepoint: 180559 ns, At safepoint: 23414 ns, Total: 203973 ns
[2022-08-29T02:09:16.000+0000][7][safepoint   ] Safepoint "Cleanup", Time since last: 3000660188 ns, Reaching safepoint: 329397 ns, At safepoint: 69801 ns, Total: 399198 ns
[2022-08-29T02:09:17.001+0000][7][safepoint   ] Safepoint "Cleanup", Time since last: 1000738094 ns, Reaching safepoint: 163096 ns, At safepoint: 34314 ns, Total: 197410 ns
[2022-08-29T02:09:19.002+0000][7][safepoint   ] Safepoint "Cleanup", Time since last: 2000447900 ns, Reaching safepoint: 156804 ns, At safepoint: 29566 ns, Total: 186370 ns
[2022-08-29T02:09:22.000+0000][7][safepoint   ] Safepoint "Cleanup", Time since last: 3000698138 ns, Reaching safepoint: 201258 ns, At safepoint: 30367 ns, Total: 231625 ns
[2022-08-29T02:09:23.001+0000][7][safepoint   ] Safepoint "Cleanup", Time since last: 1000471524 ns, Reaching safepoint: 331121 ns, At safepoint: 42670 ns, Total: 373791 ns
[2022-08-29T02:09:25.002+0000][7][safepoint   ] Safepoint "Cleanup", Time since last: 2000678162 ns, Reaching safepoint: 206236 ns, At safepoint: 7575 ns, Total: 213811 ns
[2022-08-29T02:09:26.002+0000][7][safepoint   ] Safepoint "Cleanup", Time since last: 1000480150 ns, Reaching safepoint: 185187 ns, At safepoint: 2084 ns, Total: 187271 ns
[2022-08-29T02:09:43.005+0000][7][safepoint   ] Safepoint "Cleanup", Time since last: 17002826722 ns, Reaching safepoint: 183213 ns, At safepoint: 5100 ns, Total: 188313 ns
[2022-08-29T02:09:49.943+0000][7][safepoint   ] Safepoint "Cleanup", Time since last: 7001255605 ns, Reaching safepoint: 257433 ns, At safepoint: 22252 ns, Total: 279685 ns
[2022-08-29T02:09:52.945+0000][7][safepoint   ] Safepoint "Cleanup", Time since last: 3000777848 ns, Reaching safepoint: 328466 ns, At safepoint: 63910 ns, Total: 392376 ns
[2022-08-29T02:10:09.947+0000][7][safepoint   ] Safepoint "Cleanup", Time since last: 17002294243 ns, Reaching safepoint: 298941 ns, At safepoint: 43461 ns, Total: 342402 ns
[2022-08-29T02:10:19.951+0000][7][safepoint   ] Safepoint "Cleanup", Time since last: 10003128598 ns, Reaching safepoint: 140793 ns, At safepoint: 42119 ns, Total: 182912 ns
[2022-08-29T02:10:24.916+0000][7][safepoint   ] Safepoint "Cleanup", Time since last: 5123209368 ns, Reaching safepoint: 293059 ns, At safepoint: 49042 ns, Total: 342101 ns
[2022-08-29T02:10:29.917+0000][7][safepoint   ] Safepoint "Cleanup", Time since last: 5000896572 ns, Reaching safepoint: 266700 ns, At safepoint: 44073 ns, Total: 310773 ns
[2022-08-29T02:10:30.918+0000][7][safepoint   ] Safepoint "Cleanup", Time since last: 1000433282 ns, Reaching safepoint: 282049 ns, At safepoint: 44032 ns, Total: 326081 ns
[2022-08-29T02:10:42.921+0000][7][safepoint   ] Safepoint "Cleanup", Time since last: 12002421612 ns, Reaching safepoint: 368110 ns, At safepoint: 58149 ns, Total: 426259 ns
[2022-08-29T02:10:50.144+0000][7][safepoint   ] Safepoint "Cleanup", Time since last: 7001187338 ns, Reaching safepoint: 161111 ns, At safepoint: 18886 ns, Total: 179997 ns
[2022-08-29T02:11:04.984+0000][7][safepoint   ] Safepoint "Cleanup", Time since last: 14839102709 ns, Reaching safepoint: 201608 ns, At safepoint: 46157 ns, Total: 247765 ns
[2022-08-29T02:11:19.987+0000][7][safepoint   ] Safepoint "Cleanup", Time since last: 15002479540 ns, Reaching safepoint: 361628 ns, At safepoint: 45265 ns, Total: 406893 ns
[2022-08-29T02:11:25.989+0000][7][safepoint   ] Safepoint "Cleanup", Time since last: 6002066825 ns, Reaching safepoint: 206317 ns, At safepoint: 7064 ns, Total: 213381 ns
[2022-08-29T02:11:38.991+0000][7][safepoint   ] Safepoint "Cleanup", Time since last: 13001835232 ns, Reaching safepoint: 165570 ns, At safepoint: 21411 ns, Total: 186981 ns
[2022-08-29T02:11:51.009+0000][7][safepoint   ] Safepoint "Cleanup", Time since last: 12015920542 ns, Reaching safepoint: 171792 ns, At safepoint: 1753 ns, Total: 173545 ns
[2022-08-29T02:12:10.309+0000][7][safepoint   ] Safepoint "Cleanup", Time since last: 19299722061 ns, Reaching safepoint: 494126 ns, At safepoint: 8246 ns, Total: 502372 ns
[2022-08-29T02:12:20.312+0000][7][safepoint   ] Safepoint "Cleanup", Time since last: 10002233339 ns, Reaching safepoint: 243957 ns, At safepoint: 59021 ns, Total: 302978 ns
[2022-08-29T02:12:28.289+0000][7][safepoint   ] Safepoint "Cleanup", Time since last: 8001422096 ns, Reaching safepoint: 196018 ns, At safepoint: 24606 ns, Total: 220624 ns
[2022-08-29T02:12:40.673+0000][7][safepoint   ] Safepoint "Cleanup", Time since last: 12383845531 ns, Reaching safepoint: 350408 ns, At safepoint: 47889 ns, Total: 398297 ns
[2022-08-29T02:12:47.676+0000][7][safepoint   ] Safepoint "Cleanup", Time since last: 7002346881 ns, Reaching safepoint: 345318 ns, At safepoint: 66204 ns, Total: 411522 ns
[2022-08-29T02:13:20.709+0000][7][safepoint   ] Safepoint "Cleanup", Time since last: 33010821183 ns, Reaching safepoint: 185798 ns, At safepoint: 42650 ns, Total: 228448 ns
[2022-08-29T02:13:29.713+0000][7][safepoint   ] Safepoint "Cleanup", Time since last: 9002657924 ns, Reaching safepoint: 188964 ns, At safepoint: 22913 ns, Total: 211877 ns
[2022-08-29T02:13:50.716+0000][7][safepoint   ] Safepoint "Cleanup", Time since last: 21003274853 ns, Reaching safepoint: 240210 ns, At safepoint: 24676 ns, Total: 264886 ns
[2022-08-29T02:14:09.720+0000][7][safepoint   ] Safepoint "Cleanup", Time since last: 19003786371 ns, Reaching safepoint: 241122 ns, At safepoint: 22002 ns, Total: 263124 ns
[2022-08-29T02:14:24.817+0000][7][safepoint   ] Safepoint "Cleanup", Time since last: 15097291202 ns, Reaching safepoint: 320611 ns, At safepoint: 56807 ns, Total: 377418 ns
[2022-08-29T02:14:25.818+0000][7][safepoint   ] Safepoint "Cleanup", Time since last: 1000563937 ns, Reaching safepoint: 247725 ns, At safepoint: 44333 ns, Total: 292058 ns
[2022-08-29T02:14:29.819+0000][7][safepoint   ] Safepoint "Cleanup", Time since last: 4000845004 ns, Reaching safepoint: 259497 ns, At safepoint: 15279 ns, Total: 274776 ns
[2022-08-29T02:14:50.825+0000][7][safepoint   ] Safepoint "Cleanup", Time since last: 21004707258 ns, Reaching safepoint: 319759 ns, At safepoint: 105548 ns, Total: 425307 ns
[2022-08-29T02:15:03.826+0000][7][safepoint   ] Safepoint "Cleanup", Time since last: 13002059433 ns, Reaching safepoint: 249266 ns, At safepoint: 23865 ns, Total: 273131 ns
[2022-08-29T02:15:29.830+0000][7][safepoint   ] Safepoint "Cleanup", Time since last: 26003910144 ns, Reaching safepoint: 157575 ns, At safepoint: 6462 ns, Total: 164037 ns
[2022-08-29T02:15:53.642+0000][7][safepoint   ] Safepoint "Cleanup", Time since last: 22925513000 ns, Reaching safepoint: 881759288 ns, At safepoint: 83968 ns, Total: 881843256 ns
[2022-08-29T02:16:00.644+0000][7][safepoint   ] Safepoint "Cleanup", Time since last: 7001689438 ns, Reaching safepoint: 371487 ns, At safepoint: 50334 ns, Total: 421821 ns
[2022-08-29T02:16:35.426+0000][7][safepoint   ] Safepoint "Cleanup", Time since last: 34204332086 ns, Reaching safepoint: 283652 ns, At safepoint: 4749 ns, Total: 288401 ns
[2022-08-29T02:16:36.808+0000][7][safepoint   ] Safepoint "Cleanup", Time since last: 1008162906 ns, Reaching safepoint: 373992044 ns, At safepoint: 69802 ns, Total: 374061846 ns
[2022-08-29T02:16:37.809+0000][7][safepoint   ] Safepoint "Cleanup", Time since last: 1000737032 ns, Reaching safepoint: 231945 ns, At safepoint: 38602 ns, Total: 270547 ns
[2022-08-29T02:16:38.810+0000][7][safepoint   ] Safepoint "Cleanup", Time since last: 1000461555 ns, Reaching safepoint: 101571 ns, At safepoint: 4288 ns, Total: 105859 ns
[2022-08-29T02:16:39.811+0000][7][safepoint   ] Safepoint "Cleanup", Time since last: 1000570109 ns, Reaching safepoint: 134703 ns, At safepoint: 10890 ns, Total: 145593 ns
[2022-08-29T02:17:11.768+0000][7][safepoint   ] Safepoint "Cleanup", Time since last: 32537522508 ns, Reaching safepoint: 494767 ns, At safepoint: 52869 ns, Total: 547636 ns
[2022-08-29T02:17:35.922+0000][7][safepoint   ] Safepoint "Cleanup", Time since last: 24154855576 ns, Reaching safepoint: 206368 ns, At safepoint: 22712 ns, Total: 229080 ns
[2022-08-29T02:18:05.584+0000][7][safepoint   ] Safepoint "Cleanup", Time since last: 29331463437 ns, Reaching safepoint: 330010720 ns, At safepoint: 162715 ns, Total: 330173435 ns
[2022-08-29T02:18:36.562+0000][7][safepoint   ] Safepoint "Cleanup", Time since last: 31031844480 ns, Reaching safepoint: 332764 ns, At safepoint: 90229 ns, Total: 422993 ns
[2022-08-29T02:19:34.195+0000][7][safepoint   ] Safepoint "Cleanup", Time since last: 57571222318 ns, Reaching safepoint: 276478 ns, At safepoint: 42880 ns, Total: 319358 ns
[2022-08-29T02:19:48.387+0000][7][safepoint   ] Safepoint "Cleanup", Time since last: 14198923202 ns, Reaching safepoint: 245030 ns, At safepoint: 28463 ns, Total: 273493 ns
[2022-08-29T02:20:07.515+0000][7][safepoint   ] Safepoint "Cleanup", Time since last: 18002380134 ns, Reaching safepoint: 1124539842 ns, At safepoint: 293530 ns, Total: 1124833372 ns
[2022-08-29T02:20:22.671+0000][7][safepoint   ] Safepoint "Cleanup", Time since last: 15156170091 ns, Reaching safepoint: 477215 ns, At safepoint: 42520 ns, Total: 519735 ns
[2022-08-29T02:20:23.673+0000][7][safepoint   ] Safepoint "Cleanup", Time since last: 1000955281 ns, Reaching safepoint: 475501 ns, At safepoint: 59492 ns, Total: 534993 ns
[2022-08-29T02:20:28.674+0000][7][safepoint   ] Safepoint "Cleanup", Time since last: 5001301220 ns, Reaching safepoint: 158007 ns, At safepoint: 4298 ns, Total: 162305 ns
[2022-08-29T02:20:36.676+0000][7][safepoint   ] Safepoint "Cleanup", Time since last: 8001336436 ns, Reaching safepoint: 378569 ns, At safepoint: 47389 ns, Total: 425958 ns
[2022-08-29T02:21:41.140+0000][7][safepoint   ] Safepoint "Cleanup", Time since last: 64464276344 ns, Reaching safepoint: 824085 ns, At safepoint: 47790 ns, Total: 871875 ns
[2022-08-29T02:21:47.143+0000][7][safepoint   ] Safepoint "Cleanup", Time since last: 6002575780 ns, Reaching safepoint: 171772 ns, At safepoint: 27161 ns, Total: 198933 ns
[2022-08-29T02:22:17.152+0000][7][safepoint   ] Safepoint "Cleanup", Time since last: 30004093288 ns, Reaching safepoint: 263414 ns, At safepoint: 22001 ns, Total: 285415 ns
[2022-08-29T02:23:16.157+0000][7][safepoint   ] Safepoint "Cleanup", Time since last: 59009109406 ns, Reaching safepoint: 162605 ns, At safepoint: 20127 ns, Total: 182732 ns
[2022-08-29T02:23:18.161+0000][7][safepoint   ] Safepoint "Cleanup", Time since last: 2003311630 ns, Reaching safepoint: 168446 ns, At safepoint: 27992 ns, Total: 196438 ns
[2022-08-29T02:23:26.162+0000][7][safepoint   ] Safepoint "Cleanup", Time since last: 8001047295 ns, Reaching safepoint: 123041 ns, At safepoint: 6722 ns, Total: 129763 ns
[2022-08-29T02:23:31.163+0000][7][safepoint   ] Safepoint "Cleanup", Time since last: 5000955512 ns, Reaching safepoint: 240081 ns, At safepoint: 44202 ns, Total: 284283 ns
[2022-08-29T02:23:47.406+0000][7][safepoint   ] Safepoint "Cleanup", Time since last: 16241056101 ns, Reaching safepoint: 584406 ns, At safepoint: 70642 ns, Total: 655048 ns
[2022-08-29T02:24:23.890+0000][7][safepoint   ] Safepoint "Cleanup", Time since last: 36484901465 ns, Reaching safepoint: 159449 ns, At safepoint: 24015 ns, Total: 183464 ns
[2022-08-29T02:24:40.893+0000][7][safepoint   ] Safepoint "Cleanup", Time since last: 17002814078 ns, Reaching safepoint: 188373 ns, At safepoint: 25307 ns, Total: 213680 ns
[2022-08-29T02:24:47.895+0000][7][safepoint   ] Safepoint "Cleanup", Time since last: 7001643923 ns, Reaching safepoint: 149751 ns, At safepoint: 22693 ns, Total: 172444 ns
[2022-08-29T02:25:18.075+0000][7][safepoint   ] Safepoint "Cleanup", Time since last: 30179838220 ns, Reaching safepoint: 410680 ns, At safepoint: 8686 ns, Total: 419366 ns
[2022-08-29T02:25:48.080+0000][7][safepoint   ] Safepoint "Cleanup", Time since last: 30004844195 ns, Reaching safepoint: 235442 ns, At safepoint: 6813 ns, Total: 242255 ns
[2022-08-29T02:26:11.085+0000][7][safepoint   ] Safepoint "Cleanup", Time since last: 23003615501 ns, Reaching safepoint: 368400 ns, At safepoint: 9778 ns, Total: 378178 ns
[2022-08-29T02:26:18.087+0000][7][safepoint   ] Safepoint "Cleanup", Time since last: 7001803533 ns, Reaching safepoint: 936696 ns, At safepoint: 69320 ns, Total: 1006016 ns
[2022-08-29T02:26:48.092+0000][7][safepoint   ] Safepoint "Cleanup", Time since last: 30004685879 ns, Reaching safepoint: 469821 ns, At safepoint: 66324 ns, Total: 536145 ns
[2022-08-29T02:26:59.094+0000][7][safepoint   ] Safepoint "Cleanup", Time since last: 11002283392 ns, Reaching safepoint: 294352 ns, At safepoint: 4950 ns, Total: 299302 ns
[2022-08-29T02:27:18.100+0000][7][safepoint   ] Safepoint "Cleanup", Time since last: 19003337760 ns, Reaching safepoint: 333796 ns, At safepoint: 46767 ns, Total: 380563 ns
[2022-08-29T02:27:44.105+0000][7][safepoint   ] Safepoint "Cleanup", Time since last: 26004805574 ns, Reaching safepoint: 197891 ns, At safepoint: 21861 ns, Total: 219752 ns
[2022-08-29T02:27:48.107+0000][7][safepoint   ] Safepoint "Cleanup", Time since last: 4001220178 ns, Reaching safepoint: 261190 ns, At safepoint: 44433 ns, Total: 305623 ns
[2022-08-29T02:28:29.112+0000][7][safepoint   ] Safepoint "Cleanup", Time since last: 41006121221 ns, Reaching safepoint: 252494 ns, At safepoint: 30096 ns, Total: 282590 ns
[2022-08-29T02:29:48.459+0000][7][safepoint   ] Safepoint "Cleanup", Time since last: 79351815149 ns, Reaching safepoint: 224020 ns, At safepoint: 2966 ns, Total: 226986 ns
[2022-08-29T02:30:18.920+0000][7][safepoint   ] Safepoint "Cleanup", Time since last: 30338913506 ns, Reaching safepoint: 116808616 ns, At safepoint: 13625 ns, Total: 116822241 ns
[2022-08-29T02:30:32.045+0000][7][safepoint   ] Safepoint "Cleanup", Time since last: 13125040433 ns, Reaching safepoint: 462406 ns, At safepoint: 32011 ns, Total: 494417 ns
[2022-08-29T02:31:01.834+0000][7][safepoint   ] Safepoint "Cleanup", Time since last: 29628791326 ns, Reaching safepoint: 158734357 ns, At safepoint: 44343 ns, Total: 158778700 ns
[2022-08-29T02:31:10.838+0000][7][safepoint   ] Safepoint "Cleanup", Time since last: 9003378475 ns, Reaching safepoint: 540824 ns, At safepoint: 62808 ns, Total: 603632 ns
[2022-08-29T02:31:30.095+0000][7][safepoint   ] Safepoint "Cleanup", Time since last: 19257549237 ns, Reaching safepoint: 177101 ns, At safepoint: 2515 ns, Total: 179616 ns
[2022-08-29T02:31:32.202+0000][7][safepoint   ] Safepoint "Cleanup", Time since last: 2106107692 ns, Reaching safepoint: 185829 ns, At safepoint: 7755 ns, Total: 193584 ns
[2022-08-29T02:31:33.203+0000][7][safepoint   ] Safepoint "Cleanup", Time since last: 1000526387 ns, Reaching safepoint: 467937 ns, At safepoint: 66274 ns, Total: 534211 ns
[2022-08-29T02:31:34.631+0000][7][safepoint   ] Safepoint "Cleanup", Time since last: 1427831505 ns, Reaching safepoint: 135674 ns, At safepoint: 5350 ns, Total: 141024 ns
[2022-08-29T02:31:35.631+0000][7][safepoint   ] Safepoint "Cleanup", Time since last: 1000418595 ns, Reaching safepoint: 190998 ns, At safepoint: 8716 ns, Total: 199714 ns
[2022-08-29T02:31:37.031+0000][7][safepoint   ] Safepoint "ICBufferFull", Time since last: 1398739788 ns, Reaching safepoint: 381134 ns, At safepoint: 126337 ns, Total: 507471 ns
[2022-08-29T02:31:38.102+0000][7][safepoint   ] Safepoint "Cleanup", Time since last: 1071244774 ns, Reaching safepoint: 266039 ns, At safepoint: 8766 ns, Total: 274805 ns
[2022-08-29T02:31:38.585+0000][7][gc,start    ] GC(27) Pause Young (Concurrent Start) (G1 Evacuation Pause)
[2022-08-29T02:31:38.585+0000][7][gc,task     ] GC(27) Using 6 workers of 6 for evacuation
[2022-08-29T02:31:38.586+0000][7][gc,age      ] GC(27) Desired survivor size 8388608 bytes, new threshold 15 (max threshold 15)
[2022-08-29T02:31:39.728+0000][7][gc,age      ] GC(27) Age table with threshold 15 (max threshold 15)
[2022-08-29T02:31:39.728+0000][7][gc,age      ] GC(27) - age   1:    1721032 bytes,    1721032 total
[2022-08-29T02:31:39.728+0000][7][gc,age      ] GC(27) - age   2:    1101160 bytes,    2822192 total
[2022-08-29T02:31:39.729+0000][7][gc,age      ] GC(27) - age   3:    3970456 bytes,    6792648 total
[2022-08-29T02:31:39.729+0000][7][gc,mmu      ] GC(27) MMU target violated: 201.0ms (200.0ms/201.0ms)
[2022-08-29T02:31:39.729+0000][7][gc,phases   ] GC(27)   Pre Evacuate Collection Set: 366.7ms
[2022-08-29T02:31:39.729+0000][7][gc,phases   ] GC(27)   Merge Heap Roots: 0.1ms
[2022-08-29T02:31:39.729+0000][7][gc,phases   ] GC(27)   Evacuate Collection Set: 773.4ms
[2022-08-29T02:31:39.729+0000][7][gc,phases   ] GC(27)   Post Evacuate Collection Set: 1.1ms
[2022-08-29T02:31:39.730+0000][7][gc,phases   ] GC(27)   Other: 3.0ms
[2022-08-29T02:31:39.730+0000][7][gc,heap     ] GC(27) Eden regions: 26->0(1)
[2022-08-29T02:31:39.730+0000][7][gc,heap     ] GC(27) Survivor regions: 2->2(4)
[2022-08-29T02:31:39.730+0000][7][gc,heap     ] GC(27) Old regions: 18->18
[2022-08-29T02:31:39.730+0000][7][gc,heap     ] GC(27) Archive regions: 2->2
[2022-08-29T02:31:39.730+0000][7][gc,heap     ] GC(27) Humongous regions: 2->2
[2022-08-29T02:31:39.731+0000][7][gc,metaspace] GC(27) Metaspace: 92007K(96264K)->92007K(96264K) NonClass: 79717K(82824K)->79717K(82824K) Class: 12289K(13440K)->12289K(13440K)
[2022-08-29T02:31:39.731+0000][7][gc          ] GC(27) Pause Young (Concurrent Start) (G1 Evacuation Pause) 193M->90M(256M) 1146.234ms
[2022-08-29T02:31:39.731+0000][7][gc,cpu      ] GC(27) User=2.36s Sys=0.09s Real=1.15s
[2022-08-29T02:31:39.731+0000][7][gc          ] GC(28) Concurrent Cycle
[2022-08-29T02:31:39.732+0000][7][gc,marking  ] GC(28) Concurrent Clear Claimed Marks
[2022-08-29T02:31:39.732+0000][7][gc,marking  ] GC(28) Concurrent Clear Claimed Marks 0.363ms
[2022-08-29T02:31:39.732+0000][7][gc,marking  ] GC(28) Concurrent Scan Root Regions
[2022-08-29T02:31:39.734+0000][7][safepoint   ] Safepoint "G1CollectForAllocation", Time since last: 204015068 ns, Reaching safepoint: 278395873 ns, At safepoint: 1149564614 ns, Total: 1427960487 ns
[2022-08-29T02:31:39.737+0000][7][gc,marking  ] GC(28) Concurrent Scan Root Regions 4.884ms
[2022-08-29T02:31:39.738+0000][7][gc,marking  ] GC(28) Concurrent Mark (1455.300s)
[2022-08-29T02:31:39.738+0000][7][gc,marking  ] GC(28) Concurrent Mark From Roots
[2022-08-29T02:31:39.738+0000][7][gc,task     ] GC(28) Using 2 workers of 2 for marking
[2022-08-29T02:31:40.465+0000][7][gc,start    ] GC(29) Pause Young (Normal) (G1 Evacuation Pause)
[2022-08-29T02:31:40.466+0000][7][gc,task     ] GC(29) Using 6 workers of 6 for evacuation
[2022-08-29T02:31:40.466+0000][7][gc,age      ] GC(29) Desired survivor size 2097152 bytes, new threshold 2 (max threshold 15)
[2022-08-29T02:31:40.474+0000][7][gc,age      ] GC(29) Age table with threshold 2 (max threshold 15)
[2022-08-29T02:31:40.474+0000][7][gc,age      ] GC(29) - age   1:     538448 bytes,     538448 total
[2022-08-29T02:31:40.474+0000][7][gc,age      ] GC(29) - age   2:    1462944 bytes,    2001392 total
[2022-08-29T02:31:40.475+0000][7][gc,phases   ] GC(29)   Pre Evacuate Collection Set: 0.3ms
[2022-08-29T02:31:40.475+0000][7][gc,phases   ] GC(29)   Merge Heap Roots: 0.1ms
[2022-08-29T02:31:40.475+0000][7][gc,phases   ] GC(29)   Evacuate Collection Set: 5.8ms
[2022-08-29T02:31:40.475+0000][7][gc,phases   ] GC(29)   Post Evacuate Collection Set: 1.1ms
[2022-08-29T02:31:40.475+0000][7][gc,phases   ] GC(29)   Other: 1.9ms
[2022-08-29T02:31:40.476+0000][7][gc,heap     ] GC(29) Eden regions: 1->0(2)
[2022-08-29T02:31:40.476+0000][7][gc,heap     ] GC(29) Survivor regions: 2->1(1)
[2022-08-29T02:31:40.476+0000][7][gc,heap     ] GC(29) Old regions: 18->20
[2022-08-29T02:31:40.476+0000][7][gc,heap     ] GC(29) Archive regions: 2->2
[2022-08-29T02:31:40.476+0000][7][gc,heap     ] GC(29) Humongous regions: 2->2
[2022-08-29T02:31:40.477+0000][7][gc,metaspace] GC(29) Metaspace: 92647K(96904K)->92647K(96904K) NonClass: 80226K(83336K)->80226K(83336K) Class: 12420K(13568K)->12420K(13568K)
[2022-08-29T02:31:40.477+0000][7][gc          ] GC(29) Pause Young (Normal) (G1 Evacuation Pause) 94M->90M(256M) 11.362ms
[2022-08-29T02:31:40.477+0000][7][gc,cpu      ] GC(29) User=0.03s Sys=0.00s Real=0.01s
[2022-08-29T02:31:40.477+0000][7][safepoint   ] Safepoint "G1CollectForAllocation", Time since last: 499228714 ns, Reaching safepoint: 232112681 ns, At safepoint: 11880075 ns, Total: 243992756 ns
[2022-08-29T02:31:40.494+0000][7][gc,marking  ] GC(28) Concurrent Mark From Roots 755.977ms
[2022-08-29T02:31:40.494+0000][7][gc,marking  ] GC(28) Concurrent Preclean
[2022-08-29T02:31:40.495+0000][7][gc,marking  ] GC(28) Concurrent Preclean 0.989ms
[2022-08-29T02:31:40.495+0000][7][gc,marking  ] GC(28) Concurrent Mark (1455.300s, 1456.057s) 757.669ms
[2022-08-29T02:31:40.496+0000][7][gc,start    ] GC(28) Pause Remark
[2022-08-29T02:31:41.896+0000][7][gc,mmu      ] GC(28) MMU target violated: 201.0ms (200.0ms/201.0ms)
[2022-08-29T02:31:41.897+0000][7][gc          ] GC(28) Pause Remark 91M->91M(256M) 1472.445ms
[2022-08-29T02:31:41.897+0000][7][gc,cpu      ] GC(28) User=3.05s Sys=0.40s Real=1.48s
[2022-08-29T02:31:41.897+0000][7][safepoint   ] Safepoint "G1Concurrent", Time since last: 18227557 ns, Reaching safepoint: 234539 ns, At safepoint: 1473170274 ns, Total: 1473404813 ns
[2022-08-29T02:31:41.898+0000][7][gc,marking  ] GC(28) Concurrent Rebuild Remembered Sets
[2022-08-29T02:31:41.934+0000][7][gc,marking  ] GC(28) Concurrent Rebuild Remembered Sets 35.489ms
[2022-08-29T02:31:41.934+0000][7][gc,start    ] GC(28) Pause Cleanup
[2022-08-29T02:31:41.935+0000][7][gc          ] GC(28) Pause Cleanup 91M->91M(256M) 0.431ms
[2022-08-29T02:31:41.935+0000][7][gc,cpu      ] GC(28) User=0.00s Sys=0.00s Real=0.00s
[2022-08-29T02:31:41.935+0000][7][safepoint   ] Safepoint "G1Concurrent", Time since last: 36614202 ns, Reaching safepoint: 452509 ns, At safepoint: 1007889 ns, Total: 1460398 ns
[2022-08-29T02:31:41.936+0000][7][gc,marking  ] GC(28) Concurrent Cleanup for Next Mark
[2022-08-29T02:31:41.942+0000][7][gc,marking  ] GC(28) Concurrent Cleanup for Next Mark 6.610ms
[2022-08-29T02:31:41.942+0000][7][gc          ] GC(28) Concurrent Cycle 2282.952ms
[2022-08-29T02:31:42.004+0000][7][safepoint   ] Safepoint "ICBufferFull", Time since last: 68485410 ns, Reaching safepoint: 311855 ns, At safepoint: 40656 ns, Total: 352511 ns
[2022-08-29T02:31:42.200+0000][7][gc,start    ] GC(30) Pause Young (Normal) (G1 Evacuation Pause)
[2022-08-29T02:31:42.200+0000][7][gc,task     ] GC(30) Using 6 workers of 6 for evacuation
[2022-08-29T02:31:42.200+0000][7][gc,age      ] GC(30) Desired survivor size 2097152 bytes, new threshold 15 (max threshold 15)
[2022-08-29T02:31:42.207+0000][7][gc,age      ] GC(30) Age table with threshold 15 (max threshold 15)
[2022-08-29T02:31:42.208+0000][7][gc,age      ] GC(30) - age   1:     393952 bytes,     393952 total
[2022-08-29T02:31:42.208+0000][7][gc,age      ] GC(30) - age   2:     212464 bytes,     606416 total
[2022-08-29T02:31:42.208+0000][7][gc,age      ] GC(30) - age   3:    1433808 bytes,    2040224 total
[2022-08-29T02:31:42.208+0000][7][gc,phases   ] GC(30)   Pre Evacuate Collection Set: 0.1ms
[2022-08-29T02:31:42.208+0000][7][gc,phases   ] GC(30)   Merge Heap Roots: 0.1ms
[2022-08-29T02:31:42.208+0000][7][gc,phases   ] GC(30)   Evacuate Collection Set: 5.6ms
[2022-08-29T02:31:42.208+0000][7][gc,phases   ] GC(30)   Post Evacuate Collection Set: 1.0ms
[2022-08-29T02:31:42.209+0000][7][gc,phases   ] GC(30)   Other: 1.2ms
[2022-08-29T02:31:42.209+0000][7][gc,heap     ] GC(30) Eden regions: 2->0(26)
[2022-08-29T02:31:42.209+0000][7][gc,heap     ] GC(30) Survivor regions: 1->1(1)
[2022-08-29T02:31:42.209+0000][7][gc,heap     ] GC(30) Old regions: 20->20
[2022-08-29T02:31:42.209+0000][7][gc,heap     ] GC(30) Archive regions: 2->2
[2022-08-29T02:31:42.209+0000][7][gc,heap     ] GC(30) Humongous regions: 2->2
[2022-08-29T02:31:42.209+0000][7][gc,metaspace] GC(30) Metaspace: 92714K(96904K)->92714K(96904K) NonClass: 80288K(83336K)->80288K(83336K) Class: 12426K(13568K)->12426K(13568K)
[2022-08-29T02:31:42.210+0000][7][gc          ] GC(30) Pause Young (Normal) (G1 Evacuation Pause) 98M->90M(256M) 9.544ms
[2022-08-29T02:31:42.210+0000][7][gc,cpu      ] GC(30) User=0.03s Sys=0.00s Real=0.01s
[2022-08-29T02:31:42.210+0000][7][safepoint   ] Safepoint "G1CollectForAllocation", Time since last: 195158803 ns, Reaching safepoint: 703379 ns, At safepoint: 9881648 ns, Total: 10585027 ns
[2022-08-29T02:31:42.941+0000][7][safepoint   ] Safepoint "ICBufferFull", Time since last: 730742923 ns, Reaching safepoint: 430748 ns, At safepoint: 49873 ns, Total: 480621 ns
[2022-08-29T02:31:44.323+0000][7][safepoint   ] Safepoint "Cleanup", Time since last: 1381074685 ns, Reaching safepoint: 295615 ns, At safepoint: 68689 ns, Total: 364304 ns
[2022-08-29T02:31:45.324+0000][7][safepoint   ] Safepoint "Cleanup", Time since last: 1000791534 ns, Reaching safepoint: 222757 ns, At safepoint: 30989 ns, Total: 253746 ns
[2022-08-29T02:31:46.962+0000][7][safepoint   ] Safepoint "Cleanup", Time since last: 1549910552 ns, Reaching safepoint: 87890444 ns, At safepoint: 231184 ns, Total: 88121628 ns
[2022-08-29T02:31:47.963+0000][7][safepoint   ] Safepoint "Cleanup", Time since last: 1000583544 ns, Reaching safepoint: 469490 ns, At safepoint: 116980 ns, Total: 586470 ns
[2022-08-29T02:31:48.964+0000][7][safepoint   ] Safepoint "Cleanup", Time since last: 1000565891 ns, Reaching safepoint: 274505 ns, At safepoint: 81332 ns, Total: 355837 ns
[2022-08-29T02:31:50.154+0000][7][safepoint   ] Safepoint "Cleanup", Time since last: 1000711073 ns, Reaching safepoint: 189195422 ns, At safepoint: 211617 ns, Total: 189407039 ns
[2022-08-29T02:32:02.157+0000][7][safepoint   ] Safepoint "Cleanup", Time since last: 12002402526 ns, Reaching safepoint: 209653 ns, At safepoint: 49042 ns, Total: 258695 ns
[2022-08-29T02:32:03.158+0000][7][safepoint   ] Safepoint "Cleanup", Time since last: 1000732123 ns, Reaching safepoint: 398717 ns, At safepoint: 68148 ns, Total: 466865 ns
[2022-08-29T02:32:04.159+0000][7][safepoint   ] Safepoint "Cleanup", Time since last: 1000636894 ns, Reaching safepoint: 314179 ns, At safepoint: 89088 ns, Total: 403267 ns
[2022-08-29T02:32:12.234+0000][7][safepoint   ] Safepoint "Cleanup", Time since last: 8001443346 ns, Reaching safepoint: 206046 ns, At safepoint: 6031 ns, Total: 212077 ns
[2022-08-29T02:32:13.235+0000][7][safepoint   ] Safepoint "Cleanup", Time since last: 1000737934 ns, Reaching safepoint: 166001 ns, At safepoint: 22182 ns, Total: 188183 ns
[2022-08-29T02:32:20.278+0000][7][safepoint   ] Safepoint "Cleanup", Time since last: 7043419973 ns, Reaching safepoint: 280285 ns, At safepoint: 54813 ns, Total: 335098 ns
[2022-08-29T02:32:21.680+0000][7][safepoint   ] Safepoint "Cleanup", Time since last: 1401118598 ns, Reaching safepoint: 307557 ns, At safepoint: 84658 ns, Total: 392215 ns
[2022-08-29T02:32:23.681+0000][7][safepoint   ] Safepoint "Cleanup", Time since last: 2000690635 ns, Reaching safepoint: 178936 ns, At safepoint: 23263 ns, Total: 202199 ns
[2022-08-29T02:32:26.682+0000][7][safepoint   ] Safepoint "Cleanup", Time since last: 3000719490 ns, Reaching safepoint: 262983 ns, At safepoint: 56897 ns, Total: 319880 ns
[2022-08-29T02:32:28.683+0000][7][safepoint   ] Safepoint "Cleanup", Time since last: 2000665258 ns, Reaching safepoint: 236633 ns, At safepoint: 112812 ns, Total: 349445 ns
[2022-08-29T02:32:31.684+0000][7][safepoint   ] Safepoint "Cleanup", Time since last: 3000939562 ns, Reaching safepoint: 352089 ns, At safepoint: 42410 ns, Total: 394499 ns
[2022-08-29T02:32:32.791+0000][7][safepoint   ] Safepoint "Cleanup", Time since last: 1107124769 ns, Reaching safepoint: 233578 ns, At safepoint: 25538 ns, Total: 259116 ns
[2022-08-29T02:32:34.079+0000][7][safepoint   ] Safepoint "Cleanup", Time since last: 1000885460 ns, Reaching safepoint: 286683652 ns, At safepoint: 127199 ns, Total: 286810851 ns
[2022-08-29T02:32:35.104+0000][7][safepoint   ] Safepoint "Cleanup", Time since last: 1000354214 ns, Reaching safepoint: 24531607 ns, At safepoint: 44333 ns, Total: 24575940 ns
[2022-08-29T02:32:36.105+0000][7][safepoint   ] Safepoint "Cleanup", Time since last: 1000497643 ns, Reaching safepoint: 374152 ns, At safepoint: 57908 ns, Total: 432060 ns
[2022-08-29T02:32:37.255+0000][7][safepoint   ] Safepoint "Cleanup", Time since last: 1000823855 ns, Reaching safepoint: 148894608 ns, At safepoint: 63188 ns, Total: 148957796 ns
[2022-08-29T02:32:38.256+0000][7][safepoint   ] Safepoint "Cleanup", Time since last: 1000461465 ns, Reaching safepoint: 239109 ns, At safepoint: 37991 ns, Total: 277100 ns
[2022-08-29T02:32:43.254+0000][7][safepoint   ] Safepoint "Cleanup", Time since last: 5000388047 ns, Reaching safepoint: 241564 ns, At safepoint: 8235 ns, Total: 249799 ns
[2022-08-29T02:32:45.254+0000][7][safepoint   ] Safepoint "Cleanup", Time since last: 2000465342 ns, Reaching safepoint: 218149 ns, At safepoint: 28033 ns, Total: 246182 ns
[2022-08-29T02:32:46.505+0000][7][safepoint   ] Safepoint "Cleanup", Time since last: 1000465664 ns, Reaching safepoint: 249894692 ns, At safepoint: 34325 ns, Total: 249929017 ns
[2022-08-29T02:32:48.506+0000][7][safepoint   ] Safepoint "Cleanup", Time since last: 2000635060 ns, Reaching safepoint: 170831 ns, At safepoint: 22642 ns, Total: 193473 ns
[2022-08-29T02:32:57.855+0000][7][safepoint   ] Safepoint "Cleanup", Time since last: 9349456732 ns, Reaching safepoint: 271720 ns, At safepoint: 10419 ns, Total: 282139 ns
[2022-08-29T02:33:02.857+0000][7][safepoint   ] Safepoint "Cleanup", Time since last: 5001405977 ns, Reaching safepoint: 407995 ns, At safepoint: 27572 ns, Total: 435567 ns
[2022-08-29T02:33:03.859+0000][7][safepoint   ] Safepoint "Cleanup", Time since last: 1001597395 ns, Reaching safepoint: 182953 ns, At safepoint: 29285 ns, Total: 212238 ns
[2022-08-29T02:33:04.860+0000][7][safepoint   ] Safepoint "Cleanup", Time since last: 1000474650 ns, Reaching safepoint: 227948 ns, At safepoint: 25046 ns, Total: 252994 ns
[2022-08-29T02:33:07.861+0000][7][safepoint   ] Safepoint "Cleanup", Time since last: 3000580599 ns, Reaching safepoint: 227146 ns, At safepoint: 29335 ns, Total: 256481 ns
[2022-08-29T02:33:12.862+0000][7][safepoint   ] Safepoint "Cleanup", Time since last: 5000802546 ns, Reaching safepoint: 159268 ns, At safepoint: 26891 ns, Total: 186159 ns
[2022-08-29T02:33:29.183+0000][7][safepoint   ] Safepoint "Cleanup", Time since last: 16321569995 ns, Reaching safepoint: 222597 ns, At safepoint: 6793 ns, Total: 229390 ns
[2022-08-29T02:33:31.185+0000][7][safepoint   ] Safepoint "Cleanup", Time since last: 2000848552 ns, Reaching safepoint: 403987 ns, At safepoint: 49392 ns, Total: 453379 ns
[2022-08-29T02:33:33.186+0000][7][safepoint   ] Safepoint "Cleanup", Time since last: 2000710883 ns, Reaching safepoint: 384982 ns, At safepoint: 51737 ns, Total: 436719 ns
[2022-08-29T02:33:34.187+0000][7][safepoint   ] Safepoint "Cleanup", Time since last: 1000822874 ns, Reaching safepoint: 459241 ns, At safepoint: 71884 ns, Total: 531125 ns
[2022-08-29T02:33:37.188+0000][7][safepoint   ] Safepoint "Cleanup", Time since last: 3000977163 ns, Reaching safepoint: 191529 ns, At safepoint: 24687 ns, Total: 216216 ns
[2022-08-29T02:33:38.189+0000][7][safepoint   ] Safepoint "Cleanup", Time since last: 1000429164 ns, Reaching safepoint: 327825 ns, At safepoint: 12924 ns, Total: 340749 ns
[2022-08-29T02:33:42.369+0000][7][safepoint   ] Safepoint "Cleanup", Time since last: 4179738360 ns, Reaching safepoint: 191038 ns, At safepoint: 26049 ns, Total: 217087 ns
[2022-08-29T02:34:03.372+0000][7][safepoint   ] Safepoint "Cleanup", Time since last: 21003069147 ns, Reaching safepoint: 389279 ns, At safepoint: 48171 ns, Total: 437450 ns
[2022-08-29T02:34:08.373+0000][7][safepoint   ] Safepoint "Cleanup", Time since last: 5001604589 ns, Reaching safepoint: 243396 ns, At safepoint: 47369 ns, Total: 290765 ns
[2022-08-29T02:34:12.375+0000][7][safepoint   ] Safepoint "Cleanup", Time since last: 4001355482 ns, Reaching safepoint: 441448 ns, At safepoint: 49843 ns, Total: 491291 ns
[2022-08-29T02:34:33.381+0000][7][safepoint   ] Safepoint "Cleanup", Time since last: 21005060681 ns, Reaching safepoint: 388108 ns, At safepoint: 74349 ns, Total: 462457 ns
[2022-08-29T02:34:42.384+0000][7][safepoint   ] Safepoint "Cleanup", Time since last: 9002748034 ns, Reaching safepoint: 334016 ns, At safepoint: 72065 ns, Total: 406081 ns
[2022-08-29T02:35:03.388+0000][7][safepoint   ] Safepoint "Cleanup", Time since last: 21002945154 ns, Reaching safepoint: 373550 ns, At safepoint: 48301 ns, Total: 421851 ns
[2022-08-29T02:35:08.389+0000][7][safepoint   ] Safepoint "Cleanup", Time since last: 5001091998 ns, Reaching safepoint: 269014 ns, At safepoint: 51156 ns, Total: 320170 ns
[2022-08-29T02:35:22.391+0000][7][safepoint   ] Safepoint "Cleanup", Time since last: 14002238218 ns, Reaching safepoint: 188533 ns, At safepoint: 24145 ns, Total: 212678 ns
[2022-08-29T02:35:29.298+0000][7][safepoint   ] Safepoint "Cleanup", Time since last: 6906422694 ns, Reaching safepoint: 307316 ns, At safepoint: 161022 ns, Total: 468338 ns
[2022-08-29T02:35:35.300+0000][7][safepoint   ] Safepoint "Cleanup", Time since last: 6001373356 ns, Reaching safepoint: 275236 ns, At safepoint: 56465 ns, Total: 331701 ns
[2022-08-29T02:35:37.864+0000][7][safepoint   ] Safepoint "Cleanup", Time since last: 2563455259 ns, Reaching safepoint: 369594 ns, At safepoint: 48010 ns, Total: 417604 ns
[2022-08-29T02:35:42.919+0000][7][safepoint   ] Safepoint "Cleanup", Time since last: 5001400426 ns, Reaching safepoint: 53330294 ns, At safepoint: 48821 ns, Total: 53379115 ns
[2022-08-29T02:35:44.920+0000][7][safepoint   ] Safepoint "Cleanup", Time since last: 2000816101 ns, Reaching safepoint: 387667 ns, At safepoint: 70662 ns, Total: 458329 ns
[2022-08-29T02:35:45.922+0000][7][safepoint   ] Safepoint "Cleanup", Time since last: 1000664887 ns, Reaching safepoint: 224571 ns, At safepoint: 24936 ns, Total: 249507 ns
[2022-08-29T02:35:48.923+0000][7][safepoint   ] Safepoint "Cleanup", Time since last: 3000853351 ns, Reaching safepoint: 334177 ns, At safepoint: 48330 ns, Total: 382507 ns
[2022-08-29T02:36:04.202+0000][7][safepoint   ] Safepoint "Cleanup", Time since last: 15278293141 ns, Reaching safepoint: 222888 ns, At safepoint: 19858 ns, Total: 242746 ns
[2022-08-29T02:36:05.203+0000][7][safepoint   ] Safepoint "Cleanup", Time since last: 1000830597 ns, Reaching safepoint: 515056 ns, At safepoint: 47098 ns, Total: 562154 ns
[2022-08-29T02:36:07.472+0000][7][safepoint   ] Safepoint "Cleanup", Time since last: 2268784792 ns, Reaching safepoint: 185298 ns, At safepoint: 24806 ns, Total: 210104 ns
[2022-08-29T02:36:08.473+0000][7][safepoint   ] Safepoint "Cleanup", Time since last: 1000547346 ns, Reaching safepoint: 190397 ns, At safepoint: 20609 ns, Total: 211006 ns
[2022-08-29T02:36:12.474+0000][7][safepoint   ] Safepoint "Cleanup", Time since last: 4000830979 ns, Reaching safepoint: 138800 ns, At safepoint: 2845 ns, Total: 141645 ns
[2022-08-29T02:36:35.477+0000][7][safepoint   ] Safepoint "Cleanup", Time since last: 23003843108 ns, Reaching safepoint: 256120 ns, At safepoint: 27111 ns, Total: 283231 ns
[2022-08-29T02:36:37.478+0000][7][safepoint   ] Safepoint "Cleanup", Time since last: 2000963547 ns, Reaching safepoint: 308759 ns, At safepoint: 50605 ns, Total: 359364 ns
[2022-08-29T02:36:39.479+0000][7][safepoint   ] Safepoint "Cleanup", Time since last: 2000629250 ns, Reaching safepoint: 245621 ns, At safepoint: 44162 ns, Total: 289783 ns
[2022-08-29T02:36:42.480+0000][7][safepoint   ] Safepoint "Cleanup", Time since last: 3000782318 ns, Reaching safepoint: 259386 ns, At safepoint: 5169 ns, Total: 264555 ns
[2022-08-29T02:36:44.481+0000][7][safepoint   ] Safepoint "Cleanup", Time since last: 2000597461 ns, Reaching safepoint: 171131 ns, At safepoint: 3957 ns, Total: 175088 ns
[2022-08-29T02:36:49.545+0000][7][safepoint   ] Safepoint "Cleanup", Time since last: 5060146324 ns, Reaching safepoint: 149641 ns, At safepoint: 6542 ns, Total: 156183 ns
[2022-08-29T02:37:05.548+0000][7][safepoint   ] Safepoint "Cleanup", Time since last: 16002277161 ns, Reaching safepoint: 196549 ns, At safepoint: 25207 ns, Total: 221756 ns
[2022-08-29T02:37:12.602+0000][7][safepoint   ] Safepoint "Cleanup", Time since last: 7053882461 ns, Reaching safepoint: 133450 ns, At safepoint: 2525 ns, Total: 135975 ns
[2022-08-29T02:37:40.141+0000][7][safepoint   ] Safepoint "Cleanup", Time since last: 27542059203 ns, Reaching safepoint: 190447 ns, At safepoint: 22041 ns, Total: 212488 ns
[2022-08-29T02:37:43.207+0000][7][safepoint   ] Safepoint "Cleanup", Time since last: 3065520532 ns, Reaching safepoint: 216195 ns, At safepoint: 108303 ns, Total: 324498 ns
[2022-08-29T02:37:44.213+0000][7][safepoint   ] Safepoint "Cleanup", Time since last: 1006221976 ns, Reaching safepoint: 166242 ns, At safepoint: 2314 ns, Total: 168556 ns
[2022-08-29T02:38:05.619+0000][7][safepoint   ] Safepoint "Cleanup", Time since last: 21404375396 ns, Reaching safepoint: 254417 ns, At safepoint: 25127 ns, Total: 279544 ns
[2022-08-29T02:38:12.628+0000][7][safepoint   ] Safepoint "Cleanup", Time since last: 7008108614 ns, Reaching safepoint: 229541 ns, At safepoint: 11261 ns, Total: 240802 ns
[2022-08-29T02:38:26.769+0000][7][safepoint   ] Safepoint "Cleanup", Time since last: 14135751755 ns, Reaching safepoint: 199554 ns, At safepoint: 3487 ns, Total: 203041 ns
[2022-08-29T02:38:35.770+0000][7][safepoint   ] Safepoint "Cleanup", Time since last: 9001610961 ns, Reaching safepoint: 179878 ns, At safepoint: 6291 ns, Total: 186169 ns
[2022-08-29T02:39:06.087+0000][7][safepoint   ] Safepoint "Cleanup", Time since last: 30323413163 ns, Reaching safepoint: 257653 ns, At safepoint: 7955 ns, Total: 265608 ns
[2022-08-29T02:39:13.963+0000][7][safepoint   ] Safepoint "Cleanup", Time since last: 7874977493 ns, Reaching safepoint: 225473 ns, At safepoint: 27011 ns, Total: 252484 ns
[2022-08-29T02:39:36.969+0000][7][safepoint   ] Safepoint "Cleanup", Time since last: 23003389257 ns, Reaching safepoint: 346440 ns, At safepoint: 7013 ns, Total: 353453 ns
[2022-08-29T02:39:39.971+0000][7][safepoint   ] Safepoint "Cleanup", Time since last: 3001500223 ns, Reaching safepoint: 229120 ns, At safepoint: 151153 ns, Total: 380273 ns
[2022-08-29T02:39:41.972+0000][7][safepoint   ] Safepoint "Cleanup", Time since last: 2000886453 ns, Reaching safepoint: 245359 ns, At safepoint: 10611 ns, Total: 255970 ns
[2022-08-29T02:40:00.972+0000][7][safepoint   ] Safepoint "Cleanup", Time since last: 19002515688 ns, Reaching safepoint: 248035 ns, At safepoint: 26038 ns, Total: 274073 ns
[2022-08-29T02:40:06.975+0000][7][safepoint   ] Safepoint "Cleanup", Time since last: 6002508234 ns, Reaching safepoint: 195256 ns, At safepoint: 11151 ns, Total: 206407 ns
[2022-08-29T02:40:08.976+0000][7][safepoint   ] Safepoint "Cleanup", Time since last: 2000862497 ns, Reaching safepoint: 251051 ns, At safepoint: 7625 ns, Total: 258676 ns
[2022-08-29T02:40:11.977+0000][7][safepoint   ] Safepoint "Cleanup", Time since last: 3001111333 ns, Reaching safepoint: 313558 ns, At safepoint: 69531 ns, Total: 383089 ns
[2022-08-29T02:40:13.978+0000][7][safepoint   ] Safepoint "Cleanup", Time since last: 2000721613 ns, Reaching safepoint: 240251 ns, At safepoint: 11812 ns, Total: 252063 ns
[2022-08-29T02:40:28.981+0000][7][safepoint   ] Safepoint "Cleanup", Time since last: 15002231325 ns, Reaching safepoint: 304541 ns, At safepoint: 8917 ns, Total: 313458 ns
[2022-08-29T02:40:36.983+0000][7][safepoint   ] Safepoint "Cleanup", Time since last: 8001383364 ns, Reaching safepoint: 209232 ns, At safepoint: 51597 ns, Total: 260829 ns
[2022-08-29T02:41:03.990+0000][7][safepoint   ] Safepoint "Cleanup", Time since last: 27004425841 ns, Reaching safepoint: 299311 ns, At safepoint: 51847 ns, Total: 351158 ns
[2022-08-29T02:41:06.992+0000][7][safepoint   ] Safepoint "Cleanup", Time since last: 3001120031 ns, Reaching safepoint: 305081 ns, At safepoint: 59462 ns, Total: 364543 ns
[2022-08-29T02:41:37.305+0000][7][safepoint   ] Safepoint "Cleanup", Time since last: 30317402703 ns, Reaching safepoint: 421300 ns, At safepoint: 72526 ns, Total: 493826 ns
[2022-08-29T02:41:44.591+0000][7][safepoint   ] Safepoint "Cleanup", Time since last: 7285387712 ns, Reaching safepoint: 174888 ns, At safepoint: 3256 ns, Total: 178144 ns
[2022-08-29T02:42:06.639+0000][7][safepoint   ] Safepoint "Cleanup", Time since last: 22044452040 ns, Reaching safepoint: 224120 ns, At safepoint: 31820 ns, Total: 255940 ns
[2022-08-29T02:42:09.641+0000][7][safepoint   ] Safepoint "Cleanup", Time since last: 3001680391 ns, Reaching safepoint: 320030 ns, At safepoint: 50124 ns, Total: 370154 ns
[2022-08-29T02:42:36.644+0000][7][safepoint   ] Safepoint "Cleanup", Time since last: 27004008047 ns, Reaching safepoint: 196219 ns, At safepoint: 39063 ns, Total: 235282 ns
[2022-08-29T02:42:43.646+0000][7][safepoint   ] Safepoint "Cleanup", Time since last: 7001832045 ns, Reaching safepoint: 196589 ns, At safepoint: 23805 ns, Total: 220394 ns
[2022-08-29T02:43:07.650+0000][7][safepoint   ] Safepoint "Cleanup", Time since last: 24003636120 ns, Reaching safepoint: 173034 ns, At safepoint: 5580 ns, Total: 178614 ns
[2022-08-29T02:43:14.654+0000][7][safepoint   ] Safepoint "Cleanup", Time since last: 7003627643 ns, Reaching safepoint: 428984 ns, At safepoint: 65753 ns, Total: 494737 ns
[2022-08-29T02:43:37.661+0000][7][safepoint   ] Safepoint "Cleanup", Time since last: 23003789017 ns, Reaching safepoint: 484187 ns, At safepoint: 69521 ns, Total: 553708 ns
[2022-08-29T02:44:09.865+0000][7][safepoint   ] Safepoint "Cleanup", Time since last: 32207258963 ns, Reaching safepoint: 275818 ns, At safepoint: 28654 ns, Total: 304472 ns
[2022-08-29T02:44:42.451+0000][7][safepoint   ] Safepoint "Cleanup", Time since last: 32583083394 ns, Reaching safepoint: 273263 ns, At safepoint: 50394 ns, Total: 323657 ns
[2022-08-29T02:44:44.452+0000][7][safepoint   ] Safepoint "Cleanup", Time since last: 2001123637 ns, Reaching safepoint: 211456 ns, At safepoint: 27251 ns, Total: 238707 ns
[2022-08-29T02:45:12.276+0000][7][safepoint   ] Safepoint "Cleanup", Time since last: 28003290472 ns, Reaching safepoint: 277400 ns, At safepoint: 40787 ns, Total: 318187 ns
[2022-08-29T02:45:42.459+0000][7][safepoint   ] Safepoint "Cleanup", Time since last: 30005701472 ns, Reaching safepoint: 393849 ns, At safepoint: 59882 ns, Total: 453731 ns
[2022-08-29T02:45:44.461+0000][7][safepoint   ] Safepoint "Cleanup", Time since last: 2001000676 ns, Reaching safepoint: 224962 ns, At safepoint: 24747 ns, Total: 249709 ns
[2022-08-29T02:46:12.467+0000][7][safepoint   ] Safepoint "Cleanup", Time since last: 28004796046 ns, Reaching safepoint: 402424 ns, At safepoint: 19888 ns, Total: 422312 ns
[2022-08-29T02:46:23.470+0000][7][safepoint   ] Safepoint "Cleanup", Time since last: 11003371271 ns, Reaching safepoint: 297518 ns, At safepoint: 12974 ns, Total: 310492 ns
[2022-08-29T02:46:42.474+0000][7][safepoint   ] Safepoint "Cleanup", Time since last: 19003801701 ns, Reaching safepoint: 276097 ns, At safepoint: 4218 ns, Total: 280315 ns
[2022-08-29T02:46:44.475+0000][7][safepoint   ] Safepoint "Cleanup", Time since last: 2000944792 ns, Reaching safepoint: 278222 ns, At safepoint: 48210 ns, Total: 326432 ns
[2022-08-29T02:47:14.056+0000][7][safepoint   ] Safepoint "Cleanup", Time since last: 29577377726 ns, Reaching safepoint: 182442 ns, At safepoint: 32581 ns, Total: 215023 ns
[2022-08-29T02:47:43.992+0000][7][safepoint   ] Safepoint "Cleanup", Time since last: 30806027104 ns, Reaching safepoint: 224261 ns, At safepoint: 41237 ns, Total: 265498 ns
[2022-08-29T02:48:14.867+0000][7][safepoint   ] Safepoint "Cleanup", Time since last: 30007176408 ns, Reaching safepoint: 415349 ns, At safepoint: 70112 ns, Total: 485461 ns
[2022-08-29T02:48:15.940+0000][7][safepoint   ] Safepoint "Cleanup", Time since last: 1073268157 ns, Reaching safepoint: 234621 ns, At safepoint: 58109 ns, Total: 292730 ns
[2022-08-29T02:48:17.941+0000][7][safepoint   ] Safepoint "Cleanup", Time since last: 2000863839 ns, Reaching safepoint: 347051 ns, At safepoint: 67387 ns, Total: 414438 ns
[2022-08-29T02:48:45.059+0000][7][safepoint   ] Safepoint "Cleanup", Time since last: 27113659784 ns, Reaching safepoint: 195116 ns, At safepoint: 28664 ns, Total: 223780 ns
[2022-08-29T02:49:15.062+0000][7][safepoint   ] Safepoint "Cleanup", Time since last: 30005174183 ns, Reaching safepoint: 217429 ns, At safepoint: 57147 ns, Total: 274576 ns
[2022-08-29T02:49:23.063+0000][7][safepoint   ] Safepoint "Cleanup", Time since last: 8002736962 ns, Reaching safepoint: 284694 ns, At safepoint: 10650 ns, Total: 295344 ns
[2022-08-29T02:49:34.066+0000][7][safepoint   ] Safepoint "Cleanup", Time since last: 11002417043 ns, Reaching safepoint: 212518 ns, At safepoint: 44724 ns, Total: 257242 ns
[2022-08-29T02:49:45.744+0000][7][safepoint   ] Safepoint "Cleanup", Time since last: 11677976908 ns, Reaching safepoint: 335910 ns, At safepoint: 28323 ns, Total: 364233 ns
[2022-08-29T02:50:16.071+0000][7][safepoint   ] Safepoint "Cleanup", Time since last: 30324024569 ns, Reaching safepoint: 144982 ns, At safepoint: 4679 ns, Total: 149661 ns
[2022-08-29T02:50:20.074+0000][7][safepoint   ] Safepoint "Cleanup", Time since last: 4002322595 ns, Reaching safepoint: 163457 ns, At safepoint: 28312 ns, Total: 191769 ns
[2022-08-29T02:50:45.590+0000][7][gc,start    ] GC(31) Pause Young (Concurrent Start) (G1 Evacuation Pause)
[2022-08-29T02:50:45.591+0000][7][gc,task     ] GC(31) Using 6 workers of 6 for evacuation
[2022-08-29T02:50:45.591+0000][7][gc,age      ] GC(31) Desired survivor size 8388608 bytes, new threshold 15 (max threshold 15)
[2022-08-29T02:50:45.599+0000][7][gc,age      ] GC(31) Age table with threshold 15 (max threshold 15)
[2022-08-29T02:50:45.600+0000][7][gc,age      ] GC(31) - age   1:    2271056 bytes,    2271056 total
[2022-08-29T02:50:45.600+0000][7][gc,age      ] GC(31) - age   2:      47008 bytes,    2318064 total
[2022-08-29T02:50:45.600+0000][7][gc,age      ] GC(31) - age   3:     203944 bytes,    2522008 total
[2022-08-29T02:50:45.600+0000][7][gc,age      ] GC(31) - age   4:    1315440 bytes,    3837448 total
[2022-08-29T02:50:45.601+0000][7][gc,phases   ] GC(31)   Pre Evacuate Collection Set: 0.3ms
[2022-08-29T02:50:45.601+0000][7][gc,phases   ] GC(31)   Merge Heap Roots: 0.1ms
[2022-08-29T02:50:45.601+0000][7][gc,phases   ] GC(31)   Evacuate Collection Set: 4.7ms
[2022-08-29T02:50:45.602+0000][7][gc,phases   ] GC(31)   Post Evacuate Collection Set: 1.9ms
[2022-08-29T02:50:45.602+0000][7][gc,phases   ] GC(31)   Other: 3.8ms
[2022-08-29T02:50:45.602+0000][7][gc,heap     ] GC(31) Eden regions: 26->0(26)
[2022-08-29T02:50:45.603+0000][7][gc,heap     ] GC(31) Survivor regions: 1->1(4)
[2022-08-29T02:50:45.603+0000][7][gc,heap     ] GC(31) Old regions: 20->20
[2022-08-29T02:50:45.604+0000][7][gc,heap     ] GC(31) Archive regions: 2->2
[2022-08-29T02:50:45.604+0000][7][gc,heap     ] GC(31) Humongous regions: 2->2
[2022-08-29T02:50:45.604+0000][7][gc,metaspace] GC(31) Metaspace: 97918K(102152K)->97918K(102152K) NonClass: 84809K(87944K)->84809K(87944K) Class: 13108K(14208K)->13108K(14208K)
[2022-08-29T02:50:45.604+0000][7][gc          ] GC(31) Pause Young (Concurrent Start) (G1 Evacuation Pause) 194M->91M(256M) 14.808ms
[2022-08-29T02:50:45.605+0000][7][gc,cpu      ] GC(31) User=0.03s Sys=0.00s Real=0.01s
[2022-08-29T02:50:45.605+0000][7][gc          ] GC(32) Concurrent Cycle
[2022-08-29T02:50:45.605+0000][7][gc,marking  ] GC(32) Concurrent Clear Claimed Marks
[2022-08-29T02:50:45.606+0000][7][safepoint   ] Safepoint "G1CollectForAllocation", Time since last: 25516555404 ns, Reaching safepoint: 854082 ns, At safepoint: 16200867 ns, Total: 17054949 ns
[2022-08-29T02:50:45.606+0000][7][gc,marking  ] GC(32) Concurrent Clear Claimed Marks 0.949ms
[2022-08-29T02:50:45.607+0000][7][gc,marking  ] GC(32) Concurrent Scan Root Regions
[2022-08-29T02:50:45.612+0000][7][gc,marking  ] GC(32) Concurrent Scan Root Regions 5.329ms
[2022-08-29T02:50:45.612+0000][7][gc,marking  ] GC(32) Concurrent Mark (2601.175s)
[2022-08-29T02:50:45.613+0000][7][gc,marking  ] GC(32) Concurrent Mark From Roots
[2022-08-29T02:50:45.613+0000][7][gc,task     ] GC(32) Using 2 workers of 2 for marking
[2022-08-29T02:50:45.674+0000][7][gc,marking  ] GC(32) Concurrent Mark From Roots 61.034ms
[2022-08-29T02:50:45.674+0000][7][gc,marking  ] GC(32) Concurrent Preclean
[2022-08-29T02:50:45.675+0000][7][gc,marking  ] GC(32) Concurrent Preclean 0.533ms
[2022-08-29T02:50:45.675+0000][7][gc,marking  ] GC(32) Concurrent Mark (2601.175s, 2601.238s) 62.368ms
[2022-08-29T02:50:45.915+0000][7][gc,start    ] GC(32) Pause Remark
[2022-08-29T02:50:45.938+0000][7][gc          ] GC(32) Pause Remark 92M->92M(256M) 22.973ms
[2022-08-29T02:50:45.939+0000][7][gc,cpu      ] GC(32) User=0.05s Sys=0.00s Real=0.03s
[2022-08-29T02:50:45.939+0000][7][safepoint   ] Safepoint "G1Concurrent", Time since last: 69391088 ns, Reaching safepoint: 239865528 ns, At safepoint: 24174827 ns, Total: 264040355 ns
[2022-08-29T02:50:45.940+0000][7][gc,marking  ] GC(32) Concurrent Rebuild Remembered Sets
[2022-08-29T02:50:45.977+0000][7][gc,marking  ] GC(32) Concurrent Rebuild Remembered Sets 37.407ms
[2022-08-29T02:50:45.978+0000][7][gc,start    ] GC(32) Pause Cleanup
[2022-08-29T02:50:45.979+0000][7][gc          ] GC(32) Pause Cleanup 92M->92M(256M) 0.382ms
[2022-08-29T02:50:45.979+0000][7][gc,cpu      ] GC(32) User=0.00s Sys=0.00s Real=0.00s
[2022-08-29T02:50:45.979+0000][7][safepoint   ] Safepoint "G1Concurrent", Time since last: 38079229 ns, Reaching safepoint: 1088862 ns, At safepoint: 784160 ns, Total: 1873022 ns
[2022-08-29T02:50:45.979+0000][7][gc,marking  ] GC(32) Concurrent Cleanup for Next Mark
[2022-08-29T02:50:47.627+0000][7][safepoint   ] Safepoint "Cleanup", Time since last: 1367415304 ns, Reaching safepoint: 280407153 ns, At safepoint: 74280 ns, Total: 280481433 ns
[2022-08-29T02:50:48.149+0000][7][gc,marking  ] GC(32) Concurrent Cleanup for Next Mark 2170.126ms
[2022-08-29T02:50:48.150+0000][7][gc          ] GC(32) Concurrent Cycle 2545.134ms
[2022-08-29T02:50:52.375+0000][7][safepoint   ] Safepoint "Cleanup", Time since last: 4748321311 ns, Reaching safepoint: 257233 ns, At safepoint: 40976 ns, Total: 298209 ns
[2022-08-29T02:51:14.081+0000][7][safepoint   ] Safepoint "Cleanup", Time since last: 21705452687 ns, Reaching safepoint: 301124 ns, At safepoint: 57628 ns, Total: 358752 ns
[2022-08-29T02:51:15.082+0000][7][safepoint   ] Safepoint "Cleanup", Time since last: 1001020043 ns, Reaching safepoint: 210064 ns, At safepoint: 27651 ns, Total: 237715 ns
[2022-08-29T02:51:16.083+0000][7][safepoint   ] Safepoint "Cleanup", Time since last: 1000546516 ns, Reaching safepoint: 127739 ns, At safepoint: 5170 ns, Total: 132909 ns
[2022-08-29T02:51:17.084+0000][7][safepoint   ] Safepoint "Cleanup", Time since last: 1000468178 ns, Reaching safepoint: 410149 ns, At safepoint: 26449 ns, Total: 436598 ns
[2022-08-29T02:51:40.088+0000][7][safepoint   ] Safepoint "Cleanup", Time since last: 23004303722 ns, Reaching safepoint: 503494 ns, At safepoint: 26990 ns, Total: 530484 ns
[2022-08-29T02:51:44.090+0000][7][safepoint   ] Safepoint "Cleanup", Time since last: 4001151780 ns, Reaching safepoint: 374082 ns, At safepoint: 13765 ns, Total: 387847 ns
[2022-08-29T02:51:47.091+0000][7][safepoint   ] Safepoint "Cleanup", Time since last: 3000891442 ns, Reaching safepoint: 325961 ns, At safepoint: 47820 ns, Total: 373781 ns
[2022-08-29T02:52:14.494+0000][7][safepoint   ] Safepoint "Cleanup", Time since last: 27372389733 ns, Reaching safepoint: 348073 ns, At safepoint: 170981 ns, Total: 519054 ns
[2022-08-29T02:52:17.496+0000][7][safepoint   ] Safepoint "Cleanup", Time since last: 3001340533 ns, Reaching safepoint: 211547 ns, At safepoint: 59873 ns, Total: 271420 ns
[2022-08-29T02:52:30.470+0000][7][safepoint   ] Safepoint "Cleanup", Time since last: 13002669926 ns, Reaching safepoint: 325611 ns, At safepoint: 14127 ns, Total: 339738 ns
[2022-08-29T02:52:47.765+0000][7][safepoint   ] Safepoint "Cleanup", Time since last: 17294622328 ns, Reaching safepoint: 396233 ns, At safepoint: 68629 ns, Total: 464862 ns
[2022-08-29T02:53:13.768+0000][7][safepoint   ] Safepoint "Cleanup", Time since last: 26004267844 ns, Reaching safepoint: 397004 ns, At safepoint: 57157 ns, Total: 454161 ns
[2022-08-29T02:53:17.770+0000][7][safepoint   ] Safepoint "Cleanup", Time since last: 4001772725 ns, Reaching safepoint: 237956 ns, At safepoint: 39143 ns, Total: 277099 ns
[2022-08-29T02:53:25.944+0000][7][safepoint   ] Safepoint "Cleanup", Time since last: 8172934664 ns, Reaching safepoint: 496721 ns, At safepoint: 17032 ns, Total: 513753 ns
[2022-08-29T02:53:47.947+0000][7][safepoint   ] Safepoint "Cleanup", Time since last: 22002857390 ns, Reaching safepoint: 165149 ns, At safepoint: 8055 ns, Total: 173204 ns
[2022-08-29T02:54:17.957+0000][7][safepoint   ] Safepoint "Cleanup", Time since last: 30005030565 ns, Reaching safepoint: 247464 ns, At safepoint: 51506 ns, Total: 298970 ns
[2022-08-29T02:54:48.112+0000][7][safepoint   ] Safepoint "Cleanup", Time since last: 30158335632 ns, Reaching safepoint: 420899 ns, At safepoint: 63079 ns, Total: 483978 ns
[2022-08-29T02:54:59.113+0000][7][safepoint   ] Safepoint "Cleanup", Time since last: 11002068198 ns, Reaching safepoint: 323356 ns, At safepoint: 85410 ns, Total: 408766 ns
[2022-08-29T02:55:18.117+0000][7][safepoint   ] Safepoint "Cleanup", Time since last: 19003333463 ns, Reaching safepoint: 275947 ns, At safepoint: 47869 ns, Total: 323816 ns
[2022-08-29T02:55:32.120+0000][7][safepoint   ] Safepoint "Cleanup", Time since last: 14002586280 ns, Reaching safepoint: 416932 ns, At safepoint: 70993 ns, Total: 487925 ns
[2022-08-29T02:55:39.123+0000][7][safepoint   ] Safepoint "Cleanup", Time since last: 7001866922 ns, Reaching safepoint: 464070 ns, At safepoint: 72175 ns, Total: 536245 ns
[2022-08-29T02:55:46.524+0000][7][safepoint   ] Safepoint "Cleanup", Time since last: 7401382503 ns, Reaching safepoint: 283502 ns, At safepoint: 38032 ns, Total: 321534 ns
[2022-08-29T02:55:48.526+0000][7][safepoint   ] Safepoint "Cleanup", Time since last: 2000934792 ns, Reaching safepoint: 341791 ns, At safepoint: 140564 ns, Total: 482355 ns
[2022-08-29T02:56:15.537+0000][7][safepoint   ] Safepoint "Cleanup", Time since last: 27009661827 ns, Reaching safepoint: 297248 ns, At safepoint: 46998 ns, Total: 344246 ns
[2022-08-29T02:56:18.539+0000][7][safepoint   ] Safepoint "Cleanup", Time since last: 3001357876 ns, Reaching safepoint: 233017 ns, At safepoint: 44464 ns, Total: 277481 ns
[2022-08-29T02:56:44.763+0000][7][safepoint   ] Safepoint "Cleanup", Time since last: 26215139148 ns, Reaching safepoint: 286477 ns, At safepoint: 45465 ns, Total: 331942 ns
[2022-08-29T02:56:48.764+0000][7][safepoint   ] Safepoint "Cleanup", Time since last: 4001056281 ns, Reaching safepoint: 169137 ns, At safepoint: 27562 ns, Total: 196699 ns
[2022-08-29T02:57:16.762+0000][7][safepoint   ] Safepoint "Cleanup", Time since last: 28006257735 ns, Reaching safepoint: 344255 ns, At safepoint: 51347 ns, Total: 395602 ns
[2022-08-29T02:57:18.765+0000][7][safepoint   ] Safepoint "Cleanup", Time since last: 2001983770 ns, Reaching safepoint: 190848 ns, At safepoint: 3416 ns, Total: 194264 ns
[2022-08-29T02:57:48.774+0000][7][safepoint   ] Safepoint "Cleanup", Time since last: 30006459384 ns, Reaching safepoint: 264636 ns, At safepoint: 50495 ns, Total: 315131 ns
[2022-08-29T02:58:18.778+0000][7][safepoint   ] Safepoint "Cleanup", Time since last: 30007200343 ns, Reaching safepoint: 391033 ns, At safepoint: 72015 ns, Total: 463048 ns
[2022-08-29T02:58:48.796+0000][7][safepoint   ] Safepoint "Cleanup", Time since last: 30007706052 ns, Reaching safepoint: 330810 ns, At safepoint: 40035 ns, Total: 370845 ns
[2022-08-29T02:59:19.364+0000][7][safepoint   ] Safepoint "Cleanup", Time since last: 30576720594 ns, Reaching safepoint: 298399 ns, At safepoint: 78387 ns, Total: 376786 ns
[2022-08-29T02:59:46.382+0000][7][safepoint   ] Safepoint "Cleanup", Time since last: 27006526149 ns, Reaching safepoint: 296626 ns, At safepoint: 69931 ns, Total: 366557 ns
[2022-08-29T02:59:49.383+0000][7][safepoint   ] Safepoint "Cleanup", Time since last: 3001240607 ns, Reaching safepoint: 363141 ns, At safepoint: 53119 ns, Total: 416260 ns
[2022-08-29T03:00:19.377+0000][7][safepoint   ] Safepoint "Cleanup", Time since last: 30005940572 ns, Reaching safepoint: 305783 ns, At safepoint: 50495 ns, Total: 356278 ns
[2022-08-29T03:00:49.384+0000][7][safepoint   ] Safepoint "Cleanup", Time since last: 30006045698 ns, Reaching safepoint: 428504 ns, At safepoint: 54161 ns, Total: 482665 ns
[2022-08-29T03:01:19.391+0000][7][safepoint   ] Safepoint "Cleanup", Time since last: 30006844396 ns, Reaching safepoint: 412283 ns, At safepoint: 63840 ns, Total: 476123 ns
[2022-08-29T03:01:20.393+0000][7][safepoint   ] Safepoint "Cleanup", Time since last: 1000752862 ns, Reaching safepoint: 334807 ns, At safepoint: 49473 ns, Total: 384280 ns
[2022-08-29T03:01:49.398+0000][7][safepoint   ] Safepoint "Cleanup", Time since last: 29005015968 ns, Reaching safepoint: 344696 ns, At safepoint: 9568 ns, Total: 354264 ns
[2022-08-29T03:02:19.405+0000][7][safepoint   ] Safepoint "Cleanup", Time since last: 30005692536 ns, Reaching safepoint: 247344 ns, At safepoint: 38372 ns, Total: 285716 ns
[2022-08-29T03:02:45.457+0000][7][safepoint   ] Safepoint "Cleanup", Time since last: 26052959101 ns, Reaching safepoint: 260088 ns, At safepoint: 4819 ns, Total: 264907 ns
[2022-08-29T03:02:49.459+0000][7][safepoint   ] Safepoint "Cleanup", Time since last: 4001054728 ns, Reaching safepoint: 280526 ns, At safepoint: 79980 ns, Total: 360506 ns
[2022-08-29T03:03:19.465+0000][7][safepoint   ] Safepoint "Cleanup", Time since last: 30005626012 ns, Reaching safepoint: 288611 ns, At safepoint: 74550 ns, Total: 363161 ns
[2022-08-29T03:03:49.472+0000][7][safepoint   ] Safepoint "Cleanup", Time since last: 30007269793 ns, Reaching safepoint: 279384 ns, At safepoint: 8837 ns, Total: 288221 ns
[2022-08-29T03:04:10.478+0000][7][safepoint   ] Safepoint "Cleanup", Time since last: 21004915699 ns, Reaching safepoint: 395531 ns, At safepoint: 75902 ns, Total: 471433 ns
[2022-08-29T03:04:19.481+0000][7][safepoint   ] Safepoint "Cleanup", Time since last: 9002207160 ns, Reaching safepoint: 394128 ns, At safepoint: 76354 ns, Total: 470482 ns
[2022-08-29T03:04:45.524+0000][7][safepoint   ] Safepoint "Cleanup", Time since last: 26043652781 ns, Reaching safepoint: 303309 ns, At safepoint: 25828 ns, Total: 329137 ns
[2022-08-29T03:04:49.525+0000][7][safepoint   ] Safepoint "Cleanup", Time since last: 4001034701 ns, Reaching safepoint: 223759 ns, At safepoint: 43011 ns, Total: 266770 ns
[2022-08-29T03:05:19.321+0000][7][safepoint   ] Safepoint "Cleanup", Time since last: 29794793170 ns, Reaching safepoint: 366817 ns, At safepoint: 9959 ns, Total: 376776 ns
[2022-08-29T03:05:49.448+0000][7][safepoint   ] Safepoint "Cleanup", Time since last: 30127313806 ns, Reaching safepoint: 399569 ns, At safepoint: 47509 ns, Total: 447078 ns
[2022-08-29T03:06:19.458+0000][7][safepoint   ] Safepoint "Cleanup", Time since last: 30005133207 ns, Reaching safepoint: 353022 ns, At safepoint: 5981 ns, Total: 359003 ns
[2022-08-29T03:07:17.464+0000][7][safepoint   ] Safepoint "Cleanup", Time since last: 58010385749 ns, Reaching safepoint: 484769 ns, At safepoint: 6432 ns, Total: 491201 ns
[2022-08-29T03:07:21.491+0000][7][safepoint   ] Safepoint "Cleanup", Time since last: 4026825418 ns, Reaching safepoint: 300985 ns, At safepoint: 52949 ns, Total: 353934 ns
[2022-08-29T03:07:47.497+0000][7][safepoint   ] Safepoint "Cleanup", Time since last: 26004834787 ns, Reaching safepoint: 454012 ns, At safepoint: 62908 ns, Total: 516920 ns
[2022-08-29T03:07:51.499+0000][7][safepoint   ] Safepoint "Cleanup", Time since last: 4001510953 ns, Reaching safepoint: 438903 ns, At safepoint: 70573 ns, Total: 509476 ns
[2022-08-29T03:08:26.506+0000][7][safepoint   ] Safepoint "Cleanup", Time since last: 35006526379 ns, Reaching safepoint: 476203 ns, At safepoint: 51136 ns, Total: 527339 ns
[2022-08-29T03:08:46.814+0000][7][safepoint   ] Safepoint "Cleanup", Time since last: 20307390560 ns, Reaching safepoint: 389871 ns, At safepoint: 75601 ns, Total: 465472 ns
[2022-08-29T03:08:51.816+0000][7][safepoint   ] Safepoint "Cleanup", Time since last: 5001511335 ns, Reaching safepoint: 492443 ns, At safepoint: 54773 ns, Total: 547216 ns
[2022-08-29T03:09:22.167+0000][7][safepoint   ] Safepoint "Cleanup", Time since last: 30350494359 ns, Reaching safepoint: 329518 ns, At safepoint: 53731 ns, Total: 383249 ns
[2022-08-29T03:09:52.174+0000][7][safepoint   ] Safepoint "Cleanup", Time since last: 30006253487 ns, Reaching safepoint: 339397 ns, At safepoint: 71273 ns, Total: 410670 ns
[2022-08-29T03:10:17.400+0000][7][safepoint   ] Safepoint "Cleanup", Time since last: 25225591036 ns, Reaching safepoint: 410931 ns, At safepoint: 50885 ns, Total: 461816 ns
[2022-08-29T03:10:45.407+0000][7][safepoint   ] Safepoint "Cleanup", Time since last: 28005441505 ns, Reaching safepoint: 669125 ns, At safepoint: 28162 ns, Total: 697287 ns
[2022-08-29T03:10:52.617+0000][7][safepoint   ] Safepoint "Cleanup", Time since last: 7210269706 ns, Reaching safepoint: 325591 ns, At safepoint: 62287 ns, Total: 387878 ns
[2022-08-29T03:11:12.622+0000][7][safepoint   ] Safepoint "Cleanup", Time since last: 20004443473 ns, Reaching safepoint: 250510 ns, At safepoint: 53891 ns, Total: 304401 ns
[2022-08-29T03:11:15.623+0000][7][safepoint   ] Safepoint "Cleanup", Time since last: 3000947998 ns, Reaching safepoint: 260478 ns, At safepoint: 59943 ns, Total: 320421 ns
[2022-08-29T03:11:22.625+0000][7][safepoint   ] Safepoint "Cleanup", Time since last: 7001595562 ns, Reaching safepoint: 256571 ns, At safepoint: 49342 ns, Total: 305913 ns
[2022-08-29T03:11:47.629+0000][7][safepoint   ] Safepoint "Cleanup", Time since last: 25004641025 ns, Reaching safepoint: 256341 ns, At safepoint: 25237 ns, Total: 281578 ns
[2022-08-29T03:11:52.834+0000][7][safepoint   ] Safepoint "Cleanup", Time since last: 5201433398 ns, Reaching safepoint: 295574 ns, At safepoint: 49082 ns, Total: 344656 ns
[2022-08-29T03:12:11.838+0000][7][safepoint   ] Safepoint "Cleanup", Time since last: 19003279060 ns, Reaching safepoint: 249117 ns, At safepoint: 8356 ns, Total: 257473 ns
[2022-08-29T03:12:52.842+0000][7][safepoint   ] Safepoint "Cleanup", Time since last: 41007353741 ns, Reaching safepoint: 348043 ns, At safepoint: 65423 ns, Total: 413466 ns
[2022-08-29T03:13:16.847+0000][7][safepoint   ] Safepoint "Cleanup", Time since last: 24005001300 ns, Reaching safepoint: 290685 ns, At safepoint: 2795 ns, Total: 293480 ns
[2022-08-29T03:13:22.850+0000][7][safepoint   ] Safepoint "Cleanup", Time since last: 6001935119 ns, Reaching safepoint: 346800 ns, At safepoint: 67466 ns, Total: 414266 ns
[2022-08-29T03:13:52.856+0000][7][safepoint   ] Safepoint "Cleanup", Time since last: 30006214215 ns, Reaching safepoint: 203120 ns, At safepoint: 23945 ns, Total: 227065 ns
[2022-08-29T03:14:09.636+0000][7][safepoint   ] Safepoint "ICBufferFull", Time since last: 16779909703 ns, Reaching safepoint: 322424 ns, At safepoint: 46287 ns, Total: 368711 ns
[2022-08-29T03:14:10.637+0000][7][safepoint   ] Safepoint "Cleanup", Time since last: 1000771397 ns, Reaching safepoint: 251541 ns, At safepoint: 25789 ns, Total: 277330 ns
[2022-08-29T03:14:11.638+0000][7][safepoint   ] Safepoint "Cleanup", Time since last: 1000827892 ns, Reaching safepoint: 192100 ns, At safepoint: 24927 ns, Total: 217027 ns
[2022-08-29T03:14:15.640+0000][7][safepoint   ] Safepoint "Cleanup", Time since last: 4000880702 ns, Reaching safepoint: 919754 ns, At safepoint: 44624 ns, Total: 964378 ns
[2022-08-29T03:14:17.643+0000][7][safepoint   ] Safepoint "Cleanup", Time since last: 2002649257 ns, Reaching safepoint: 203062 ns, At safepoint: 29695 ns, Total: 232757 ns
[2022-08-29T03:14:22.645+0000][7][safepoint   ] Safepoint "Cleanup", Time since last: 5000950192 ns, Reaching safepoint: 358632 ns, At safepoint: 49182 ns, Total: 407814 ns
[2022-08-29T03:14:30.646+0000][7][safepoint   ] Safepoint "Cleanup", Time since last: 8001355092 ns, Reaching safepoint: 214943 ns, At safepoint: 24857 ns, Total: 239800 ns
[2022-08-29T03:14:52.649+0000][7][safepoint   ] Safepoint "Cleanup", Time since last: 22002992432 ns, Reaching safepoint: 239258 ns, At safepoint: 30257 ns, Total: 269515 ns
[2022-08-29T03:15:16.743+0000][7][safepoint   ] Safepoint "Cleanup", Time since last: 24093992970 ns, Reaching safepoint: 211336 ns, At safepoint: 3256 ns, Total: 214592 ns
[2022-08-29T03:15:17.745+0000][7][safepoint   ] Safepoint "Cleanup", Time since last: 1000957275 ns, Reaching safepoint: 185096 ns, At safepoint: 22353 ns, Total: 207449 ns
[2022-08-29T03:15:22.746+0000][7][safepoint   ] Safepoint "Cleanup", Time since last: 5000832541 ns, Reaching safepoint: 399719 ns, At safepoint: 15420 ns, Total: 415139 ns
[2022-08-29T03:15:45.751+0000][7][safepoint   ] Safepoint "Cleanup", Time since last: 23004507924 ns, Reaching safepoint: 361458 ns, At safepoint: 7754 ns, Total: 369212 ns
[2022-08-29T03:15:52.753+0000][7][safepoint   ] Safepoint "Cleanup", Time since last: 7001580133 ns, Reaching safepoint: 358302 ns, At safepoint: 15489 ns, Total: 373791 ns
[2022-08-29T03:16:22.759+0000][7][safepoint   ] Safepoint "Cleanup", Time since last: 30005605153 ns, Reaching safepoint: 322895 ns, At safepoint: 45996 ns, Total: 368891 ns
[2022-08-29T03:17:23.025+0000][7][safepoint   ] Safepoint "Cleanup", Time since last: 60265524024 ns, Reaching safepoint: 284683 ns, At safepoint: 57548 ns, Total: 342231 ns
[2022-08-29T03:17:53.031+0000][7][safepoint   ] Safepoint "Cleanup", Time since last: 30005558506 ns, Reaching safepoint: 287419 ns, At safepoint: 53430 ns, Total: 340849 ns
[2022-08-29T03:18:30.160+0000][7][safepoint   ] Safepoint "Cleanup", Time since last: 37125775292 ns, Reaching safepoint: 283231 ns, At safepoint: 55404 ns, Total: 338635 ns
[2022-08-29T03:18:53.161+0000][7][safepoint   ] Safepoint "Cleanup", Time since last: 23004273404 ns, Reaching safepoint: 251853 ns, At safepoint: 37991 ns, Total: 289844 ns
[2022-08-29T03:19:13.165+0000][7][safepoint   ] Safepoint "Cleanup", Time since last: 20003256358 ns, Reaching safepoint: 206507 ns, At safepoint: 23714 ns, Total: 230221 ns
[2022-08-29T03:19:14.166+0000][7][safepoint   ] Safepoint "Cleanup", Time since last: 1000373862 ns, Reaching safepoint: 209673 ns, At safepoint: 26098 ns, Total: 235771 ns
[2022-08-29T03:19:23.199+0000][7][safepoint   ] Safepoint "Cleanup", Time since last: 9034045847 ns, Reaching safepoint: 220894 ns, At safepoint: 49292 ns, Total: 270186 ns
[2022-08-29T03:21:39.646+0000][7][safepoint   ] Safepoint "Cleanup", Time since last: 136445409347 ns, Reaching safepoint: 330609 ns, At safepoint: 24887 ns, Total: 355496 ns
[2022-08-29T03:21:40.664+0000][7][safepoint   ] Safepoint "Cleanup", Time since last: 1017945298 ns, Reaching safepoint: 204884 ns, At safepoint: 24426 ns, Total: 229310 ns
[2022-08-29T03:21:42.861+0000][7][safepoint   ] Safepoint "Cleanup", Time since last: 2197116974 ns, Reaching safepoint: 232276 ns, At safepoint: 74159 ns, Total: 306435 ns
[2022-08-29T03:21:57.660+0000][7][safepoint   ] Safepoint "Cleanup", Time since last: 14798153339 ns, Reaching safepoint: 341640 ns, At safepoint: 49272 ns, Total: 390912 ns
[2022-08-29T03:22:19.665+0000][7][safepoint   ] Safepoint "Cleanup", Time since last: 22004383902 ns, Reaching safepoint: 164749 ns, At safepoint: 3156 ns, Total: 167905 ns
[2022-08-29T03:22:27.602+0000][7][safepoint   ] Safepoint "Cleanup", Time since last: 7937592658 ns, Reaching safepoint: 188853 ns, At safepoint: 23825 ns, Total: 212678 ns
[2022-08-29T03:22:53.740+0000][7][gc,start    ] GC(33) Pause Young (Normal) (G1 Evacuation Pause)
[2022-08-29T03:22:53.741+0000][7][gc,task     ] GC(33) Using 6 workers of 6 for evacuation
[2022-08-29T03:22:53.742+0000][7][gc,age      ] GC(33) Desired survivor size 8388608 bytes, new threshold 15 (max threshold 15)
[2022-08-29T03:22:53.747+0000][7][gc,age      ] GC(33) Age table with threshold 15 (max threshold 15)
[2022-08-29T03:22:53.748+0000][7][gc,age      ] GC(33) - age   1:     255480 bytes,     255480 total
[2022-08-29T03:22:53.748+0000][7][gc,age      ] GC(33) - age   2:    1960624 bytes,    2216104 total
[2022-08-29T03:22:53.748+0000][7][gc,age      ] GC(33) - age   3:      32568 bytes,    2248672 total
[2022-08-29T03:22:53.748+0000][7][gc,age      ] GC(33) - age   4:     192744 bytes,    2441416 total
[2022-08-29T03:22:53.749+0000][7][gc,age      ] GC(33) - age   5:    1296824 bytes,    3738240 total
[2022-08-29T03:22:53.749+0000][7][gc,phases   ] GC(33)   Pre Evacuate Collection Set: 0.2ms
[2022-08-29T03:22:53.749+0000][7][gc,phases   ] GC(33)   Merge Heap Roots: 0.1ms
[2022-08-29T03:22:53.749+0000][7][gc,phases   ] GC(33)   Evacuate Collection Set: 3.9ms
[2022-08-29T03:22:53.749+0000][7][gc,phases   ] GC(33)   Post Evacuate Collection Set: 1.4ms
[2022-08-29T03:22:53.750+0000][7][gc,phases   ] GC(33)   Other: 3.3ms
[2022-08-29T03:22:53.750+0000][7][gc,heap     ] GC(33) Eden regions: 26->0(26)
[2022-08-29T03:22:53.750+0000][7][gc,heap     ] GC(33) Survivor regions: 1->1(4)
[2022-08-29T03:22:53.750+0000][7][gc,heap     ] GC(33) Old regions: 20->20
[2022-08-29T03:22:53.750+0000][7][gc,heap     ] GC(33) Archive regions: 2->2
[2022-08-29T03:22:53.751+0000][7][gc,heap     ] GC(33) Humongous regions: 2->2
[2022-08-29T03:22:53.751+0000][7][gc,metaspace] GC(33) Metaspace: 99022K(103176K)->99022K(103176K) NonClass: 85905K(88968K)->85905K(88968K) Class: 13116K(14208K)->13116K(14208K)
[2022-08-29T03:22:53.751+0000][7][gc          ] GC(33) Pause Young (Normal) (G1 Evacuation Pause) 195M->92M(256M) 10.768ms
[2022-08-29T03:22:53.751+0000][7][gc,cpu      ] GC(33) User=0.02s Sys=0.00s Real=0.01s
[2022-08-29T03:22:53.751+0000][7][safepoint   ] Safepoint "G1CollectForAllocation", Time since last: 29131705541 ns, Reaching safepoint: 223539 ns, At safepoint: 11159374 ns, Total: 11382913 ns
[2022-08-29T03:22:54.752+0000][7][safepoint   ] Safepoint "Cleanup", Time since last: 1000455263 ns, Reaching safepoint: 229400 ns, At safepoint: 6723 ns, Total: 236123 ns
[2022-08-29T03:23:14.749+0000][7][safepoint   ] Safepoint "Cleanup", Time since last: 17003142304 ns, Reaching safepoint: 248406 ns, At safepoint: 23293 ns, Total: 271699 ns
[2022-08-29T03:23:15.750+0000][7][safepoint   ] Safepoint "Cleanup", Time since last: 1000433964 ns, Reaching safepoint: 407644 ns, At safepoint: 12374 ns, Total: 420018 ns
[2022-08-29T03:23:20.752+0000][7][safepoint   ] Safepoint "Cleanup", Time since last: 5001444658 ns, Reaching safepoint: 341631 ns, At safepoint: 67777 ns, Total: 409408 ns
[2022-08-29T03:23:21.753+0000][7][safepoint   ] Safepoint "Cleanup", Time since last: 1000800512 ns, Reaching safepoint: 314689 ns, At safepoint: 26941 ns, Total: 341630 ns
[2022-08-29T03:23:27.755+0000][7][safepoint   ] Safepoint "Cleanup", Time since last: 6001252169 ns, Reaching safepoint: 337723 ns, At safepoint: 41989 ns, Total: 379712 ns
[2022-08-29T03:23:49.759+0000][7][safepoint   ] Safepoint "Cleanup", Time since last: 22004534433 ns, Reaching safepoint: 450445 ns, At safepoint: 71725 ns, Total: 522170 ns
[2022-08-29T03:23:57.762+0000][7][safepoint   ] Safepoint "Cleanup", Time since last: 8002156073 ns, Reaching safepoint: 396093 ns, At safepoint: 73357 ns, Total: 469450 ns
[2022-08-29T03:24:02.764+0000][7][safepoint   ] Safepoint "Cleanup", Time since last: 5001309917 ns, Reaching safepoint: 621445 ns, At safepoint: 64992 ns, Total: 686437 ns
[2022-08-29T03:24:05.766+0000][7][safepoint   ] Safepoint "Cleanup", Time since last: 3001266444 ns, Reaching safepoint: 217588 ns, At safepoint: 25327 ns, Total: 242915 ns
[2022-08-29T03:24:07.767+0000][7][safepoint   ] Safepoint "Cleanup", Time since last: 2000758162 ns, Reaching safepoint: 280656 ns, At safepoint: 26630 ns, Total: 307286 ns
[2022-08-29T03:24:27.771+0000][7][safepoint   ] Safepoint "Cleanup", Time since last: 20003772987 ns, Reaching safepoint: 453360 ns, At safepoint: 9498 ns, Total: 462858 ns
[2022-08-29T03:24:57.777+0000][7][safepoint   ] Safepoint "Cleanup", Time since last: 30005224609 ns, Reaching safepoint: 464160 ns, At safepoint: 63499 ns, Total: 527659 ns
[2022-08-29T03:25:19.781+0000][7][safepoint   ] Safepoint "Cleanup", Time since last: 22003795479 ns, Reaching safepoint: 440275 ns, At safepoint: 31590 ns, Total: 471865 ns
[2022-08-29T03:25:27.783+0000][7][safepoint   ] Safepoint "Cleanup", Time since last: 8001366072 ns, Reaching safepoint: 314309 ns, At safepoint: 50434 ns, Total: 364743 ns
[2022-08-29T03:25:51.787+0000][7][safepoint   ] Safepoint "Cleanup", Time since last: 24004045258 ns, Reaching safepoint: 401713 ns, At safepoint: 6913 ns, Total: 408626 ns
[2022-08-29T03:25:57.789+0000][7][safepoint   ] Safepoint "Cleanup", Time since last: 6001573030 ns, Reaching safepoint: 429215 ns, At safepoint: 72876 ns, Total: 502091 ns
[2022-08-29T03:27:27.804+0000][7][safepoint   ] Safepoint "Cleanup", Time since last: 90014826187 ns, Reaching safepoint: 377368 ns, At safepoint: 5029 ns, Total: 382397 ns
[2022-08-29T03:27:44.808+0000][7][safepoint   ] Safepoint "Cleanup", Time since last: 17003581878 ns, Reaching safepoint: 237255 ns, At safepoint: 57187 ns, Total: 294442 ns
[2022-08-29T03:27:57.811+0000][7][safepoint   ] Safepoint "Cleanup", Time since last: 13002336963 ns, Reaching safepoint: 257423 ns, At safepoint: 46978 ns, Total: 304401 ns
[2022-08-29T03:28:20.816+0000][7][safepoint   ] Safepoint "Cleanup", Time since last: 23004482386 ns, Reaching safepoint: 294212 ns, At safepoint: 43962 ns, Total: 338174 ns
[2022-08-29T03:28:21.817+0000][7][safepoint   ] Safepoint "Cleanup", Time since last: 1000473218 ns, Reaching safepoint: 386655 ns, At safepoint: 36548 ns, Total: 423203 ns
[2022-08-29T03:28:27.818+0000][7][safepoint   ] Safepoint "Cleanup", Time since last: 6001225659 ns, Reaching safepoint: 175769 ns, At safepoint: 7705 ns, Total: 183474 ns
[2022-08-29T03:28:40.821+0000][7][safepoint   ] Safepoint "Cleanup", Time since last: 13003150608 ns, Reaching safepoint: 273102 ns, At safepoint: 53510 ns, Total: 326612 ns
[2022-08-29T03:28:40.851+0000][7][gc,heap,exit] Heap
[2022-08-29T03:28:40.852+0000][7][gc,heap,exit]  garbage-first heap   total 262144K, used 139300K [0x00000000f0000000, 0x0000000100000000)
[2022-08-29T03:28:40.852+0000][7][gc,heap,exit]   region size 4096K, 14 young (57344K), 1 survivors (4096K)
[2022-08-29T03:28:40.852+0000][7][gc,heap,exit]  Metaspace       used 99663K, capacity 103009K, committed 103816K, reserved 1138688K
[2022-08-29T03:28:40.852+0000][7][gc,heap,exit]   class space    used 13203K, capacity 14289K, committed 14336K, reserved 1048576K
