[2022-08-29T04:30:16.720+0000][7][gc] Using G1
[2022-08-29T04:30:16.808+0000][7][gc,init] Version: 15.0.1+9 (release)
[2022-08-29T04:30:16.808+0000][7][gc,init] CPUs: 6 total, 6 available
[2022-08-29T04:30:16.809+0000][7][gc,init] Memory: 5874M
[2022-08-29T04:30:16.809+0000][7][gc,init] Large Page Support: Disabled
[2022-08-29T04:30:16.809+0000][7][gc,init] NUMA Support: Disabled
[2022-08-29T04:30:16.809+0000][7][gc,init] Compressed Oops: Enabled (32-bit)
[2022-08-29T04:30:16.809+0000][7][gc,init] Heap Region Size: 4M
[2022-08-29T04:30:16.809+0000][7][gc,init] Heap Min Capacity: 256M
[2022-08-29T04:30:16.809+0000][7][gc,init] Heap Initial Capacity: 256M
[2022-08-29T04:30:16.810+0000][7][gc,init] Heap Max Capacity: 256M
[2022-08-29T04:30:16.810+0000][7][gc,init] Pre-touch: Enabled
[2022-08-29T04:30:16.810+0000][7][gc,init] Parallel Workers: 6
[2022-08-29T04:30:16.810+0000][7][gc,init] Concurrent Workers: 2
[2022-08-29T04:30:16.810+0000][7][gc,init] Concurrent Refinement Workers: 6
[2022-08-29T04:30:16.810+0000][7][gc,init] Periodic GC: Disabled
[2022-08-29T04:30:16.811+0000][7][gc,cds ] Mark closed archive regions in map: [0x00000000ffc00000, 0x00000000ffc7bff8]
[2022-08-29T04:30:16.811+0000][7][gc,cds ] Mark open archive regions in map: [0x00000000ffb00000, 0x00000000ffb51ff8]
[2022-08-29T04:30:16.811+0000][7][gc,metaspace] CDS archive(s) mapped at: [0x0000000800000000-0x0000000800b2a000-0x0000000800b2a000), size 11706368, SharedBaseAddress: 0x0000000800000000, ArchiveRelocationMode: 0.
[2022-08-29T04:30:16.811+0000][7][gc,metaspace] Compressed class space mapped at: 0x0000000800b2c000-0x0000000840b2c000, size: 1073741824
[2022-08-29T04:30:16.811+0000][7][gc,metaspace] Narrow klass base: 0x0000000800000000, Narrow klass shift: 3, Narrow klass range: 0x100000000
[2022-08-29T04:30:17.201+0000][7][gc,start    ] GC(0) Pause Young (Normal) (G1 Evacuation Pause)
[2022-08-29T04:30:17.202+0000][7][gc,task     ] GC(0) Using 6 workers of 6 for evacuation
[2022-08-29T04:30:17.202+0000][7][gc,age      ] GC(0) Desired survivor size 2097152 bytes, new threshold 15 (max threshold 15)
[2022-08-29T04:30:17.210+0000][7][gc,age      ] GC(0) Age table with threshold 15 (max threshold 15)
[2022-08-29T04:30:17.210+0000][7][gc,age      ] GC(0) - age   1:    3363496 bytes,    3363496 total
[2022-08-29T04:30:17.210+0000][7][gc,phases   ] GC(0)   Pre Evacuate Collection Set: 0.1ms
[2022-08-29T04:30:17.210+0000][7][gc,phases   ] GC(0)   Merge Heap Roots: 0.1ms
[2022-08-29T04:30:17.211+0000][7][gc,phases   ] GC(0)   Evacuate Collection Set: 6.6ms
[2022-08-29T04:30:17.211+0000][7][gc,phases   ] GC(0)   Post Evacuate Collection Set: 1.1ms
[2022-08-29T04:30:17.211+0000][7][gc,phases   ] GC(0)   Other: 1.9ms
[2022-08-29T04:30:17.211+0000][7][gc,heap     ] GC(0) Eden regions: 4->0(4)
[2022-08-29T04:30:17.211+0000][7][gc,heap     ] GC(0) Survivor regions: 0->1(1)
[2022-08-29T04:30:17.211+0000][7][gc,heap     ] GC(0) Old regions: 0->0
[2022-08-29T04:30:17.211+0000][7][gc,heap     ] GC(0) Archive regions: 2->2
[2022-08-29T04:30:17.211+0000][7][gc,heap     ] GC(0) Humongous regions: 0->0
[2022-08-29T04:30:17.212+0000][7][gc,metaspace] GC(0) Metaspace: 5093K(7680K)->5093K(7680K) NonClass: 4572K(6912K)->4572K(6912K) Class: 521K(768K)->521K(768K)
[2022-08-29T04:30:17.212+0000][7][gc          ] GC(0) Pause Young (Normal) (G1 Evacuation Pause) 19M->7M(256M) 11.082ms
[2022-08-29T04:30:17.212+0000][7][gc,cpu      ] GC(0) User=0.02s Sys=0.00s Real=0.01s
[2022-08-29T04:30:17.212+0000][7][safepoint   ] Safepoint "G1CollectForAllocation", Time since last: 382619582 ns, Reaching safepoint: 316172 ns, At safepoint: 11453716 ns, Total: 11769888 ns
[2022-08-29T04:30:17.751+0000][7][safepoint   ] Safepoint "ICBufferFull", Time since last: 538755998 ns, Reaching safepoint: 195707 ns, At safepoint: 36829 ns, Total: 232536 ns
[2022-08-29T04:30:17.798+0000][7][gc,start    ] GC(1) Pause Young (Normal) (G1 Evacuation Pause)
[2022-08-29T04:30:17.798+0000][7][gc,task     ] GC(1) Using 6 workers of 6 for evacuation
[2022-08-29T04:30:17.798+0000][7][gc,age      ] GC(1) Desired survivor size 2097152 bytes, new threshold 1 (max threshold 15)
[2022-08-29T04:30:17.802+0000][7][gc,age      ] GC(1) Age table with threshold 1 (max threshold 15)
[2022-08-29T04:30:17.803+0000][7][gc,age      ] GC(1) - age   1:    1251392 bytes,    1251392 total
[2022-08-29T04:30:17.803+0000][7][gc,phases   ] GC(1)   Pre Evacuate Collection Set: 0.1ms
[2022-08-29T04:30:17.803+0000][7][gc,phases   ] GC(1)   Merge Heap Roots: 0.1ms
[2022-08-29T04:30:17.803+0000][7][gc,phases   ] GC(1)   Evacuate Collection Set: 3.3ms
[2022-08-29T04:30:17.803+0000][7][gc,phases   ] GC(1)   Post Evacuate Collection Set: 0.5ms
[2022-08-29T04:30:17.804+0000][7][gc,phases   ] GC(1)   Other: 1.5ms
[2022-08-29T04:30:17.804+0000][7][gc,heap     ] GC(1) Eden regions: 4->0(10)
[2022-08-29T04:30:17.804+0000][7][gc,heap     ] GC(1) Survivor regions: 1->1(1)
[2022-08-29T04:30:17.804+0000][7][gc,heap     ] GC(1) Old regions: 0->1
[2022-08-29T04:30:17.804+0000][7][gc,heap     ] GC(1) Archive regions: 2->2
[2022-08-29T04:30:17.804+0000][7][gc,heap     ] GC(1) Humongous regions: 0->0
[2022-08-29T04:30:17.804+0000][7][gc,metaspace] GC(1) Metaspace: 9779K(10496K)->9779K(10496K) NonClass: 8620K(9216K)->8620K(9216K) Class: 1159K(1280K)->1159K(1280K)
[2022-08-29T04:30:17.805+0000][7][gc          ] GC(1) Pause Young (Normal) (G1 Evacuation Pause) 23M->8M(256M) 6.830ms
[2022-08-29T04:30:17.805+0000][7][gc,cpu      ] GC(1) User=0.01s Sys=0.01s Real=0.01s
[2022-08-29T04:30:17.805+0000][7][safepoint   ] Safepoint "G1CollectForAllocation", Time since last: 46429065 ns, Reaching safepoint: 237876 ns, At safepoint: 7177287 ns, Total: 7415163 ns
[2022-08-29T04:30:18.725+0000][7][safepoint   ] Safepoint "ICBufferFull", Time since last: 919619176 ns, Reaching safepoint: 216286 ns, At safepoint: 11431 ns, Total: 227717 ns
[2022-08-29T04:30:18.940+0000][7][gc,start    ] GC(2) Pause Young (Normal) (G1 Evacuation Pause)
[2022-08-29T04:30:18.941+0000][7][gc,task     ] GC(2) Using 6 workers of 6 for evacuation
[2022-08-29T04:30:18.942+0000][7][gc,age      ] GC(2) Desired survivor size 4194304 bytes, new threshold 15 (max threshold 15)
[2022-08-29T04:30:18.959+0000][7][gc,age      ] GC(2) Age table with threshold 15 (max threshold 15)
[2022-08-29T04:30:18.963+0000][7][gc,age      ] GC(2) - age   1:    2395336 bytes,    2395336 total
[2022-08-29T04:30:18.964+0000][7][gc,age      ] GC(2) - age   2:    1202888 bytes,    3598224 total
[2022-08-29T04:30:18.967+0000][7][gc,phases   ] GC(2)   Pre Evacuate Collection Set: 0.1ms
[2022-08-29T04:30:18.967+0000][7][gc,phases   ] GC(2)   Merge Heap Roots: 0.0ms
[2022-08-29T04:30:18.967+0000][7][gc,phases   ] GC(2)   Evacuate Collection Set: 9.0ms
[2022-08-29T04:30:18.968+0000][7][gc,phases   ] GC(2)   Post Evacuate Collection Set: 4.4ms
[2022-08-29T04:30:18.968+0000][7][gc,phases   ] GC(2)   Other: 13.5ms
[2022-08-29T04:30:18.968+0000][7][gc,heap     ] GC(2) Eden regions: 10->0(34)
[2022-08-29T04:30:18.968+0000][7][gc,heap     ] GC(2) Survivor regions: 1->1(2)
[2022-08-29T04:30:18.968+0000][7][gc,heap     ] GC(2) Old regions: 1->1
[2022-08-29T04:30:18.969+0000][7][gc,heap     ] GC(2) Archive regions: 2->2
[2022-08-29T04:30:18.969+0000][7][gc,heap     ] GC(2) Humongous regions: 0->0
[2022-08-29T04:30:18.977+0000][7][gc,metaspace] GC(2) Metaspace: 14331K(14848K)->14331K(14848K) NonClass: 12654K(13056K)->12654K(13056K) Class: 1676K(1792K)->1676K(1792K)
[2022-08-29T04:30:18.978+0000][7][gc          ] GC(2) Pause Young (Normal) (G1 Evacuation Pause) 48M->10M(256M) 37.855ms
[2022-08-29T04:30:18.983+0000][7][gc,cpu      ] GC(2) User=0.02s Sys=0.00s Real=0.04s
[2022-08-29T04:30:18.988+0000][7][safepoint   ] Safepoint "G1CollectForAllocation", Time since last: 214888476 ns, Reaching safepoint: 263494 ns, At safepoint: 48640902 ns, Total: 48904396 ns
[2022-08-29T04:30:19.574+0000][7][safepoint   ] Safepoint "ICBufferFull", Time since last: 578376475 ns, Reaching safepoint: 7589631 ns, At safepoint: 38853 ns, Total: 7628484 ns
[2022-08-29T04:30:19.579+0000][7][safepoint   ] Safepoint "ICBufferFull", Time since last: 4539852 ns, Reaching safepoint: 119614 ns, At safepoint: 40837 ns, Total: 160451 ns
[2022-08-29T04:30:19.583+0000][7][safepoint   ] Safepoint "ICBufferFull", Time since last: 3373556 ns, Reaching safepoint: 110276 ns, At safepoint: 21771 ns, Total: 132047 ns
[2022-08-29T04:30:19.586+0000][7][safepoint   ] Safepoint "ICBufferFull", Time since last: 3457783 ns, Reaching safepoint: 136276 ns, At safepoint: 16751 ns, Total: 153027 ns
[2022-08-29T04:30:19.594+0000][7][safepoint   ] Safepoint "ICBufferFull", Time since last: 7387412 ns, Reaching safepoint: 170800 ns, At safepoint: 44784 ns, Total: 215584 ns
[2022-08-29T04:30:19.604+0000][7][safepoint   ] Safepoint "ICBufferFull", Time since last: 9868273 ns, Reaching safepoint: 252383 ns, At safepoint: 26370 ns, Total: 278753 ns
[2022-08-29T04:30:19.608+0000][7][safepoint   ] Safepoint "ICBufferFull", Time since last: 3964864 ns, Reaching safepoint: 110036 ns, At safepoint: 5360 ns, Total: 115396 ns
[2022-08-29T04:30:19.616+0000][7][safepoint   ] Safepoint "ICBufferFull", Time since last: 7620549 ns, Reaching safepoint: 121197 ns, At safepoint: 4528 ns, Total: 125725 ns
[2022-08-29T04:30:19.618+0000][7][safepoint   ] Safepoint "ICBufferFull", Time since last: 2253676 ns, Reaching safepoint: 155351 ns, At safepoint: 4208 ns, Total: 159559 ns
[2022-08-29T04:30:19.622+0000][7][safepoint   ] Safepoint "ICBufferFull", Time since last: 3618365 ns, Reaching safepoint: 205635 ns, At safepoint: 20689 ns, Total: 226324 ns
[2022-08-29T04:30:19.625+0000][7][safepoint   ] Safepoint "ICBufferFull", Time since last: 2757019 ns, Reaching safepoint: 185117 ns, At safepoint: 2926 ns, Total: 188043 ns
[2022-08-29T04:30:19.631+0000][7][safepoint   ] Safepoint "ICBufferFull", Time since last: 5520681 ns, Reaching safepoint: 74290 ns, At safepoint: 5099 ns, Total: 79389 ns
[2022-08-29T04:30:19.633+0000][7][safepoint   ] Safepoint "ICBufferFull", Time since last: 2654567 ns, Reaching safepoint: 146395 ns, At safepoint: 22983 ns, Total: 169378 ns
[2022-08-29T04:30:19.638+0000][7][safepoint   ] Safepoint "ICBufferFull", Time since last: 4393598 ns, Reaching safepoint: 75952 ns, At safepoint: 20068 ns, Total: 96020 ns
[2022-08-29T04:30:19.641+0000][7][safepoint   ] Safepoint "ICBufferFull", Time since last: 2520676 ns, Reaching safepoint: 202029 ns, At safepoint: 22352 ns, Total: 224381 ns
[2022-08-29T04:30:19.900+0000][7][safepoint   ] Safepoint "ICBufferFull", Time since last: 258826440 ns, Reaching safepoint: 376555 ns, At safepoint: 29085 ns, Total: 405640 ns
[2022-08-29T04:30:19.943+0000][7][safepoint   ] Safepoint "ICBufferFull", Time since last: 42439975 ns, Reaching safepoint: 228498 ns, At safepoint: 21220 ns, Total: 249718 ns
[2022-08-29T04:30:19.950+0000][7][safepoint   ] Safepoint "ICBufferFull", Time since last: 7471169 ns, Reaching safepoint: 221044 ns, At safepoint: 9368 ns, Total: 230412 ns
[2022-08-29T04:30:19.952+0000][7][safepoint   ] Safepoint "ICBufferFull", Time since last: 1012909 ns, Reaching safepoint: 561803 ns, At safepoint: 23244 ns, Total: 585047 ns
[2022-08-29T04:30:19.954+0000][7][safepoint   ] Safepoint "ICBufferFull", Time since last: 1727920 ns, Reaching safepoint: 156153 ns, At safepoint: 19616 ns, Total: 175769 ns
[2022-08-29T04:30:19.956+0000][7][safepoint   ] Safepoint "ICBufferFull", Time since last: 2418074 ns, Reaching safepoint: 88426 ns, At safepoint: 3997 ns, Total: 92423 ns
[2022-08-29T04:30:19.960+0000][7][safepoint   ] Safepoint "ICBufferFull", Time since last: 3872912 ns, Reaching safepoint: 107151 ns, At safepoint: 2895 ns, Total: 110046 ns
[2022-08-29T04:30:19.962+0000][7][safepoint   ] Safepoint "ICBufferFull", Time since last: 1103390 ns, Reaching safepoint: 191037 ns, At safepoint: 305343 ns, Total: 496380 ns
[2022-08-29T04:30:19.963+0000][7][safepoint   ] Safepoint "ICBufferFull", Time since last: 1236309 ns, Reaching safepoint: 77555 ns, At safepoint: 3146 ns, Total: 80701 ns
[2022-08-29T04:30:19.964+0000][7][safepoint   ] Safepoint "ICBufferFull", Time since last: 1097057 ns, Reaching safepoint: 118692 ns, At safepoint: 4018 ns, Total: 122710 ns
[2022-08-29T04:30:19.970+0000][7][safepoint   ] Safepoint "ICBufferFull", Time since last: 924653 ns, Reaching safepoint: 4292008 ns, At safepoint: 9808 ns, Total: 4301816 ns
[2022-08-29T04:30:19.971+0000][7][safepoint   ] Safepoint "ICBufferFull", Time since last: 1285500 ns, Reaching safepoint: 109325 ns, At safepoint: 4699 ns, Total: 114024 ns
[2022-08-29T04:30:19.972+0000][7][safepoint   ] Safepoint "ICBufferFull", Time since last: 1080266 ns, Reaching safepoint: 91551 ns, At safepoint: 2936 ns, Total: 94487 ns
[2022-08-29T04:30:19.973+0000][7][safepoint   ] Safepoint "ICBufferFull", Time since last: 1087259 ns, Reaching safepoint: 104165 ns, At safepoint: 3516 ns, Total: 107681 ns
[2022-08-29T04:30:19.975+0000][7][safepoint   ] Safepoint "ICBufferFull", Time since last: 1196043 ns, Reaching safepoint: 317575 ns, At safepoint: 21461 ns, Total: 339036 ns
[2022-08-29T04:30:19.976+0000][7][safepoint   ] Safepoint "ICBufferFull", Time since last: 1129508 ns, Reaching safepoint: 148067 ns, At safepoint: 22733 ns, Total: 170800 ns
[2022-08-29T04:30:19.978+0000][7][safepoint   ] Safepoint "ICBufferFull", Time since last: 1625768 ns, Reaching safepoint: 80000 ns, At safepoint: 13646 ns, Total: 93646 ns
[2022-08-29T04:30:19.990+0000][7][gc,start    ] GC(3) Pause Young (Normal) (G1 Evacuation Pause)
[2022-08-29T04:30:19.990+0000][7][gc,task     ] GC(3) Using 6 workers of 6 for evacuation
[2022-08-29T04:30:19.991+0000][7][gc,age      ] GC(3) Desired survivor size 10485760 bytes, new threshold 15 (max threshold 15)
[2022-08-29T04:30:20.005+0000][7][gc,age      ] GC(3) Age table with threshold 15 (max threshold 15)
[2022-08-29T04:30:20.005+0000][7][gc,age      ] GC(3) - age   1:    3935688 bytes,    3935688 total
[2022-08-29T04:30:20.006+0000][7][gc,age      ] GC(3) - age   2:    2337488 bytes,    6273176 total
[2022-08-29T04:30:20.006+0000][7][gc,age      ] GC(3) - age   3:    1186688 bytes,    7459864 total
[2022-08-29T04:30:20.006+0000][7][gc,phases   ] GC(3)   Pre Evacuate Collection Set: 0.2ms
[2022-08-29T04:30:20.006+0000][7][gc,phases   ] GC(3)   Merge Heap Roots: 0.0ms
[2022-08-29T04:30:20.006+0000][7][gc,phases   ] GC(3)   Evacuate Collection Set: 13.0ms
[2022-08-29T04:30:20.007+0000][7][gc,phases   ] GC(3)   Post Evacuate Collection Set: 1.0ms
[2022-08-29T04:30:20.007+0000][7][gc,phases   ] GC(3)   Other: 2.0ms
[2022-08-29T04:30:20.007+0000][7][gc,heap     ] GC(3) Eden regions: 34->0(36)
[2022-08-29T04:30:20.007+0000][7][gc,heap     ] GC(3) Survivor regions: 1->2(5)
[2022-08-29T04:30:20.007+0000][7][gc,heap     ] GC(3) Old regions: 1->1
[2022-08-29T04:30:20.008+0000][7][gc,heap     ] GC(3) Archive regions: 2->2
[2022-08-29T04:30:20.008+0000][7][gc,heap     ] GC(3) Humongous regions: 0->0
[2022-08-29T04:30:20.008+0000][7][gc,metaspace] GC(3) Metaspace: 17695K(18432K)->17695K(18432K) NonClass: 15572K(16128K)->15572K(16128K) Class: 2123K(2304K)->2123K(2304K)
[2022-08-29T04:30:20.008+0000][7][gc          ] GC(3) Pause Young (Normal) (G1 Evacuation Pause) 146M->14M(256M) 18.139ms
[2022-08-29T04:30:20.008+0000][7][gc,cpu      ] GC(3) User=0.02s Sys=0.00s Real=0.02s
[2022-08-29T04:30:20.008+0000][7][safepoint   ] Safepoint "G1CollectForAllocation", Time since last: 11529427 ns, Reaching safepoint: 343515 ns, At safepoint: 18546364 ns, Total: 18889879 ns
[2022-08-29T04:30:20.473+0000][7][gc,start    ] GC(4) Pause Young (Normal) (G1 Evacuation Pause)
[2022-08-29T04:30:20.474+0000][7][gc,task     ] GC(4) Using 6 workers of 6 for evacuation
[2022-08-29T04:30:20.474+0000][7][gc,age      ] GC(4) Desired survivor size 10485760 bytes, new threshold 15 (max threshold 15)
[2022-08-29T04:30:20.502+0000][7][gc,age      ] GC(4) Age table with threshold 15 (max threshold 15)
[2022-08-29T04:30:20.502+0000][7][gc,age      ] GC(4) - age   1:    2608392 bytes,    2608392 total
[2022-08-29T04:30:20.502+0000][7][gc,age      ] GC(4) - age   2:    3320352 bytes,    5928744 total
[2022-08-29T04:30:20.503+0000][7][gc,age      ] GC(4) - age   3:    2337488 bytes,    8266232 total
[2022-08-29T04:30:20.503+0000][7][gc,age      ] GC(4) - age   4:    1186688 bytes,    9452920 total
[2022-08-29T04:30:20.503+0000][7][gc,phases   ] GC(4)   Pre Evacuate Collection Set: 1.9ms
[2022-08-29T04:30:20.503+0000][7][gc,phases   ] GC(4)   Merge Heap Roots: 0.1ms
[2022-08-29T04:30:20.503+0000][7][gc,phases   ] GC(4)   Evacuate Collection Set: 19.5ms
[2022-08-29T04:30:20.503+0000][7][gc,phases   ] GC(4)   Post Evacuate Collection Set: 5.6ms
[2022-08-29T04:30:20.504+0000][7][gc,phases   ] GC(4)   Other: 12.6ms
[2022-08-29T04:30:20.504+0000][7][gc,heap     ] GC(4) Eden regions: 36->0(35)
[2022-08-29T04:30:20.504+0000][7][gc,heap     ] GC(4) Survivor regions: 2->3(5)
[2022-08-29T04:30:20.504+0000][7][gc,heap     ] GC(4) Old regions: 1->1
[2022-08-29T04:30:20.504+0000][7][gc,heap     ] GC(4) Archive regions: 2->2
[2022-08-29T04:30:20.505+0000][7][gc,heap     ] GC(4) Humongous regions: 0->0
[2022-08-29T04:30:20.505+0000][7][gc,metaspace] GC(4) Metaspace: 18277K(19072K)->18277K(19072K) NonClass: 16084K(16640K)->16084K(16640K) Class: 2193K(2432K)->2193K(2432K)
[2022-08-29T04:30:20.505+0000][7][gc          ] GC(4) Pause Young (Normal) (G1 Evacuation Pause) 158M->16M(256M) 32.629ms
[2022-08-29T04:30:20.505+0000][7][gc,cpu      ] GC(4) User=0.04s Sys=0.01s Real=0.04s
[2022-08-29T04:30:20.506+0000][7][safepoint   ] Safepoint "G1CollectForAllocation", Time since last: 453640696 ns, Reaching safepoint: 1166818 ns, At safepoint: 42426921 ns, Total: 43593739 ns
[2022-08-29T04:30:20.807+0000][7][gc,start    ] GC(5) Pause Young (Normal) (G1 Evacuation Pause)
[2022-08-29T04:30:20.808+0000][7][gc,task     ] GC(5) Using 6 workers of 6 for evacuation
[2022-08-29T04:30:20.808+0000][7][gc,age      ] GC(5) Desired survivor size 10485760 bytes, new threshold 15 (max threshold 15)
[2022-08-29T04:30:20.825+0000][7][gc,age      ] GC(5) Age table with threshold 15 (max threshold 15)
[2022-08-29T04:30:20.825+0000][7][gc,age      ] GC(5) - age   1:    2076816 bytes,    2076816 total
[2022-08-29T04:30:20.825+0000][7][gc,age      ] GC(5) - age   2:    1881776 bytes,    3958592 total
[2022-08-29T04:30:20.826+0000][7][gc,age      ] GC(5) - age   3:    3319304 bytes,    7277896 total
[2022-08-29T04:30:20.826+0000][7][gc,age      ] GC(5) - age   4:    2337488 bytes,    9615384 total
[2022-08-29T04:30:20.826+0000][7][gc,age      ] GC(5) - age   5:    1186688 bytes,   10802072 total
[2022-08-29T04:30:20.826+0000][7][gc,phases   ] GC(5)   Pre Evacuate Collection Set: 0.1ms
[2022-08-29T04:30:20.826+0000][7][gc,phases   ] GC(5)   Merge Heap Roots: 0.0ms
[2022-08-29T04:30:20.826+0000][7][gc,phases   ] GC(5)   Evacuate Collection Set: 7.2ms
[2022-08-29T04:30:20.826+0000][7][gc,phases   ] GC(5)   Post Evacuate Collection Set: 9.6ms
[2022-08-29T04:30:20.827+0000][7][gc,phases   ] GC(5)   Other: 1.9ms
[2022-08-29T04:30:20.827+0000][7][gc,heap     ] GC(5) Eden regions: 35->0(35)
[2022-08-29T04:30:20.827+0000][7][gc,heap     ] GC(5) Survivor regions: 3->3(5)
[2022-08-29T04:30:20.827+0000][7][gc,heap     ] GC(5) Old regions: 1->1
[2022-08-29T04:30:20.827+0000][7][gc,heap     ] GC(5) Archive regions: 2->2
[2022-08-29T04:30:20.827+0000][7][gc,heap     ] GC(5) Humongous regions: 0->0
[2022-08-29T04:30:20.827+0000][7][gc,metaspace] GC(5) Metaspace: 18751K(19712K)->18751K(19712K) NonClass: 16484K(17152K)->16484K(17152K) Class: 2267K(2560K)->2267K(2560K)
[2022-08-29T04:30:20.828+0000][7][gc          ] GC(5) Pause Young (Normal) (G1 Evacuation Pause) 156M->17M(256M) 20.406ms
[2022-08-29T04:30:20.828+0000][7][gc,cpu      ] GC(5) User=0.03s Sys=0.00s Real=0.02s
[2022-08-29T04:30:20.828+0000][7][safepoint   ] Safepoint "G1CollectForAllocation", Time since last: 301318502 ns, Reaching safepoint: 244047 ns, At safepoint: 20796053 ns, Total: 21040100 ns
[2022-08-29T04:30:21.092+0000][7][gc,start    ] GC(6) Pause Young (Normal) (G1 Evacuation Pause)
[2022-08-29T04:30:21.093+0000][7][gc,task     ] GC(6) Using 6 workers of 6 for evacuation
[2022-08-29T04:30:21.094+0000][7][gc,age      ] GC(6) Desired survivor size 10485760 bytes, new threshold 5 (max threshold 15)
[2022-08-29T04:30:21.114+0000][7][gc,age      ] GC(6) Age table with threshold 5 (max threshold 15)
[2022-08-29T04:30:21.114+0000][7][gc,age      ] GC(6) - age   1:    1609200 bytes,    1609200 total
[2022-08-29T04:30:21.114+0000][7][gc,age      ] GC(6) - age   2:    1479176 bytes,    3088376 total
[2022-08-29T04:30:21.114+0000][7][gc,age      ] GC(6) - age   3:    1881776 bytes,    4970152 total
[2022-08-29T04:30:21.114+0000][7][gc,age      ] GC(6) - age   4:    3319304 bytes,    8289456 total
[2022-08-29T04:30:21.115+0000][7][gc,age      ] GC(6) - age   5:    2337488 bytes,   10626944 total
[2022-08-29T04:30:21.115+0000][7][gc,phases   ] GC(6)   Pre Evacuate Collection Set: 0.1ms
[2022-08-29T04:30:21.116+0000][7][gc,phases   ] GC(6)   Merge Heap Roots: 0.0ms
[2022-08-29T04:30:21.116+0000][7][gc,phases   ] GC(6)   Evacuate Collection Set: 17.6ms
[2022-08-29T04:30:21.117+0000][7][gc,phases   ] GC(6)   Post Evacuate Collection Set: 1.9ms
[2022-08-29T04:30:21.117+0000][7][gc,phases   ] GC(6)   Other: 3.2ms
[2022-08-29T04:30:21.117+0000][7][gc,heap     ] GC(6) Eden regions: 35->0(35)
[2022-08-29T04:30:21.117+0000][7][gc,heap     ] GC(6) Survivor regions: 3->3(5)
[2022-08-29T04:30:21.118+0000][7][gc,heap     ] GC(6) Old regions: 1->2
[2022-08-29T04:30:21.118+0000][7][gc,heap     ] GC(6) Archive regions: 2->2
[2022-08-29T04:30:21.118+0000][7][gc,heap     ] GC(6) Humongous regions: 0->0
[2022-08-29T04:30:21.118+0000][7][gc,metaspace] GC(6) Metaspace: 19046K(19968K)->19046K(19968K) NonClass: 16747K(17408K)->16747K(17408K) Class: 2298K(2560K)->2298K(2560K)
[2022-08-29T04:30:21.118+0000][7][gc          ] GC(6) Pause Young (Normal) (G1 Evacuation Pause) 157M->18M(256M) 25.986ms
[2022-08-29T04:30:21.118+0000][7][gc,cpu      ] GC(6) User=0.02s Sys=0.01s Real=0.03s
[2022-08-29T04:30:21.119+0000][7][safepoint   ] Safepoint "G1CollectForAllocation", Time since last: 256530715 ns, Reaching safepoint: 7507627 ns, At safepoint: 26701766 ns, Total: 34209393 ns
[2022-08-29T04:30:21.307+0000][7][gc,start    ] GC(7) Pause Young (Normal) (G1 Evacuation Pause)
[2022-08-29T04:30:21.310+0000][7][gc,task     ] GC(7) Using 6 workers of 6 for evacuation
[2022-08-29T04:30:21.312+0000][7][gc,age      ] GC(7) Desired survivor size 10485760 bytes, new threshold 5 (max threshold 15)
[2022-08-29T04:30:21.335+0000][7][gc,age      ] GC(7) Age table with threshold 5 (max threshold 15)
[2022-08-29T04:30:21.339+0000][7][gc,age      ] GC(7) - age   1:    1177792 bytes,    1177792 total
[2022-08-29T04:30:21.340+0000][7][gc,age      ] GC(7) - age   2:    1240800 bytes,    2418592 total
[2022-08-29T04:30:21.341+0000][7][gc,age      ] GC(7) - age   3:    1478568 bytes,    3897160 total
[2022-08-29T04:30:21.344+0000][7][gc,age      ] GC(7) - age   4:    1881744 bytes,    5778904 total
[2022-08-29T04:30:21.346+0000][7][gc,age      ] GC(7) - age   5:    3315352 bytes,    9094256 total
[2022-08-29T04:30:21.346+0000][7][gc,phases   ] GC(7)   Pre Evacuate Collection Set: 0.1ms
[2022-08-29T04:30:21.346+0000][7][gc,phases   ] GC(7)   Merge Heap Roots: 0.0ms
[2022-08-29T04:30:21.347+0000][7][gc,phases   ] GC(7)   Evacuate Collection Set: 22.2ms
[2022-08-29T04:30:21.347+0000][7][gc,phases   ] GC(7)   Post Evacuate Collection Set: 0.5ms
[2022-08-29T04:30:21.347+0000][7][gc,phases   ] GC(7)   Other: 16.1ms
[2022-08-29T04:30:21.347+0000][7][gc,heap     ] GC(7) Eden regions: 35->0(35)
[2022-08-29T04:30:21.347+0000][7][gc,heap     ] GC(7) Survivor regions: 3->3(5)
[2022-08-29T04:30:21.347+0000][7][gc,heap     ] GC(7) Old regions: 2->2
[2022-08-29T04:30:21.347+0000][7][gc,heap     ] GC(7) Archive regions: 2->2
[2022-08-29T04:30:21.348+0000][7][gc,heap     ] GC(7) Humongous regions: 0->0
[2022-08-29T04:30:21.348+0000][7][gc,metaspace] GC(7) Metaspace: 19182K(20224K)->19182K(20224K) NonClass: 16858K(17664K)->16858K(17664K) Class: 2324K(2560K)->2324K(2560K)
[2022-08-29T04:30:21.349+0000][7][gc          ] GC(7) Pause Young (Normal) (G1 Evacuation Pause) 158M->19M(256M) 41.300ms
[2022-08-29T04:30:21.349+0000][7][gc,cpu      ] GC(7) User=0.07s Sys=0.02s Real=0.04s
[2022-08-29T04:30:21.349+0000][7][safepoint   ] Safepoint "G1CollectForAllocation", Time since last: 188410710 ns, Reaching safepoint: 161232 ns, At safepoint: 41696972 ns, Total: 41858204 ns
[2022-08-29T04:30:21.572+0000][7][gc,start    ] GC(8) Pause Young (Normal) (G1 Evacuation Pause)
[2022-08-29T04:30:21.574+0000][7][gc,task     ] GC(8) Using 6 workers of 6 for evacuation
[2022-08-29T04:30:21.575+0000][7][gc,age      ] GC(8) Desired survivor size 10485760 bytes, new threshold 15 (max threshold 15)
[2022-08-29T04:30:21.594+0000][7][gc,age      ] GC(8) Age table with threshold 15 (max threshold 15)
[2022-08-29T04:30:21.594+0000][7][gc,age      ] GC(8) - age   1:     979040 bytes,     979040 total
[2022-08-29T04:30:21.595+0000][7][gc,age      ] GC(8) - age   2:     255504 bytes,    1234544 total
[2022-08-29T04:30:21.595+0000][7][gc,age      ] GC(8) - age   3:    1240800 bytes,    2475344 total
[2022-08-29T04:30:21.596+0000][7][gc,age      ] GC(8) - age   4:    1478568 bytes,    3953912 total
[2022-08-29T04:30:21.596+0000][7][gc,age      ] GC(8) - age   5:    1881744 bytes,    5835656 total
[2022-08-29T04:30:21.596+0000][7][gc,age      ] GC(8) - age   6:    3315352 bytes,    9151008 total
[2022-08-29T04:30:21.596+0000][7][gc,phases   ] GC(8)   Pre Evacuate Collection Set: 0.1ms
[2022-08-29T04:30:21.596+0000][7][gc,phases   ] GC(8)   Merge Heap Roots: 0.1ms
[2022-08-29T04:30:21.596+0000][7][gc,phases   ] GC(8)   Evacuate Collection Set: 17.4ms
[2022-08-29T04:30:21.597+0000][7][gc,phases   ] GC(8)   Post Evacuate Collection Set: 1.1ms
[2022-08-29T04:30:21.597+0000][7][gc,phases   ] GC(8)   Other: 5.4ms
[2022-08-29T04:30:21.597+0000][7][gc,heap     ] GC(8) Eden regions: 35->0(35)
[2022-08-29T04:30:21.598+0000][7][gc,heap     ] GC(8) Survivor regions: 3->3(5)
[2022-08-29T04:30:21.598+0000][7][gc,heap     ] GC(8) Old regions: 2->2
[2022-08-29T04:30:21.598+0000][7][gc,heap     ] GC(8) Archive regions: 2->2
[2022-08-29T04:30:21.598+0000][7][gc,heap     ] GC(8) Humongous regions: 0->0
[2022-08-29T04:30:21.598+0000][7][gc,metaspace] GC(8) Metaspace: 19398K(20608K)->19398K(20608K) NonClass: 17032K(17920K)->17032K(17920K) Class: 2365K(2688K)->2365K(2688K)
[2022-08-29T04:30:21.598+0000][7][gc          ] GC(8) Pause Young (Normal) (G1 Evacuation Pause) 159M->19M(256M) 26.514ms
[2022-08-29T04:30:21.599+0000][7][gc,cpu      ] GC(8) User=0.04s Sys=0.00s Real=0.03s
[2022-08-29T04:30:21.599+0000][7][safepoint   ] Safepoint "G1CollectForAllocation", Time since last: 222574758 ns, Reaching safepoint: 183885 ns, At safepoint: 26947697 ns, Total: 27131582 ns
[2022-08-29T04:30:21.845+0000][7][gc,start    ] GC(9) Pause Young (Normal) (G1 Evacuation Pause)
[2022-08-29T04:30:21.847+0000][7][gc,task     ] GC(9) Using 6 workers of 6 for evacuation
[2022-08-29T04:30:21.851+0000][7][gc,age      ] GC(9) Desired survivor size 10485760 bytes, new threshold 15 (max threshold 15)
[2022-08-29T04:30:21.864+0000][7][gc,age      ] GC(9) Age table with threshold 15 (max threshold 15)
[2022-08-29T04:30:21.866+0000][7][gc,age      ] GC(9) - age   1:     480352 bytes,     480352 total
[2022-08-29T04:30:21.866+0000][7][gc,age      ] GC(9) - age   2:     255104 bytes,     735456 total
[2022-08-29T04:30:21.867+0000][7][gc,age      ] GC(9) - age   3:     255352 bytes,     990808 total
[2022-08-29T04:30:21.867+0000][7][gc,age      ] GC(9) - age   4:    1240800 bytes,    2231608 total
[2022-08-29T04:30:21.867+0000][7][gc,age      ] GC(9) - age   5:    1477896 bytes,    3709504 total
[2022-08-29T04:30:21.867+0000][7][gc,age      ] GC(9) - age   6:    1881456 bytes,    5590960 total
[2022-08-29T04:30:21.868+0000][7][gc,age      ] GC(9) - age   7:    3315224 bytes,    8906184 total
[2022-08-29T04:30:21.868+0000][7][gc,phases   ] GC(9)   Pre Evacuate Collection Set: 1.6ms
[2022-08-29T04:30:21.868+0000][7][gc,phases   ] GC(9)   Merge Heap Roots: 1.9ms
[2022-08-29T04:30:21.869+0000][7][gc,phases   ] GC(9)   Evacuate Collection Set: 4.0ms
[2022-08-29T04:30:21.873+0000][7][gc,phases   ] GC(9)   Post Evacuate Collection Set: 2.3ms
[2022-08-29T04:30:21.873+0000][7][gc,phases   ] GC(9)   Other: 13.3ms
[2022-08-29T04:30:21.873+0000][7][gc,heap     ] GC(9) Eden regions: 35->0(35)
[2022-08-29T04:30:21.874+0000][7][gc,heap     ] GC(9) Survivor regions: 3->3(5)
[2022-08-29T04:30:21.874+0000][7][gc,heap     ] GC(9) Old regions: 2->2
[2022-08-29T04:30:21.874+0000][7][gc,heap     ] GC(9) Archive regions: 2->2
[2022-08-29T04:30:21.874+0000][7][gc,heap     ] GC(9) Humongous regions: 0->0
[2022-08-29T04:30:21.874+0000][7][gc,metaspace] GC(9) Metaspace: 19470K(20608K)->19470K(20608K) NonClass: 17091K(17920K)->17091K(17920K) Class: 2378K(2688K)->2378K(2688K)
[2022-08-29T04:30:21.875+0000][7][gc          ] GC(9) Pause Young (Normal) (G1 Evacuation Pause) 159M->19M(256M) 29.600ms
[2022-08-29T04:30:21.875+0000][7][gc,cpu      ] GC(9) User=0.03s Sys=0.00s Real=0.03s
[2022-08-29T04:30:21.875+0000][7][safepoint   ] Safepoint "G1CollectForAllocation", Time since last: 243513708 ns, Reaching safepoint: 2831489 ns, At safepoint: 30151794 ns, Total: 32983283 ns
[2022-08-29T04:30:22.103+0000][7][gc,start    ] GC(10) Pause Young (Normal) (G1 Evacuation Pause)
[2022-08-29T04:30:22.104+0000][7][gc,task     ] GC(10) Using 6 workers of 6 for evacuation
[2022-08-29T04:30:22.104+0000][7][gc,age      ] GC(10) Desired survivor size 10485760 bytes, new threshold 15 (max threshold 15)
[2022-08-29T04:30:22.110+0000][7][gc,age      ] GC(10) Age table with threshold 15 (max threshold 15)
[2022-08-29T04:30:22.111+0000][7][gc,age      ] GC(10) - age   1:    2213416 bytes,    2213416 total
[2022-08-29T04:30:22.111+0000][7][gc,age      ] GC(10) - age   2:     447768 bytes,    2661184 total
[2022-08-29T04:30:22.111+0000][7][gc,age      ] GC(10) - age   3:     255104 bytes,    2916288 total
[2022-08-29T04:30:22.111+0000][7][gc,age      ] GC(10) - age   4:     255288 bytes,    3171576 total
[2022-08-29T04:30:22.111+0000][7][gc,age      ] GC(10) - age   5:    1240800 bytes,    4412376 total
[2022-08-29T04:30:22.112+0000][7][gc,age      ] GC(10) - age   6:    1476856 bytes,    5889232 total
[2022-08-29T04:30:22.112+0000][7][gc,age      ] GC(10) - age   7:    1881264 bytes,    7770496 total
[2022-08-29T04:30:22.112+0000][7][gc,age      ] GC(10) - age   8:    3314928 bytes,   11085424 total
[2022-08-29T04:30:22.112+0000][7][gc,phases   ] GC(10)   Pre Evacuate Collection Set: 0.1ms
[2022-08-29T04:30:22.112+0000][7][gc,phases   ] GC(10)   Merge Heap Roots: 0.1ms
[2022-08-29T04:30:22.112+0000][7][gc,phases   ] GC(10)   Evacuate Collection Set: 4.7ms
[2022-08-29T04:30:22.113+0000][7][gc,phases   ] GC(10)   Post Evacuate Collection Set: 1.5ms
[2022-08-29T04:30:22.113+0000][7][gc,phases   ] GC(10)   Other: 2.6ms
[2022-08-29T04:30:22.113+0000][7][gc,heap     ] GC(10) Eden regions: 35->0(35)
[2022-08-29T04:30:22.113+0000][7][gc,heap     ] GC(10) Survivor regions: 3->3(5)
[2022-08-29T04:30:22.113+0000][7][gc,heap     ] GC(10) Old regions: 2->2
[2022-08-29T04:30:22.113+0000][7][gc,heap     ] GC(10) Archive regions: 2->2
[2022-08-29T04:30:22.114+0000][7][gc,heap     ] GC(10) Humongous regions: 0->0
[2022-08-29T04:30:22.114+0000][7][gc,metaspace] GC(10) Metaspace: 19780K(21120K)->19780K(21120K) NonClass: 17348K(18432K)->17348K(18432K) Class: 2432K(2688K)->2432K(2688K)
[2022-08-29T04:30:22.114+0000][7][gc          ] GC(10) Pause Young (Normal) (G1 Evacuation Pause) 159M->21M(256M) 10.869ms
[2022-08-29T04:30:22.114+0000][7][gc,cpu      ] GC(10) User=0.03s Sys=0.00s Real=0.01s
[2022-08-29T04:30:22.115+0000][7][safepoint   ] Safepoint "G1CollectForAllocation", Time since last: 227614147 ns, Reaching safepoint: 266900 ns, At safepoint: 11379737 ns, Total: 11646637 ns
[2022-08-29T04:30:22.274+0000][7][gc,start    ] GC(11) Pause Young (Normal) (G1 Evacuation Pause)
[2022-08-29T04:30:22.274+0000][7][gc,task     ] GC(11) Using 6 workers of 6 for evacuation
[2022-08-29T04:30:22.274+0000][7][gc,age      ] GC(11) Desired survivor size 10485760 bytes, new threshold 8 (max threshold 15)
[2022-08-29T04:30:22.283+0000][7][gc,age      ] GC(11) Age table with threshold 8 (max threshold 15)
[2022-08-29T04:30:22.284+0000][7][gc,age      ] GC(11) - age   1:     557576 bytes,     557576 total
[2022-08-29T04:30:22.284+0000][7][gc,age      ] GC(11) - age   2:    1618632 bytes,    2176208 total
[2022-08-29T04:30:22.284+0000][7][gc,age      ] GC(11) - age   3:     446776 bytes,    2622984 total
[2022-08-29T04:30:22.284+0000][7][gc,age      ] GC(11) - age   4:     255040 bytes,    2878024 total
[2022-08-29T04:30:22.284+0000][7][gc,age      ] GC(11) - age   5:     255288 bytes,    3133312 total
[2022-08-29T04:30:22.284+0000][7][gc,age      ] GC(11) - age   6:    1240800 bytes,    4374112 total
[2022-08-29T04:30:22.285+0000][7][gc,age      ] GC(11) - age   7:    1476856 bytes,    5850968 total
[2022-08-29T04:30:22.285+0000][7][gc,age      ] GC(11) - age   8:    1881264 bytes,    7732232 total
[2022-08-29T04:30:22.285+0000][7][gc,phases   ] GC(11)   Pre Evacuate Collection Set: 0.1ms
[2022-08-29T04:30:22.285+0000][7][gc,phases   ] GC(11)   Merge Heap Roots: 0.1ms
[2022-08-29T04:30:22.285+0000][7][gc,phases   ] GC(11)   Evacuate Collection Set: 8.2ms
[2022-08-29T04:30:22.285+0000][7][gc,phases   ] GC(11)   Post Evacuate Collection Set: 0.6ms
[2022-08-29T04:30:22.286+0000][7][gc,phases   ] GC(11)   Other: 2.5ms
[2022-08-29T04:30:22.286+0000][7][gc,heap     ] GC(11) Eden regions: 35->0(35)
[2022-08-29T04:30:22.286+0000][7][gc,heap     ] GC(11) Survivor regions: 3->3(5)
[2022-08-29T04:30:22.286+0000][7][gc,heap     ] GC(11) Old regions: 2->3
[2022-08-29T04:30:22.286+0000][7][gc,heap     ] GC(11) Archive regions: 2->2
[2022-08-29T04:30:22.286+0000][7][gc,heap     ] GC(11) Humongous regions: 0->0
[2022-08-29T04:30:22.286+0000][7][gc,metaspace] GC(11) Metaspace: 19866K(21120K)->19866K(21120K) NonClass: 17422K(18432K)->17422K(18432K) Class: 2444K(2688K)->2444K(2688K)
[2022-08-29T04:30:22.287+0000][7][gc          ] GC(11) Pause Young (Normal) (G1 Evacuation Pause) 161M->21M(256M) 13.074ms
[2022-08-29T04:30:22.287+0000][7][gc,cpu      ] GC(11) User=0.01s Sys=0.01s Real=0.02s
[2022-08-29T04:30:22.287+0000][7][safepoint   ] Safepoint "G1CollectForAllocation", Time since last: 157305558 ns, Reaching safepoint: 1704777 ns, At safepoint: 13553933 ns, Total: 15258710 ns
[2022-08-29T04:30:22.429+0000][7][gc,start    ] GC(12) Pause Young (Concurrent Start) (Metadata GC Threshold)
[2022-08-29T04:30:22.430+0000][7][gc,task     ] GC(12) Using 6 workers of 6 for evacuation
[2022-08-29T04:30:22.430+0000][7][gc,age      ] GC(12) Desired survivor size 10485760 bytes, new threshold 15 (max threshold 15)
[2022-08-29T04:30:22.437+0000][7][gc,age      ] GC(12) Age table with threshold 15 (max threshold 15)
[2022-08-29T04:30:22.437+0000][7][gc,age      ] GC(12) - age   1:     290552 bytes,     290552 total
[2022-08-29T04:30:22.437+0000][7][gc,age      ] GC(12) - age   2:     532056 bytes,     822608 total
[2022-08-29T04:30:22.437+0000][7][gc,age      ] GC(12) - age   3:    1618632 bytes,    2441240 total
[2022-08-29T04:30:22.438+0000][7][gc,age      ] GC(12) - age   4:     446560 bytes,    2887800 total
[2022-08-29T04:30:22.438+0000][7][gc,age      ] GC(12) - age   5:     255040 bytes,    3142840 total
[2022-08-29T04:30:22.438+0000][7][gc,age      ] GC(12) - age   6:     254744 bytes,    3397584 total
[2022-08-29T04:30:22.438+0000][7][gc,age      ] GC(12) - age   7:    1240800 bytes,    4638384 total
[2022-08-29T04:30:22.438+0000][7][gc,age      ] GC(12) - age   8:    1476856 bytes,    6115240 total
[2022-08-29T04:30:22.438+0000][7][gc,age      ] GC(12) - age   9:    1881264 bytes,    7996504 total
[2022-08-29T04:30:22.439+0000][7][gc,phases   ] GC(12)   Pre Evacuate Collection Set: 1.7ms
[2022-08-29T04:30:22.439+0000][7][gc,phases   ] GC(12)   Merge Heap Roots: 0.1ms
[2022-08-29T04:30:22.439+0000][7][gc,phases   ] GC(12)   Evacuate Collection Set: 4.2ms
[2022-08-29T04:30:22.440+0000][7][gc,phases   ] GC(12)   Post Evacuate Collection Set: 0.5ms
[2022-08-29T04:30:22.440+0000][7][gc,phases   ] GC(12)   Other: 2.9ms
[2022-08-29T04:30:22.440+0000][7][gc,heap     ] GC(12) Eden regions: 31->0(36)
[2022-08-29T04:30:22.440+0000][7][gc,heap     ] GC(12) Survivor regions: 3->2(5)
[2022-08-29T04:30:22.440+0000][7][gc,heap     ] GC(12) Old regions: 3->3
[2022-08-29T04:30:22.442+0000][7][gc,heap     ] GC(12) Archive regions: 2->2
[2022-08-29T04:30:22.442+0000][7][gc,heap     ] GC(12) Humongous regions: 0->0
[2022-08-29T04:30:22.443+0000][7][gc,metaspace] GC(12) Metaspace: 19906K(21248K)->19906K(21248K) NonClass: 17453K(18432K)->17453K(18432K) Class: 2452K(2816K)->2452K(2816K)
[2022-08-29T04:30:22.443+0000][7][gc          ] GC(12) Pause Young (Concurrent Start) (Metadata GC Threshold) 145M->21M(256M) 13.488ms
[2022-08-29T04:30:22.443+0000][7][gc,cpu      ] GC(12) User=0.03s Sys=0.00s Real=0.01s
[2022-08-29T04:30:22.444+0000][7][safepoint   ] Safepoint "CollectForMetadataAllocation", Time since last: 142065553 ns, Reaching safepoint: 301015 ns, At safepoint: 14094266 ns, Total: 14395281 ns
[2022-08-29T04:30:22.444+0000][7][gc          ] GC(13) Concurrent Cycle
[2022-08-29T04:30:22.444+0000][7][gc,marking  ] GC(13) Concurrent Clear Claimed Marks
[2022-08-29T04:30:22.444+0000][7][gc,marking  ] GC(13) Concurrent Clear Claimed Marks 0.166ms
[2022-08-29T04:30:22.444+0000][7][gc,marking  ] GC(13) Concurrent Scan Root Regions
[2022-08-29T04:30:22.446+0000][7][gc,marking  ] GC(13) Concurrent Scan Root Regions 1.942ms
[2022-08-29T04:30:22.447+0000][7][gc,marking  ] GC(13) Concurrent Mark (5.746s)
[2022-08-29T04:30:22.447+0000][7][gc,marking  ] GC(13) Concurrent Mark From Roots
[2022-08-29T04:30:22.447+0000][7][gc,task     ] GC(13) Using 2 workers of 2 for marking
[2022-08-29T04:30:22.454+0000][7][gc,marking  ] GC(13) Concurrent Mark From Roots 6.856ms
[2022-08-29T04:30:22.454+0000][7][gc,marking  ] GC(13) Concurrent Preclean
[2022-08-29T04:30:22.454+0000][7][gc,marking  ] GC(13) Concurrent Preclean 0.310ms
[2022-08-29T04:30:22.455+0000][7][gc,marking  ] GC(13) Concurrent Mark (5.746s, 5.754s) 8.042ms
[2022-08-29T04:30:22.455+0000][7][gc,start    ] GC(13) Pause Remark
[2022-08-29T04:30:22.467+0000][7][gc          ] GC(13) Pause Remark 23M->23M(256M) 12.148ms
[2022-08-29T04:30:22.468+0000][7][gc,cpu      ] GC(13) User=0.03s Sys=0.00s Real=0.01s
[2022-08-29T04:30:22.468+0000][7][safepoint   ] Safepoint "G1Concurrent", Time since last: 11356454 ns, Reaching safepoint: 142176 ns, At safepoint: 12853671 ns, Total: 12995847 ns
[2022-08-29T04:30:22.468+0000][7][gc,marking  ] GC(13) Concurrent Rebuild Remembered Sets
[2022-08-29T04:30:22.474+0000][7][gc,marking  ] GC(13) Concurrent Rebuild Remembered Sets 5.550ms
[2022-08-29T04:30:22.475+0000][7][gc,start    ] GC(13) Pause Cleanup
[2022-08-29T04:30:22.475+0000][7][gc          ] GC(13) Pause Cleanup 33M->33M(256M) 0.411ms
[2022-08-29T04:30:22.476+0000][7][gc,cpu      ] GC(13) User=0.00s Sys=0.00s Real=0.00s
[2022-08-29T04:30:22.476+0000][7][safepoint   ] Safepoint "G1Concurrent", Time since last: 6263604 ns, Reaching safepoint: 741611 ns, At safepoint: 827171 ns, Total: 1568782 ns
[2022-08-29T04:30:22.476+0000][7][gc,marking  ] GC(13) Concurrent Cleanup for Next Mark
[2022-08-29T04:30:22.477+0000][7][gc,marking  ] GC(13) Concurrent Cleanup for Next Mark 0.681ms
[2022-08-29T04:30:22.477+0000][7][gc          ] GC(13) Concurrent Cycle 33.337ms
[2022-08-29T04:30:23.633+0000][7][safepoint   ] Safepoint "Cleanup", Time since last: 1157406958 ns, Reaching safepoint: 190206 ns, At safepoint: 19607 ns, Total: 209813 ns
[2022-08-29T04:30:24.179+0000][7][safepoint   ] Safepoint "ICBufferFull", Time since last: 542265308 ns, Reaching safepoint: 3273808 ns, At safepoint: 9928 ns, Total: 3283736 ns
[2022-08-29T04:30:24.614+0000][7][gc,start    ] GC(14) Pause Young (Normal) (G1 Evacuation Pause)
[2022-08-29T04:30:24.615+0000][7][gc,task     ] GC(14) Using 6 workers of 6 for evacuation
[2022-08-29T04:30:24.615+0000][7][gc,age      ] GC(14) Desired survivor size 10485760 bytes, new threshold 15 (max threshold 15)
[2022-08-29T04:30:24.638+0000][7][gc,age      ] GC(14) Age table with threshold 15 (max threshold 15)
[2022-08-29T04:30:24.639+0000][7][gc,age      ] GC(14) - age   1:    8657008 bytes,    8657008 total
[2022-08-29T04:30:24.639+0000][7][gc,age      ] GC(14) - age   2:     262416 bytes,    8919424 total
[2022-08-29T04:30:24.639+0000][7][gc,age      ] GC(14) - age   3:     531552 bytes,    9450976 total
[2022-08-29T04:30:24.639+0000][7][gc,age      ] GC(14) - age   4:    1614352 bytes,   11065328 total
[2022-08-29T04:30:24.639+0000][7][gc,age      ] GC(14) - age   5:     446000 bytes,   11511328 total
[2022-08-29T04:30:24.639+0000][7][gc,age      ] GC(14) - age   6:     254512 bytes,   11765840 total
[2022-08-29T04:30:24.640+0000][7][gc,age      ] GC(14) - age   7:     247728 bytes,   12013568 total
[2022-08-29T04:30:24.640+0000][7][gc,age      ] GC(14) - age   8:    1237952 bytes,   13251520 total
[2022-08-29T04:30:24.640+0000][7][gc,age      ] GC(14) - age   9:    1473224 bytes,   14724744 total
[2022-08-29T04:30:24.640+0000][7][gc,age      ] GC(14) - age  10:    1873912 bytes,   16598656 total
[2022-08-29T04:30:24.640+0000][7][gc,phases   ] GC(14)   Pre Evacuate Collection Set: 0.1ms
[2022-08-29T04:30:24.640+0000][7][gc,phases   ] GC(14)   Merge Heap Roots: 0.1ms
[2022-08-29T04:30:24.640+0000][7][gc,phases   ] GC(14)   Evacuate Collection Set: 19.1ms
[2022-08-29T04:30:24.641+0000][7][gc,phases   ] GC(14)   Post Evacuate Collection Set: 3.7ms
[2022-08-29T04:30:24.641+0000][7][gc,phases   ] GC(14)   Other: 2.8ms
[2022-08-29T04:30:24.641+0000][7][gc,heap     ] GC(14) Eden regions: 36->0(33)
[2022-08-29T04:30:24.641+0000][7][gc,heap     ] GC(14) Survivor regions: 2->5(5)
[2022-08-29T04:30:24.641+0000][7][gc,heap     ] GC(14) Old regions: 3->3
[2022-08-29T04:30:24.641+0000][7][gc,heap     ] GC(14) Archive regions: 2->2
[2022-08-29T04:30:24.641+0000][7][gc,heap     ] GC(14) Humongous regions: 0->0
[2022-08-29T04:30:24.642+0000][7][gc,metaspace] GC(14) Metaspace: 29742K(31744K)->29742K(31744K) NonClass: 26020K(27392K)->26020K(27392K) Class: 3721K(4352K)->3721K(4352K)
[2022-08-29T04:30:24.642+0000][7][gc          ] GC(14) Pause Young (Normal) (G1 Evacuation Pause) 165M->29M(256M) 27.204ms
[2022-08-29T04:30:24.642+0000][7][gc,cpu      ] GC(14) User=0.04s Sys=0.00s Real=0.02s
[2022-08-29T04:30:24.642+0000][7][safepoint   ] Safepoint "G1CollectForAllocation", Time since last: 433572389 ns, Reaching safepoint: 1954144 ns, At safepoint: 27591895 ns, Total: 29546039 ns
[2022-08-29T04:30:25.594+0000][7][gc,start    ] GC(15) Pause Young (Normal) (G1 Evacuation Pause)
[2022-08-29T04:30:25.595+0000][7][gc,task     ] GC(15) Using 6 workers of 6 for evacuation
[2022-08-29T04:30:25.595+0000][7][gc,age      ] GC(15) Desired survivor size 10485760 bytes, new threshold 4 (max threshold 15)
[2022-08-29T04:30:25.631+0000][7][gc,age      ] GC(15) Age table with threshold 4 (max threshold 15)
[2022-08-29T04:30:25.631+0000][7][gc,age      ] GC(15) - age   1:   11382984 bytes,   11382984 total
[2022-08-29T04:30:25.631+0000][7][gc,age      ] GC(15) - age   2:    8219504 bytes,   19602488 total
[2022-08-29T04:30:25.632+0000][7][gc,age      ] GC(15) - age   3:     262416 bytes,   19864904 total
[2022-08-29T04:30:25.632+0000][7][gc,age      ] GC(15) - age   4:     531552 bytes,   20396456 total
[2022-08-29T04:30:25.632+0000][7][gc,phases   ] GC(15)   Pre Evacuate Collection Set: 0.5ms
[2022-08-29T04:30:25.632+0000][7][gc,phases   ] GC(15)   Merge Heap Roots: 0.5ms
[2022-08-29T04:30:25.632+0000][7][gc,phases   ] GC(15)   Evacuate Collection Set: 30.7ms
[2022-08-29T04:30:25.632+0000][7][gc,phases   ] GC(15)   Post Evacuate Collection Set: 3.6ms
[2022-08-29T04:30:25.632+0000][7][gc,phases   ] GC(15)   Other: 2.8ms
[2022-08-29T04:30:25.633+0000][7][gc,heap     ] GC(15) Eden regions: 33->0(33)
[2022-08-29T04:30:25.633+0000][7][gc,heap     ] GC(15) Survivor regions: 5->5(5)
[2022-08-29T04:30:25.633+0000][7][gc,heap     ] GC(15) Old regions: 3->6
[2022-08-29T04:30:25.633+0000][7][gc,heap     ] GC(15) Archive regions: 2->2
[2022-08-29T04:30:25.633+0000][7][gc,heap     ] GC(15) Humongous regions: 0->0
[2022-08-29T04:30:25.633+0000][7][gc,metaspace] GC(15) Metaspace: 29853K(32000K)->29853K(32000K) NonClass: 26117K(27648K)->26117K(27648K) Class: 3736K(4352K)->3736K(4352K)
[2022-08-29T04:30:25.633+0000][7][gc          ] GC(15) Pause Young (Normal) (G1 Evacuation Pause) 161M->45M(256M) 39.430ms
[2022-08-29T04:30:25.633+0000][7][gc,cpu      ] GC(15) User=0.11s Sys=0.00s Real=0.04s
[2022-08-29T04:30:25.634+0000][7][safepoint   ] Safepoint "G1CollectForAllocation", Time since last: 950915647 ns, Reaching safepoint: 935604 ns, At safepoint: 39771071 ns, Total: 40706675 ns
[2022-08-29T04:30:26.562+0000][7][gc,start    ] GC(16) Pause Young (Concurrent Start) (Metadata GC Threshold)
[2022-08-29T04:30:26.564+0000][7][gc,task     ] GC(16) Using 6 workers of 6 for evacuation
[2022-08-29T04:30:26.564+0000][7][gc,age      ] GC(16) Desired survivor size 10485760 bytes, new threshold 1 (max threshold 15)
[2022-08-29T04:30:26.637+0000][7][gc,age      ] GC(16) Age table with threshold 1 (max threshold 15)
[2022-08-29T04:30:26.640+0000][7][gc,age      ] GC(16) - age   1:   13259856 bytes,   13259856 total
[2022-08-29T04:30:26.640+0000][7][gc,phases   ] GC(16)   Pre Evacuate Collection Set: 4.8ms
[2022-08-29T04:30:26.641+0000][7][gc,phases   ] GC(16)   Merge Heap Roots: 3.9ms
[2022-08-29T04:30:26.644+0000][7][gc,phases   ] GC(16)   Evacuate Collection Set: 52.1ms
[2022-08-29T04:30:26.645+0000][7][gc,phases   ] GC(16)   Post Evacuate Collection Set: 9.4ms
[2022-08-29T04:30:26.646+0000][7][gc,phases   ] GC(16)   Other: 8.1ms
[2022-08-29T04:30:26.648+0000][7][gc,heap     ] GC(16) Eden regions: 25->0(29)
[2022-08-29T04:30:26.649+0000][7][gc,heap     ] GC(16) Survivor regions: 5->4(5)
[2022-08-29T04:30:26.649+0000][7][gc,heap     ] GC(16) Old regions: 6->11
[2022-08-29T04:30:26.649+0000][7][gc,heap     ] GC(16) Archive regions: 2->2
[2022-08-29T04:30:26.649+0000][7][gc,heap     ] GC(16) Humongous regions: 0->0
[2022-08-29T04:30:26.649+0000][7][gc,metaspace] GC(16) Metaspace: 33783K(35840K)->33783K(35840K) NonClass: 29410K(30848K)->29410K(30848K) Class: 4372K(4992K)->4372K(4992K)
[2022-08-29T04:30:26.650+0000][7][gc          ] GC(16) Pause Young (Concurrent Start) (Metadata GC Threshold) 145M->60M(256M) 87.437ms
[2022-08-29T04:30:26.650+0000][7][gc,cpu      ] GC(16) User=0.18s Sys=0.02s Real=0.09s
[2022-08-29T04:30:26.650+0000][7][safepoint   ] Safepoint "CollectForMetadataAllocation", Time since last: 918490440 ns, Reaching safepoint: 9924588 ns, At safepoint: 87906725 ns, Total: 97831313 ns
[2022-08-29T04:30:26.650+0000][7][gc          ] GC(17) Concurrent Cycle
[2022-08-29T04:30:26.654+0000][7][gc,marking  ] GC(17) Concurrent Clear Claimed Marks
[2022-08-29T04:30:26.655+0000][7][gc,marking  ] GC(17) Concurrent Clear Claimed Marks 0.495ms
[2022-08-29T04:30:26.655+0000][7][gc,marking  ] GC(17) Concurrent Scan Root Regions
[2022-08-29T04:30:26.679+0000][7][safepoint   ] Safepoint "CollectForMetadataAllocation", Time since last: 28189446 ns, Reaching safepoint: 330690 ns, At safepoint: 127769 ns, Total: 458459 ns
[2022-08-29T04:30:26.680+0000][7][gc,marking  ] GC(17) Concurrent Scan Root Regions 25.195ms
[2022-08-29T04:30:26.681+0000][7][gc,marking  ] GC(17) Concurrent Mark (9.981s)
[2022-08-29T04:30:26.681+0000][7][gc,marking  ] GC(17) Concurrent Mark From Roots
[2022-08-29T04:30:26.681+0000][7][gc,task     ] GC(17) Using 2 workers of 2 for marking
[2022-08-29T04:30:26.691+0000][7][safepoint   ] Safepoint "CollectForMetadataAllocation", Time since last: 11017538 ns, Reaching safepoint: 1190662 ns, At safepoint: 119926 ns, Total: 1310588 ns
[2022-08-29T04:30:26.716+0000][7][gc,marking  ] GC(17) Concurrent Mark From Roots 34.537ms
[2022-08-29T04:30:26.716+0000][7][gc,marking  ] GC(17) Concurrent Preclean
[2022-08-29T04:30:26.716+0000][7][gc,marking  ] GC(17) Concurrent Preclean 0.267ms
[2022-08-29T04:30:26.716+0000][7][gc,marking  ] GC(17) Concurrent Mark (9.981s, 10.016s) 35.464ms
[2022-08-29T04:30:26.717+0000][7][gc,start    ] GC(17) Pause Remark
[2022-08-29T04:30:26.739+0000][7][gc          ] GC(17) Pause Remark 64M->64M(256M) 21.974ms
[2022-08-29T04:30:26.739+0000][7][gc,cpu      ] GC(17) User=0.01s Sys=0.00s Real=0.02s
[2022-08-29T04:30:26.745+0000][7][safepoint   ] Safepoint "G1Concurrent", Time since last: 25575103 ns, Reaching safepoint: 229440 ns, At safepoint: 27783714 ns, Total: 28013154 ns
[2022-08-29T04:30:26.745+0000][7][gc,marking  ] GC(17) Concurrent Rebuild Remembered Sets
[2022-08-29T04:30:26.772+0000][7][gc,marking  ] GC(17) Concurrent Rebuild Remembered Sets 27.200ms
[2022-08-29T04:30:26.776+0000][7][gc,start    ] GC(17) Pause Cleanup
[2022-08-29T04:30:26.776+0000][7][gc          ] GC(17) Pause Cleanup 66M->66M(256M) 0.467ms
[2022-08-29T04:30:26.776+0000][7][gc,cpu      ] GC(17) User=0.00s Sys=0.00s Real=0.00s
[2022-08-29T04:30:26.777+0000][7][safepoint   ] Safepoint "G1Concurrent", Time since last: 30362580 ns, Reaching safepoint: 834174 ns, At safepoint: 985969 ns, Total: 1820143 ns
[2022-08-29T04:30:26.777+0000][7][gc,marking  ] GC(17) Concurrent Cleanup for Next Mark
[2022-08-29T04:30:26.780+0000][7][gc,marking  ] GC(17) Concurrent Cleanup for Next Mark 2.951ms
[2022-08-29T04:30:26.781+0000][7][gc          ] GC(17) Concurrent Cycle 130.816ms
[2022-08-29T04:30:27.095+0000][7][gc,start    ] GC(18) Pause Young (Concurrent Start) (G1 Evacuation Pause)
[2022-08-29T04:30:27.096+0000][7][gc,task     ] GC(18) Using 6 workers of 6 for evacuation
[2022-08-29T04:30:27.096+0000][7][gc,age      ] GC(18) Desired survivor size 10485760 bytes, new threshold 1 (max threshold 15)
[2022-08-29T04:30:27.126+0000][7][gc,age      ] GC(18) Age table with threshold 1 (max threshold 15)
[2022-08-29T04:30:27.128+0000][7][gc,age      ] GC(18) - age   1:    1378856 bytes,    1378856 total
[2022-08-29T04:30:27.128+0000][7][gc,phases   ] GC(18)   Pre Evacuate Collection Set: 0.4ms
[2022-08-29T04:30:27.129+0000][7][gc,phases   ] GC(18)   Merge Heap Roots: 0.1ms
[2022-08-29T04:30:27.129+0000][7][gc,phases   ] GC(18)   Evacuate Collection Set: 29.1ms
[2022-08-29T04:30:27.129+0000][7][gc,phases   ] GC(18)   Post Evacuate Collection Set: 0.5ms
[2022-08-29T04:30:27.129+0000][7][gc,phases   ] GC(18)   Other: 3.1ms
[2022-08-29T04:30:27.129+0000][7][gc,heap     ] GC(18) Eden regions: 29->0(30)
[2022-08-29T04:30:27.130+0000][7][gc,heap     ] GC(18) Survivor regions: 4->1(5)
[2022-08-29T04:30:27.130+0000][7][gc,heap     ] GC(18) Old regions: 11->14
[2022-08-29T04:30:27.130+0000][7][gc,heap     ] GC(18) Archive regions: 2->2
[2022-08-29T04:30:27.130+0000][7][gc,heap     ] GC(18) Humongous regions: 0->0
[2022-08-29T04:30:27.131+0000][7][gc,metaspace] GC(18) Metaspace: 35968K(38220K)->35968K(38220K) NonClass: 31387K(33024K)->31387K(33024K) Class: 4580K(5196K)->4580K(5196K)
[2022-08-29T04:30:27.131+0000][7][gc          ] GC(18) Pause Young (Concurrent Start) (G1 Evacuation Pause) 176M->62M(256M) 35.721ms
[2022-08-29T04:30:27.131+0000][7][gc,cpu      ] GC(18) User=0.04s Sys=0.01s Real=0.03s
[2022-08-29T04:30:27.131+0000][7][gc          ] GC(19) Concurrent Cycle
[2022-08-29T04:30:27.132+0000][7][gc,marking  ] GC(19) Concurrent Clear Claimed Marks
[2022-08-29T04:30:27.132+0000][7][gc,marking  ] GC(19) Concurrent Clear Claimed Marks 0.236ms
[2022-08-29T04:30:27.132+0000][7][gc,marking  ] GC(19) Concurrent Scan Root Regions
[2022-08-29T04:30:27.131+0000][7][safepoint   ] Safepoint "G1CollectForAllocation", Time since last: 318038161 ns, Reaching safepoint: 366688 ns, At safepoint: 36147466 ns, Total: 36514154 ns
[2022-08-29T04:30:27.141+0000][7][gc,marking  ] GC(19) Concurrent Scan Root Regions 9.024ms
[2022-08-29T04:30:27.142+0000][7][gc,marking  ] GC(19) Concurrent Mark (10.442s)
[2022-08-29T04:30:27.145+0000][7][gc,marking  ] GC(19) Concurrent Mark From Roots
[2022-08-29T04:30:27.145+0000][7][gc,task     ] GC(19) Using 2 workers of 2 for marking
[2022-08-29T04:30:27.195+0000][7][gc,marking  ] GC(19) Concurrent Mark From Roots 50.324ms
[2022-08-29T04:30:27.196+0000][7][gc,marking  ] GC(19) Concurrent Preclean
[2022-08-29T04:30:27.197+0000][7][gc,marking  ] GC(19) Concurrent Preclean 0.470ms
[2022-08-29T04:30:27.197+0000][7][gc,marking  ] GC(19) Concurrent Mark (10.442s, 10.497s) 54.674ms
[2022-08-29T04:30:27.203+0000][7][gc,start    ] GC(19) Pause Remark
[2022-08-29T04:30:27.207+0000][7][gc          ] GC(19) Pause Remark 70M->70M(256M) 4.086ms
[2022-08-29T04:30:27.208+0000][7][gc,cpu      ] GC(19) User=0.01s Sys=0.00s Real=0.01s
[2022-08-29T04:30:27.208+0000][7][safepoint   ] Safepoint "G1Concurrent", Time since last: 66516018 ns, Reaching safepoint: 5427036 ns, At safepoint: 4795121 ns, Total: 10222157 ns
[2022-08-29T04:30:27.220+0000][7][gc,marking  ] GC(19) Concurrent Rebuild Remembered Sets
[2022-08-29T04:30:27.279+0000][7][gc,marking  ] GC(19) Concurrent Rebuild Remembered Sets 59.542ms
[2022-08-29T04:30:27.281+0000][7][gc,start    ] GC(19) Pause Cleanup
[2022-08-29T04:30:27.281+0000][7][gc          ] GC(19) Pause Cleanup 76M->76M(256M) 0.416ms
[2022-08-29T04:30:27.281+0000][7][gc,cpu      ] GC(19) User=0.00s Sys=0.00s Real=0.00s
[2022-08-29T04:30:27.282+0000][7][safepoint   ] Safepoint "G1Concurrent", Time since last: 72510738 ns, Reaching safepoint: 292918 ns, At safepoint: 817854 ns, Total: 1110772 ns
[2022-08-29T04:30:27.282+0000][7][gc,marking  ] GC(19) Concurrent Cleanup for Next Mark
[2022-08-29T04:30:27.283+0000][7][gc,marking  ] GC(19) Concurrent Cleanup for Next Mark 0.986ms
[2022-08-29T04:30:27.283+0000][7][gc          ] GC(19) Concurrent Cycle 152.092ms
[2022-08-29T04:30:28.791+0000][7][gc,start    ] GC(20) Pause Young (Normal) (G1 Evacuation Pause)
[2022-08-29T04:30:28.792+0000][7][gc,task     ] GC(20) Using 6 workers of 6 for evacuation
[2022-08-29T04:30:28.792+0000][7][gc,age      ] GC(20) Desired survivor size 8388608 bytes, new threshold 15 (max threshold 15)
[2022-08-29T04:30:28.817+0000][7][gc,age      ] GC(20) Age table with threshold 15 (max threshold 15)
[2022-08-29T04:30:28.817+0000][7][gc,age      ] GC(20) - age   1:    5310640 bytes,    5310640 total
[2022-08-29T04:30:28.817+0000][7][gc,age      ] GC(20) - age   2:    1245224 bytes,    6555864 total
[2022-08-29T04:30:28.817+0000][7][gc,phases   ] GC(20)   Pre Evacuate Collection Set: 0.1ms
[2022-08-29T04:30:28.817+0000][7][gc,phases   ] GC(20)   Merge Heap Roots: 0.1ms
[2022-08-29T04:30:28.818+0000][7][gc,phases   ] GC(20)   Evacuate Collection Set: 22.5ms
[2022-08-29T04:30:28.818+0000][7][gc,phases   ] GC(20)   Post Evacuate Collection Set: 2.1ms
[2022-08-29T04:30:28.818+0000][7][gc,phases   ] GC(20)   Other: 1.5ms
[2022-08-29T04:30:28.818+0000][7][gc,heap     ] GC(20) Eden regions: 30->0(30)
[2022-08-29T04:30:28.818+0000][7][gc,heap     ] GC(20) Survivor regions: 1->2(4)
[2022-08-29T04:30:28.818+0000][7][gc,heap     ] GC(20) Old regions: 14->14
[2022-08-29T04:30:28.819+0000][7][gc,heap     ] GC(20) Archive regions: 2->2
[2022-08-29T04:30:28.819+0000][7][gc,heap     ] GC(20) Humongous regions: 0->0
[2022-08-29T04:30:28.819+0000][7][gc,metaspace] GC(20) Metaspace: 51734K(54860K)->51734K(54860K) NonClass: 44805K(47104K)->44805K(47104K) Class: 6929K(7756K)->6929K(7756K)
[2022-08-29T04:30:28.819+0000][7][gc          ] GC(20) Pause Young (Normal) (G1 Evacuation Pause) 182M->66M(256M) 28.013ms
[2022-08-29T04:30:28.820+0000][7][gc,cpu      ] GC(20) User=0.05s Sys=0.00s Real=0.03s
[2022-08-29T04:30:28.820+0000][7][safepoint   ] Safepoint "G1CollectForAllocation", Time since last: 1509265834 ns, Reaching safepoint: 232726 ns, At safepoint: 28695514 ns, Total: 28928240 ns
[2022-08-29T04:30:30.582+0000][7][safepoint   ] Safepoint "Cleanup", Time since last: 1762055104 ns, Reaching safepoint: 354033 ns, At safepoint: 3747 ns, Total: 357780 ns
[2022-08-29T04:30:31.584+0000][7][safepoint   ] Safepoint "Cleanup", Time since last: 1000715101 ns, Reaching safepoint: 523111 ns, At safepoint: 43862 ns, Total: 566973 ns
[2022-08-29T04:30:31.635+0000][7][gc,start    ] GC(21) Pause Young (Concurrent Start) (Metadata GC Threshold)
[2022-08-29T04:30:31.635+0000][7][gc,task     ] GC(21) Using 6 workers of 6 for evacuation
[2022-08-29T04:30:31.635+0000][7][gc,age      ] GC(21) Desired survivor size 8388608 bytes, new threshold 15 (max threshold 15)
[2022-08-29T04:30:31.644+0000][7][gc,age      ] GC(21) Age table with threshold 15 (max threshold 15)
[2022-08-29T04:30:31.644+0000][7][gc,age      ] GC(21) - age   1:    4373312 bytes,    4373312 total
[2022-08-29T04:30:31.645+0000][7][gc,age      ] GC(21) - age   2:    5083568 bytes,    9456880 total
[2022-08-29T04:30:31.645+0000][7][gc,age      ] GC(21) - age   3:    1244912 bytes,   10701792 total
[2022-08-29T04:30:31.645+0000][7][gc,phases   ] GC(21)   Pre Evacuate Collection Set: 0.3ms
[2022-08-29T04:30:31.645+0000][7][gc,phases   ] GC(21)   Merge Heap Roots: 0.1ms
[2022-08-29T04:30:31.645+0000][7][gc,phases   ] GC(21)   Evacuate Collection Set: 6.9ms
[2022-08-29T04:30:31.645+0000][7][gc,phases   ] GC(21)   Post Evacuate Collection Set: 1.4ms
[2022-08-29T04:30:31.645+0000][7][gc,phases   ] GC(21)   Other: 1.4ms
[2022-08-29T04:30:31.646+0000][7][gc,heap     ] GC(21) Eden regions: 29->0(29)
[2022-08-29T04:30:31.646+0000][7][gc,heap     ] GC(21) Survivor regions: 2->3(4)
[2022-08-29T04:30:31.646+0000][7][gc,heap     ] GC(21) Old regions: 14->14
[2022-08-29T04:30:31.646+0000][7][gc,heap     ] GC(21) Archive regions: 2->2
[2022-08-29T04:30:31.646+0000][7][gc,heap     ] GC(21) Humongous regions: 0->0
[2022-08-29T04:30:31.646+0000][7][gc,metaspace] GC(21) Metaspace: 61119K(64340K)->61119K(64340K) NonClass: 52912K(55176K)->52912K(55176K) Class: 8206K(9164K)->8206K(9164K)
[2022-08-29T04:30:31.646+0000][7][gc          ] GC(21) Pause Young (Concurrent Start) (Metadata GC Threshold) 180M->70M(256M) 11.431ms
[2022-08-29T04:30:31.646+0000][7][gc,cpu      ] GC(21) User=0.03s Sys=0.00s Real=0.01s
[2022-08-29T04:30:31.647+0000][7][gc          ] GC(22) Concurrent Cycle
[2022-08-29T04:30:31.647+0000][7][gc,marking  ] GC(22) Concurrent Clear Claimed Marks
[2022-08-29T04:30:31.647+0000][7][safepoint   ] Safepoint "CollectForMetadataAllocation", Time since last: 51154615 ns, Reaching safepoint: 113182 ns, At safepoint: 11906826 ns, Total: 12020008 ns
[2022-08-29T04:30:31.647+0000][7][gc,marking  ] GC(22) Concurrent Clear Claimed Marks 0.228ms
[2022-08-29T04:30:31.647+0000][7][gc,marking  ] GC(22) Concurrent Scan Root Regions
[2022-08-29T04:30:31.651+0000][7][gc,marking  ] GC(22) Concurrent Scan Root Regions 3.952ms
[2022-08-29T04:30:31.651+0000][7][gc,marking  ] GC(22) Concurrent Mark (14.951s)
[2022-08-29T04:30:31.652+0000][7][gc,marking  ] GC(22) Concurrent Mark From Roots
[2022-08-29T04:30:31.652+0000][7][gc,task     ] GC(22) Using 2 workers of 2 for marking
[2022-08-29T04:30:31.656+0000][7][safepoint   ] Safepoint "CollectForMetadataAllocation", Time since last: 8971341 ns, Reaching safepoint: 339847 ns, At safepoint: 158838 ns, Total: 498685 ns
[2022-08-29T04:30:31.696+0000][7][gc,marking  ] GC(22) Concurrent Mark From Roots 44.891ms
[2022-08-29T04:30:31.697+0000][7][gc,marking  ] GC(22) Concurrent Preclean
[2022-08-29T04:30:31.697+0000][7][gc,marking  ] GC(22) Concurrent Preclean 0.452ms
[2022-08-29T04:30:31.697+0000][7][gc,marking  ] GC(22) Concurrent Mark (14.951s, 14.997s) 46.121ms
[2022-08-29T04:30:31.699+0000][7][gc,start    ] GC(22) Pause Remark
[2022-08-29T04:30:31.704+0000][7][gc          ] GC(22) Pause Remark 74M->74M(256M) 4.820ms
[2022-08-29T04:30:31.704+0000][7][gc,cpu      ] GC(22) User=0.02s Sys=0.00s Real=0.00s
[2022-08-29T04:30:31.705+0000][7][safepoint   ] Safepoint "G1Concurrent", Time since last: 41963762 ns, Reaching safepoint: 1005976 ns, At safepoint: 5453265 ns, Total: 6459241 ns
[2022-08-29T04:30:31.705+0000][7][gc,marking  ] GC(22) Concurrent Rebuild Remembered Sets
[2022-08-29T04:30:31.733+0000][7][gc,marking  ] GC(22) Concurrent Rebuild Remembered Sets 28.200ms
[2022-08-29T04:30:31.735+0000][7][gc,start    ] GC(22) Pause Cleanup
[2022-08-29T04:30:31.736+0000][7][gc          ] GC(22) Pause Cleanup 76M->76M(256M) 0.593ms
[2022-08-29T04:30:31.736+0000][7][gc,cpu      ] GC(22) User=0.00s Sys=0.00s Real=0.00s
[2022-08-29T04:30:31.737+0000][7][safepoint   ] Safepoint "G1Concurrent", Time since last: 28916749 ns, Reaching safepoint: 1904030 ns, At safepoint: 1198908 ns, Total: 3102938 ns
[2022-08-29T04:30:31.740+0000][7][gc,marking  ] GC(22) Concurrent Cleanup for Next Mark
[2022-08-29T04:30:31.745+0000][7][gc,marking  ] GC(22) Concurrent Cleanup for Next Mark 4.930ms
[2022-08-29T04:30:31.745+0000][7][gc          ] GC(22) Concurrent Cycle 98.927ms
[2022-08-29T04:30:32.746+0000][7][safepoint   ] Safepoint "Cleanup", Time since last: 1007930971 ns, Reaching safepoint: 1002399 ns, At safepoint: 43642 ns, Total: 1046041 ns
[2022-08-29T04:30:33.767+0000][7][safepoint   ] Safepoint "Cleanup", Time since last: 1020820899 ns, Reaching safepoint: 290305 ns, At safepoint: 27231 ns, Total: 317536 ns
[2022-08-29T04:30:34.085+0000][7][gc,start    ] GC(23) Pause Young (Concurrent Start) (G1 Evacuation Pause)
[2022-08-29T04:30:34.085+0000][7][gc,task     ] GC(23) Using 6 workers of 6 for evacuation
[2022-08-29T04:30:34.086+0000][7][gc,age      ] GC(23) Desired survivor size 8388608 bytes, new threshold 2 (max threshold 15)
[2022-08-29T04:30:34.497+0000][7][gc,age      ] GC(23) Age table with threshold 2 (max threshold 15)
[2022-08-29T04:30:34.497+0000][7][gc,age      ] GC(23) - age   1:    6515800 bytes,    6515800 total
[2022-08-29T04:30:34.498+0000][7][gc,age      ] GC(23) - age   2:    4263488 bytes,   10779288 total
[2022-08-29T04:30:34.498+0000][7][gc,mmu      ] GC(23) MMU target violated: 201.0ms (200.0ms/201.0ms)
[2022-08-29T04:30:34.498+0000][7][gc,phases   ] GC(23)   Pre Evacuate Collection Set: 0.2ms
[2022-08-29T04:30:34.498+0000][7][gc,phases   ] GC(23)   Merge Heap Roots: 0.1ms
[2022-08-29T04:30:34.499+0000][7][gc,phases   ] GC(23)   Evacuate Collection Set: 409.3ms
[2022-08-29T04:30:34.499+0000][7][gc,phases   ] GC(23)   Post Evacuate Collection Set: 1.3ms
[2022-08-29T04:30:34.499+0000][7][gc,phases   ] GC(23)   Other: 2.1ms
[2022-08-29T04:30:34.499+0000][7][gc,heap     ] GC(23) Eden regions: 29->0(28)
[2022-08-29T04:30:34.499+0000][7][gc,heap     ] GC(23) Survivor regions: 3->3(4)
[2022-08-29T04:30:34.500+0000][7][gc,heap     ] GC(23) Old regions: 14->16
[2022-08-29T04:30:34.500+0000][7][gc,heap     ] GC(23) Archive regions: 2->2
[2022-08-29T04:30:34.500+0000][7][gc,heap     ] GC(23) Humongous regions: 0->0
[2022-08-29T04:30:34.500+0000][7][gc,metaspace] GC(23) Metaspace: 80499K(84180K)->80499K(84180K) NonClass: 69693K(72328K)->69693K(72328K) Class: 10805K(11852K)->10805K(11852K)
[2022-08-29T04:30:34.500+0000][7][gc          ] GC(23) Pause Young (Concurrent Start) (G1 Evacuation Pause) 186M->76M(256M) 415.032ms
[2022-08-29T04:30:34.500+0000][7][gc,cpu      ] GC(23) User=0.43s Sys=0.04s Real=0.41s
[2022-08-29T04:30:34.501+0000][7][gc          ] GC(24) Concurrent Cycle
[2022-08-29T04:30:34.502+0000][7][gc,marking  ] GC(24) Concurrent Clear Claimed Marks
[2022-08-29T04:30:34.501+0000][7][safepoint   ] Safepoint "G1CollectForAllocation", Time since last: 318199554 ns, Reaching safepoint: 302016 ns, At safepoint: 415988579 ns, Total: 416290595 ns
[2022-08-29T04:30:34.502+0000][7][gc,marking  ] GC(24) Concurrent Clear Claimed Marks 0.432ms
[2022-08-29T04:30:34.504+0000][7][gc,marking  ] GC(24) Concurrent Scan Root Regions
[2022-08-29T04:30:34.511+0000][7][gc,marking  ] GC(24) Concurrent Scan Root Regions 6.960ms
[2022-08-29T04:30:34.511+0000][7][gc,marking  ] GC(24) Concurrent Mark (17.811s)
[2022-08-29T04:30:34.511+0000][7][gc,marking  ] GC(24) Concurrent Mark From Roots
[2022-08-29T04:30:34.511+0000][7][gc,task     ] GC(24) Using 2 workers of 2 for marking
[2022-08-29T04:30:34.560+0000][7][gc,marking  ] GC(24) Concurrent Mark From Roots 48.625ms
[2022-08-29T04:30:34.560+0000][7][gc,marking  ] GC(24) Concurrent Preclean
[2022-08-29T04:30:34.561+0000][7][gc,marking  ] GC(24) Concurrent Preclean 0.398ms
[2022-08-29T04:30:34.561+0000][7][gc,marking  ] GC(24) Concurrent Mark (17.811s, 17.860s) 49.756ms
[2022-08-29T04:30:34.561+0000][7][gc,start    ] GC(24) Pause Remark
[2022-08-29T04:30:34.564+0000][7][gc          ] GC(24) Pause Remark 82M->82M(256M) 2.746ms
[2022-08-29T04:30:34.564+0000][7][gc,cpu      ] GC(24) User=0.01s Sys=0.00s Real=0.00s
[2022-08-29T04:30:34.564+0000][7][safepoint   ] Safepoint "G1Concurrent", Time since last: 59714274 ns, Reaching safepoint: 223850 ns, At safepoint: 3321238 ns, Total: 3545088 ns
[2022-08-29T04:30:34.565+0000][7][gc,marking  ] GC(24) Concurrent Rebuild Remembered Sets
[2022-08-29T04:30:34.598+0000][7][gc,marking  ] GC(24) Concurrent Rebuild Remembered Sets 33.792ms
[2022-08-29T04:30:34.599+0000][7][gc,start    ] GC(24) Pause Cleanup
[2022-08-29T04:30:34.600+0000][7][gc          ] GC(24) Pause Cleanup 82M->82M(256M) 0.328ms
[2022-08-29T04:30:34.600+0000][7][gc,cpu      ] GC(24) User=0.00s Sys=0.00s Real=0.00s
[2022-08-29T04:30:34.600+0000][7][safepoint   ] Safepoint "G1Concurrent", Time since last: 34353252 ns, Reaching safepoint: 461074 ns, At safepoint: 1113388 ns, Total: 1574462 ns
[2022-08-29T04:30:34.601+0000][7][gc,marking  ] GC(24) Concurrent Cleanup for Next Mark
[2022-08-29T04:30:34.601+0000][7][gc,marking  ] GC(24) Concurrent Cleanup for Next Mark 0.549ms
[2022-08-29T04:30:34.602+0000][7][gc          ] GC(24) Concurrent Cycle 100.559ms
[2022-08-29T04:30:35.667+0000][7][safepoint   ] Safepoint "ICBufferFull", Time since last: 1062979286 ns, Reaching safepoint: 3113127 ns, At safepoint: 31339 ns, Total: 3144466 ns
[2022-08-29T04:30:36.555+0000][7][gc,start    ] GC(25) Pause Young (Concurrent Start) (G1 Humongous Allocation)
[2022-08-29T04:30:36.555+0000][7][gc,task     ] GC(25) Using 6 workers of 6 for evacuation
[2022-08-29T04:30:36.556+0000][7][gc,age      ] GC(25) Desired survivor size 8388608 bytes, new threshold 2 (max threshold 15)
[2022-08-29T04:30:36.576+0000][7][gc,age      ] GC(25) Age table with threshold 2 (max threshold 15)
[2022-08-29T04:30:36.576+0000][7][gc,age      ] GC(25) - age   1:    3292640 bytes,    3292640 total
[2022-08-29T04:30:36.576+0000][7][gc,age      ] GC(25) - age   2:    6226360 bytes,    9519000 total
[2022-08-29T04:30:36.577+0000][7][gc,phases   ] GC(25)   Pre Evacuate Collection Set: 0.2ms
[2022-08-29T04:30:36.577+0000][7][gc,phases   ] GC(25)   Merge Heap Roots: 0.1ms
[2022-08-29T04:30:36.577+0000][7][gc,phases   ] GC(25)   Evacuate Collection Set: 18.7ms
[2022-08-29T04:30:36.577+0000][7][gc,phases   ] GC(25)   Post Evacuate Collection Set: 1.1ms
[2022-08-29T04:30:36.577+0000][7][gc,phases   ] GC(25)   Other: 1.6ms
[2022-08-29T04:30:36.577+0000][7][gc,heap     ] GC(25) Eden regions: 15->0(26)
[2022-08-29T04:30:36.578+0000][7][gc,heap     ] GC(25) Survivor regions: 3->3(4)
[2022-08-29T04:30:36.578+0000][7][gc,heap     ] GC(25) Old regions: 16->17
[2022-08-29T04:30:36.578+0000][7][gc,heap     ] GC(25) Archive regions: 2->2
[2022-08-29T04:30:36.578+0000][7][gc,heap     ] GC(25) Humongous regions: 1->1
[2022-08-29T04:30:36.578+0000][7][gc,metaspace] GC(25) Metaspace: 88413K(92372K)->88413K(92372K) NonClass: 76441K(79240K)->76441K(79240K) Class: 11972K(13132K)->11972K(13132K)
[2022-08-29T04:30:36.578+0000][7][gc          ] GC(25) Pause Young (Concurrent Start) (G1 Humongous Allocation) 138M->84M(256M) 23.469ms
[2022-08-29T04:30:36.579+0000][7][gc,cpu      ] GC(25) User=0.04s Sys=0.00s Real=0.02s
[2022-08-29T04:30:36.579+0000][7][gc          ] GC(26) Concurrent Cycle
[2022-08-29T04:30:36.584+0000][7][gc,marking  ] GC(26) Concurrent Clear Claimed Marks
[2022-08-29T04:30:36.593+0000][7][gc,marking  ] GC(26) Concurrent Clear Claimed Marks 8.960ms
[2022-08-29T04:30:36.594+0000][7][gc,marking  ] GC(26) Concurrent Scan Root Regions
[2022-08-29T04:30:36.579+0000][7][safepoint   ] Safepoint "G1TryInitiateConcMark", Time since last: 888168987 ns, Reaching safepoint: 269134 ns, At safepoint: 23915221 ns, Total: 24184355 ns
[2022-08-29T04:30:36.605+0000][7][gc,marking  ] GC(26) Concurrent Scan Root Regions 11.269ms
[2022-08-29T04:30:36.609+0000][7][gc,marking  ] GC(26) Concurrent Mark (19.908s)
[2022-08-29T04:30:36.614+0000][7][gc,marking  ] GC(26) Concurrent Mark From Roots
[2022-08-29T04:30:36.616+0000][7][gc,task     ] GC(26) Using 2 workers of 2 for marking
[2022-08-29T04:30:36.713+0000][7][gc,marking  ] GC(26) Concurrent Mark From Roots 98.363ms
[2022-08-29T04:30:36.713+0000][7][gc,marking  ] GC(26) Concurrent Preclean
[2022-08-29T04:30:36.714+0000][7][gc,marking  ] GC(26) Concurrent Preclean 0.791ms
[2022-08-29T04:30:36.714+0000][7][gc,marking  ] GC(26) Concurrent Mark (19.908s, 20.014s) 105.783ms
[2022-08-29T04:30:36.715+0000][7][gc,start    ] GC(26) Pause Remark
[2022-08-29T04:30:36.734+0000][7][gc          ] GC(26) Pause Remark 92M->92M(256M) 18.544ms
[2022-08-29T04:30:36.739+0000][7][gc,cpu      ] GC(26) User=0.02s Sys=0.00s Real=0.02s
[2022-08-29T04:30:36.740+0000][7][safepoint   ] Safepoint "G1Concurrent", Time since last: 135782252 ns, Reaching safepoint: 324679 ns, At safepoint: 25389766 ns, Total: 25714445 ns
[2022-08-29T04:30:36.742+0000][7][gc,marking  ] GC(26) Concurrent Rebuild Remembered Sets
[2022-08-29T04:30:36.802+0000][7][gc,marking  ] GC(26) Concurrent Rebuild Remembered Sets 60.360ms
[2022-08-29T04:30:36.809+0000][7][gc,start    ] GC(26) Pause Cleanup
[2022-08-29T04:30:36.809+0000][7][gc          ] GC(26) Pause Cleanup 95M->95M(256M) 1.546ms
[2022-08-29T04:30:36.810+0000][7][gc,cpu      ] GC(26) User=0.00s Sys=0.00s Real=0.00s
[2022-08-29T04:30:36.811+0000][7][safepoint   ] Safepoint "G1Concurrent", Time since last: 62377007 ns, Reaching safepoint: 5125961 ns, At safepoint: 3064566 ns, Total: 8190527 ns
[2022-08-29T04:30:36.811+0000][7][gc,marking  ] GC(26) Concurrent Cleanup for Next Mark
[2022-08-29T04:30:36.812+0000][7][gc,marking  ] GC(26) Concurrent Cleanup for Next Mark 1.094ms
[2022-08-29T04:30:36.813+0000][7][gc          ] GC(26) Concurrent Cycle 233.768ms
[2022-08-29T04:30:37.812+0000][7][safepoint   ] Safepoint "Cleanup", Time since last: 1000459401 ns, Reaching safepoint: 396403 ns, At safepoint: 54181 ns, Total: 450584 ns
[2022-08-29T04:30:38.835+0000][7][safepoint   ] Safepoint "Cleanup", Time since last: 1022640943 ns, Reaching safepoint: 223769 ns, At safepoint: 26309 ns, Total: 250078 ns
[2022-08-29T04:30:40.860+0000][7][safepoint   ] Safepoint "Cleanup", Time since last: 1191037706 ns, Reaching safepoint: 833851902 ns, At safepoint: 323026 ns, Total: 834174928 ns
[2022-08-29T04:30:41.861+0000][7][safepoint   ] Safepoint "Cleanup", Time since last: 1000924474 ns, Reaching safepoint: 315291 ns, At safepoint: 146425 ns, Total: 461716 ns
[2022-08-29T04:30:44.863+0000][7][safepoint   ] Safepoint "Cleanup", Time since last: 3000918471 ns, Reaching safepoint: 153909 ns, At safepoint: 5671 ns, Total: 159580 ns
[2022-08-29T04:30:45.864+0000][7][safepoint   ] Safepoint "Cleanup", Time since last: 1000605335 ns, Reaching safepoint: 552806 ns, At safepoint: 192251 ns, Total: 745057 ns
[2022-08-29T04:30:59.867+0000][7][safepoint   ] Safepoint "Cleanup", Time since last: 14002948931 ns, Reaching safepoint: 385833 ns, At safepoint: 13435 ns, Total: 399268 ns
[2022-08-29T04:31:01.869+0000][7][safepoint   ] Safepoint "Cleanup", Time since last: 2000994796 ns, Reaching safepoint: 360837 ns, At safepoint: 30597 ns, Total: 391434 ns
[2022-08-29T04:31:04.870+0000][7][safepoint   ] Safepoint "Cleanup", Time since last: 3000872095 ns, Reaching safepoint: 436699 ns, At safepoint: 63429 ns, Total: 500128 ns
[2022-08-29T04:31:05.871+0000][7][safepoint   ] Safepoint "Cleanup", Time since last: 1000726001 ns, Reaching safepoint: 496752 ns, At safepoint: 72025 ns, Total: 568777 ns
[2022-08-29T04:31:06.872+0000][7][safepoint   ] Safepoint "Cleanup", Time since last: 1000733916 ns, Reaching safepoint: 183995 ns, At safepoint: 23945 ns, Total: 207940 ns
[2022-08-29T04:31:07.874+0000][7][safepoint   ] Safepoint "Cleanup", Time since last: 1000730790 ns, Reaching safepoint: 213951 ns, At safepoint: 7754 ns, Total: 221705 ns
[2022-08-29T04:31:09.874+0000][7][safepoint   ] Safepoint "Cleanup", Time since last: 2000681448 ns, Reaching safepoint: 233248 ns, At safepoint: 2745 ns, Total: 235993 ns
[2022-08-29T04:31:15.876+0000][7][safepoint   ] Safepoint "Cleanup", Time since last: 6001189301 ns, Reaching safepoint: 501169 ns, At safepoint: 86722 ns, Total: 587891 ns
[2022-08-29T04:31:19.878+0000][7][safepoint   ] Safepoint "Cleanup", Time since last: 4001277396 ns, Reaching safepoint: 461456 ns, At safepoint: 8766 ns, Total: 470222 ns
[2022-08-29T04:31:21.879+0000][7][safepoint   ] Safepoint "Cleanup", Time since last: 2001068173 ns, Reaching safepoint: 410540 ns, At safepoint: 11682 ns, Total: 422222 ns
[2022-08-29T04:31:22.881+0000][7][safepoint   ] Safepoint "Cleanup", Time since last: 1000786524 ns, Reaching safepoint: 378300 ns, At safepoint: 61175 ns, Total: 439475 ns
[2022-08-29T04:31:23.882+0000][7][safepoint   ] Safepoint "Cleanup", Time since last: 1000658454 ns, Reaching safepoint: 315241 ns, At safepoint: 19797 ns, Total: 335038 ns
[2022-08-29T04:31:26.883+0000][7][safepoint   ] Safepoint "Cleanup", Time since last: 3001181306 ns, Reaching safepoint: 370254 ns, At safepoint: 72987 ns, Total: 443241 ns
[2022-08-29T04:31:29.885+0000][7][safepoint   ] Safepoint "Cleanup", Time since last: 3001150938 ns, Reaching safepoint: 353102 ns, At safepoint: 110297 ns, Total: 463399 ns
[2022-08-29T04:31:31.886+0000][7][safepoint   ] Safepoint "Cleanup", Time since last: 2000921758 ns, Reaching safepoint: 246372 ns, At safepoint: 46467 ns, Total: 292839 ns
[2022-08-29T04:31:35.887+0000][7][safepoint   ] Safepoint "Cleanup", Time since last: 4001022098 ns, Reaching safepoint: 277219 ns, At safepoint: 51747 ns, Total: 328966 ns
[2022-08-29T04:31:36.888+0000][7][safepoint   ] Safepoint "Cleanup", Time since last: 1000518492 ns, Reaching safepoint: 299562 ns, At safepoint: 64261 ns, Total: 363823 ns
[2022-08-29T04:31:37.889+0000][7][safepoint   ] Safepoint "Cleanup", Time since last: 1000795210 ns, Reaching safepoint: 192812 ns, At safepoint: 27641 ns, Total: 220453 ns
[2022-08-29T04:31:39.890+0000][7][safepoint   ] Safepoint "Cleanup", Time since last: 2000585778 ns, Reaching safepoint: 178365 ns, At safepoint: 35757 ns, Total: 214122 ns
[2022-08-29T04:31:43.891+0000][7][safepoint   ] Safepoint "Cleanup", Time since last: 4000962275 ns, Reaching safepoint: 465182 ns, At safepoint: 6492 ns, Total: 471674 ns
[2022-08-29T04:31:49.893+0000][7][safepoint   ] Safepoint "Cleanup", Time since last: 6001706000 ns, Reaching safepoint: 345367 ns, At safepoint: 74049 ns, Total: 419416 ns
[2022-08-29T04:31:54.895+0000][7][safepoint   ] Safepoint "Cleanup", Time since last: 5001215830 ns, Reaching safepoint: 388439 ns, At safepoint: 17202 ns, Total: 405641 ns
[2022-08-29T04:31:57.896+0000][7][safepoint   ] Safepoint "Cleanup", Time since last: 3000975810 ns, Reaching safepoint: 229600 ns, At safepoint: 9458 ns, Total: 239058 ns
[2022-08-29T04:31:59.897+0000][7][safepoint   ] Safepoint "Cleanup", Time since last: 2000674575 ns, Reaching safepoint: 376335 ns, At safepoint: 73148 ns, Total: 449483 ns
[2022-08-29T04:32:07.900+0000][7][safepoint   ] Safepoint "Cleanup", Time since last: 8001662388 ns, Reaching safepoint: 374772 ns, At safepoint: 14527 ns, Total: 389299 ns
[2022-08-29T04:32:09.902+0000][7][safepoint   ] Safepoint "Cleanup", Time since last: 2001230027 ns, Reaching safepoint: 569999 ns, At safepoint: 50505 ns, Total: 620504 ns
[2022-08-29T04:32:17.904+0000][7][safepoint   ] Safepoint "Cleanup", Time since last: 8001649383 ns, Reaching safepoint: 409057 ns, At safepoint: 15499 ns, Total: 424556 ns
[2022-08-29T04:32:21.905+0000][7][safepoint   ] Safepoint "Cleanup", Time since last: 4001363016 ns, Reaching safepoint: 398477 ns, At safepoint: 33633 ns, Total: 432110 ns
[2022-08-29T04:32:24.907+0000][7][safepoint   ] Safepoint "Cleanup", Time since last: 3001175454 ns, Reaching safepoint: 360306 ns, At safepoint: 31519 ns, Total: 391825 ns
[2022-08-29T04:32:34.909+0000][7][safepoint   ] Safepoint "Cleanup", Time since last: 10001991365 ns, Reaching safepoint: 235522 ns, At safepoint: 23614 ns, Total: 259136 ns
[2022-08-29T04:32:35.910+0000][7][safepoint   ] Safepoint "Cleanup", Time since last: 1000513312 ns, Reaching safepoint: 293741 ns, At safepoint: 47730 ns, Total: 341471 ns
[2022-08-29T04:32:36.911+0000][7][safepoint   ] Safepoint "Cleanup", Time since last: 1000619161 ns, Reaching safepoint: 277961 ns, At safepoint: 19727 ns, Total: 297688 ns
[2022-08-29T04:32:38.370+0000][7][safepoint   ] Safepoint "Cleanup", Time since last: 1458840024 ns, Reaching safepoint: 389231 ns, At safepoint: 66865 ns, Total: 456096 ns
[2022-08-29T04:32:41.372+0000][7][safepoint   ] Safepoint "Cleanup", Time since last: 3000887905 ns, Reaching safepoint: 282389 ns, At safepoint: 99968 ns, Total: 382357 ns
[2022-08-29T04:32:42.373+0000][7][safepoint   ] Safepoint "Cleanup", Time since last: 1000573035 ns, Reaching safepoint: 297347 ns, At safepoint: 47539 ns, Total: 344886 ns
[2022-08-29T04:32:49.375+0000][7][safepoint   ] Safepoint "Cleanup", Time since last: 7001522696 ns, Reaching safepoint: 339026 ns, At safepoint: 65633 ns, Total: 404659 ns
[2022-08-29T04:33:01.378+0000][7][safepoint   ] Safepoint "Cleanup", Time since last: 12002502233 ns, Reaching safepoint: 510848 ns, At safepoint: 74169 ns, Total: 585017 ns
[2022-08-29T04:33:07.380+0000][7][safepoint   ] Safepoint "Cleanup", Time since last: 6001721037 ns, Reaching safepoint: 459051 ns, At safepoint: 64561 ns, Total: 523612 ns
[2022-08-29T04:33:08.380+0000][7][safepoint   ] Safepoint "Cleanup", Time since last: 1000196228 ns, Reaching safepoint: 175739 ns, At safepoint: 5771 ns, Total: 181510 ns
[2022-08-29T04:33:12.381+0000][7][safepoint   ] Safepoint "Cleanup", Time since last: 4000966542 ns, Reaching safepoint: 439765 ns, At safepoint: 73878 ns, Total: 513643 ns
[2022-08-29T04:33:25.384+0000][7][safepoint   ] Safepoint "Cleanup", Time since last: 13002635022 ns, Reaching safepoint: 355407 ns, At safepoint: 13806 ns, Total: 369213 ns
[2022-08-29T04:33:35.387+0000][7][safepoint   ] Safepoint "Cleanup", Time since last: 10002002185 ns, Reaching safepoint: 233378 ns, At safepoint: 10018 ns, Total: 243396 ns
[2022-08-29T04:33:36.388+0000][7][safepoint   ] Safepoint "Cleanup", Time since last: 1000751209 ns, Reaching safepoint: 490870 ns, At safepoint: 15910 ns, Total: 506780 ns
[2022-08-29T04:33:38.389+0000][7][safepoint   ] Safepoint "Cleanup", Time since last: 2001087179 ns, Reaching safepoint: 298700 ns, At safepoint: 29776 ns, Total: 328476 ns
[2022-08-29T04:33:48.870+0000][7][safepoint   ] Safepoint "Cleanup", Time since last: 10469752226 ns, Reaching safepoint: 187090 ns, At safepoint: 6953 ns, Total: 194043 ns
[2022-08-29T04:33:50.871+0000][7][safepoint   ] Safepoint "Cleanup", Time since last: 2000734738 ns, Reaching safepoint: 233829 ns, At safepoint: 50815 ns, Total: 284644 ns
[2022-08-29T04:34:06.298+0000][7][safepoint   ] Safepoint "Cleanup", Time since last: 15426428705 ns, Reaching safepoint: 571221 ns, At safepoint: 68719 ns, Total: 639940 ns
[2022-08-29T04:34:08.300+0000][7][safepoint   ] Safepoint "Cleanup", Time since last: 2000980599 ns, Reaching safepoint: 393939 ns, At safepoint: 34625 ns, Total: 428564 ns
[2022-08-29T04:34:30.294+0000][7][safepoint   ] Safepoint "Cleanup", Time since last: 22004546466 ns, Reaching safepoint: 286738 ns, At safepoint: 26320 ns, Total: 313058 ns
[2022-08-29T04:34:36.297+0000][7][safepoint   ] Safepoint "Cleanup", Time since last: 6002629821 ns, Reaching safepoint: 266951 ns, At safepoint: 24205 ns, Total: 291156 ns
[2022-08-29T04:34:37.298+0000][7][safepoint   ] Safepoint "Cleanup", Time since last: 1000585698 ns, Reaching safepoint: 370786 ns, At safepoint: 13605 ns, Total: 384391 ns
[2022-08-29T04:34:38.299+0000][7][safepoint   ] Safepoint "Cleanup", Time since last: 1000835567 ns, Reaching safepoint: 284113 ns, At safepoint: 53229 ns, Total: 337342 ns
[2022-08-29T04:34:39.313+0000][7][safepoint   ] Safepoint "Cleanup", Time since last: 1000804288 ns, Reaching safepoint: 316744 ns, At safepoint: 29195 ns, Total: 345939 ns
[2022-08-29T04:34:45.315+0000][7][safepoint   ] Safepoint "Cleanup", Time since last: 6001312972 ns, Reaching safepoint: 410600 ns, At safepoint: 23184 ns, Total: 433784 ns
[2022-08-29T04:34:46.316+0000][7][safepoint   ] Safepoint "Cleanup", Time since last: 1000677710 ns, Reaching safepoint: 312586 ns, At safepoint: 15399 ns, Total: 327985 ns
[2022-08-29T04:34:59.319+0000][7][safepoint   ] Safepoint "Cleanup", Time since last: 13002456688 ns, Reaching safepoint: 571692 ns, At safepoint: 60333 ns, Total: 632025 ns
[2022-08-29T04:35:07.321+0000][7][safepoint   ] Safepoint "Cleanup", Time since last: 8001440502 ns, Reaching safepoint: 728726 ns, At safepoint: 53220 ns, Total: 781946 ns
[2022-08-29T04:35:08.323+0000][7][safepoint   ] Safepoint "Cleanup", Time since last: 1000725671 ns, Reaching safepoint: 546074 ns, At safepoint: 84288 ns, Total: 630362 ns
[2022-08-29T04:35:09.311+0000][7][safepoint   ] Safepoint "Cleanup", Time since last: 1000971541 ns, Reaching safepoint: 313588 ns, At safepoint: 14097 ns, Total: 327685 ns
[2022-08-29T04:35:38.316+0000][7][safepoint   ] Safepoint "Cleanup", Time since last: 29005358180 ns, Reaching safepoint: 331511 ns, At safepoint: 6382 ns, Total: 337893 ns
[2022-08-29T04:36:08.323+0000][7][safepoint   ] Safepoint "Cleanup", Time since last: 30005788917 ns, Reaching safepoint: 460573 ns, At safepoint: 69821 ns, Total: 530394 ns
[2022-08-29T04:36:36.328+0000][7][safepoint   ] Safepoint "Cleanup", Time since last: 28005639366 ns, Reaching safepoint: 448521 ns, At safepoint: 8115 ns, Total: 456636 ns
[2022-08-29T04:36:38.330+0000][7][safepoint   ] Safepoint "Cleanup", Time since last: 2001135790 ns, Reaching safepoint: 390372 ns, At safepoint: 79389 ns, Total: 469761 ns
[2022-08-29T04:37:06.335+0000][7][safepoint   ] Safepoint "Cleanup", Time since last: 28004913505 ns, Reaching safepoint: 270488 ns, At safepoint: 49312 ns, Total: 319800 ns
[2022-08-29T04:37:07.336+0000][7][safepoint   ] Safepoint "Cleanup", Time since last: 1000497924 ns, Reaching safepoint: 262973 ns, At safepoint: 49663 ns, Total: 312636 ns
[2022-08-29T04:37:08.337+0000][7][safepoint   ] Safepoint "Cleanup", Time since last: 1000601558 ns, Reaching safepoint: 211877 ns, At safepoint: 50124 ns, Total: 262001 ns
[2022-08-29T04:37:31.342+0000][7][safepoint   ] Safepoint "Cleanup", Time since last: 23004624933 ns, Reaching safepoint: 344877 ns, At safepoint: 13866 ns, Total: 358743 ns
[2022-08-29T04:37:37.344+0000][7][safepoint   ] Safepoint "Cleanup", Time since last: 6001454618 ns, Reaching safepoint: 512742 ns, At safepoint: 70442 ns, Total: 583184 ns
[2022-08-29T04:37:38.345+0000][7][safepoint   ] Safepoint "Cleanup", Time since last: 1000758913 ns, Reaching safepoint: 305272 ns, At safepoint: 20098 ns, Total: 325370 ns
[2022-08-29T04:37:59.350+0000][7][safepoint   ] Safepoint "Cleanup", Time since last: 21004136618 ns, Reaching safepoint: 396253 ns, At safepoint: 47810 ns, Total: 444063 ns
[2022-08-29T04:38:07.352+0000][7][safepoint   ] Safepoint "Cleanup", Time since last: 8001748459 ns, Reaching safepoint: 451978 ns, At safepoint: 64661 ns, Total: 516639 ns
[2022-08-29T04:38:08.353+0000][7][safepoint   ] Safepoint "Cleanup", Time since last: 1000819256 ns, Reaching safepoint: 264797 ns, At safepoint: 49763 ns, Total: 314560 ns
[2022-08-29T04:38:36.702+0000][7][safepoint   ] Safepoint "Cleanup", Time since last: 28347984453 ns, Reaching safepoint: 460023 ns, At safepoint: 15409 ns, Total: 475432 ns
[2022-08-29T04:38:38.703+0000][7][safepoint   ] Safepoint "Cleanup", Time since last: 2000920957 ns, Reaching safepoint: 339877 ns, At safepoint: 66154 ns, Total: 406031 ns
[2022-08-29T04:38:55.707+0000][7][safepoint   ] Safepoint "Cleanup", Time since last: 17003223756 ns, Reaching safepoint: 266841 ns, At safepoint: 25918 ns, Total: 292759 ns
[2022-08-29T04:39:08.711+0000][7][safepoint   ] Safepoint "Cleanup", Time since last: 13003473475 ns, Reaching safepoint: 411110 ns, At safepoint: 17413 ns, Total: 428523 ns
[2022-08-29T04:39:16.715+0000][7][safepoint   ] Safepoint "Cleanup", Time since last: 8002697048 ns, Reaching safepoint: 254216 ns, At safepoint: 9468 ns, Total: 263684 ns
[2022-08-29T04:39:17.717+0000][7][safepoint   ] Safepoint "Cleanup", Time since last: 1000998372 ns, Reaching safepoint: 282931 ns, At safepoint: 3366 ns, Total: 286297 ns
[2022-08-29T04:39:27.112+0000][7][safepoint   ] Safepoint "Cleanup", Time since last: 9394510889 ns, Reaching safepoint: 428934 ns, At safepoint: 92504 ns, Total: 521438 ns
[2022-08-29T04:39:29.113+0000][7][safepoint   ] Safepoint "Cleanup", Time since last: 2000687669 ns, Reaching safepoint: 345658 ns, At safepoint: 82304 ns, Total: 427962 ns
[2022-08-29T04:39:37.115+0000][7][safepoint   ] Safepoint "Cleanup", Time since last: 8001735325 ns, Reaching safepoint: 597099 ns, At safepoint: 74370 ns, Total: 671469 ns
[2022-08-29T04:39:39.115+0000][7][safepoint   ] Safepoint "Cleanup", Time since last: 2000799619 ns, Reaching safepoint: 548950 ns, At safepoint: 4718 ns, Total: 553668 ns
[2022-08-29T04:40:06.120+0000][7][safepoint   ] Safepoint "Cleanup", Time since last: 27005076622 ns, Reaching safepoint: 345688 ns, At safepoint: 13015 ns, Total: 358703 ns
[2022-08-29T04:40:09.122+0000][7][safepoint   ] Safepoint "Cleanup", Time since last: 3001272525 ns, Reaching safepoint: 537007 ns, At safepoint: 5080 ns, Total: 542087 ns
[2022-08-29T04:40:24.126+0000][7][safepoint   ] Safepoint "Cleanup", Time since last: 15003375009 ns, Reaching safepoint: 486783 ns, At safepoint: 65252 ns, Total: 552035 ns
[2022-08-29T04:40:36.129+0000][7][safepoint   ] Safepoint "Cleanup", Time since last: 12002890862 ns, Reaching safepoint: 367198 ns, At safepoint: 10080 ns, Total: 377278 ns
[2022-08-29T04:40:37.130+0000][7][safepoint   ] Safepoint "Cleanup", Time since last: 1000798386 ns, Reaching safepoint: 261711 ns, At safepoint: 48331 ns, Total: 310042 ns
[2022-08-29T04:40:39.132+0000][7][safepoint   ] Safepoint "Cleanup", Time since last: 2000903032 ns, Reaching safepoint: 342442 ns, At safepoint: 7865 ns, Total: 350307 ns
[2022-08-29T04:40:51.135+0000][7][safepoint   ] Safepoint "Cleanup", Time since last: 12002453792 ns, Reaching safepoint: 232767 ns, At safepoint: 45275 ns, Total: 278042 ns
[2022-08-29T04:41:03.523+0000][7][safepoint   ] Safepoint "Cleanup", Time since last: 12387531492 ns, Reaching safepoint: 469782 ns, At safepoint: 71844 ns, Total: 541626 ns
[2022-08-29T04:41:06.524+0000][7][safepoint   ] Safepoint "Cleanup", Time since last: 3001093180 ns, Reaching safepoint: 190377 ns, At safepoint: 38793 ns, Total: 229170 ns
[2022-08-29T04:41:08.525+0000][7][safepoint   ] Safepoint "Cleanup", Time since last: 2000764814 ns, Reaching safepoint: 210344 ns, At safepoint: 11181 ns, Total: 221525 ns
[2022-08-29T04:41:09.534+0000][7][safepoint   ] Safepoint "Cleanup", Time since last: 1006941726 ns, Reaching safepoint: 444433 ns, At safepoint: 62226 ns, Total: 506659 ns
[2022-08-29T04:41:36.538+0000][7][safepoint   ] Safepoint "Cleanup", Time since last: 27003864399 ns, Reaching safepoint: 244238 ns, At safepoint: 3056 ns, Total: 247294 ns
[2022-08-29T04:41:39.538+0000][7][safepoint   ] Safepoint "Cleanup", Time since last: 3001627351 ns, Reaching safepoint: 277390 ns, At safepoint: 25147 ns, Total: 302537 ns
[2022-08-29T04:42:09.546+0000][7][safepoint   ] Safepoint "Cleanup", Time since last: 30005252491 ns, Reaching safepoint: 347862 ns, At safepoint: 21270 ns, Total: 369132 ns
[2022-08-29T04:42:23.551+0000][7][safepoint   ] Safepoint "Cleanup", Time since last: 14004621347 ns, Reaching safepoint: 523591 ns, At safepoint: 90440 ns, Total: 614031 ns
[2022-08-29T04:42:27.553+0000][7][safepoint   ] Safepoint "Cleanup", Time since last: 4001656957 ns, Reaching safepoint: 370165 ns, At safepoint: 13966 ns, Total: 384131 ns
[2022-08-29T04:42:36.556+0000][7][safepoint   ] Safepoint "Cleanup", Time since last: 9002035337 ns, Reaching safepoint: 431559 ns, At safepoint: 8055 ns, Total: 439614 ns
[2022-08-29T04:42:39.556+0000][7][safepoint   ] Safepoint "Cleanup", Time since last: 3001117264 ns, Reaching safepoint: 336271 ns, At safepoint: 48721 ns, Total: 384992 ns
[2022-08-29T04:43:09.560+0000][7][safepoint   ] Safepoint "Cleanup", Time since last: 30005630169 ns, Reaching safepoint: 297738 ns, At safepoint: 46988 ns, Total: 344726 ns
[2022-08-29T04:43:21.576+0000][7][gc,start    ] GC(27) Pause Young (Normal) (G1 Evacuation Pause)
[2022-08-29T04:43:21.576+0000][7][gc,task     ] GC(27) Using 6 workers of 6 for evacuation
[2022-08-29T04:43:21.576+0000][7][gc,age      ] GC(27) Desired survivor size 8388608 bytes, new threshold 2 (max threshold 15)
[2022-08-29T04:43:21.585+0000][7][gc,age      ] GC(27) Age table with threshold 2 (max threshold 15)
[2022-08-29T04:43:21.585+0000][7][gc,age      ] GC(27) - age   1:    3244608 bytes,    3244608 total
[2022-08-29T04:43:21.585+0000][7][gc,age      ] GC(27) - age   2:    3003736 bytes,    6248344 total
[2022-08-29T04:43:21.586+0000][7][gc,phases   ] GC(27)   Pre Evacuate Collection Set: 0.2ms
[2022-08-29T04:43:21.586+0000][7][gc,phases   ] GC(27)   Merge Heap Roots: 0.1ms
[2022-08-29T04:43:21.586+0000][7][gc,phases   ] GC(27)   Evacuate Collection Set: 6.5ms
[2022-08-29T04:43:21.586+0000][7][gc,phases   ] GC(27)   Post Evacuate Collection Set: 1.2ms
[2022-08-29T04:43:21.586+0000][7][gc,phases   ] GC(27)   Other: 1.7ms
[2022-08-29T04:43:21.586+0000][7][gc,heap     ] GC(27) Eden regions: 26->0(25)
[2022-08-29T04:43:21.587+0000][7][gc,heap     ] GC(27) Survivor regions: 3->2(4)
[2022-08-29T04:43:21.587+0000][7][gc,heap     ] GC(27) Old regions: 17->19
[2022-08-29T04:43:21.587+0000][7][gc,heap     ] GC(27) Archive regions: 2->2
[2022-08-29T04:43:21.587+0000][7][gc,heap     ] GC(27) Humongous regions: 2->2
[2022-08-29T04:43:21.587+0000][7][gc,metaspace] GC(27) Metaspace: 95395K(99156K)->95395K(99156K) NonClass: 82509K(85128K)->82509K(85128K) Class: 12886K(14028K)->12886K(14028K)
[2022-08-29T04:43:21.587+0000][7][gc          ] GC(27) Pause Young (Normal) (G1 Evacuation Pause) 192M->91M(256M) 11.567ms
[2022-08-29T04:43:21.587+0000][7][gc,cpu      ] GC(27) User=0.03s Sys=0.00s Real=0.01s
[2022-08-29T04:43:21.588+0000][7][safepoint   ] Safepoint "G1CollectForAllocation", Time since last: 12015635458 ns, Reaching safepoint: 215724 ns, At safepoint: 11993438 ns, Total: 12209162 ns
[2022-08-29T04:43:39.934+0000][7][safepoint   ] Safepoint "Cleanup", Time since last: 18344468159 ns, Reaching safepoint: 237365 ns, At safepoint: 47720 ns, Total: 285085 ns
[2022-08-29T04:43:44.430+0000][7][safepoint   ] Safepoint "Cleanup", Time since last: 4496499357 ns, Reaching safepoint: 182892 ns, At safepoint: 79059 ns, Total: 261951 ns
[2022-08-29T04:44:06.503+0000][7][safepoint   ] Safepoint "Cleanup", Time since last: 22071867884 ns, Reaching safepoint: 745789 ns, At safepoint: 70592 ns, Total: 816381 ns
[2022-08-29T04:44:09.504+0000][7][safepoint   ] Safepoint "Cleanup", Time since last: 3001114761 ns, Reaching safepoint: 375614 ns, At safepoint: 6562 ns, Total: 382176 ns
[2022-08-29T04:44:13.506+0000][7][safepoint   ] Safepoint "Cleanup", Time since last: 4001364068 ns, Reaching safepoint: 196439 ns, At safepoint: 3065 ns, Total: 199504 ns
[2022-08-29T04:44:39.511+0000][7][safepoint   ] Safepoint "Cleanup", Time since last: 26004205027 ns, Reaching safepoint: 372068 ns, At safepoint: 24095 ns, Total: 396163 ns
[2022-08-29T04:45:06.515+0000][7][safepoint   ] Safepoint "Cleanup", Time since last: 27004219865 ns, Reaching safepoint: 266951 ns, At safepoint: 32340 ns, Total: 299291 ns
[2022-08-29T04:45:09.517+0000][7][safepoint   ] Safepoint "Cleanup", Time since last: 3001168871 ns, Reaching safepoint: 358532 ns, At safepoint: 68710 ns, Total: 427242 ns
[2022-08-29T04:45:35.522+0000][7][safepoint   ] Safepoint "Cleanup", Time since last: 26004920458 ns, Reaching safepoint: 220794 ns, At safepoint: 3297 ns, Total: 224091 ns
[2022-08-29T04:45:39.523+0000][7][safepoint   ] Safepoint "Cleanup", Time since last: 4001106093 ns, Reaching safepoint: 355757 ns, At safepoint: 7143 ns, Total: 362900 ns
[2022-08-29T04:45:52.526+0000][7][safepoint   ] Safepoint "Cleanup", Time since last: 13002471816 ns, Reaching safepoint: 263935 ns, At safepoint: 7985 ns, Total: 271920 ns
[2022-08-29T04:46:09.531+0000][7][safepoint   ] Safepoint "Cleanup", Time since last: 17003232743 ns, Reaching safepoint: 476724 ns, At safepoint: 62357 ns, Total: 539081 ns
[2022-08-29T04:46:28.534+0000][7][safepoint   ] Safepoint "Cleanup", Time since last: 19003362467 ns, Reaching safepoint: 471984 ns, At safepoint: 68679 ns, Total: 540663 ns
[2022-08-29T04:46:39.536+0000][7][safepoint   ] Safepoint "Cleanup", Time since last: 11002055695 ns, Reaching safepoint: 206628 ns, At safepoint: 29295 ns, Total: 235923 ns
[2022-08-29T04:46:56.539+0000][7][safepoint   ] Safepoint "Cleanup", Time since last: 17003193389 ns, Reaching safepoint: 256361 ns, At safepoint: 46076 ns, Total: 302437 ns
[2022-08-29T04:46:58.541+0000][7][safepoint   ] Safepoint "Cleanup", Time since last: 2000800912 ns, Reaching safepoint: 425528 ns, At safepoint: 33182 ns, Total: 458710 ns
[2022-08-29T04:47:09.813+0000][7][safepoint   ] Safepoint "Cleanup", Time since last: 11272280106 ns, Reaching safepoint: 215574 ns, At safepoint: 25478 ns, Total: 241052 ns
[2022-08-29T04:47:19.816+0000][7][safepoint   ] Safepoint "Cleanup", Time since last: 10002367190 ns, Reaching safepoint: 458770 ns, At safepoint: 71173 ns, Total: 529943 ns
[2022-08-29T04:47:21.817+0000][7][safepoint   ] Safepoint "Cleanup", Time since last: 2001042565 ns, Reaching safepoint: 285476 ns, At safepoint: 25618 ns, Total: 311094 ns
[2022-08-29T04:47:37.821+0000][7][safepoint   ] Safepoint "Cleanup", Time since last: 16002633810 ns, Reaching safepoint: 383489 ns, At safepoint: 14587 ns, Total: 398076 ns
[2022-08-29T04:47:39.821+0000][7][safepoint   ] Safepoint "Cleanup", Time since last: 2000361207 ns, Reaching safepoint: 239820 ns, At safepoint: 6542 ns, Total: 246362 ns
[2022-08-29T04:47:48.823+0000][7][safepoint   ] Safepoint "Cleanup", Time since last: 9002081925 ns, Reaching safepoint: 182642 ns, At safepoint: 19437 ns, Total: 202079 ns
[2022-08-29T04:48:06.826+0000][7][safepoint   ] Safepoint "Cleanup", Time since last: 18002917522 ns, Reaching safepoint: 253656 ns, At safepoint: 45104 ns, Total: 298760 ns
[2022-08-29T04:48:09.828+0000][7][safepoint   ] Safepoint "Cleanup", Time since last: 3000588874 ns, Reaching safepoint: 265458 ns, At safepoint: 12093 ns, Total: 277551 ns
[2022-08-29T04:48:29.970+0000][7][safepoint   ] Safepoint "Cleanup", Time since last: 20141458116 ns, Reaching safepoint: 354845 ns, At safepoint: 157495 ns, Total: 512340 ns
[2022-08-29T04:48:39.972+0000][7][safepoint   ] Safepoint "Cleanup", Time since last: 10002070854 ns, Reaching safepoint: 190196 ns, At safepoint: 26299 ns, Total: 216495 ns
[2022-08-29T04:49:07.977+0000][7][safepoint   ] Safepoint "Cleanup", Time since last: 28004809702 ns, Reaching safepoint: 423033 ns, At safepoint: 19517 ns, Total: 442550 ns
[2022-08-29T04:49:09.978+0000][7][safepoint   ] Safepoint "Cleanup", Time since last: 2001072330 ns, Reaching safepoint: 143048 ns, At safepoint: 22312 ns, Total: 165360 ns
[2022-08-29T04:49:40.031+0000][7][safepoint   ] Safepoint "Cleanup", Time since last: 30051702144 ns, Reaching safepoint: 160832 ns, At safepoint: 4338 ns, Total: 165170 ns
[2022-08-29T04:49:56.034+0000][7][safepoint   ] Safepoint "Cleanup", Time since last: 16003085837 ns, Reaching safepoint: 239168 ns, At safepoint: 26370 ns, Total: 265538 ns
[2022-08-29T04:50:07.037+0000][7][safepoint   ] Safepoint "Cleanup", Time since last: 11002597862 ns, Reaching safepoint: 165600 ns, At safepoint: 4680 ns, Total: 170280 ns
[2022-08-29T04:50:10.040+0000][7][safepoint   ] Safepoint "Cleanup", Time since last: 3001214126 ns, Reaching safepoint: 323306 ns, At safepoint: 49843 ns, Total: 373149 ns
[2022-08-29T04:50:24.043+0000][7][safepoint   ] Safepoint "Cleanup", Time since last: 14002560132 ns, Reaching safepoint: 345859 ns, At safepoint: 48140 ns, Total: 393999 ns
[2022-08-29T04:50:34.045+0000][7][safepoint   ] Safepoint "Cleanup", Time since last: 10001914351 ns, Reaching safepoint: 285635 ns, At safepoint: 14257 ns, Total: 299892 ns
[2022-08-29T04:50:37.047+0000][7][safepoint   ] Safepoint "Cleanup", Time since last: 3001080096 ns, Reaching safepoint: 254156 ns, At safepoint: 2275 ns, Total: 256431 ns
[2022-08-29T04:50:40.046+0000][7][safepoint   ] Safepoint "Cleanup", Time since last: 3000908733 ns, Reaching safepoint: 343194 ns, At safepoint: 59110 ns, Total: 402304 ns
[2022-08-29T04:51:07.053+0000][7][safepoint   ] Safepoint "Cleanup", Time since last: 27005925995 ns, Reaching safepoint: 392485 ns, At safepoint: 65243 ns, Total: 457728 ns
[2022-08-29T04:51:10.054+0000][7][safepoint   ] Safepoint "Cleanup", Time since last: 3001285961 ns, Reaching safepoint: 252263 ns, At safepoint: 28283 ns, Total: 280546 ns
[2022-08-29T04:51:40.060+0000][7][safepoint   ] Safepoint "Cleanup", Time since last: 30006491545 ns, Reaching safepoint: 209523 ns, At safepoint: 4638 ns, Total: 214161 ns
[2022-08-29T04:51:47.062+0000][7][safepoint   ] Safepoint "Cleanup", Time since last: 7001852354 ns, Reaching safepoint: 297007 ns, At safepoint: 49052 ns, Total: 346059 ns
[2022-08-29T04:51:58.274+0000][7][safepoint   ] Safepoint "Cleanup", Time since last: 11211225739 ns, Reaching safepoint: 454432 ns, At safepoint: 60524 ns, Total: 514956 ns
[2022-08-29T04:52:06.276+0000][7][safepoint   ] Safepoint "Cleanup", Time since last: 8001921523 ns, Reaching safepoint: 173435 ns, At safepoint: 21781 ns, Total: 195216 ns
[2022-08-29T04:52:10.277+0000][7][safepoint   ] Safepoint "Cleanup", Time since last: 4000887084 ns, Reaching safepoint: 392135 ns, At safepoint: 52228 ns, Total: 444363 ns
[2022-08-29T04:52:34.282+0000][7][safepoint   ] Safepoint "Cleanup", Time since last: 24004376198 ns, Reaching safepoint: 315361 ns, At safepoint: 49984 ns, Total: 365345 ns
[2022-08-29T04:52:36.284+0000][7][safepoint   ] Safepoint "Cleanup", Time since last: 2001192366 ns, Reaching safepoint: 261891 ns, At safepoint: 26359 ns, Total: 288250 ns
[2022-08-29T04:52:40.296+0000][7][safepoint   ] Safepoint "Cleanup", Time since last: 4000862277 ns, Reaching safepoint: 226965 ns, At safepoint: 23414 ns, Total: 250379 ns
[2022-08-29T04:53:11.903+0000][7][safepoint   ] Safepoint "Cleanup", Time since last: 31614982295 ns, Reaching safepoint: 1224346 ns, At safepoint: 119574 ns, Total: 1343920 ns
[2022-08-29T04:53:14.906+0000][7][safepoint   ] Safepoint "Cleanup", Time since last: 3002673543 ns, Reaching safepoint: 530565 ns, At safepoint: 44012 ns, Total: 574577 ns
[2022-08-29T04:53:36.910+0000][7][safepoint   ] Safepoint "Cleanup", Time since last: 22003498102 ns, Reaching safepoint: 436889 ns, At safepoint: 77666 ns, Total: 514555 ns
[2022-08-29T04:53:42.238+0000][7][safepoint   ] Safepoint "Cleanup", Time since last: 5312434134 ns, Reaching safepoint: 316774 ns, At safepoint: 39574 ns, Total: 356348 ns
[2022-08-29T04:54:12.226+0000][7][safepoint   ] Safepoint "Cleanup", Time since last: 30005874217 ns, Reaching safepoint: 316874 ns, At safepoint: 31549 ns, Total: 348423 ns
[2022-08-29T04:54:24.230+0000][7][safepoint   ] Safepoint "Cleanup", Time since last: 12002911220 ns, Reaching safepoint: 225011 ns, At safepoint: 28223 ns, Total: 253234 ns
[2022-08-29T04:54:35.232+0000][7][safepoint   ] Safepoint "Cleanup", Time since last: 11001571378 ns, Reaching safepoint: 504095 ns, At safepoint: 72436 ns, Total: 576531 ns
[2022-08-29T04:54:42.245+0000][7][safepoint   ] Safepoint "Cleanup", Time since last: 7001476458 ns, Reaching safepoint: 262803 ns, At safepoint: 23224 ns, Total: 286027 ns
[2022-08-29T04:55:07.250+0000][7][safepoint   ] Safepoint "Cleanup", Time since last: 25004333738 ns, Reaching safepoint: 411662 ns, At safepoint: 20569 ns, Total: 432231 ns
[2022-08-29T04:55:12.242+0000][7][safepoint   ] Safepoint "Cleanup", Time since last: 5001778765 ns, Reaching safepoint: 249457 ns, At safepoint: 60524 ns, Total: 309981 ns
[2022-08-29T04:55:42.247+0000][7][safepoint   ] Safepoint "Cleanup", Time since last: 30004971434 ns, Reaching safepoint: 341240 ns, At safepoint: 46266 ns, Total: 387506 ns
[2022-08-29T04:56:12.252+0000][7][safepoint   ] Safepoint "Cleanup", Time since last: 30005492992 ns, Reaching safepoint: 279103 ns, At safepoint: 10119 ns, Total: 289222 ns
[2022-08-29T04:56:38.566+0000][7][safepoint   ] Safepoint "Cleanup", Time since last: 26313006270 ns, Reaching safepoint: 402444 ns, At safepoint: 72346 ns, Total: 474790 ns
[2022-08-29T04:56:39.859+0000][7][safepoint   ] Safepoint "Cleanup", Time since last: 1293502668 ns, Reaching safepoint: 316724 ns, At safepoint: 49743 ns, Total: 366467 ns
[2022-08-29T04:56:42.861+0000][7][safepoint   ] Safepoint "Cleanup", Time since last: 3001026244 ns, Reaching safepoint: 296616 ns, At safepoint: 14146 ns, Total: 310762 ns
[2022-08-29T04:57:08.866+0000][7][safepoint   ] Safepoint "Cleanup", Time since last: 26004320664 ns, Reaching safepoint: 413656 ns, At safepoint: 65292 ns, Total: 478948 ns
[2022-08-29T04:57:44.082+0000][7][safepoint   ] Safepoint "Cleanup", Time since last: 35215884005 ns, Reaching safepoint: 346049 ns, At safepoint: 47369 ns, Total: 393418 ns
[2022-08-29T04:58:14.088+0000][7][safepoint   ] Safepoint "Cleanup", Time since last: 30005588882 ns, Reaching safepoint: 504716 ns, At safepoint: 49062 ns, Total: 553778 ns
[2022-08-29T04:58:43.094+0000][7][safepoint   ] Safepoint "Cleanup", Time since last: 29005235149 ns, Reaching safepoint: 392516 ns, At safepoint: 18545 ns, Total: 411061 ns
[2022-08-29T04:58:44.096+0000][7][safepoint   ] Safepoint "Cleanup", Time since last: 1000950021 ns, Reaching safepoint: 300865 ns, At safepoint: 61425 ns, Total: 362290 ns
[2022-08-29T04:59:09.476+0000][7][safepoint   ] Safepoint "Cleanup", Time since last: 25380008869 ns, Reaching safepoint: 379432 ns, At safepoint: 12523 ns, Total: 391955 ns
[2022-08-29T04:59:14.479+0000][7][safepoint   ] Safepoint "Cleanup", Time since last: 5002256011 ns, Reaching safepoint: 305101 ns, At safepoint: 11783 ns, Total: 316884 ns
[2022-08-29T04:59:44.630+0000][7][safepoint   ] Safepoint "Cleanup", Time since last: 30005680834 ns, Reaching safepoint: 132230522 ns, At safepoint: 214392 ns, Total: 132444914 ns
[2022-08-29T04:59:45.631+0000][7][safepoint   ] Safepoint "Cleanup", Time since last: 1001126633 ns, Reaching safepoint: 159779 ns, At safepoint: 20890 ns, Total: 180669 ns
[2022-08-29T04:59:49.633+0000][7][safepoint   ] Safepoint "Cleanup", Time since last: 4001063925 ns, Reaching safepoint: 176151 ns, At safepoint: 72135 ns, Total: 248286 ns
[2022-08-29T05:00:15.149+0000][7][safepoint   ] Safepoint "Cleanup", Time since last: 25528408488 ns, Reaching safepoint: 420017 ns, At safepoint: 59442 ns, Total: 479459 ns
[2022-08-29T05:00:45.155+0000][7][safepoint   ] Safepoint "Cleanup", Time since last: 30006561595 ns, Reaching safepoint: 269996 ns, At safepoint: 74580 ns, Total: 344576 ns
[2022-08-29T05:01:09.690+0000][7][safepoint   ] Safepoint "Cleanup", Time since last: 24534652967 ns, Reaching safepoint: 249137 ns, At safepoint: 5570 ns, Total: 254707 ns
[2022-08-29T05:01:15.406+0000][7][safepoint   ] Safepoint "Cleanup", Time since last: 5715831835 ns, Reaching safepoint: 383659 ns, At safepoint: 47569 ns, Total: 431228 ns
[2022-08-29T05:01:23.650+0000][7][safepoint   ] Safepoint "Cleanup", Time since last: 8241064166 ns, Reaching safepoint: 3105584 ns, At safepoint: 26429 ns, Total: 3132013 ns
[2022-08-29T05:01:29.902+0000][7][safepoint   ] Safepoint "Cleanup", Time since last: 6251864427 ns, Reaching safepoint: 429164 ns, At safepoint: 48030 ns, Total: 477194 ns
[2022-08-29T05:01:30.904+0000][7][safepoint   ] Safepoint "Cleanup", Time since last: 1000744647 ns, Reaching safepoint: 509505 ns, At safepoint: 48010 ns, Total: 557515 ns
[2022-08-29T05:01:31.443+0000][7][gc,heap,exit] Heap
[2022-08-29T05:01:31.443+0000][7][gc,heap,exit]  garbage-first heap   total 262144K, used 159390K [0x00000000f0000000, 0x0000000100000000)
[2022-08-29T05:01:31.444+0000][7][gc,heap,exit]   region size 4096K, 20 young (81920K), 2 survivors (8192K)
[2022-08-29T05:01:31.444+0000][7][gc,heap,exit]  Metaspace       used 96518K, capacity 99937K, committed 100436K, reserved 1136640K
[2022-08-29T05:01:31.445+0000][7][gc,heap,exit]   class space    used 12936K, capacity 13978K, committed 14028K, reserved 1048576K
