[2022-08-29T06:18:16.768+0000][7][gc] Using G1
[2022-08-29T06:18:17.376+0000][7][gc,init] Version: 15.0.1+9 (release)
[2022-08-29T06:18:17.377+0000][7][gc,init] CPUs: 6 total, 6 available
[2022-08-29T06:18:17.377+0000][7][gc,init] Memory: 5874M
[2022-08-29T06:18:17.377+0000][7][gc,init] Large Page Support: Disabled
[2022-08-29T06:18:17.378+0000][7][gc,init] NUMA Support: Disabled
[2022-08-29T06:18:17.378+0000][7][gc,init] Compressed Oops: Enabled (32-bit)
[2022-08-29T06:18:17.378+0000][7][gc,init] Heap Region Size: 4M
[2022-08-29T06:18:17.378+0000][7][gc,init] Heap Min Capacity: 256M
[2022-08-29T06:18:17.379+0000][7][gc,init] Heap Initial Capacity: 256M
[2022-08-29T06:18:17.379+0000][7][gc,init] Heap Max Capacity: 256M
[2022-08-29T06:18:17.379+0000][7][gc,init] Pre-touch: Enabled
[2022-08-29T06:18:17.380+0000][7][gc,init] Parallel Workers: 6
[2022-08-29T06:18:17.380+0000][7][gc,init] Concurrent Workers: 2
[2022-08-29T06:18:17.380+0000][7][gc,init] Concurrent Refinement Workers: 6
[2022-08-29T06:18:17.380+0000][7][gc,init] Periodic GC: Disabled
[2022-08-29T06:18:17.381+0000][7][gc,cds ] Mark closed archive regions in map: [0x00000000ffc00000, 0x00000000ffc7bff8]
[2022-08-29T06:18:17.381+0000][7][gc,cds ] Mark open archive regions in map: [0x00000000ffb00000, 0x00000000ffb51ff8]
[2022-08-29T06:18:17.381+0000][7][gc,metaspace] CDS archive(s) mapped at: [0x0000000800000000-0x0000000800b2a000-0x0000000800b2a000), size 11706368, SharedBaseAddress: 0x0000000800000000, ArchiveRelocationMode: 0.
[2022-08-29T06:18:17.381+0000][7][gc,metaspace] Compressed class space mapped at: 0x0000000800b2c000-0x0000000840b2c000, size: 1073741824
[2022-08-29T06:18:17.382+0000][7][gc,metaspace] Narrow klass base: 0x0000000800000000, Narrow klass shift: 3, Narrow klass range: 0x100000000
[2022-08-29T06:18:18.216+0000][7][gc,start    ] GC(0) Pause Young (Normal) (G1 Evacuation Pause)
[2022-08-29T06:18:18.217+0000][7][gc,task     ] GC(0) Using 6 workers of 6 for evacuation
[2022-08-29T06:18:18.217+0000][7][gc,age      ] GC(0) Desired survivor size 2097152 bytes, new threshold 15 (max threshold 15)
[2022-08-29T06:18:18.224+0000][7][gc,age      ] GC(0) Age table with threshold 15 (max threshold 15)
[2022-08-29T06:18:18.224+0000][7][gc,age      ] GC(0) - age   1:    3365272 bytes,    3365272 total
[2022-08-29T06:18:18.225+0000][7][gc,phases   ] GC(0)   Pre Evacuate Collection Set: 0.1ms
[2022-08-29T06:18:18.225+0000][7][gc,phases   ] GC(0)   Merge Heap Roots: 0.0ms
[2022-08-29T06:18:18.227+0000][7][gc,phases   ] GC(0)   Evacuate Collection Set: 5.3ms
[2022-08-29T06:18:18.227+0000][7][gc,phases   ] GC(0)   Post Evacuate Collection Set: 0.4ms
[2022-08-29T06:18:18.228+0000][7][gc,phases   ] GC(0)   Other: 3.3ms
[2022-08-29T06:18:18.228+0000][7][gc,heap     ] GC(0) Eden regions: 4->0(4)
[2022-08-29T06:18:18.228+0000][7][gc,heap     ] GC(0) Survivor regions: 0->1(1)
[2022-08-29T06:18:18.229+0000][7][gc,heap     ] GC(0) Old regions: 0->0
[2022-08-29T06:18:18.229+0000][7][gc,heap     ] GC(0) Archive regions: 2->2
[2022-08-29T06:18:18.229+0000][7][gc,heap     ] GC(0) Humongous regions: 0->0
[2022-08-29T06:18:18.229+0000][7][gc,metaspace] GC(0) Metaspace: 5060K(7680K)->5060K(7680K) NonClass: 4538K(6912K)->4538K(6912K) Class: 522K(768K)->522K(768K)
[2022-08-29T06:18:18.230+0000][7][gc          ] GC(0) Pause Young (Normal) (G1 Evacuation Pause) 19M->7M(256M) 13.709ms
[2022-08-29T06:18:18.230+0000][7][gc,cpu      ] GC(0) User=0.01s Sys=0.00s Real=0.01s
[2022-08-29T06:18:18.230+0000][7][safepoint   ] Safepoint "G1CollectForAllocation", Time since last: 818439615 ns, Reaching safepoint: 2133320 ns, At safepoint: 14257743 ns, Total: 16391063 ns
[2022-08-29T06:18:19.080+0000][7][gc,start    ] GC(1) Pause Young (Normal) (G1 Evacuation Pause)
[2022-08-29T06:18:19.080+0000][7][gc,task     ] GC(1) Using 6 workers of 6 for evacuation
[2022-08-29T06:18:19.081+0000][7][gc,age      ] GC(1) Desired survivor size 2097152 bytes, new threshold 1 (max threshold 15)
[2022-08-29T06:18:19.088+0000][7][gc,age      ] GC(1) Age table with threshold 1 (max threshold 15)
[2022-08-29T06:18:19.088+0000][7][gc,age      ] GC(1) - age   1:    1244752 bytes,    1244752 total
[2022-08-29T06:18:19.088+0000][7][gc,phases   ] GC(1)   Pre Evacuate Collection Set: 0.1ms
[2022-08-29T06:18:19.088+0000][7][gc,phases   ] GC(1)   Merge Heap Roots: 0.1ms
[2022-08-29T06:18:19.089+0000][7][gc,phases   ] GC(1)   Evacuate Collection Set: 5.6ms
[2022-08-29T06:18:19.089+0000][7][gc,phases   ] GC(1)   Post Evacuate Collection Set: 0.7ms
[2022-08-29T06:18:19.089+0000][7][gc,phases   ] GC(1)   Other: 1.7ms
[2022-08-29T06:18:19.089+0000][7][gc,heap     ] GC(1) Eden regions: 4->0(10)
[2022-08-29T06:18:19.090+0000][7][gc,heap     ] GC(1) Survivor regions: 1->1(1)
[2022-08-29T06:18:19.090+0000][7][gc,heap     ] GC(1) Old regions: 0->1
[2022-08-29T06:18:19.090+0000][7][gc,heap     ] GC(1) Archive regions: 2->2
[2022-08-29T06:18:19.091+0000][7][gc,heap     ] GC(1) Humongous regions: 0->0
[2022-08-29T06:18:19.091+0000][7][gc,metaspace] GC(1) Metaspace: 9763K(10496K)->9763K(10496K) NonClass: 8609K(9216K)->8609K(9216K) Class: 1153K(1280K)->1153K(1280K)
[2022-08-29T06:18:19.091+0000][7][gc          ] GC(1) Pause Young (Normal) (G1 Evacuation Pause) 23M->8M(256M) 11.346ms
[2022-08-29T06:18:19.092+0000][7][gc,cpu      ] GC(1) User=0.02s Sys=0.00s Real=0.01s
[2022-08-29T06:18:19.092+0000][7][safepoint   ] Safepoint "G1CollectForAllocation", Time since last: 849694768 ns, Reaching safepoint: 222267 ns, At safepoint: 11995912 ns, Total: 12218179 ns
[2022-08-29T06:18:19.992+0000][7][safepoint   ] Safepoint "ICBufferFull", Time since last: 897422427 ns, Reaching safepoint: 2562104 ns, At safepoint: 143419 ns, Total: 2705523 ns
[2022-08-29T06:18:20.260+0000][7][gc,start    ] GC(2) Pause Young (Normal) (G1 Evacuation Pause)
[2022-08-29T06:18:20.261+0000][7][gc,task     ] GC(2) Using 6 workers of 6 for evacuation
[2022-08-29T06:18:20.261+0000][7][gc,age      ] GC(2) Desired survivor size 4194304 bytes, new threshold 15 (max threshold 15)
[2022-08-29T06:18:20.290+0000][7][gc,age      ] GC(2) Age table with threshold 15 (max threshold 15)
[2022-08-29T06:18:20.291+0000][7][gc,age      ] GC(2) - age   1:    2437680 bytes,    2437680 total
[2022-08-29T06:18:20.291+0000][7][gc,age      ] GC(2) - age   2:    1196192 bytes,    3633872 total
[2022-08-29T06:18:20.291+0000][7][gc,phases   ] GC(2)   Pre Evacuate Collection Set: 0.1ms
[2022-08-29T06:18:20.291+0000][7][gc,phases   ] GC(2)   Merge Heap Roots: 0.0ms
[2022-08-29T06:18:20.292+0000][7][gc,phases   ] GC(2)   Evacuate Collection Set: 21.9ms
[2022-08-29T06:18:20.292+0000][7][gc,phases   ] GC(2)   Post Evacuate Collection Set: 7.0ms
[2022-08-29T06:18:20.292+0000][7][gc,phases   ] GC(2)   Other: 1.9ms
[2022-08-29T06:18:20.292+0000][7][gc,heap     ] GC(2) Eden regions: 10->0(34)
[2022-08-29T06:18:20.292+0000][7][gc,heap     ] GC(2) Survivor regions: 1->1(2)
[2022-08-29T06:18:20.292+0000][7][gc,heap     ] GC(2) Old regions: 1->1
[2022-08-29T06:18:20.295+0000][7][gc,heap     ] GC(2) Archive regions: 2->2
[2022-08-29T06:18:20.295+0000][7][gc,heap     ] GC(2) Humongous regions: 0->0
[2022-08-29T06:18:20.296+0000][7][gc,metaspace] GC(2) Metaspace: 14317K(14848K)->14317K(14848K) NonClass: 12645K(13056K)->12645K(13056K) Class: 1672K(1792K)->1672K(1792K)
[2022-08-29T06:18:20.296+0000][7][gc          ] GC(2) Pause Young (Normal) (G1 Evacuation Pause) 48M->10M(256M) 35.598ms
[2022-08-29T06:18:20.296+0000][7][gc,cpu      ] GC(2) User=0.07s Sys=0.00s Real=0.04s
[2022-08-29T06:18:20.297+0000][7][safepoint   ] Safepoint "G1CollectForAllocation", Time since last: 267875597 ns, Reaching safepoint: 138920 ns, At safepoint: 36622848 ns, Total: 36761768 ns
[2022-08-29T06:18:20.843+0000][7][safepoint   ] Safepoint "ICBufferFull", Time since last: 546410981 ns, Reaching safepoint: 231223 ns, At safepoint: 24737 ns, Total: 255960 ns
[2022-08-29T06:18:20.858+0000][7][safepoint   ] Safepoint "ICBufferFull", Time since last: 14405209 ns, Reaching safepoint: 138550 ns, At safepoint: 4759 ns, Total: 143309 ns
[2022-08-29T06:18:20.862+0000][7][safepoint   ] Safepoint "ICBufferFull", Time since last: 3397971 ns, Reaching safepoint: 203542 ns, At safepoint: 12684 ns, Total: 216226 ns
[2022-08-29T06:18:20.866+0000][7][safepoint   ] Safepoint "ICBufferFull", Time since last: 3745803 ns, Reaching safepoint: 237476 ns, At safepoint: 3526 ns, Total: 241002 ns
[2022-08-29T06:18:20.870+0000][7][safepoint   ] Safepoint "ICBufferFull", Time since last: 3948674 ns, Reaching safepoint: 198021 ns, At safepoint: 4078 ns, Total: 202099 ns
[2022-08-29T06:18:20.873+0000][7][safepoint   ] Safepoint "ICBufferFull", Time since last: 2942326 ns, Reaching safepoint: 230463 ns, At safepoint: 8265 ns, Total: 238728 ns
[2022-08-29T06:18:20.877+0000][7][safepoint   ] Safepoint "ICBufferFull", Time since last: 3886126 ns, Reaching safepoint: 172534 ns, At safepoint: 3156 ns, Total: 175690 ns
[2022-08-29T06:18:20.880+0000][7][safepoint   ] Safepoint "ICBufferFull", Time since last: 2676518 ns, Reaching safepoint: 186770 ns, At safepoint: 3838 ns, Total: 190608 ns
[2022-08-29T06:18:20.883+0000][7][safepoint   ] Safepoint "ICBufferFull", Time since last: 3341986 ns, Reaching safepoint: 192020 ns, At safepoint: 3777 ns, Total: 195797 ns
[2022-08-29T06:18:20.887+0000][7][safepoint   ] Safepoint "ICBufferFull", Time since last: 3686112 ns, Reaching safepoint: 191118 ns, At safepoint: 3928 ns, Total: 195046 ns
[2022-08-29T06:18:20.890+0000][7][safepoint   ] Safepoint "ICBufferFull", Time since last: 2924313 ns, Reaching safepoint: 200245 ns, At safepoint: 7464 ns, Total: 207709 ns
[2022-08-29T06:18:20.897+0000][7][safepoint   ] Safepoint "ICBufferFull", Time since last: 6989946 ns, Reaching safepoint: 78688 ns, At safepoint: 3236 ns, Total: 81924 ns
[2022-08-29T06:18:20.902+0000][7][safepoint   ] Safepoint "ICBufferFull", Time since last: 4156022 ns, Reaching safepoint: 78998 ns, At safepoint: 2806 ns, Total: 81804 ns
[2022-08-29T06:18:20.909+0000][7][safepoint   ] Safepoint "ICBufferFull", Time since last: 7260523 ns, Reaching safepoint: 163577 ns, At safepoint: 12163 ns, Total: 175740 ns
[2022-08-29T06:18:20.933+0000][7][safepoint   ] Safepoint "ICBufferFull", Time since last: 24040165 ns, Reaching safepoint: 129332 ns, At safepoint: 7525 ns, Total: 136857 ns
[2022-08-29T06:18:20.946+0000][7][safepoint   ] Safepoint "ICBufferFull", Time since last: 13075937 ns, Reaching safepoint: 84638 ns, At safepoint: 3267 ns, Total: 87905 ns
[2022-08-29T06:18:21.442+0000][7][gc,start    ] GC(3) Pause Young (Normal) (G1 Evacuation Pause)
[2022-08-29T06:18:21.442+0000][7][gc,task     ] GC(3) Using 6 workers of 6 for evacuation
[2022-08-29T06:18:21.442+0000][7][gc,age      ] GC(3) Desired survivor size 10485760 bytes, new threshold 15 (max threshold 15)
[2022-08-29T06:18:21.474+0000][7][gc,age      ] GC(3) Age table with threshold 15 (max threshold 15)
[2022-08-29T06:18:21.474+0000][7][gc,age      ] GC(3) - age   1:    3932376 bytes,    3932376 total
[2022-08-29T06:18:21.474+0000][7][gc,age      ] GC(3) - age   2:    2365464 bytes,    6297840 total
[2022-08-29T06:18:21.475+0000][7][gc,age      ] GC(3) - age   3:    1180064 bytes,    7477904 total
[2022-08-29T06:18:21.475+0000][7][gc,phases   ] GC(3)   Pre Evacuate Collection Set: 0.0ms
[2022-08-29T06:18:21.475+0000][7][gc,phases   ] GC(3)   Merge Heap Roots: 0.0ms
[2022-08-29T06:18:21.475+0000][7][gc,phases   ] GC(3)   Evacuate Collection Set: 29.9ms
[2022-08-29T06:18:21.475+0000][7][gc,phases   ] GC(3)   Post Evacuate Collection Set: 1.5ms
[2022-08-29T06:18:21.475+0000][7][gc,phases   ] GC(3)   Other: 1.5ms
[2022-08-29T06:18:21.475+0000][7][gc,heap     ] GC(3) Eden regions: 34->0(36)
[2022-08-29T06:18:21.476+0000][7][gc,heap     ] GC(3) Survivor regions: 1->2(5)
[2022-08-29T06:18:21.476+0000][7][gc,heap     ] GC(3) Old regions: 1->1
[2022-08-29T06:18:21.476+0000][7][gc,heap     ] GC(3) Archive regions: 2->2
[2022-08-29T06:18:21.476+0000][7][gc,heap     ] GC(3) Humongous regions: 0->0
[2022-08-29T06:18:21.476+0000][7][gc,metaspace] GC(3) Metaspace: 17758K(18432K)->17758K(18432K) NonClass: 15639K(16128K)->15639K(16128K) Class: 2118K(2304K)->2118K(2304K)
[2022-08-29T06:18:21.476+0000][7][gc          ] GC(3) Pause Young (Normal) (G1 Evacuation Pause) 146M->14M(256M) 34.341ms
[2022-08-29T06:18:21.476+0000][7][gc,cpu      ] GC(3) User=0.03s Sys=0.00s Real=0.04s
[2022-08-29T06:18:21.476+0000][7][safepoint   ] Safepoint "G1CollectForAllocation", Time since last: 492899346 ns, Reaching safepoint: 2406983 ns, At safepoint: 34672321 ns, Total: 37079304 ns
[2022-08-29T06:18:21.911+0000][7][gc,start    ] GC(4) Pause Young (Normal) (G1 Evacuation Pause)
[2022-08-29T06:18:21.911+0000][7][gc,task     ] GC(4) Using 6 workers of 6 for evacuation
[2022-08-29T06:18:21.911+0000][7][gc,age      ] GC(4) Desired survivor size 10485760 bytes, new threshold 15 (max threshold 15)
[2022-08-29T06:18:21.933+0000][7][gc,age      ] GC(4) Age table with threshold 15 (max threshold 15)
[2022-08-29T06:18:21.933+0000][7][gc,age      ] GC(4) - age   1:    2482184 bytes,    2482184 total
[2022-08-29T06:18:21.933+0000][7][gc,age      ] GC(4) - age   2:    3293328 bytes,    5775512 total
[2022-08-29T06:18:21.934+0000][7][gc,age      ] GC(4) - age   3:    2365464 bytes,    8140976 total
[2022-08-29T06:18:21.934+0000][7][gc,age      ] GC(4) - age   4:    1180064 bytes,    9321040 total
[2022-08-29T06:18:21.934+0000][7][gc,phases   ] GC(4)   Pre Evacuate Collection Set: 0.1ms
[2022-08-29T06:18:21.935+0000][7][gc,phases   ] GC(4)   Merge Heap Roots: 0.1ms
[2022-08-29T06:18:21.936+0000][7][gc,phases   ] GC(4)   Evacuate Collection Set: 9.2ms
[2022-08-29T06:18:21.936+0000][7][gc,phases   ] GC(4)   Post Evacuate Collection Set: 12.0ms
[2022-08-29T06:18:21.936+0000][7][gc,phases   ] GC(4)   Other: 1.9ms
[2022-08-29T06:18:21.936+0000][7][gc,heap     ] GC(4) Eden regions: 36->0(35)
[2022-08-29T06:18:21.936+0000][7][gc,heap     ] GC(4) Survivor regions: 2->3(5)
[2022-08-29T06:18:21.936+0000][7][gc,heap     ] GC(4) Old regions: 1->1
[2022-08-29T06:18:21.936+0000][7][gc,heap     ] GC(4) Archive regions: 2->2
[2022-08-29T06:18:21.937+0000][7][gc,heap     ] GC(4) Humongous regions: 0->0
[2022-08-29T06:18:21.937+0000][7][gc,metaspace] GC(4) Metaspace: 18319K(19328K)->18319K(19328K) NonClass: 16130K(16896K)->16130K(16896K) Class: 2188K(2432K)->2188K(2432K)
[2022-08-29T06:18:21.937+0000][7][gc          ] GC(4) Pause Young (Normal) (G1 Evacuation Pause) 158M->16M(256M) 26.009ms
[2022-08-29T06:18:21.937+0000][7][gc,cpu      ] GC(4) User=0.03s Sys=0.00s Real=0.03s
[2022-08-29T06:18:21.937+0000][7][safepoint   ] Safepoint "G1CollectForAllocation", Time since last: 434098855 ns, Reaching safepoint: 223540 ns, At safepoint: 26378088 ns, Total: 26601628 ns
[2022-08-29T06:18:22.181+0000][7][gc,start    ] GC(5) Pause Young (Normal) (G1 Evacuation Pause)
[2022-08-29T06:18:22.183+0000][7][gc,task     ] GC(5) Using 6 workers of 6 for evacuation
[2022-08-29T06:18:22.184+0000][7][gc,age      ] GC(5) Desired survivor size 10485760 bytes, new threshold 15 (max threshold 15)
[2022-08-29T06:18:22.197+0000][7][gc,age      ] GC(5) Age table with threshold 15 (max threshold 15)
[2022-08-29T06:18:22.198+0000][7][gc,age      ] GC(5) - age   1:    2052904 bytes,    2052904 total
[2022-08-29T06:18:22.198+0000][7][gc,age      ] GC(5) - age   2:    1881896 bytes,    3934800 total
[2022-08-29T06:18:22.198+0000][7][gc,age      ] GC(5) - age   3:    3292224 bytes,    7227024 total
[2022-08-29T06:18:22.199+0000][7][gc,age      ] GC(5) - age   4:    2365464 bytes,    9592488 total
[2022-08-29T06:18:22.199+0000][7][gc,age      ] GC(5) - age   5:    1180064 bytes,   10772552 total
[2022-08-29T06:18:22.199+0000][7][gc,phases   ] GC(5)   Pre Evacuate Collection Set: 0.1ms
[2022-08-29T06:18:22.200+0000][7][gc,phases   ] GC(5)   Merge Heap Roots: 1.2ms
[2022-08-29T06:18:22.200+0000][7][gc,phases   ] GC(5)   Evacuate Collection Set: 10.8ms
[2022-08-29T06:18:22.200+0000][7][gc,phases   ] GC(5)   Post Evacuate Collection Set: 1.3ms
[2022-08-29T06:18:22.200+0000][7][gc,phases   ] GC(5)   Other: 5.4ms
[2022-08-29T06:18:22.200+0000][7][gc,heap     ] GC(5) Eden regions: 35->0(35)
[2022-08-29T06:18:22.201+0000][7][gc,heap     ] GC(5) Survivor regions: 3->3(5)
[2022-08-29T06:18:22.201+0000][7][gc,heap     ] GC(5) Old regions: 1->1
[2022-08-29T06:18:22.201+0000][7][gc,heap     ] GC(5) Archive regions: 2->2
[2022-08-29T06:18:22.201+0000][7][gc,heap     ] GC(5) Humongous regions: 0->0
[2022-08-29T06:18:22.201+0000][7][gc,metaspace] GC(5) Metaspace: 18789K(19712K)->18789K(19712K) NonClass: 16526K(17152K)->16526K(17152K) Class: 2262K(2560K)->2262K(2560K)
[2022-08-29T06:18:22.202+0000][7][gc          ] GC(5) Pause Young (Normal) (G1 Evacuation Pause) 156M->17M(256M) 21.031ms
[2022-08-29T06:18:22.202+0000][7][gc,cpu      ] GC(5) User=0.03s Sys=0.01s Real=0.02s
[2022-08-29T06:18:22.202+0000][7][safepoint   ] Safepoint "G1CollectForAllocation", Time since last: 242691306 ns, Reaching safepoint: 621716 ns, At safepoint: 21727189 ns, Total: 22348905 ns
[2022-08-29T06:18:22.414+0000][7][gc,start    ] GC(6) Pause Young (Normal) (G1 Evacuation Pause)
[2022-08-29T06:18:22.415+0000][7][gc,task     ] GC(6) Using 6 workers of 6 for evacuation
[2022-08-29T06:18:22.415+0000][7][gc,age      ] GC(6) Desired survivor size 10485760 bytes, new threshold 5 (max threshold 15)
[2022-08-29T06:18:22.422+0000][7][gc,age      ] GC(6) Age table with threshold 5 (max threshold 15)
[2022-08-29T06:18:22.423+0000][7][gc,age      ] GC(6) - age   1:    1272504 bytes,    1272504 total
[2022-08-29T06:18:22.423+0000][7][gc,age      ] GC(6) - age   2:    1479312 bytes,    2751816 total
[2022-08-29T06:18:22.423+0000][7][gc,age      ] GC(6) - age   3:    1881896 bytes,    4633712 total
[2022-08-29T06:18:22.423+0000][7][gc,age      ] GC(6) - age   4:    3292224 bytes,    7925936 total
[2022-08-29T06:18:22.423+0000][7][gc,age      ] GC(6) - age   5:    2365464 bytes,   10291400 total
[2022-08-29T06:18:22.424+0000][7][gc,phases   ] GC(6)   Pre Evacuate Collection Set: 0.1ms
[2022-08-29T06:18:22.424+0000][7][gc,phases   ] GC(6)   Merge Heap Roots: 0.0ms
[2022-08-29T06:18:22.424+0000][7][gc,phases   ] GC(6)   Evacuate Collection Set: 6.2ms
[2022-08-29T06:18:22.424+0000][7][gc,phases   ] GC(6)   Post Evacuate Collection Set: 0.8ms
[2022-08-29T06:18:22.424+0000][7][gc,phases   ] GC(6)   Other: 2.2ms
[2022-08-29T06:18:22.424+0000][7][gc,heap     ] GC(6) Eden regions: 35->0(35)
[2022-08-29T06:18:22.425+0000][7][gc,heap     ] GC(6) Survivor regions: 3->3(5)
[2022-08-29T06:18:22.425+0000][7][gc,heap     ] GC(6) Old regions: 1->2
[2022-08-29T06:18:22.425+0000][7][gc,heap     ] GC(6) Archive regions: 2->2
[2022-08-29T06:18:22.425+0000][7][gc,heap     ] GC(6) Humongous regions: 0->0
[2022-08-29T06:18:22.425+0000][7][gc,metaspace] GC(6) Metaspace: 19090K(20224K)->19090K(20224K) NonClass: 16796K(17664K)->16796K(17664K) Class: 2293K(2560K)->2293K(2560K)
[2022-08-29T06:18:22.425+0000][7][gc          ] GC(6) Pause Young (Normal) (G1 Evacuation Pause) 157M->18M(256M) 11.153ms
[2022-08-29T06:18:22.426+0000][7][gc,cpu      ] GC(6) User=0.02s Sys=0.00s Real=0.01s
[2022-08-29T06:18:22.426+0000][7][safepoint   ] Safepoint "G1CollectForAllocation", Time since last: 211937993 ns, Reaching safepoint: 137108 ns, At safepoint: 11623113 ns, Total: 11760221 ns
[2022-08-29T06:18:22.666+0000][7][gc,start    ] GC(7) Pause Young (Normal) (G1 Evacuation Pause)
[2022-08-29T06:18:22.667+0000][7][gc,task     ] GC(7) Using 6 workers of 6 for evacuation
[2022-08-29T06:18:22.667+0000][7][gc,age      ] GC(7) Desired survivor size 10485760 bytes, new threshold 15 (max threshold 15)
[2022-08-29T06:18:22.684+0000][7][gc,age      ] GC(7) Age table with threshold 15 (max threshold 15)
[2022-08-29T06:18:22.685+0000][7][gc,age      ] GC(7) - age   1:     853208 bytes,     853208 total
[2022-08-29T06:18:22.685+0000][7][gc,age      ] GC(7) - age   2:    1240048 bytes,    2093256 total
[2022-08-29T06:18:22.685+0000][7][gc,age      ] GC(7) - age   3:    1478704 bytes,    3571960 total
[2022-08-29T06:18:22.685+0000][7][gc,age      ] GC(7) - age   4:    1881864 bytes,    5453824 total
[2022-08-29T06:18:22.685+0000][7][gc,age      ] GC(7) - age   5:    3288272 bytes,    8742096 total
[2022-08-29T06:18:22.686+0000][7][gc,age      ] GC(7) - age   6:    2365464 bytes,   11107560 total
[2022-08-29T06:18:22.686+0000][7][gc,phases   ] GC(7)   Pre Evacuate Collection Set: 0.1ms
[2022-08-29T06:18:22.686+0000][7][gc,phases   ] GC(7)   Merge Heap Roots: 0.1ms
[2022-08-29T06:18:22.686+0000][7][gc,phases   ] GC(7)   Evacuate Collection Set: 15.9ms
[2022-08-29T06:18:22.686+0000][7][gc,phases   ] GC(7)   Post Evacuate Collection Set: 0.9ms
[2022-08-29T06:18:22.686+0000][7][gc,phases   ] GC(7)   Other: 3.2ms
[2022-08-29T06:18:22.687+0000][7][gc,heap     ] GC(7) Eden regions: 35->0(35)
[2022-08-29T06:18:22.687+0000][7][gc,heap     ] GC(7) Survivor regions: 3->3(5)
[2022-08-29T06:18:22.687+0000][7][gc,heap     ] GC(7) Old regions: 2->2
[2022-08-29T06:18:22.687+0000][7][gc,heap     ] GC(7) Archive regions: 2->2
[2022-08-29T06:18:22.687+0000][7][gc,heap     ] GC(7) Humongous regions: 0->0
[2022-08-29T06:18:22.687+0000][7][gc,metaspace] GC(7) Metaspace: 19225K(20224K)->19225K(20224K) NonClass: 16906K(17664K)->16906K(17664K) Class: 2319K(2560K)->2319K(2560K)
[2022-08-29T06:18:22.688+0000][7][gc          ] GC(7) Pause Young (Normal) (G1 Evacuation Pause) 158M->19M(256M) 21.892ms
[2022-08-29T06:18:22.688+0000][7][gc,cpu      ] GC(7) User=0.03s Sys=0.00s Real=0.02s
[2022-08-29T06:18:22.688+0000][7][safepoint   ] Safepoint "G1CollectForAllocation", Time since last: 239424240 ns, Reaching safepoint: 289864 ns, At safepoint: 22306014 ns, Total: 22595878 ns
[2022-08-29T06:18:22.847+0000][7][gc,start    ] GC(8) Pause Young (Normal) (G1 Evacuation Pause)
[2022-08-29T06:18:22.848+0000][7][gc,task     ] GC(8) Using 6 workers of 6 for evacuation
[2022-08-29T06:18:22.848+0000][7][gc,age      ] GC(8) Desired survivor size 10485760 bytes, new threshold 6 (max threshold 15)
[2022-08-29T06:18:22.855+0000][7][gc,age      ] GC(8) Age table with threshold 6 (max threshold 15)
[2022-08-29T06:18:22.855+0000][7][gc,age      ] GC(8) - age   1:     669440 bytes,     669440 total
[2022-08-29T06:18:22.856+0000][7][gc,age      ] GC(8) - age   2:     256384 bytes,     925824 total
[2022-08-29T06:18:22.857+0000][7][gc,age      ] GC(8) - age   3:    1240048 bytes,    2165872 total
[2022-08-29T06:18:22.857+0000][7][gc,age      ] GC(8) - age   4:    1478704 bytes,    3644576 total
[2022-08-29T06:18:22.857+0000][7][gc,age      ] GC(8) - age   5:    1881864 bytes,    5526440 total
[2022-08-29T06:18:22.857+0000][7][gc,age      ] GC(8) - age   6:    3288272 bytes,    8814712 total
[2022-08-29T06:18:22.858+0000][7][gc,phases   ] GC(8)   Pre Evacuate Collection Set: 0.1ms
[2022-08-29T06:18:22.858+0000][7][gc,phases   ] GC(8)   Merge Heap Roots: 0.1ms
[2022-08-29T06:18:22.858+0000][7][gc,phases   ] GC(8)   Evacuate Collection Set: 6.0ms
[2022-08-29T06:18:22.858+0000][7][gc,phases   ] GC(8)   Post Evacuate Collection Set: 0.6ms
[2022-08-29T06:18:22.858+0000][7][gc,phases   ] GC(8)   Other: 3.5ms
[2022-08-29T06:18:22.858+0000][7][gc,heap     ] GC(8) Eden regions: 35->0(35)
[2022-08-29T06:18:22.859+0000][7][gc,heap     ] GC(8) Survivor regions: 3->3(5)
[2022-08-29T06:18:22.859+0000][7][gc,heap     ] GC(8) Old regions: 2->2
[2022-08-29T06:18:22.859+0000][7][gc,heap     ] GC(8) Archive regions: 2->2
[2022-08-29T06:18:22.859+0000][7][gc,heap     ] GC(8) Humongous regions: 0->0
[2022-08-29T06:18:22.859+0000][7][gc,metaspace] GC(8) Metaspace: 19442K(20608K)->19442K(20608K) NonClass: 17082K(17920K)->17082K(17920K) Class: 2360K(2688K)->2360K(2688K)
[2022-08-29T06:18:22.859+0000][7][gc          ] GC(8) Pause Young (Normal) (G1 Evacuation Pause) 159M->19M(256M) 11.982ms
[2022-08-29T06:18:22.860+0000][7][gc,cpu      ] GC(8) User=0.03s Sys=0.00s Real=0.01s
[2022-08-29T06:18:22.860+0000][7][safepoint   ] Safepoint "G1CollectForAllocation", Time since last: 159439188 ns, Reaching safepoint: 119274 ns, At safepoint: 12386134 ns, Total: 12505408 ns
[2022-08-29T06:18:23.003+0000][7][gc,start    ] GC(9) Pause Young (Normal) (G1 Evacuation Pause)
[2022-08-29T06:18:23.004+0000][7][gc,task     ] GC(9) Using 6 workers of 6 for evacuation
[2022-08-29T06:18:23.004+0000][7][gc,age      ] GC(9) Desired survivor size 10485760 bytes, new threshold 15 (max threshold 15)
[2022-08-29T06:18:23.012+0000][7][gc,age      ] GC(9) Age table with threshold 15 (max threshold 15)
[2022-08-29T06:18:23.012+0000][7][gc,age      ] GC(9) - age   1:     436536 bytes,     436536 total
[2022-08-29T06:18:23.012+0000][7][gc,age      ] GC(9) - age   2:     255160 bytes,     691696 total
[2022-08-29T06:18:23.012+0000][7][gc,age      ] GC(9) - age   3:     256232 bytes,     947928 total
[2022-08-29T06:18:23.012+0000][7][gc,age      ] GC(9) - age   4:    1240048 bytes,    2187976 total
[2022-08-29T06:18:23.013+0000][7][gc,age      ] GC(9) - age   5:    1478032 bytes,    3666008 total
[2022-08-29T06:18:23.013+0000][7][gc,age      ] GC(9) - age   6:    1881576 bytes,    5547584 total
[2022-08-29T06:18:23.013+0000][7][gc,age      ] GC(9) - age   7:    3288144 bytes,    8835728 total
[2022-08-29T06:18:23.013+0000][7][gc,phases   ] GC(9)   Pre Evacuate Collection Set: 0.1ms
[2022-08-29T06:18:23.013+0000][7][gc,phases   ] GC(9)   Merge Heap Roots: 0.1ms
[2022-08-29T06:18:23.013+0000][7][gc,phases   ] GC(9)   Evacuate Collection Set: 6.8ms
[2022-08-29T06:18:23.013+0000][7][gc,phases   ] GC(9)   Post Evacuate Collection Set: 0.7ms
[2022-08-29T06:18:23.014+0000][7][gc,phases   ] GC(9)   Other: 2.0ms
[2022-08-29T06:18:23.014+0000][7][gc,heap     ] GC(9) Eden regions: 35->0(35)
[2022-08-29T06:18:23.014+0000][7][gc,heap     ] GC(9) Survivor regions: 3->3(5)
[2022-08-29T06:18:23.014+0000][7][gc,heap     ] GC(9) Old regions: 2->2
[2022-08-29T06:18:23.014+0000][7][gc,heap     ] GC(9) Archive regions: 2->2
[2022-08-29T06:18:23.014+0000][7][gc,heap     ] GC(9) Humongous regions: 0->0
[2022-08-29T06:18:23.015+0000][7][gc,metaspace] GC(9) Metaspace: 19508K(20608K)->19508K(20608K) NonClass: 17135K(17920K)->17135K(17920K) Class: 2372K(2688K)->2372K(2688K)
[2022-08-29T06:18:23.015+0000][7][gc          ] GC(9) Pause Young (Normal) (G1 Evacuation Pause) 159M->19M(256M) 11.300ms
[2022-08-29T06:18:23.015+0000][7][gc,cpu      ] GC(9) User=0.03s Sys=0.00s Real=0.01s
[2022-08-29T06:18:23.015+0000][7][safepoint   ] Safepoint "G1CollectForAllocation", Time since last: 143263268 ns, Reaching safepoint: 233658 ns, At safepoint: 11664882 ns, Total: 11898540 ns
[2022-08-29T06:18:23.192+0000][7][gc,start    ] GC(10) Pause Young (Normal) (G1 Evacuation Pause)
[2022-08-29T06:18:23.193+0000][7][gc,task     ] GC(10) Using 6 workers of 6 for evacuation
[2022-08-29T06:18:23.193+0000][7][gc,age      ] GC(10) Desired survivor size 10485760 bytes, new threshold 15 (max threshold 15)
[2022-08-29T06:18:23.197+0000][7][gc,age      ] GC(10) Age table with threshold 15 (max threshold 15)
[2022-08-29T06:18:23.198+0000][7][gc,age      ] GC(10) - age   1:    2238824 bytes,    2238824 total
[2022-08-29T06:18:23.198+0000][7][gc,age      ] GC(10) - age   2:     414360 bytes,    2653184 total
[2022-08-29T06:18:23.199+0000][7][gc,age      ] GC(10) - age   3:     255160 bytes,    2908344 total
[2022-08-29T06:18:23.199+0000][7][gc,age      ] GC(10) - age   4:     256168 bytes,    3164512 total
[2022-08-29T06:18:23.200+0000][7][gc,age      ] GC(10) - age   5:    1240048 bytes,    4404560 total
[2022-08-29T06:18:23.200+0000][7][gc,age      ] GC(10) - age   6:    1476992 bytes,    5881552 total
[2022-08-29T06:18:23.200+0000][7][gc,age      ] GC(10) - age   7:    1881384 bytes,    7762936 total
[2022-08-29T06:18:23.200+0000][7][gc,age      ] GC(10) - age   8:    3287848 bytes,   11050784 total
[2022-08-29T06:18:23.201+0000][7][gc,phases   ] GC(10)   Pre Evacuate Collection Set: 0.1ms
[2022-08-29T06:18:23.201+0000][7][gc,phases   ] GC(10)   Merge Heap Roots: 0.1ms
[2022-08-29T06:18:23.201+0000][7][gc,phases   ] GC(10)   Evacuate Collection Set: 3.6ms
[2022-08-29T06:18:23.201+0000][7][gc,phases   ] GC(10)   Post Evacuate Collection Set: 0.6ms
[2022-08-29T06:18:23.201+0000][7][gc,phases   ] GC(10)   Other: 4.2ms
[2022-08-29T06:18:23.202+0000][7][gc,heap     ] GC(10) Eden regions: 35->0(35)
[2022-08-29T06:18:23.202+0000][7][gc,heap     ] GC(10) Survivor regions: 3->3(5)
[2022-08-29T06:18:23.202+0000][7][gc,heap     ] GC(10) Old regions: 2->2
[2022-08-29T06:18:23.203+0000][7][gc,heap     ] GC(10) Archive regions: 2->2
[2022-08-29T06:18:23.203+0000][7][gc,heap     ] GC(10) Humongous regions: 0->0
[2022-08-29T06:18:23.203+0000][7][gc,metaspace] GC(10) Metaspace: 19826K(21120K)->19826K(21120K) NonClass: 17399K(18432K)->17399K(18432K) Class: 2427K(2688K)->2427K(2688K)
[2022-08-29T06:18:23.204+0000][7][gc          ] GC(10) Pause Young (Normal) (G1 Evacuation Pause) 159M->21M(256M) 11.252ms
[2022-08-29T06:18:23.204+0000][7][gc,cpu      ] GC(10) User=0.03s Sys=0.02s Real=0.02s
[2022-08-29T06:18:23.204+0000][7][safepoint   ] Safepoint "G1CollectForAllocation", Time since last: 177042014 ns, Reaching safepoint: 165851 ns, At safepoint: 11656757 ns, Total: 11822608 ns
[2022-08-29T06:18:23.415+0000][7][gc,start    ] GC(11) Pause Young (Normal) (G1 Evacuation Pause)
[2022-08-29T06:18:23.416+0000][7][gc,task     ] GC(11) Using 6 workers of 6 for evacuation
[2022-08-29T06:18:23.416+0000][7][gc,age      ] GC(11) Desired survivor size 10485760 bytes, new threshold 8 (max threshold 15)
[2022-08-29T06:18:23.423+0000][7][gc,age      ] GC(11) Age table with threshold 8 (max threshold 15)
[2022-08-29T06:18:23.423+0000][7][gc,age      ] GC(11) - age   1:    2594168 bytes,    2594168 total
[2022-08-29T06:18:23.423+0000][7][gc,age      ] GC(11) - age   2:    1652096 bytes,    4246264 total
[2022-08-29T06:18:23.423+0000][7][gc,age      ] GC(11) - age   3:     413368 bytes,    4659632 total
[2022-08-29T06:18:23.424+0000][7][gc,age      ] GC(11) - age   4:     255096 bytes,    4914728 total
[2022-08-29T06:18:23.424+0000][7][gc,age      ] GC(11) - age   5:     256168 bytes,    5170896 total
[2022-08-29T06:18:23.424+0000][7][gc,age      ] GC(11) - age   6:    1240048 bytes,    6410944 total
[2022-08-29T06:18:23.424+0000][7][gc,age      ] GC(11) - age   7:    1476992 bytes,    7887936 total
[2022-08-29T06:18:23.424+0000][7][gc,age      ] GC(11) - age   8:    1881384 bytes,    9769320 total
[2022-08-29T06:18:23.424+0000][7][gc,phases   ] GC(11)   Pre Evacuate Collection Set: 0.1ms
[2022-08-29T06:18:23.425+0000][7][gc,phases   ] GC(11)   Merge Heap Roots: 0.0ms
[2022-08-29T06:18:23.425+0000][7][gc,phases   ] GC(11)   Evacuate Collection Set: 6.0ms
[2022-08-29T06:18:23.425+0000][7][gc,phases   ] GC(11)   Post Evacuate Collection Set: 0.8ms
[2022-08-29T06:18:23.425+0000][7][gc,phases   ] GC(11)   Other: 2.6ms
[2022-08-29T06:18:23.425+0000][7][gc,heap     ] GC(11) Eden regions: 35->0(35)
[2022-08-29T06:18:23.426+0000][7][gc,heap     ] GC(11) Survivor regions: 3->3(5)
[2022-08-29T06:18:23.426+0000][7][gc,heap     ] GC(11) Old regions: 2->3
[2022-08-29T06:18:23.426+0000][7][gc,heap     ] GC(11) Archive regions: 2->2
[2022-08-29T06:18:23.426+0000][7][gc,heap     ] GC(11) Humongous regions: 0->0
[2022-08-29T06:18:23.426+0000][7][gc,metaspace] GC(11) Metaspace: 19911K(21120K)->19911K(21120K) NonClass: 17472K(18432K)->17472K(18432K) Class: 2439K(2688K)->2439K(2688K)
[2022-08-29T06:18:23.426+0000][7][gc          ] GC(11) Pause Young (Normal) (G1 Evacuation Pause) 161M->23M(256M) 11.295ms
[2022-08-29T06:18:23.426+0000][7][gc,cpu      ] GC(11) User=0.03s Sys=0.01s Real=0.01s
[2022-08-29T06:18:23.427+0000][7][safepoint   ] Safepoint "G1CollectForAllocation", Time since last: 210921317 ns, Reaching safepoint: 177903 ns, At safepoint: 11685521 ns, Total: 11863424 ns
[2022-08-29T06:18:23.555+0000][7][gc,start    ] GC(12) Pause Young (Concurrent Start) (Metadata GC Threshold)
[2022-08-29T06:18:23.556+0000][7][gc,task     ] GC(12) Using 6 workers of 6 for evacuation
[2022-08-29T06:18:23.556+0000][7][gc,age      ] GC(12) Desired survivor size 10485760 bytes, new threshold 15 (max threshold 15)
[2022-08-29T06:18:23.562+0000][7][gc,age      ] GC(12) Age table with threshold 15 (max threshold 15)
[2022-08-29T06:18:23.562+0000][7][gc,age      ] GC(12) - age   1:     326056 bytes,     326056 total
[2022-08-29T06:18:23.562+0000][7][gc,age      ] GC(12) - age   2:     497144 bytes,     823200 total
[2022-08-29T06:18:23.562+0000][7][gc,age      ] GC(12) - age   3:    1652096 bytes,    2475296 total
[2022-08-29T06:18:23.563+0000][7][gc,age      ] GC(12) - age   4:     413152 bytes,    2888448 total
[2022-08-29T06:18:23.563+0000][7][gc,age      ] GC(12) - age   5:     255096 bytes,    3143544 total
[2022-08-29T06:18:23.563+0000][7][gc,age      ] GC(12) - age   6:     255624 bytes,    3399168 total
[2022-08-29T06:18:23.563+0000][7][gc,age      ] GC(12) - age   7:    1240048 bytes,    4639216 total
[2022-08-29T06:18:23.563+0000][7][gc,age      ] GC(12) - age   8:    1476992 bytes,    6116208 total
[2022-08-29T06:18:23.563+0000][7][gc,age      ] GC(12) - age   9:    1881384 bytes,    7997592 total
[2022-08-29T06:18:23.564+0000][7][gc,phases   ] GC(12)   Pre Evacuate Collection Set: 0.1ms
[2022-08-29T06:18:23.564+0000][7][gc,phases   ] GC(12)   Merge Heap Roots: 0.0ms
[2022-08-29T06:18:23.564+0000][7][gc,phases   ] GC(12)   Evacuate Collection Set: 5.0ms
[2022-08-29T06:18:23.564+0000][7][gc,phases   ] GC(12)   Post Evacuate Collection Set: 0.5ms
[2022-08-29T06:18:23.564+0000][7][gc,phases   ] GC(12)   Other: 2.9ms
[2022-08-29T06:18:23.564+0000][7][gc,heap     ] GC(12) Eden regions: 32->0(36)
[2022-08-29T06:18:23.564+0000][7][gc,heap     ] GC(12) Survivor regions: 3->2(5)
[2022-08-29T06:18:23.565+0000][7][gc,heap     ] GC(12) Old regions: 3->3
[2022-08-29T06:18:23.565+0000][7][gc,heap     ] GC(12) Archive regions: 2->2
[2022-08-29T06:18:23.565+0000][7][gc,heap     ] GC(12) Humongous regions: 0->0
[2022-08-29T06:18:23.565+0000][7][gc,metaspace] GC(12) Metaspace: 19955K(21248K)->19955K(21248K) NonClass: 17508K(18432K)->17508K(18432K) Class: 2447K(2816K)->2447K(2816K)
[2022-08-29T06:18:23.565+0000][7][gc          ] GC(12) Pause Young (Concurrent Start) (Metadata GC Threshold) 149M->21M(256M) 10.033ms
[2022-08-29T06:18:23.565+0000][7][gc,cpu      ] GC(12) User=0.03s Sys=0.00s Real=0.01s
[2022-08-29T06:18:23.566+0000][7][gc          ] GC(13) Concurrent Cycle
[2022-08-29T06:18:23.566+0000][7][safepoint   ] Safepoint "CollectForMetadataAllocation", Time since last: 128272982 ns, Reaching safepoint: 133610 ns, At safepoint: 10631284 ns, Total: 10764894 ns
[2022-08-29T06:18:23.566+0000][7][gc,marking  ] GC(13) Concurrent Clear Claimed Marks
[2022-08-29T06:18:23.566+0000][7][gc,marking  ] GC(13) Concurrent Clear Claimed Marks 0.368ms
[2022-08-29T06:18:23.566+0000][7][gc,marking  ] GC(13) Concurrent Scan Root Regions
[2022-08-29T06:18:23.568+0000][7][gc,marking  ] GC(13) Concurrent Scan Root Regions 1.525ms
[2022-08-29T06:18:23.568+0000][7][gc,marking  ] GC(13) Concurrent Mark (6.868s)
[2022-08-29T06:18:23.568+0000][7][gc,marking  ] GC(13) Concurrent Mark From Roots
[2022-08-29T06:18:23.568+0000][7][gc,task     ] GC(13) Using 2 workers of 2 for marking
[2022-08-29T06:18:23.579+0000][7][gc,marking  ] GC(13) Concurrent Mark From Roots 10.942ms
[2022-08-29T06:18:23.580+0000][7][gc,marking  ] GC(13) Concurrent Preclean
[2022-08-29T06:18:23.580+0000][7][gc,marking  ] GC(13) Concurrent Preclean 0.245ms
[2022-08-29T06:18:23.580+0000][7][gc,marking  ] GC(13) Concurrent Mark (6.868s, 6.880s) 11.890ms
[2022-08-29T06:18:23.581+0000][7][gc,start    ] GC(13) Pause Remark
[2022-08-29T06:18:23.584+0000][7][gc          ] GC(13) Pause Remark 39M->39M(256M) 3.514ms
[2022-08-29T06:18:23.584+0000][7][gc,cpu      ] GC(13) User=0.01s Sys=0.00s Real=0.01s
[2022-08-29T06:18:23.585+0000][7][safepoint   ] Safepoint "G1Concurrent", Time since last: 14524463 ns, Reaching safepoint: 337403 ns, At safepoint: 4168646 ns, Total: 4506049 ns
[2022-08-29T06:18:23.587+0000][7][gc,marking  ] GC(13) Concurrent Rebuild Remembered Sets
[2022-08-29T06:18:23.590+0000][7][gc,marking  ] GC(13) Concurrent Rebuild Remembered Sets 3.017ms
[2022-08-29T06:18:23.591+0000][7][gc,start    ] GC(13) Pause Cleanup
[2022-08-29T06:18:23.592+0000][7][gc          ] GC(13) Pause Cleanup 47M->47M(256M) 0.381ms
[2022-08-29T06:18:23.592+0000][7][gc,cpu      ] GC(13) User=0.00s Sys=0.00s Real=0.00s
[2022-08-29T06:18:23.592+0000][7][safepoint   ] Safepoint "G1Concurrent", Time since last: 5835161 ns, Reaching safepoint: 563226 ns, At safepoint: 733405 ns, Total: 1296631 ns
[2022-08-29T06:18:23.592+0000][7][gc,marking  ] GC(13) Concurrent Cleanup for Next Mark
[2022-08-29T06:18:23.593+0000][7][gc,marking  ] GC(13) Concurrent Cleanup for Next Mark 0.588ms
[2022-08-29T06:18:23.593+0000][7][gc          ] GC(13) Concurrent Cycle 27.559ms
[2022-08-29T06:18:24.603+0000][7][safepoint   ] Safepoint "Cleanup", Time since last: 1010401383 ns, Reaching safepoint: 281497 ns, At safepoint: 4789 ns, Total: 286286 ns
[2022-08-29T06:18:25.469+0000][7][safepoint   ] Safepoint "ICBufferFull", Time since last: 866171693 ns, Reaching safepoint: 433983 ns, At safepoint: 8647 ns, Total: 442630 ns
[2022-08-29T06:18:25.577+0000][7][gc,start    ] GC(14) Pause Young (Normal) (G1 Evacuation Pause)
[2022-08-29T06:18:25.578+0000][7][gc,task     ] GC(14) Using 6 workers of 6 for evacuation
[2022-08-29T06:18:25.578+0000][7][gc,age      ] GC(14) Desired survivor size 10485760 bytes, new threshold 15 (max threshold 15)
[2022-08-29T06:18:25.592+0000][7][gc,age      ] GC(14) Age table with threshold 15 (max threshold 15)
[2022-08-29T06:18:25.593+0000][7][gc,age      ] GC(14) - age   1:    8679408 bytes,    8679408 total
[2022-08-29T06:18:25.593+0000][7][gc,age      ] GC(14) - age   2:     297184 bytes,    8976592 total
[2022-08-29T06:18:25.593+0000][7][gc,age      ] GC(14) - age   3:     496672 bytes,    9473264 total
[2022-08-29T06:18:25.593+0000][7][gc,age      ] GC(14) - age   4:    1647816 bytes,   11121080 total
[2022-08-29T06:18:25.593+0000][7][gc,age      ] GC(14) - age   5:     412592 bytes,   11533672 total
[2022-08-29T06:18:25.594+0000][7][gc,age      ] GC(14) - age   6:     254568 bytes,   11788240 total
[2022-08-29T06:18:25.594+0000][7][gc,age      ] GC(14) - age   7:     248640 bytes,   12036880 total
[2022-08-29T06:18:25.594+0000][7][gc,age      ] GC(14) - age   8:    1237168 bytes,   13274048 total
[2022-08-29T06:18:25.594+0000][7][gc,age      ] GC(14) - age   9:    1473360 bytes,   14747408 total
[2022-08-29T06:18:25.594+0000][7][gc,age      ] GC(14) - age  10:    1874064 bytes,   16621472 total
[2022-08-29T06:18:25.594+0000][7][gc,phases   ] GC(14)   Pre Evacuate Collection Set: 0.1ms
[2022-08-29T06:18:25.595+0000][7][gc,phases   ] GC(14)   Merge Heap Roots: 0.1ms
[2022-08-29T06:18:25.595+0000][7][gc,phases   ] GC(14)   Evacuate Collection Set: 12.5ms
[2022-08-29T06:18:25.595+0000][7][gc,phases   ] GC(14)   Post Evacuate Collection Set: 1.2ms
[2022-08-29T06:18:25.595+0000][7][gc,phases   ] GC(14)   Other: 3.3ms
[2022-08-29T06:18:25.596+0000][7][gc,heap     ] GC(14) Eden regions: 36->0(33)
[2022-08-29T06:18:25.596+0000][7][gc,heap     ] GC(14) Survivor regions: 2->5(5)
[2022-08-29T06:18:25.596+0000][7][gc,heap     ] GC(14) Old regions: 3->3
[2022-08-29T06:18:25.596+0000][7][gc,heap     ] GC(14) Archive regions: 2->2
[2022-08-29T06:18:25.596+0000][7][gc,heap     ] GC(14) Humongous regions: 0->0
[2022-08-29T06:18:25.596+0000][7][gc,metaspace] GC(14) Metaspace: 29797K(31744K)->29797K(31744K) NonClass: 26080K(27392K)->26080K(27392K) Class: 3717K(4352K)->3717K(4352K)
[2022-08-29T06:18:25.596+0000][7][gc          ] GC(14) Pause Young (Normal) (G1 Evacuation Pause) 165M->29M(256M) 19.155ms
[2022-08-29T06:18:25.597+0000][7][gc,cpu      ] GC(14) User=0.04s Sys=0.00s Real=0.02s
[2022-08-29T06:18:25.597+0000][7][safepoint   ] Safepoint "G1CollectForAllocation", Time since last: 110142666 ns, Reaching safepoint: 144651 ns, At safepoint: 19505453 ns, Total: 19650104 ns
[2022-08-29T06:18:26.471+0000][7][gc,start    ] GC(15) Pause Young (Normal) (G1 Evacuation Pause)
[2022-08-29T06:18:26.471+0000][7][gc,task     ] GC(15) Using 6 workers of 6 for evacuation
[2022-08-29T06:18:26.472+0000][7][gc,age      ] GC(15) Desired survivor size 10485760 bytes, new threshold 4 (max threshold 15)
[2022-08-29T06:18:26.523+0000][7][gc,age      ] GC(15) Age table with threshold 4 (max threshold 15)
[2022-08-29T06:18:26.523+0000][7][gc,age      ] GC(15) - age   1:   11384720 bytes,   11384720 total
[2022-08-29T06:18:26.523+0000][7][gc,age      ] GC(15) - age   2:    8257736 bytes,   19642456 total
[2022-08-29T06:18:26.523+0000][7][gc,age      ] GC(15) - age   3:     297184 bytes,   19939640 total
[2022-08-29T06:18:26.523+0000][7][gc,age      ] GC(15) - age   4:     496672 bytes,   20436312 total
[2022-08-29T06:18:26.524+0000][7][gc,phases   ] GC(15)   Pre Evacuate Collection Set: 0.1ms
[2022-08-29T06:18:26.524+0000][7][gc,phases   ] GC(15)   Merge Heap Roots: 0.0ms
[2022-08-29T06:18:26.524+0000][7][gc,phases   ] GC(15)   Evacuate Collection Set: 49.1ms
[2022-08-29T06:18:26.524+0000][7][gc,phases   ] GC(15)   Post Evacuate Collection Set: 1.7ms
[2022-08-29T06:18:26.524+0000][7][gc,phases   ] GC(15)   Other: 1.9ms
[2022-08-29T06:18:26.524+0000][7][gc,heap     ] GC(15) Eden regions: 33->0(33)
[2022-08-29T06:18:26.525+0000][7][gc,heap     ] GC(15) Survivor regions: 5->5(5)
[2022-08-29T06:18:26.525+0000][7][gc,heap     ] GC(15) Old regions: 3->6
[2022-08-29T06:18:26.525+0000][7][gc,heap     ] GC(15) Archive regions: 2->2
[2022-08-29T06:18:26.525+0000][7][gc,heap     ] GC(15) Humongous regions: 0->0
[2022-08-29T06:18:26.525+0000][7][gc,metaspace] GC(15) Metaspace: 30079K(32256K)->30079K(32256K) NonClass: 26318K(27904K)->26318K(27904K) Class: 3761K(4352K)->3761K(4352K)
[2022-08-29T06:18:26.525+0000][7][gc          ] GC(15) Pause Young (Normal) (G1 Evacuation Pause) 161M->46M(256M) 54.317ms
[2022-08-29T06:18:26.526+0000][7][gc,cpu      ] GC(15) User=0.12s Sys=0.01s Real=0.05s
[2022-08-29T06:18:26.526+0000][7][safepoint   ] Safepoint "G1CollectForAllocation", Time since last: 873940399 ns, Reaching safepoint: 370244 ns, At safepoint: 54838632 ns, Total: 55208876 ns
[2022-08-29T06:18:27.336+0000][7][gc,start    ] GC(16) Pause Young (Concurrent Start) (Metadata GC Threshold)
[2022-08-29T06:18:27.336+0000][7][gc,task     ] GC(16) Using 6 workers of 6 for evacuation
[2022-08-29T06:18:27.339+0000][7][gc,age      ] GC(16) Desired survivor size 10485760 bytes, new threshold 1 (max threshold 15)
[2022-08-29T06:18:27.381+0000][7][gc,age      ] GC(16) Age table with threshold 1 (max threshold 15)
[2022-08-29T06:18:27.381+0000][7][gc,age      ] GC(16) - age   1:   13221264 bytes,   13221264 total
[2022-08-29T06:18:27.381+0000][7][gc,phases   ] GC(16)   Pre Evacuate Collection Set: 0.1ms
[2022-08-29T06:18:27.381+0000][7][gc,phases   ] GC(16)   Merge Heap Roots: 0.1ms
[2022-08-29T06:18:27.382+0000][7][gc,phases   ] GC(16)   Evacuate Collection Set: 40.3ms
[2022-08-29T06:18:27.382+0000][7][gc,phases   ] GC(16)   Post Evacuate Collection Set: 1.1ms
[2022-08-29T06:18:27.382+0000][7][gc,phases   ] GC(16)   Other: 4.1ms
[2022-08-29T06:18:27.382+0000][7][gc,heap     ] GC(16) Eden regions: 24->0(29)
[2022-08-29T06:18:27.382+0000][7][gc,heap     ] GC(16) Survivor regions: 5->4(5)
[2022-08-29T06:18:27.382+0000][7][gc,heap     ] GC(16) Old regions: 6->11
[2022-08-29T06:18:27.382+0000][7][gc,heap     ] GC(16) Archive regions: 2->2
[2022-08-29T06:18:27.382+0000][7][gc,heap     ] GC(16) Humongous regions: 0->0
[2022-08-29T06:18:27.382+0000][7][gc,metaspace] GC(16) Metaspace: 33601K(35840K)->33601K(35840K) NonClass: 29260K(30848K)->29260K(30848K) Class: 4340K(4992K)->4340K(4992K)
[2022-08-29T06:18:27.383+0000][7][gc          ] GC(16) Pause Young (Concurrent Start) (Metadata GC Threshold) 140M->60M(256M) 46.981ms
[2022-08-29T06:18:27.383+0000][7][gc,cpu      ] GC(16) User=0.14s Sys=0.00s Real=0.05s
[2022-08-29T06:18:27.383+0000][7][safepoint   ] Safepoint "CollectForMetadataAllocation", Time since last: 807757125 ns, Reaching safepoint: 1959243 ns, At safepoint: 47428589 ns, Total: 49387832 ns
[2022-08-29T06:18:27.383+0000][7][gc          ] GC(17) Concurrent Cycle
[2022-08-29T06:18:27.403+0000][7][gc,marking  ] GC(17) Concurrent Clear Claimed Marks
[2022-08-29T06:18:27.403+0000][7][gc,marking  ] GC(17) Concurrent Clear Claimed Marks 0.190ms
[2022-08-29T06:18:27.404+0000][7][gc,marking  ] GC(17) Concurrent Scan Root Regions
[2022-08-29T06:18:27.419+0000][7][gc,marking  ] GC(17) Concurrent Scan Root Regions 15.862ms
[2022-08-29T06:18:27.420+0000][7][gc,marking  ] GC(17) Concurrent Mark (10.722s)
[2022-08-29T06:18:27.420+0000][7][gc,marking  ] GC(17) Concurrent Mark From Roots
[2022-08-29T06:18:27.420+0000][7][gc,task     ] GC(17) Using 2 workers of 2 for marking
[2022-08-29T06:18:27.428+0000][7][safepoint   ] Safepoint "CollectForMetadataAllocation", Time since last: 44569027 ns, Reaching safepoint: 263203 ns, At safepoint: 135865 ns, Total: 399068 ns
[2022-08-29T06:18:27.439+0000][7][gc,marking  ] GC(17) Concurrent Mark From Roots 18.512ms
[2022-08-29T06:18:27.439+0000][7][gc,marking  ] GC(17) Concurrent Preclean
[2022-08-29T06:18:27.439+0000][7][gc,marking  ] GC(17) Concurrent Preclean 0.486ms
[2022-08-29T06:18:27.440+0000][7][gc,marking  ] GC(17) Concurrent Mark (10.722s, 10.742s) 19.802ms
[2022-08-29T06:18:27.441+0000][7][gc,start    ] GC(17) Pause Remark
[2022-08-29T06:18:27.451+0000][7][gc          ] GC(17) Pause Remark 62M->62M(256M) 9.668ms
[2022-08-29T06:18:27.452+0000][7][gc,cpu      ] GC(17) User=0.01s Sys=0.00s Real=0.01s
[2022-08-29T06:18:27.452+0000][7][safepoint   ] Safepoint "G1Concurrent", Time since last: 12988153 ns, Reaching safepoint: 335218 ns, At safepoint: 10655129 ns, Total: 10990347 ns
[2022-08-29T06:18:27.453+0000][7][gc,marking  ] GC(17) Concurrent Rebuild Remembered Sets
[2022-08-29T06:18:27.483+0000][7][gc,marking  ] GC(17) Concurrent Rebuild Remembered Sets 29.035ms
[2022-08-29T06:18:27.484+0000][7][gc,start    ] GC(17) Pause Cleanup
[2022-08-29T06:18:27.484+0000][7][gc          ] GC(17) Pause Cleanup 64M->64M(256M) 0.385ms
[2022-08-29T06:18:27.484+0000][7][gc,cpu      ] GC(17) User=0.00s Sys=0.00s Real=0.00s
[2022-08-29T06:18:27.485+0000][7][safepoint   ] Safepoint "G1Concurrent", Time since last: 31085856 ns, Reaching safepoint: 581991 ns, At safepoint: 1292203 ns, Total: 1874194 ns
[2022-08-29T06:18:27.485+0000][7][gc,marking  ] GC(17) Concurrent Cleanup for Next Mark
[2022-08-29T06:18:27.486+0000][7][gc,marking  ] GC(17) Concurrent Cleanup for Next Mark 0.966ms
[2022-08-29T06:18:27.487+0000][7][gc          ] GC(17) Concurrent Cycle 103.983ms
[2022-08-29T06:18:27.727+0000][7][gc,start    ] GC(18) Pause Young (Concurrent Start) (G1 Evacuation Pause)
[2022-08-29T06:18:27.727+0000][7][gc,task     ] GC(18) Using 6 workers of 6 for evacuation
[2022-08-29T06:18:27.727+0000][7][gc,age      ] GC(18) Desired survivor size 10485760 bytes, new threshold 1 (max threshold 15)
[2022-08-29T06:18:27.735+0000][7][gc,age      ] GC(18) Age table with threshold 1 (max threshold 15)
[2022-08-29T06:18:27.735+0000][7][gc,age      ] GC(18) - age   1:    1352232 bytes,    1352232 total
[2022-08-29T06:18:27.736+0000][7][gc,phases   ] GC(18)   Pre Evacuate Collection Set: 0.1ms
[2022-08-29T06:18:27.739+0000][7][gc,phases   ] GC(18)   Merge Heap Roots: 0.1ms
[2022-08-29T06:18:27.740+0000][7][gc,phases   ] GC(18)   Evacuate Collection Set: 6.1ms
[2022-08-29T06:18:27.740+0000][7][gc,phases   ] GC(18)   Post Evacuate Collection Set: 0.8ms
[2022-08-29T06:18:27.740+0000][7][gc,phases   ] GC(18)   Other: 2.1ms
[2022-08-29T06:18:27.740+0000][7][gc,heap     ] GC(18) Eden regions: 29->0(31)
[2022-08-29T06:18:27.741+0000][7][gc,heap     ] GC(18) Survivor regions: 4->1(5)
[2022-08-29T06:18:27.741+0000][7][gc,heap     ] GC(18) Old regions: 11->14
[2022-08-29T06:18:27.741+0000][7][gc,heap     ] GC(18) Archive regions: 2->2
[2022-08-29T06:18:27.741+0000][7][gc,heap     ] GC(18) Humongous regions: 0->0
[2022-08-29T06:18:27.741+0000][7][gc,metaspace] GC(18) Metaspace: 36019K(38528K)->36019K(38528K) NonClass: 31444K(33280K)->31444K(33280K) Class: 4574K(5248K)->4574K(5248K)
[2022-08-29T06:18:27.741+0000][7][gc          ] GC(18) Pause Young (Concurrent Start) (G1 Evacuation Pause) 176M->62M(256M) 14.731ms
[2022-08-29T06:18:27.742+0000][7][gc,cpu      ] GC(18) User=0.05s Sys=0.00s Real=0.02s
[2022-08-29T06:18:27.742+0000][7][gc          ] GC(19) Concurrent Cycle
[2022-08-29T06:18:27.742+0000][7][gc,marking  ] GC(19) Concurrent Clear Claimed Marks
[2022-08-29T06:18:27.743+0000][7][gc,marking  ] GC(19) Concurrent Clear Claimed Marks 0.339ms
[2022-08-29T06:18:27.743+0000][7][gc,marking  ] GC(19) Concurrent Scan Root Regions
[2022-08-29T06:18:27.742+0000][7][safepoint   ] Safepoint "G1CollectForAllocation", Time since last: 241505863 ns, Reaching safepoint: 287449 ns, At safepoint: 15237270 ns, Total: 15524719 ns
[2022-08-29T06:18:27.748+0000][7][gc,marking  ] GC(19) Concurrent Scan Root Regions 5.248ms
[2022-08-29T06:18:27.748+0000][7][gc,marking  ] GC(19) Concurrent Mark (11.050s)
[2022-08-29T06:18:27.751+0000][7][gc,marking  ] GC(19) Concurrent Mark From Roots
[2022-08-29T06:18:27.757+0000][7][gc,task     ] GC(19) Using 2 workers of 2 for marking
[2022-08-29T06:18:27.789+0000][7][gc,marking  ] GC(19) Concurrent Mark From Roots 37.916ms
[2022-08-29T06:18:27.789+0000][7][gc,marking  ] GC(19) Concurrent Preclean
[2022-08-29T06:18:27.790+0000][7][gc,marking  ] GC(19) Concurrent Preclean 0.385ms
[2022-08-29T06:18:27.790+0000][7][gc,marking  ] GC(19) Concurrent Mark (11.050s, 11.092s) 41.410ms
[2022-08-29T06:18:27.792+0000][7][gc,start    ] GC(19) Pause Remark
[2022-08-29T06:18:27.803+0000][7][gc          ] GC(19) Pause Remark 70M->70M(256M) 11.061ms
[2022-08-29T06:18:27.803+0000][7][gc,cpu      ] GC(19) User=0.02s Sys=0.00s Real=0.01s
[2022-08-29T06:18:27.803+0000][7][safepoint   ] Safepoint "G1Concurrent", Time since last: 49299276 ns, Reaching safepoint: 335980 ns, At safepoint: 11660414 ns, Total: 11996394 ns
[2022-08-29T06:18:27.803+0000][7][gc,marking  ] GC(19) Concurrent Rebuild Remembered Sets
[2022-08-29T06:18:27.826+0000][7][gc,marking  ] GC(19) Concurrent Rebuild Remembered Sets 22.669ms
[2022-08-29T06:18:27.827+0000][7][gc,start    ] GC(19) Pause Cleanup
[2022-08-29T06:18:27.827+0000][7][gc          ] GC(19) Pause Cleanup 70M->70M(256M) 0.291ms
[2022-08-29T06:18:27.827+0000][7][gc,cpu      ] GC(19) User=0.00s Sys=0.00s Real=0.00s
[2022-08-29T06:18:27.827+0000][7][safepoint   ] Safepoint "G1Concurrent", Time since last: 23252458 ns, Reaching safepoint: 297758 ns, At safepoint: 620754 ns, Total: 918512 ns
[2022-08-29T06:18:27.829+0000][7][gc,marking  ] GC(19) Concurrent Cleanup for Next Mark
[2022-08-29T06:18:27.830+0000][7][gc,marking  ] GC(19) Concurrent Cleanup for Next Mark 0.877ms
[2022-08-29T06:18:27.830+0000][7][gc          ] GC(19) Concurrent Cycle 88.215ms
[2022-08-29T06:18:29.561+0000][7][safepoint   ] Safepoint "Cleanup", Time since last: 1733378254 ns, Reaching safepoint: 419707 ns, At safepoint: 23685 ns, Total: 443392 ns
[2022-08-29T06:18:30.137+0000][7][gc,start    ] GC(20) Pause Young (Normal) (G1 Evacuation Pause)
[2022-08-29T06:18:30.138+0000][7][gc,task     ] GC(20) Using 6 workers of 6 for evacuation
[2022-08-29T06:18:30.138+0000][7][gc,age      ] GC(20) Desired survivor size 8388608 bytes, new threshold 15 (max threshold 15)
[2022-08-29T06:18:30.151+0000][7][gc,age      ] GC(20) Age table with threshold 15 (max threshold 15)
[2022-08-29T06:18:30.151+0000][7][gc,age      ] GC(20) - age   1:    5273008 bytes,    5273008 total
[2022-08-29T06:18:30.152+0000][7][gc,age      ] GC(20) - age   2:    1273480 bytes,    6546488 total
[2022-08-29T06:18:30.152+0000][7][gc,phases   ] GC(20)   Pre Evacuate Collection Set: 0.1ms
[2022-08-29T06:18:30.152+0000][7][gc,phases   ] GC(20)   Merge Heap Roots: 0.1ms
[2022-08-29T06:18:30.153+0000][7][gc,phases   ] GC(20)   Evacuate Collection Set: 10.5ms
[2022-08-29T06:18:30.153+0000][7][gc,phases   ] GC(20)   Post Evacuate Collection Set: 2.2ms
[2022-08-29T06:18:30.153+0000][7][gc,phases   ] GC(20)   Other: 2.0ms
[2022-08-29T06:18:30.153+0000][7][gc,heap     ] GC(20) Eden regions: 31->0(30)
[2022-08-29T06:18:30.154+0000][7][gc,heap     ] GC(20) Survivor regions: 1->2(4)
[2022-08-29T06:18:30.154+0000][7][gc,heap     ] GC(20) Old regions: 14->14
[2022-08-29T06:18:30.155+0000][7][gc,heap     ] GC(20) Archive regions: 2->2
[2022-08-29T06:18:30.155+0000][7][gc,heap     ] GC(20) Humongous regions: 0->0
[2022-08-29T06:18:30.155+0000][7][gc,metaspace] GC(20) Metaspace: 51758K(55168K)->51758K(55168K) NonClass: 44835K(47360K)->44835K(47360K) Class: 6922K(7808K)->6922K(7808K)
[2022-08-29T06:18:30.155+0000][7][gc          ] GC(20) Pause Young (Normal) (G1 Evacuation Pause) 186M->66M(256M) 17.874ms
[2022-08-29T06:18:30.156+0000][7][gc,cpu      ] GC(20) User=0.05s Sys=0.00s Real=0.02s
[2022-08-29T06:18:30.156+0000][7][safepoint   ] Safepoint "G1CollectForAllocation", Time since last: 575861721 ns, Reaching safepoint: 334657 ns, At safepoint: 18282921 ns, Total: 18617578 ns
[2022-08-29T06:18:31.290+0000][7][safepoint   ] Safepoint "Cleanup", Time since last: 1001123366 ns, Reaching safepoint: 132928812 ns, At safepoint: 10169 ns, Total: 132938981 ns
[2022-08-29T06:18:32.492+0000][7][safepoint   ] Safepoint "Cleanup", Time since last: 1201782061 ns, Reaching safepoint: 385333 ns, At safepoint: 2314 ns, Total: 387647 ns
[2022-08-29T06:18:35.981+0000][7][safepoint   ] Safepoint "Cleanup", Time since last: 3489391269 ns, Reaching safepoint: 148659 ns, At safepoint: 1503 ns, Total: 150162 ns
[2022-08-29T06:18:37.072+0000][7][gc,start    ] GC(21) Pause Young (Concurrent Start) (Metadata GC Threshold)
[2022-08-29T06:18:37.073+0000][7][gc,task     ] GC(21) Using 6 workers of 6 for evacuation
[2022-08-29T06:18:37.073+0000][7][gc,age      ] GC(21) Desired survivor size 8388608 bytes, new threshold 15 (max threshold 15)
[2022-08-29T06:18:37.124+0000][7][gc,age      ] GC(21) Age table with threshold 15 (max threshold 15)
[2022-08-29T06:18:37.124+0000][7][gc,age      ] GC(21) - age   1:    4367168 bytes,    4367168 total
[2022-08-29T06:18:37.125+0000][7][gc,age      ] GC(21) - age   2:    5096000 bytes,    9463168 total
[2022-08-29T06:18:37.125+0000][7][gc,age      ] GC(21) - age   3:    1271824 bytes,   10734992 total
[2022-08-29T06:18:37.126+0000][7][gc,phases   ] GC(21)   Pre Evacuate Collection Set: 0.2ms
[2022-08-29T06:18:37.126+0000][7][gc,phases   ] GC(21)   Merge Heap Roots: 0.1ms
[2022-08-29T06:18:37.126+0000][7][gc,phases   ] GC(21)   Evacuate Collection Set: 16.8ms
[2022-08-29T06:18:37.126+0000][7][gc,phases   ] GC(21)   Post Evacuate Collection Set: 33.1ms
[2022-08-29T06:18:37.126+0000][7][gc,phases   ] GC(21)   Other: 3.3ms
[2022-08-29T06:18:37.129+0000][7][gc,heap     ] GC(21) Eden regions: 27->0(30)
[2022-08-29T06:18:37.129+0000][7][gc,heap     ] GC(21) Survivor regions: 2->3(4)
[2022-08-29T06:18:37.130+0000][7][gc,heap     ] GC(21) Old regions: 14->14
[2022-08-29T06:18:37.130+0000][7][gc,heap     ] GC(21) Archive regions: 2->2
[2022-08-29T06:18:37.130+0000][7][gc,heap     ] GC(21) Humongous regions: 0->0
[2022-08-29T06:18:37.130+0000][7][gc,metaspace] GC(21) Metaspace: 60992K(64640K)->60992K(64640K) NonClass: 52811K(55552K)->52811K(55552K) Class: 8181K(9088K)->8181K(9088K)
[2022-08-29T06:18:37.131+0000][7][gc          ] GC(21) Pause Young (Concurrent Start) (Metadata GC Threshold) 174M->70M(256M) 59.005ms
[2022-08-29T06:18:37.132+0000][7][gc,cpu      ] GC(21) User=0.04s Sys=0.01s Real=0.06s
[2022-08-29T06:18:37.133+0000][7][safepoint   ] Safepoint "CollectForMetadataAllocation", Time since last: 1090205074 ns, Reaching safepoint: 298360 ns, At safepoint: 60525104 ns, Total: 60823464 ns
[2022-08-29T06:18:37.133+0000][7][gc          ] GC(22) Concurrent Cycle
[2022-08-29T06:18:37.135+0000][7][gc,marking  ] GC(22) Concurrent Clear Claimed Marks
[2022-08-29T06:18:37.135+0000][7][gc,marking  ] GC(22) Concurrent Clear Claimed Marks 0.385ms
[2022-08-29T06:18:37.136+0000][7][gc,marking  ] GC(22) Concurrent Scan Root Regions
[2022-08-29T06:18:37.148+0000][7][gc,marking  ] GC(22) Concurrent Scan Root Regions 12.594ms
[2022-08-29T06:18:37.149+0000][7][gc,marking  ] GC(22) Concurrent Mark (20.451s)
[2022-08-29T06:18:37.149+0000][7][gc,marking  ] GC(22) Concurrent Mark From Roots
[2022-08-29T06:18:37.149+0000][7][gc,task     ] GC(22) Using 2 workers of 2 for marking
[2022-08-29T06:18:37.185+0000][7][safepoint   ] Safepoint "CollectForMetadataAllocation", Time since last: 51778805 ns, Reaching safepoint: 147316 ns, At safepoint: 118653 ns, Total: 265969 ns
[2022-08-29T06:18:37.224+0000][7][gc,marking  ] GC(22) Concurrent Mark From Roots 75.517ms
[2022-08-29T06:18:37.226+0000][7][gc,marking  ] GC(22) Concurrent Preclean
[2022-08-29T06:18:37.227+0000][7][gc,marking  ] GC(22) Concurrent Preclean 0.802ms
[2022-08-29T06:18:37.227+0000][7][gc,marking  ] GC(22) Concurrent Mark (20.451s, 20.529s) 78.750ms
[2022-08-29T06:18:37.235+0000][7][gc,start    ] GC(22) Pause Remark
[2022-08-29T06:18:37.242+0000][7][gc          ] GC(22) Pause Remark 76M->76M(256M) 7.056ms
[2022-08-29T06:18:37.243+0000][7][gc,cpu      ] GC(22) User=0.02s Sys=0.00s Real=0.01s
[2022-08-29T06:18:37.243+0000][7][safepoint   ] Safepoint "G1Concurrent", Time since last: 42950652 ns, Reaching safepoint: 7164103 ns, At safepoint: 8572734 ns, Total: 15736837 ns
[2022-08-29T06:18:37.244+0000][7][gc,marking  ] GC(22) Concurrent Rebuild Remembered Sets
[2022-08-29T06:18:37.286+0000][7][gc,marking  ] GC(22) Concurrent Rebuild Remembered Sets 41.953ms
[2022-08-29T06:18:37.287+0000][7][gc,start    ] GC(22) Pause Cleanup
[2022-08-29T06:18:37.288+0000][7][gc          ] GC(22) Pause Cleanup 76M->76M(256M) 0.403ms
[2022-08-29T06:18:37.288+0000][7][gc,cpu      ] GC(22) User=0.00s Sys=0.00s Real=0.00s
[2022-08-29T06:18:37.288+0000][7][safepoint   ] Safepoint "G1Concurrent", Time since last: 42991659 ns, Reaching safepoint: 1174793 ns, At safepoint: 913603 ns, Total: 2088396 ns
[2022-08-29T06:18:37.288+0000][7][gc,marking  ] GC(22) Concurrent Cleanup for Next Mark
[2022-08-29T06:18:37.291+0000][7][gc,marking  ] GC(22) Concurrent Cleanup for Next Mark 2.666ms
[2022-08-29T06:18:37.292+0000][7][gc          ] GC(22) Concurrent Cycle 158.968ms
[2022-08-29T06:18:38.822+0000][7][safepoint   ] Safepoint "Cleanup", Time since last: 1532694503 ns, Reaching safepoint: 1368706 ns, At safepoint: 27361 ns, Total: 1396067 ns
[2022-08-29T06:18:39.689+0000][7][safepoint   ] Safepoint "ICBufferFull", Time since last: 866560201 ns, Reaching safepoint: 299982 ns, At safepoint: 42971 ns, Total: 342953 ns
[2022-08-29T06:18:39.801+0000][7][gc,start    ] GC(23) Pause Young (Concurrent Start) (G1 Evacuation Pause)
[2022-08-29T06:18:39.802+0000][7][gc,task     ] GC(23) Using 6 workers of 6 for evacuation
[2022-08-29T06:18:39.802+0000][7][gc,age      ] GC(23) Desired survivor size 10485760 bytes, new threshold 3 (max threshold 15)
[2022-08-29T06:18:39.814+0000][7][gc,age      ] GC(23) Age table with threshold 3 (max threshold 15)
[2022-08-29T06:18:39.814+0000][7][gc,age      ] GC(23) - age   1:    6679536 bytes,    6679536 total
[2022-08-29T06:18:39.814+0000][7][gc,age      ] GC(23) - age   2:    4240872 bytes,   10920408 total
[2022-08-29T06:18:39.814+0000][7][gc,age      ] GC(23) - age   3:    5055392 bytes,   15975800 total
[2022-08-29T06:18:39.814+0000][7][gc,phases   ] GC(23)   Pre Evacuate Collection Set: 0.2ms
[2022-08-29T06:18:39.815+0000][7][gc,phases   ] GC(23)   Merge Heap Roots: 0.1ms
[2022-08-29T06:18:39.815+0000][7][gc,phases   ] GC(23)   Evacuate Collection Set: 10.3ms
[2022-08-29T06:18:39.815+0000][7][gc,phases   ] GC(23)   Post Evacuate Collection Set: 1.2ms
[2022-08-29T06:18:39.815+0000][7][gc,phases   ] GC(23)   Other: 1.4ms
[2022-08-29T06:18:39.815+0000][7][gc,heap     ] GC(23) Eden regions: 30->0(28)
[2022-08-29T06:18:39.815+0000][7][gc,heap     ] GC(23) Survivor regions: 3->4(5)
[2022-08-29T06:18:39.816+0000][7][gc,heap     ] GC(23) Old regions: 14->15
[2022-08-29T06:18:39.816+0000][7][gc,heap     ] GC(23) Archive regions: 2->2
[2022-08-29T06:18:39.816+0000][7][gc,heap     ] GC(23) Humongous regions: 0->0
[2022-08-29T06:18:39.816+0000][7][gc,metaspace] GC(23) Metaspace: 80565K(84812K)->80565K(84812K) NonClass: 69761K(72960K)->69761K(72960K) Class: 10804K(11852K)->10804K(11852K)
[2022-08-29T06:18:39.816+0000][7][gc          ] GC(23) Pause Young (Concurrent Start) (G1 Evacuation Pause) 190M->76M(256M) 14.762ms
[2022-08-29T06:18:39.816+0000][7][gc,cpu      ] GC(23) User=0.04s Sys=0.00s Real=0.01s
[2022-08-29T06:18:39.816+0000][7][gc          ] GC(24) Concurrent Cycle
[2022-08-29T06:18:39.817+0000][7][gc,marking  ] GC(24) Concurrent Clear Claimed Marks
[2022-08-29T06:18:39.817+0000][7][gc,marking  ] GC(24) Concurrent Clear Claimed Marks 0.247ms
[2022-08-29T06:18:39.817+0000][7][gc,marking  ] GC(24) Concurrent Scan Root Regions
[2022-08-29T06:18:39.824+0000][7][gc,marking  ] GC(24) Concurrent Scan Root Regions 7.111ms
[2022-08-29T06:18:39.825+0000][7][gc,marking  ] GC(24) Concurrent Mark (23.127s)
[2022-08-29T06:18:39.825+0000][7][gc,marking  ] GC(24) Concurrent Mark From Roots
[2022-08-29T06:18:39.817+0000][7][safepoint   ] Safepoint "G1CollectForAllocation", Time since last: 111841963 ns, Reaching safepoint: 176461 ns, At safepoint: 15186065 ns, Total: 15362526 ns
[2022-08-29T06:18:39.825+0000][7][gc,task     ] GC(24) Using 2 workers of 2 for marking
[2022-08-29T06:18:39.897+0000][7][gc,marking  ] GC(24) Concurrent Mark From Roots 72.121ms
[2022-08-29T06:18:39.897+0000][7][gc,marking  ] GC(24) Concurrent Preclean
[2022-08-29T06:18:39.898+0000][7][gc,marking  ] GC(24) Concurrent Preclean 0.387ms
[2022-08-29T06:18:39.898+0000][7][gc,marking  ] GC(24) Concurrent Mark (23.127s, 23.200s) 73.190ms
[2022-08-29T06:18:39.898+0000][7][gc,start    ] GC(24) Pause Remark
[2022-08-29T06:18:39.904+0000][7][gc          ] GC(24) Pause Remark 82M->82M(256M) 5.484ms
[2022-08-29T06:18:39.904+0000][7][gc,cpu      ] GC(24) User=0.01s Sys=0.00s Real=0.01s
[2022-08-29T06:18:39.904+0000][7][safepoint   ] Safepoint "G1Concurrent", Time since last: 81620718 ns, Reaching safepoint: 227096 ns, At safepoint: 6051487 ns, Total: 6278583 ns
[2022-08-29T06:18:39.905+0000][7][gc,marking  ] GC(24) Concurrent Rebuild Remembered Sets
[2022-08-29T06:18:39.937+0000][7][gc,marking  ] GC(24) Concurrent Rebuild Remembered Sets 32.613ms
[2022-08-29T06:18:39.938+0000][7][gc,start    ] GC(24) Pause Cleanup
[2022-08-29T06:18:39.939+0000][7][gc          ] GC(24) Pause Cleanup 82M->82M(256M) 0.483ms
[2022-08-29T06:18:39.939+0000][7][gc,cpu      ] GC(24) User=0.00s Sys=0.00s Real=0.00s
[2022-08-29T06:18:39.939+0000][7][safepoint   ] Safepoint "G1Concurrent", Time since last: 33568000 ns, Reaching safepoint: 348734 ns, At safepoint: 1062772 ns, Total: 1411506 ns
[2022-08-29T06:18:39.940+0000][7][gc,marking  ] GC(24) Concurrent Cleanup for Next Mark
[2022-08-29T06:18:39.943+0000][7][gc,marking  ] GC(24) Concurrent Cleanup for Next Mark 2.668ms
[2022-08-29T06:18:39.943+0000][7][gc          ] GC(24) Concurrent Cycle 126.543ms
[2022-08-29T06:18:40.940+0000][7][safepoint   ] Safepoint "Cleanup", Time since last: 1000093656 ns, Reaching safepoint: 306885 ns, At safepoint: 9918 ns, Total: 316803 ns
[2022-08-29T06:18:41.946+0000][7][safepoint   ] Safepoint "Cleanup", Time since last: 1004889028 ns, Reaching safepoint: 1224666 ns, At safepoint: 158127 ns, Total: 1382793 ns
[2022-08-29T06:18:43.837+0000][7][safepoint   ] Safepoint "Cleanup", Time since last: 1891153022 ns, Reaching safepoint: 198933 ns, At safepoint: 21811 ns, Total: 220744 ns
[2022-08-29T06:18:45.270+0000][7][safepoint   ] Safepoint "Cleanup", Time since last: 1432707947 ns, Reaching safepoint: 193854 ns, At safepoint: 2575 ns, Total: 196429 ns
[2022-08-29T06:18:46.396+0000][7][safepoint   ] Safepoint "Cleanup", Time since last: 1124967824 ns, Reaching safepoint: 315452 ns, At safepoint: 24445 ns, Total: 339897 ns
[2022-08-29T06:18:47.406+0000][7][safepoint   ] Safepoint "Cleanup", Time since last: 1010094338 ns, Reaching safepoint: 279223 ns, At safepoint: 48140 ns, Total: 327363 ns
[2022-08-29T06:18:48.407+0000][7][safepoint   ] Safepoint "Cleanup", Time since last: 1000567515 ns, Reaching safepoint: 264446 ns, At safepoint: 38281 ns, Total: 302727 ns
[2022-08-29T06:18:49.408+0000][7][safepoint   ] Safepoint "Cleanup", Time since last: 1000798788 ns, Reaching safepoint: 372999 ns, At safepoint: 4068 ns, Total: 377067 ns
[2022-08-29T06:18:50.410+0000][7][safepoint   ] Safepoint "Cleanup", Time since last: 1001093029 ns, Reaching safepoint: 409559 ns, At safepoint: 56525 ns, Total: 466084 ns
[2022-08-29T06:18:51.411+0000][7][safepoint   ] Safepoint "Cleanup", Time since last: 1000812373 ns, Reaching safepoint: 401453 ns, At safepoint: 46097 ns, Total: 447550 ns
[2022-08-29T06:18:56.415+0000][7][safepoint   ] Safepoint "Cleanup", Time since last: 5001315005 ns, Reaching safepoint: 472206 ns, At safepoint: 6252 ns, Total: 478458 ns
[2022-08-29T06:19:03.417+0000][7][safepoint   ] Safepoint "Cleanup", Time since last: 7001828639 ns, Reaching safepoint: 251882 ns, At safepoint: 32241 ns, Total: 284123 ns
[2022-08-29T06:19:04.418+0000][7][safepoint   ] Safepoint "Cleanup", Time since last: 1000719389 ns, Reaching safepoint: 474019 ns, At safepoint: 5630 ns, Total: 479649 ns
[2022-08-29T06:19:08.421+0000][7][safepoint   ] Safepoint "Cleanup", Time since last: 4001848146 ns, Reaching safepoint: 358843 ns, At safepoint: 6431 ns, Total: 365274 ns
[2022-08-29T06:19:11.426+0000][7][safepoint   ] Safepoint "Cleanup", Time since last: 3004534443 ns, Reaching safepoint: 455634 ns, At safepoint: 41538 ns, Total: 497172 ns
[2022-08-29T06:19:12.427+0000][7][safepoint   ] Safepoint "Cleanup", Time since last: 1000702467 ns, Reaching safepoint: 321614 ns, At safepoint: 52688 ns, Total: 374302 ns
[2022-08-29T06:19:14.428+0000][7][safepoint   ] Safepoint "Cleanup", Time since last: 2000617408 ns, Reaching safepoint: 529603 ns, At safepoint: 7054 ns, Total: 536657 ns
[2022-08-29T06:19:15.728+0000][7][gc,start    ] GC(25) Pause Young (Normal) (G1 Evacuation Pause)
[2022-08-29T06:19:15.728+0000][7][gc,task     ] GC(25) Using 6 workers of 6 for evacuation
[2022-08-29T06:19:15.729+0000][7][gc,age      ] GC(25) Desired survivor size 8388608 bytes, new threshold 2 (max threshold 15)
[2022-08-29T06:19:15.753+0000][7][gc,age      ] GC(25) Age table with threshold 2 (max threshold 15)
[2022-08-29T06:19:15.753+0000][7][gc,age      ] GC(25) - age   1:    5788304 bytes,    5788304 total
[2022-08-29T06:19:15.753+0000][7][gc,age      ] GC(25) - age   2:    6264416 bytes,   12052720 total
[2022-08-29T06:19:15.754+0000][7][gc,phases   ] GC(25)   Pre Evacuate Collection Set: 0.3ms
[2022-08-29T06:19:15.754+0000][7][gc,phases   ] GC(25)   Merge Heap Roots: 0.2ms
[2022-08-29T06:19:15.754+0000][7][gc,phases   ] GC(25)   Evacuate Collection Set: 20.3ms
[2022-08-29T06:19:15.755+0000][7][gc,phases   ] GC(25)   Post Evacuate Collection Set: 2.7ms
[2022-08-29T06:19:15.755+0000][7][gc,phases   ] GC(25)   Other: 3.2ms
[2022-08-29T06:19:15.755+0000][7][gc,heap     ] GC(25) Eden regions: 28->0(24)
[2022-08-29T06:19:15.756+0000][7][gc,heap     ] GC(25) Survivor regions: 4->4(4)
[2022-08-29T06:19:15.756+0000][7][gc,heap     ] GC(25) Old regions: 15->17
[2022-08-29T06:19:15.757+0000][7][gc,heap     ] GC(25) Archive regions: 2->2
[2022-08-29T06:19:15.757+0000][7][gc,heap     ] GC(25) Humongous regions: 2->2
[2022-08-29T06:19:15.757+0000][7][gc,metaspace] GC(25) Metaspace: 93125K(97484K)->93125K(97484K) NonClass: 80471K(83712K)->80471K(83712K) Class: 12653K(13772K)->12653K(13772K)
[2022-08-29T06:19:15.757+0000][7][gc          ] GC(25) Pause Young (Normal) (G1 Evacuation Pause) 196M->90M(256M) 29.751ms
[2022-08-29T06:19:15.758+0000][7][gc,cpu      ] GC(25) User=0.09s Sys=0.00s Real=0.03s
[2022-08-29T06:19:15.760+0000][7][safepoint   ] Safepoint "G1CollectForAllocation", Time since last: 1298667892 ns, Reaching safepoint: 570249 ns, At safepoint: 32392235 ns, Total: 32962484 ns
[2022-08-29T06:19:16.763+0000][7][safepoint   ] Safepoint "Cleanup", Time since last: 1003563462 ns, Reaching safepoint: 283912 ns, At safepoint: 7935 ns, Total: 291847 ns
[2022-08-29T06:19:17.765+0000][7][safepoint   ] Safepoint "Cleanup", Time since last: 1001262497 ns, Reaching safepoint: 272562 ns, At safepoint: 3807 ns, Total: 276369 ns
[2022-08-29T06:19:21.772+0000][7][safepoint   ] Safepoint "Cleanup", Time since last: 4006668453 ns, Reaching safepoint: 395041 ns, At safepoint: 14608 ns, Total: 409649 ns
[2022-08-29T06:19:24.774+0000][7][safepoint   ] Safepoint "Cleanup", Time since last: 3001082219 ns, Reaching safepoint: 540493 ns, At safepoint: 5000 ns, Total: 545493 ns
[2022-08-29T06:19:27.776+0000][7][safepoint   ] Safepoint "Cleanup", Time since last: 3001954835 ns, Reaching safepoint: 240982 ns, At safepoint: 4248 ns, Total: 245230 ns
[2022-08-29T06:19:28.778+0000][7][safepoint   ] Safepoint "Cleanup", Time since last: 1001626750 ns, Reaching safepoint: 225352 ns, At safepoint: 4609 ns, Total: 229961 ns
[2022-08-29T06:19:29.778+0000][7][safepoint   ] Safepoint "Cleanup", Time since last: 1000656050 ns, Reaching safepoint: 317165 ns, At safepoint: 7704 ns, Total: 324869 ns
[2022-08-29T06:19:32.780+0000][7][safepoint   ] Safepoint "Cleanup", Time since last: 3000914055 ns, Reaching safepoint: 443571 ns, At safepoint: 72957 ns, Total: 516528 ns
[2022-08-29T06:19:33.781+0000][7][safepoint   ] Safepoint "Cleanup", Time since last: 1000838302 ns, Reaching safepoint: 351499 ns, At safepoint: 56937 ns, Total: 408436 ns
[2022-08-29T06:19:35.783+0000][7][safepoint   ] Safepoint "Cleanup", Time since last: 2001060478 ns, Reaching safepoint: 391304 ns, At safepoint: 6552 ns, Total: 397856 ns
[2022-08-29T06:19:37.784+0000][7][safepoint   ] Safepoint "Cleanup", Time since last: 2000890169 ns, Reaching safepoint: 213100 ns, At safepoint: 4468 ns, Total: 217568 ns
[2022-08-29T06:19:41.785+0000][7][safepoint   ] Safepoint "Cleanup", Time since last: 4001401058 ns, Reaching safepoint: 235923 ns, At safepoint: 3706 ns, Total: 239629 ns
[2022-08-29T06:19:43.788+0000][7][safepoint   ] Safepoint "Cleanup", Time since last: 2002195527 ns, Reaching safepoint: 349816 ns, At safepoint: 103364 ns, Total: 453180 ns
[2022-08-29T06:19:44.790+0000][7][safepoint   ] Safepoint "Cleanup", Time since last: 1001078883 ns, Reaching safepoint: 462116 ns, At safepoint: 6533 ns, Total: 468649 ns
[2022-08-29T06:19:45.791+0000][7][safepoint   ] Safepoint "Cleanup", Time since last: 1001091045 ns, Reaching safepoint: 406933 ns, At safepoint: 3838 ns, Total: 410771 ns
[2022-08-29T06:19:46.793+0000][7][safepoint   ] Safepoint "Cleanup", Time since last: 1000978945 ns, Reaching safepoint: 406322 ns, At safepoint: 44003 ns, Total: 450325 ns
[2022-08-29T06:20:00.798+0000][7][safepoint   ] Safepoint "Cleanup", Time since last: 14003572279 ns, Reaching safepoint: 1128085 ns, At safepoint: 59431 ns, Total: 1187516 ns
[2022-08-29T06:20:01.799+0000][7][safepoint   ] Safepoint "Cleanup", Time since last: 1000867657 ns, Reaching safepoint: 518412 ns, At safepoint: 5791 ns, Total: 524203 ns
[2022-08-29T06:20:03.801+0000][7][safepoint   ] Safepoint "Cleanup", Time since last: 2001264601 ns, Reaching safepoint: 521468 ns, At safepoint: 5951 ns, Total: 527419 ns
[2022-08-29T06:20:06.803+0000][7][safepoint   ] Safepoint "Cleanup", Time since last: 3001668169 ns, Reaching safepoint: 400090 ns, At safepoint: 3857 ns, Total: 403947 ns
[2022-08-29T06:20:11.805+0000][7][safepoint   ] Safepoint "Cleanup", Time since last: 5001634064 ns, Reaching safepoint: 418745 ns, At safepoint: 102112 ns, Total: 520857 ns
[2022-08-29T06:20:16.807+0000][7][safepoint   ] Safepoint "Cleanup", Time since last: 5001421455 ns, Reaching safepoint: 361729 ns, At safepoint: 69320 ns, Total: 431049 ns
[2022-08-29T06:20:17.808+0000][7][safepoint   ] Safepoint "Cleanup", Time since last: 1000891271 ns, Reaching safepoint: 323356 ns, At safepoint: 39434 ns, Total: 362790 ns
[2022-08-29T06:20:23.889+0000][7][safepoint   ] Safepoint "Cleanup", Time since last: 6080329849 ns, Reaching safepoint: 313849 ns, At safepoint: 36919 ns, Total: 350768 ns
[2022-08-29T06:20:24.890+0000][7][safepoint   ] Safepoint "Cleanup", Time since last: 1000516980 ns, Reaching safepoint: 221515 ns, At safepoint: 5099 ns, Total: 226614 ns
[2022-08-29T06:20:26.893+0000][7][safepoint   ] Safepoint "Cleanup", Time since last: 2000722475 ns, Reaching safepoint: 160782 ns, At safepoint: 5320 ns, Total: 166102 ns
[2022-08-29T06:20:29.894+0000][7][safepoint   ] Safepoint "Cleanup", Time since last: 3000800661 ns, Reaching safepoint: 442821 ns, At safepoint: 40305 ns, Total: 483126 ns
[2022-08-29T06:20:31.895+0000][7][safepoint   ] Safepoint "Cleanup", Time since last: 2000695565 ns, Reaching safepoint: 306815 ns, At safepoint: 38392 ns, Total: 345207 ns
[2022-08-29T06:20:41.898+0000][7][safepoint   ] Safepoint "Cleanup", Time since last: 10001776993 ns, Reaching safepoint: 357570 ns, At safepoint: 40957 ns, Total: 398527 ns
[2022-08-29T06:20:43.898+0000][7][safepoint   ] Safepoint "Cleanup", Time since last: 2000574247 ns, Reaching safepoint: 184746 ns, At safepoint: 3677 ns, Total: 188423 ns
[2022-08-29T06:20:45.900+0000][7][safepoint   ] Safepoint "Cleanup", Time since last: 2001797681 ns, Reaching safepoint: 360676 ns, At safepoint: 61656 ns, Total: 422332 ns
[2022-08-29T06:20:46.902+0000][7][safepoint   ] Safepoint "Cleanup", Time since last: 1000954640 ns, Reaching safepoint: 597981 ns, At safepoint: 67667 ns, Total: 665648 ns
[2022-08-29T06:20:47.903+0000][7][safepoint   ] Safepoint "Cleanup", Time since last: 1000614673 ns, Reaching safepoint: 327033 ns, At safepoint: 50304 ns, Total: 377337 ns
[2022-08-29T06:21:11.910+0000][7][safepoint   ] Safepoint "Cleanup", Time since last: 24005334715 ns, Reaching safepoint: 249457 ns, At safepoint: 36208 ns, Total: 285665 ns
[2022-08-29T06:21:13.911+0000][7][safepoint   ] Safepoint "Cleanup", Time since last: 2000792236 ns, Reaching safepoint: 309941 ns, At safepoint: 45435 ns, Total: 355376 ns
[2022-08-29T06:21:16.913+0000][7][safepoint   ] Safepoint "Cleanup", Time since last: 3000916248 ns, Reaching safepoint: 373150 ns, At safepoint: 46788 ns, Total: 419938 ns
[2022-08-29T06:21:17.914+0000][7][safepoint   ] Safepoint "Cleanup", Time since last: 1000685746 ns, Reaching safepoint: 401643 ns, At safepoint: 36869 ns, Total: 438512 ns
[2022-08-29T06:21:28.912+0000][7][safepoint   ] Safepoint "Cleanup", Time since last: 11002304632 ns, Reaching safepoint: 318988 ns, At safepoint: 12834 ns, Total: 331822 ns
[2022-08-29T06:21:41.915+0000][7][safepoint   ] Safepoint "Cleanup", Time since last: 13002960402 ns, Reaching safepoint: 381376 ns, At safepoint: 63850 ns, Total: 445226 ns
[2022-08-29T06:21:46.917+0000][7][safepoint   ] Safepoint "Cleanup", Time since last: 5001516173 ns, Reaching safepoint: 270668 ns, At safepoint: 35245 ns, Total: 305913 ns
[2022-08-29T06:21:51.919+0000][7][safepoint   ] Safepoint "Cleanup", Time since last: 5001573451 ns, Reaching safepoint: 370585 ns, At safepoint: 60924 ns, Total: 431509 ns
[2022-08-29T06:22:02.922+0000][7][safepoint   ] Safepoint "Cleanup", Time since last: 11002537909 ns, Reaching safepoint: 360987 ns, At safepoint: 61966 ns, Total: 422953 ns
[2022-08-29T06:22:09.925+0000][7][safepoint   ] Safepoint "Cleanup", Time since last: 7001857003 ns, Reaching safepoint: 486742 ns, At safepoint: 78347 ns, Total: 565089 ns
[2022-08-29T06:22:11.927+0000][7][safepoint   ] Safepoint "Cleanup", Time since last: 2001034961 ns, Reaching safepoint: 720541 ns, At safepoint: 55494 ns, Total: 776035 ns
[2022-08-29T06:22:13.929+0000][7][safepoint   ] Safepoint "Cleanup", Time since last: 2001770190 ns, Reaching safepoint: 217447 ns, At safepoint: 9237 ns, Total: 226684 ns
[2022-08-29T06:22:16.930+0000][7][safepoint   ] Safepoint "Cleanup", Time since last: 3000663705 ns, Reaching safepoint: 364955 ns, At safepoint: 10439 ns, Total: 375394 ns
[2022-08-29T06:22:38.934+0000][7][safepoint   ] Safepoint "Cleanup", Time since last: 22004145705 ns, Reaching safepoint: 281448 ns, At safepoint: 12844 ns, Total: 294292 ns
[2022-08-29T06:22:39.935+0000][7][safepoint   ] Safepoint "Cleanup", Time since last: 1001066330 ns, Reaching safepoint: 341660 ns, At safepoint: 12574 ns, Total: 354234 ns
[2022-08-29T06:22:41.937+0000][7][safepoint   ] Safepoint "Cleanup", Time since last: 2001091857 ns, Reaching safepoint: 419837 ns, At safepoint: 36469 ns, Total: 456306 ns
[2022-08-29T06:22:42.938+0000][7][safepoint   ] Safepoint "Cleanup", Time since last: 1000724277 ns, Reaching safepoint: 441959 ns, At safepoint: 6863 ns, Total: 448822 ns
[2022-08-29T06:22:43.939+0000][7][safepoint   ] Safepoint "Cleanup", Time since last: 1000707407 ns, Reaching safepoint: 344396 ns, At safepoint: 3817 ns, Total: 348213 ns
[2022-08-29T06:22:46.940+0000][7][safepoint   ] Safepoint "Cleanup", Time since last: 3000878336 ns, Reaching safepoint: 441899 ns, At safepoint: 11412 ns, Total: 453311 ns
[2022-08-29T06:22:48.944+0000][7][safepoint   ] Safepoint "Cleanup", Time since last: 2003701129 ns, Reaching safepoint: 348404 ns, At safepoint: 56886 ns, Total: 405290 ns
[2022-08-29T06:22:55.947+0000][7][safepoint   ] Safepoint "Cleanup", Time since last: 7001829682 ns, Reaching safepoint: 443492 ns, At safepoint: 5811 ns, Total: 449303 ns
[2022-08-29T06:23:07.953+0000][7][safepoint   ] Safepoint "Cleanup", Time since last: 12002492474 ns, Reaching safepoint: 390392 ns, At safepoint: 3988 ns, Total: 394380 ns
[2022-08-29T06:23:11.955+0000][7][safepoint   ] Safepoint "Cleanup", Time since last: 4001842925 ns, Reaching safepoint: 194294 ns, At safepoint: 8606 ns, Total: 202900 ns
[2022-08-29T06:23:16.957+0000][7][safepoint   ] Safepoint "Cleanup", Time since last: 5001102448 ns, Reaching safepoint: 356679 ns, At safepoint: 19516 ns, Total: 376195 ns
[2022-08-29T06:23:41.958+0000][7][safepoint   ] Safepoint "Cleanup", Time since last: 25005025997 ns, Reaching safepoint: 244749 ns, At safepoint: 12593 ns, Total: 257342 ns
[2022-08-29T06:23:46.965+0000][7][safepoint   ] Safepoint "Cleanup", Time since last: 5006013286 ns, Reaching safepoint: 662021 ns, At safepoint: 125345 ns, Total: 787366 ns
[2022-08-29T06:23:47.971+0000][7][safepoint   ] Safepoint "Cleanup", Time since last: 1005922234 ns, Reaching safepoint: 341030 ns, At safepoint: 6882 ns, Total: 347912 ns
[2022-08-29T06:24:17.980+0000][7][safepoint   ] Safepoint "Cleanup", Time since last: 30008017537 ns, Reaching safepoint: 581520 ns, At safepoint: 6823 ns, Total: 588343 ns
[2022-08-29T06:24:47.988+0000][7][safepoint   ] Safepoint "Cleanup", Time since last: 30006915209 ns, Reaching safepoint: 470993 ns, At safepoint: 3947 ns, Total: 474940 ns
[2022-08-29T06:25:13.994+0000][7][safepoint   ] Safepoint "Cleanup", Time since last: 26005979233 ns, Reaching safepoint: 385453 ns, At safepoint: 3907 ns, Total: 389360 ns
[2022-08-29T06:25:16.996+0000][7][safepoint   ] Safepoint "Cleanup", Time since last: 3001606453 ns, Reaching safepoint: 368952 ns, At safepoint: 58068 ns, Total: 427020 ns
[2022-08-29T06:25:17.997+0000][7][safepoint   ] Safepoint "Cleanup", Time since last: 1001473273 ns, Reaching safepoint: 284994 ns, At safepoint: 4038 ns, Total: 289032 ns
[2022-08-29T06:25:21.999+0000][7][safepoint   ] Safepoint "Cleanup", Time since last: 4001427747 ns, Reaching safepoint: 481363 ns, At safepoint: 9247 ns, Total: 490610 ns
[2022-08-29T06:25:42.007+0000][7][safepoint   ] Safepoint "Cleanup", Time since last: 20003731909 ns, Reaching safepoint: 339266 ns, At safepoint: 10790 ns, Total: 350056 ns
[2022-08-29T06:25:48.009+0000][7][safepoint   ] Safepoint "Cleanup", Time since last: 6001440833 ns, Reaching safepoint: 457788 ns, At safepoint: 37540 ns, Total: 495328 ns
[2022-08-29T06:26:14.013+0000][7][safepoint   ] Safepoint "Cleanup", Time since last: 26007110505 ns, Reaching safepoint: 705112 ns, At safepoint: 63960 ns, Total: 769072 ns
[2022-08-29T06:26:17.015+0000][7][safepoint   ] Safepoint "Cleanup", Time since last: 3001248491 ns, Reaching safepoint: 431409 ns, At safepoint: 6412 ns, Total: 437821 ns
[2022-08-29T06:26:18.016+0000][7][safepoint   ] Safepoint "Cleanup", Time since last: 1000980669 ns, Reaching safepoint: 346880 ns, At safepoint: 44413 ns, Total: 391293 ns
[2022-08-29T06:26:41.023+0000][7][safepoint   ] Safepoint "Cleanup", Time since last: 23005364230 ns, Reaching safepoint: 538039 ns, At safepoint: 19687 ns, Total: 557726 ns
[2022-08-29T06:26:41.634+0000][7][gc,heap,exit] Heap
[2022-08-29T06:26:41.635+0000][7][gc,heap,exit]  garbage-first heap   total 262144K, used 129384K [0x00000000f0000000, 0x0000000100000000)
[2022-08-29T06:26:41.635+0000][7][gc,heap,exit]   region size 4096K, 14 young (57344K), 4 survivors (16384K)
[2022-08-29T06:26:41.635+0000][7][gc,heap,exit]  Metaspace       used 94586K, capacity 98079K, committed 99148K, reserved 1134592K
[2022-08-29T06:26:41.635+0000][7][gc,heap,exit]   class space    used 12767K, capacity 13811K, committed 13900K, reserved 1048576K
