[2022-08-29T05:11:40.923+0000][7][gc] Using G1
[2022-08-29T05:11:41.041+0000][7][gc,init] Version: 15.0.1+9 (release)
[2022-08-29T05:11:41.042+0000][7][gc,init] CPUs: 6 total, 6 available
[2022-08-29T05:11:41.042+0000][7][gc,init] Memory: 5874M
[2022-08-29T05:11:41.042+0000][7][gc,init] Large Page Support: Disabled
[2022-08-29T05:11:41.043+0000][7][gc,init] NUMA Support: Disabled
[2022-08-29T05:11:41.043+0000][7][gc,init] Compressed Oops: Enabled (32-bit)
[2022-08-29T05:11:41.043+0000][7][gc,init] Heap Region Size: 4M
[2022-08-29T05:11:41.043+0000][7][gc,init] Heap Min Capacity: 256M
[2022-08-29T05:11:41.043+0000][7][gc,init] Heap Initial Capacity: 256M
[2022-08-29T05:11:41.048+0000][7][gc,init] Heap Max Capacity: 256M
[2022-08-29T05:11:41.049+0000][7][gc,init] Pre-touch: Enabled
[2022-08-29T05:11:41.049+0000][7][gc,init] Parallel Workers: 6
[2022-08-29T05:11:41.049+0000][7][gc,init] Concurrent Workers: 2
[2022-08-29T05:11:41.049+0000][7][gc,init] Concurrent Refinement Workers: 6
[2022-08-29T05:11:41.050+0000][7][gc,init] Periodic GC: Disabled
[2022-08-29T05:11:41.050+0000][7][gc,cds ] Mark closed archive regions in map: [0x00000000ffc00000, 0x00000000ffc7bff8]
[2022-08-29T05:11:41.051+0000][7][gc,cds ] Mark open archive regions in map: [0x00000000ffb00000, 0x00000000ffb51ff8]
[2022-08-29T05:11:41.051+0000][7][gc,metaspace] CDS archive(s) mapped at: [0x0000000800000000-0x0000000800b2a000-0x0000000800b2a000), size 11706368, SharedBaseAddress: 0x0000000800000000, ArchiveRelocationMode: 0.
[2022-08-29T05:11:41.051+0000][7][gc,metaspace] Compressed class space mapped at: 0x0000000800b2c000-0x0000000840b2c000, size: 1073741824
[2022-08-29T05:11:41.052+0000][7][gc,metaspace] Narrow klass base: 0x0000000800000000, Narrow klass shift: 3, Narrow klass range: 0x100000000
[2022-08-29T05:11:41.488+0000][7][safepoint   ] Safepoint "ICBufferFull", Time since last: 428647855 ns, Reaching safepoint: 340187 ns, At safepoint: 39154 ns, Total: 379341 ns
[2022-08-29T05:11:41.500+0000][7][gc,start    ] GC(0) Pause Young (Normal) (G1 Evacuation Pause)
[2022-08-29T05:11:41.501+0000][7][gc,task     ] GC(0) Using 6 workers of 6 for evacuation
[2022-08-29T05:11:41.502+0000][7][gc,age      ] GC(0) Desired survivor size 2097152 bytes, new threshold 15 (max threshold 15)
[2022-08-29T05:11:41.508+0000][7][gc,age      ] GC(0) Age table with threshold 15 (max threshold 15)
[2022-08-29T05:11:41.508+0000][7][gc,age      ] GC(0) - age   1:    3393936 bytes,    3393936 total
[2022-08-29T05:11:41.508+0000][7][gc,phases   ] GC(0)   Pre Evacuate Collection Set: 0.1ms
[2022-08-29T05:11:41.509+0000][7][gc,phases   ] GC(0)   Merge Heap Roots: 0.1ms
[2022-08-29T05:11:41.509+0000][7][gc,phases   ] GC(0)   Evacuate Collection Set: 5.3ms
[2022-08-29T05:11:41.509+0000][7][gc,phases   ] GC(0)   Post Evacuate Collection Set: 0.6ms
[2022-08-29T05:11:41.509+0000][7][gc,phases   ] GC(0)   Other: 2.0ms
[2022-08-29T05:11:41.509+0000][7][gc,heap     ] GC(0) Eden regions: 4->0(4)
[2022-08-29T05:11:41.509+0000][7][gc,heap     ] GC(0) Survivor regions: 0->1(1)
[2022-08-29T05:11:41.509+0000][7][gc,heap     ] GC(0) Old regions: 0->0
[2022-08-29T05:11:41.510+0000][7][gc,heap     ] GC(0) Archive regions: 2->2
[2022-08-29T05:11:41.510+0000][7][gc,heap     ] GC(0) Humongous regions: 0->0
[2022-08-29T05:11:41.510+0000][7][gc,metaspace] GC(0) Metaspace: 5109K(7680K)->5109K(7680K) NonClass: 4587K(6912K)->4587K(6912K) Class: 521K(768K)->521K(768K)
[2022-08-29T05:11:41.510+0000][7][gc          ] GC(0) Pause Young (Normal) (G1 Evacuation Pause) 19M->7M(256M) 9.635ms
[2022-08-29T05:11:41.510+0000][7][gc,cpu      ] GC(0) User=0.01s Sys=0.00s Real=0.01s
[2022-08-29T05:11:41.510+0000][7][safepoint   ] Safepoint "G1CollectForAllocation", Time since last: 11841453 ns, Reaching safepoint: 157094 ns, At safepoint: 10053350 ns, Total: 10210444 ns
[2022-08-29T05:11:42.009+0000][7][gc,start    ] GC(1) Pause Young (Normal) (G1 Evacuation Pause)
[2022-08-29T05:11:42.009+0000][7][gc,task     ] GC(1) Using 6 workers of 6 for evacuation
[2022-08-29T05:11:42.010+0000][7][gc,age      ] GC(1) Desired survivor size 2097152 bytes, new threshold 1 (max threshold 15)
[2022-08-29T05:11:42.014+0000][7][gc,age      ] GC(1) Age table with threshold 1 (max threshold 15)
[2022-08-29T05:11:42.014+0000][7][gc,age      ] GC(1) - age   1:    1286192 bytes,    1286192 total
[2022-08-29T05:11:42.014+0000][7][gc,phases   ] GC(1)   Pre Evacuate Collection Set: 0.1ms
[2022-08-29T05:11:42.014+0000][7][gc,phases   ] GC(1)   Merge Heap Roots: 0.0ms
[2022-08-29T05:11:42.015+0000][7][gc,phases   ] GC(1)   Evacuate Collection Set: 2.7ms
[2022-08-29T05:11:42.015+0000][7][gc,phases   ] GC(1)   Post Evacuate Collection Set: 0.8ms
[2022-08-29T05:11:42.015+0000][7][gc,phases   ] GC(1)   Other: 1.6ms
[2022-08-29T05:11:42.015+0000][7][gc,heap     ] GC(1) Eden regions: 4->0(10)
[2022-08-29T05:11:42.015+0000][7][gc,heap     ] GC(1) Survivor regions: 1->1(1)
[2022-08-29T05:11:42.015+0000][7][gc,heap     ] GC(1) Old regions: 0->1
[2022-08-29T05:11:42.016+0000][7][gc,heap     ] GC(1) Archive regions: 2->2
[2022-08-29T05:11:42.016+0000][7][gc,heap     ] GC(1) Humongous regions: 0->0
[2022-08-29T05:11:42.016+0000][7][gc,metaspace] GC(1) Metaspace: 9823K(10496K)->9823K(10496K) NonClass: 8665K(9216K)->8665K(9216K) Class: 1158K(1280K)->1158K(1280K)
[2022-08-29T05:11:42.016+0000][7][gc          ] GC(1) Pause Young (Normal) (G1 Evacuation Pause) 23M->8M(256M) 7.262ms
[2022-08-29T05:11:42.016+0000][7][gc,cpu      ] GC(1) User=0.01s Sys=0.00s Real=0.01s
[2022-08-29T05:11:42.017+0000][7][safepoint   ] Safepoint "G1CollectForAllocation", Time since last: 498338385 ns, Reaching safepoint: 298109 ns, At safepoint: 7662777 ns, Total: 7960886 ns
[2022-08-29T05:11:42.930+0000][7][safepoint   ] Safepoint "ICBufferFull", Time since last: 912522000 ns, Reaching safepoint: 359734 ns, At safepoint: 5540 ns, Total: 365274 ns
[2022-08-29T05:11:42.940+0000][7][gc,start    ] GC(2) Pause Young (Normal) (G1 Evacuation Pause)
[2022-08-29T05:11:42.940+0000][7][gc,task     ] GC(2) Using 6 workers of 6 for evacuation
[2022-08-29T05:11:42.941+0000][7][gc,age      ] GC(2) Desired survivor size 4194304 bytes, new threshold 15 (max threshold 15)
[2022-08-29T05:11:42.961+0000][7][gc,age      ] GC(2) Age table with threshold 15 (max threshold 15)
[2022-08-29T05:11:42.961+0000][7][gc,age      ] GC(2) - age   1:    2422872 bytes,    2422872 total
[2022-08-29T05:11:42.962+0000][7][gc,age      ] GC(2) - age   2:    1237680 bytes,    3660552 total
[2022-08-29T05:11:42.962+0000][7][gc,phases   ] GC(2)   Pre Evacuate Collection Set: 0.1ms
[2022-08-29T05:11:42.962+0000][7][gc,phases   ] GC(2)   Merge Heap Roots: 0.0ms
[2022-08-29T05:11:42.962+0000][7][gc,phases   ] GC(2)   Evacuate Collection Set: 12.5ms
[2022-08-29T05:11:42.962+0000][7][gc,phases   ] GC(2)   Post Evacuate Collection Set: 7.2ms
[2022-08-29T05:11:42.962+0000][7][gc,phases   ] GC(2)   Other: 2.3ms
[2022-08-29T05:11:42.962+0000][7][gc,heap     ] GC(2) Eden regions: 10->0(34)
[2022-08-29T05:11:42.963+0000][7][gc,heap     ] GC(2) Survivor regions: 1->1(2)
[2022-08-29T05:11:42.963+0000][7][gc,heap     ] GC(2) Old regions: 1->1
[2022-08-29T05:11:42.963+0000][7][gc,heap     ] GC(2) Archive regions: 2->2
[2022-08-29T05:11:42.964+0000][7][gc,heap     ] GC(2) Humongous regions: 0->0
[2022-08-29T05:11:42.964+0000][7][gc,metaspace] GC(2) Metaspace: 14407K(14848K)->14407K(14848K) NonClass: 12725K(13056K)->12725K(13056K) Class: 1682K(1792K)->1682K(1792K)
[2022-08-29T05:11:42.964+0000][7][gc          ] GC(2) Pause Young (Normal) (G1 Evacuation Pause) 48M->10M(256M) 24.529ms
[2022-08-29T05:11:42.964+0000][7][gc,cpu      ] GC(2) User=0.05s Sys=0.01s Real=0.03s
[2022-08-29T05:11:42.965+0000][7][safepoint   ] Safepoint "G1CollectForAllocation", Time since last: 6586750 ns, Reaching safepoint: 3504832 ns, At safepoint: 24938880 ns, Total: 28443712 ns
[2022-08-29T05:11:43.367+0000][7][safepoint   ] Safepoint "ICBufferFull", Time since last: 402283301 ns, Reaching safepoint: 244579 ns, At safepoint: 4288 ns, Total: 248867 ns
[2022-08-29T05:11:43.372+0000][7][safepoint   ] Safepoint "ICBufferFull", Time since last: 5067752 ns, Reaching safepoint: 166302 ns, At safepoint: 3737 ns, Total: 170039 ns
[2022-08-29T05:11:43.379+0000][7][safepoint   ] Safepoint "ICBufferFull", Time since last: 6092323 ns, Reaching safepoint: 201859 ns, At safepoint: 3636 ns, Total: 205495 ns
[2022-08-29T05:11:43.386+0000][7][safepoint   ] Safepoint "ICBufferFull", Time since last: 3468694 ns, Reaching safepoint: 4145513 ns, At safepoint: 54763 ns, Total: 4200276 ns
[2022-08-29T05:11:43.396+0000][7][safepoint   ] Safepoint "ICBufferFull", Time since last: 9435411 ns, Reaching safepoint: 156884 ns, At safepoint: 2715 ns, Total: 159599 ns
[2022-08-29T05:11:43.399+0000][7][safepoint   ] Safepoint "ICBufferFull", Time since last: 2880040 ns, Reaching safepoint: 97222 ns, At safepoint: 9959 ns, Total: 107181 ns
[2022-08-29T05:11:43.401+0000][7][safepoint   ] Safepoint "ICBufferFull", Time since last: 2490811 ns, Reaching safepoint: 75381 ns, At safepoint: 3687 ns, Total: 79068 ns
[2022-08-29T05:11:43.408+0000][7][safepoint   ] Safepoint "ICBufferFull", Time since last: 2573675 ns, Reaching safepoint: 3470598 ns, At safepoint: 9247 ns, Total: 3479845 ns
[2022-08-29T05:11:43.410+0000][7][safepoint   ] Safepoint "ICBufferFull", Time since last: 2757090 ns, Reaching safepoint: 108693 ns, At safepoint: 28604 ns, Total: 137297 ns
[2022-08-29T05:11:43.414+0000][7][safepoint   ] Safepoint "ICBufferFull", Time since last: 3096967 ns, Reaching safepoint: 223259 ns, At safepoint: 22742 ns, Total: 246001 ns
[2022-08-29T05:11:43.417+0000][7][safepoint   ] Safepoint "ICBufferFull", Time since last: 3361313 ns, Reaching safepoint: 251080 ns, At safepoint: 8496 ns, Total: 259576 ns
[2022-08-29T05:11:43.422+0000][7][safepoint   ] Safepoint "ICBufferFull", Time since last: 4296707 ns, Reaching safepoint: 182202 ns, At safepoint: 3526 ns, Total: 185728 ns
[2022-08-29T05:11:43.425+0000][7][safepoint   ] Safepoint "ICBufferFull", Time since last: 3156128 ns, Reaching safepoint: 164188 ns, At safepoint: 3266 ns, Total: 167454 ns
[2022-08-29T05:11:43.432+0000][7][safepoint   ] Safepoint "ICBufferFull", Time since last: 6485009 ns, Reaching safepoint: 166643 ns, At safepoint: 4518 ns, Total: 171161 ns
[2022-08-29T05:11:43.435+0000][7][safepoint   ] Safepoint "ICBufferFull", Time since last: 3168741 ns, Reaching safepoint: 177022 ns, At safepoint: 41488 ns, Total: 218510 ns
[2022-08-29T05:11:43.706+0000][7][safepoint   ] Safepoint "ICBufferFull", Time since last: 270113373 ns, Reaching safepoint: 1092739 ns, At safepoint: 16060 ns, Total: 1108799 ns
[2022-08-29T05:11:43.758+0000][7][gc,start    ] GC(3) Pause Young (Normal) (G1 Evacuation Pause)
[2022-08-29T05:11:43.759+0000][7][gc,task     ] GC(3) Using 6 workers of 6 for evacuation
[2022-08-29T05:11:43.759+0000][7][gc,age      ] GC(3) Desired survivor size 10485760 bytes, new threshold 15 (max threshold 15)
[2022-08-29T05:11:43.777+0000][7][gc,age      ] GC(3) Age table with threshold 15 (max threshold 15)
[2022-08-29T05:11:43.778+0000][7][gc,age      ] GC(3) - age   1:    3929976 bytes,    3929976 total
[2022-08-29T05:11:43.780+0000][7][gc,age      ] GC(3) - age   2:    2351224 bytes,    6281200 total
[2022-08-29T05:11:43.783+0000][7][gc,age      ] GC(3) - age   3:    1221208 bytes,    7502408 total
[2022-08-29T05:11:43.784+0000][7][gc,phases   ] GC(3)   Pre Evacuate Collection Set: 0.1ms
[2022-08-29T05:11:43.787+0000][7][gc,phases   ] GC(3)   Merge Heap Roots: 0.0ms
[2022-08-29T05:11:43.791+0000][7][gc,phases   ] GC(3)   Evacuate Collection Set: 15.3ms
[2022-08-29T05:11:43.791+0000][7][gc,phases   ] GC(3)   Post Evacuate Collection Set: 2.5ms
[2022-08-29T05:11:43.793+0000][7][gc,phases   ] GC(3)   Other: 8.2ms
[2022-08-29T05:11:43.795+0000][7][gc,heap     ] GC(3) Eden regions: 34->0(36)
[2022-08-29T05:11:43.795+0000][7][gc,heap     ] GC(3) Survivor regions: 1->2(5)
[2022-08-29T05:11:43.795+0000][7][gc,heap     ] GC(3) Old regions: 1->1
[2022-08-29T05:11:43.798+0000][7][gc,heap     ] GC(3) Archive regions: 2->2
[2022-08-29T05:11:43.798+0000][7][gc,heap     ] GC(3) Humongous regions: 0->0
[2022-08-29T05:11:43.799+0000][7][gc,metaspace] GC(3) Metaspace: 17867K(18432K)->17867K(18432K) NonClass: 15736K(16128K)->15736K(16128K) Class: 2130K(2304K)->2130K(2304K)
[2022-08-29T05:11:43.800+0000][7][gc          ] GC(3) Pause Young (Normal) (G1 Evacuation Pause) 146M->14M(256M) 41.981ms
[2022-08-29T05:11:43.801+0000][7][gc,cpu      ] GC(3) User=0.07s Sys=0.00s Real=0.04s
[2022-08-29T05:11:43.802+0000][7][safepoint   ] Safepoint "G1CollectForAllocation", Time since last: 51415103 ns, Reaching safepoint: 435246 ns, At safepoint: 43906034 ns, Total: 44341280 ns
[2022-08-29T05:11:44.296+0000][7][gc,start    ] GC(4) Pause Young (Normal) (G1 Evacuation Pause)
[2022-08-29T05:11:44.296+0000][7][gc,task     ] GC(4) Using 6 workers of 6 for evacuation
[2022-08-29T05:11:44.296+0000][7][gc,age      ] GC(4) Desired survivor size 10485760 bytes, new threshold 15 (max threshold 15)
[2022-08-29T05:11:44.308+0000][7][gc,age      ] GC(4) Age table with threshold 15 (max threshold 15)
[2022-08-29T05:11:44.309+0000][7][gc,age      ] GC(4) - age   1:    2480992 bytes,    2480992 total
[2022-08-29T05:11:44.309+0000][7][gc,age      ] GC(4) - age   2:    3320024 bytes,    5801016 total
[2022-08-29T05:11:44.309+0000][7][gc,age      ] GC(4) - age   3:    2351224 bytes,    8152240 total
[2022-08-29T05:11:44.309+0000][7][gc,age      ] GC(4) - age   4:    1221208 bytes,    9373448 total
[2022-08-29T05:11:44.309+0000][7][gc,phases   ] GC(4)   Pre Evacuate Collection Set: 0.1ms
[2022-08-29T05:11:44.309+0000][7][gc,phases   ] GC(4)   Merge Heap Roots: 0.0ms
[2022-08-29T05:11:44.310+0000][7][gc,phases   ] GC(4)   Evacuate Collection Set: 10.7ms
[2022-08-29T05:11:44.310+0000][7][gc,phases   ] GC(4)   Post Evacuate Collection Set: 0.7ms
[2022-08-29T05:11:44.311+0000][7][gc,phases   ] GC(4)   Other: 2.1ms
[2022-08-29T05:11:44.312+0000][7][gc,heap     ] GC(4) Eden regions: 36->0(35)
[2022-08-29T05:11:44.312+0000][7][gc,heap     ] GC(4) Survivor regions: 2->3(5)
[2022-08-29T05:11:44.312+0000][7][gc,heap     ] GC(4) Old regions: 1->1
[2022-08-29T05:11:44.312+0000][7][gc,heap     ] GC(4) Archive regions: 2->2
[2022-08-29T05:11:44.312+0000][7][gc,heap     ] GC(4) Humongous regions: 0->0
[2022-08-29T05:11:44.312+0000][7][gc,metaspace] GC(4) Metaspace: 18458K(19072K)->18458K(19072K) NonClass: 16257K(16640K)->16257K(16640K) Class: 2201K(2432K)->2201K(2432K)
[2022-08-29T05:11:44.312+0000][7][gc          ] GC(4) Pause Young (Normal) (G1 Evacuation Pause) 158M->16M(256M) 16.757ms
[2022-08-29T05:11:44.313+0000][7][gc,cpu      ] GC(4) User=0.03s Sys=0.00s Real=0.01s
[2022-08-29T05:11:44.313+0000][7][safepoint   ] Safepoint "G1CollectForAllocation", Time since last: 491398261 ns, Reaching safepoint: 609604 ns, At safepoint: 17126982 ns, Total: 17736586 ns
[2022-08-29T05:11:44.726+0000][7][gc,start    ] GC(5) Pause Young (Normal) (G1 Evacuation Pause)
[2022-08-29T05:11:44.727+0000][7][gc,task     ] GC(5) Using 6 workers of 6 for evacuation
[2022-08-29T05:11:44.727+0000][7][gc,age      ] GC(5) Desired survivor size 10485760 bytes, new threshold 15 (max threshold 15)
[2022-08-29T05:11:44.777+0000][7][gc,age      ] GC(5) Age table with threshold 15 (max threshold 15)
[2022-08-29T05:11:44.785+0000][7][gc,age      ] GC(5) - age   1:    1840880 bytes,    1840880 total
[2022-08-29T05:11:44.795+0000][7][gc,age      ] GC(5) - age   2:    1881664 bytes,    3722544 total
[2022-08-29T05:11:44.806+0000][7][gc,age      ] GC(5) - age   3:    3318920 bytes,    7041464 total
[2022-08-29T05:11:44.815+0000][7][gc,age      ] GC(5) - age   4:    2351224 bytes,    9392688 total
[2022-08-29T05:11:44.825+0000][7][gc,age      ] GC(5) - age   5:    1221208 bytes,   10613896 total
[2022-08-29T05:11:44.826+0000][7][gc,phases   ] GC(5)   Pre Evacuate Collection Set: 0.1ms
[2022-08-29T05:11:44.835+0000][7][gc,phases   ] GC(5)   Merge Heap Roots: 0.1ms
[2022-08-29T05:11:44.845+0000][7][gc,phases   ] GC(5)   Evacuate Collection Set: 37.9ms
[2022-08-29T05:11:44.851+0000][7][gc,phases   ] GC(5)   Post Evacuate Collection Set: 12.1ms
[2022-08-29T05:11:44.855+0000][7][gc,phases   ] GC(5)   Other: 50.0ms
[2022-08-29T05:11:44.856+0000][7][gc,heap     ] GC(5) Eden regions: 35->0(35)
[2022-08-29T05:11:44.856+0000][7][gc,heap     ] GC(5) Survivor regions: 3->3(5)
[2022-08-29T05:11:44.857+0000][7][gc,heap     ] GC(5) Old regions: 1->1
[2022-08-29T05:11:44.858+0000][7][gc,heap     ] GC(5) Archive regions: 2->2
[2022-08-29T05:11:44.858+0000][7][gc,heap     ] GC(5) Humongous regions: 0->0
[2022-08-29T05:11:44.858+0000][7][gc,metaspace] GC(5) Metaspace: 18931K(19712K)->18931K(19712K) NonClass: 16656K(17152K)->16656K(17152K) Class: 2275K(2560K)->2275K(2560K)
[2022-08-29T05:11:44.858+0000][7][gc          ] GC(5) Pause Young (Normal) (G1 Evacuation Pause) 156M->18M(256M) 132.580ms
[2022-08-29T05:11:44.858+0000][7][gc,cpu      ] GC(5) User=0.03s Sys=0.01s Real=0.13s
[2022-08-29T05:11:44.859+0000][7][safepoint   ] Safepoint "G1CollectForAllocation", Time since last: 412571021 ns, Reaching safepoint: 213060 ns, At safepoint: 132987862 ns, Total: 133200922 ns
[2022-08-29T05:11:45.123+0000][7][gc,start    ] GC(6) Pause Young (Normal) (G1 Evacuation Pause)
[2022-08-29T05:11:45.125+0000][7][gc,task     ] GC(6) Using 6 workers of 6 for evacuation
[2022-08-29T05:11:45.125+0000][7][gc,age      ] GC(6) Desired survivor size 10485760 bytes, new threshold 5 (max threshold 15)
[2022-08-29T05:11:45.136+0000][7][gc,age      ] GC(6) Age table with threshold 5 (max threshold 15)
[2022-08-29T05:11:45.140+0000][7][gc,age      ] GC(6) - age   1:    1275680 bytes,    1275680 total
[2022-08-29T05:11:45.140+0000][7][gc,age      ] GC(6) - age   2:    1479040 bytes,    2754720 total
[2022-08-29T05:11:45.140+0000][7][gc,age      ] GC(6) - age   3:    1881664 bytes,    4636384 total
[2022-08-29T05:11:45.140+0000][7][gc,age      ] GC(6) - age   4:    3318920 bytes,    7955304 total
[2022-08-29T05:11:45.140+0000][7][gc,age      ] GC(6) - age   5:    2351224 bytes,   10306528 total
[2022-08-29T05:11:45.141+0000][7][gc,phases   ] GC(6)   Pre Evacuate Collection Set: 0.1ms
[2022-08-29T05:11:45.141+0000][7][gc,phases   ] GC(6)   Merge Heap Roots: 0.0ms
[2022-08-29T05:11:45.141+0000][7][gc,phases   ] GC(6)   Evacuate Collection Set: 9.7ms
[2022-08-29T05:11:45.141+0000][7][gc,phases   ] GC(6)   Post Evacuate Collection Set: 1.0ms
[2022-08-29T05:11:45.141+0000][7][gc,phases   ] GC(6)   Other: 6.6ms
[2022-08-29T05:11:45.141+0000][7][gc,heap     ] GC(6) Eden regions: 35->0(35)
[2022-08-29T05:11:45.142+0000][7][gc,heap     ] GC(6) Survivor regions: 3->3(5)
[2022-08-29T05:11:45.142+0000][7][gc,heap     ] GC(6) Old regions: 1->2
[2022-08-29T05:11:45.142+0000][7][gc,heap     ] GC(6) Archive regions: 2->2
[2022-08-29T05:11:45.143+0000][7][gc,heap     ] GC(6) Humongous regions: 0->0
[2022-08-29T05:11:45.143+0000][7][gc,metaspace] GC(6) Metaspace: 19221K(20224K)->19221K(20224K) NonClass: 16917K(17664K)->16917K(17664K) Class: 2304K(2560K)->2304K(2560K)
[2022-08-29T05:11:45.143+0000][7][gc          ] GC(6) Pause Young (Normal) (G1 Evacuation Pause) 158M->18M(256M) 19.741ms
[2022-08-29T05:11:45.143+0000][7][gc,cpu      ] GC(6) User=0.03s Sys=0.00s Real=0.02s
[2022-08-29T05:11:45.143+0000][7][safepoint   ] Safepoint "G1CollectForAllocation", Time since last: 264504847 ns, Reaching safepoint: 94928 ns, At safepoint: 20111278 ns, Total: 20206206 ns
[2022-08-29T05:11:45.429+0000][7][gc,start    ] GC(7) Pause Young (Normal) (G1 Evacuation Pause)
[2022-08-29T05:11:45.430+0000][7][gc,task     ] GC(7) Using 6 workers of 6 for evacuation
[2022-08-29T05:11:45.430+0000][7][gc,age      ] GC(7) Desired survivor size 10485760 bytes, new threshold 15 (max threshold 15)
[2022-08-29T05:11:45.467+0000][7][gc,age      ] GC(7) Age table with threshold 15 (max threshold 15)
[2022-08-29T05:11:45.467+0000][7][gc,age      ] GC(7) - age   1:     858128 bytes,     858128 total
[2022-08-29T05:11:45.468+0000][7][gc,age      ] GC(7) - age   2:    1231392 bytes,    2089520 total
[2022-08-29T05:11:45.468+0000][7][gc,age      ] GC(7) - age   3:    1478432 bytes,    3567952 total
[2022-08-29T05:11:45.468+0000][7][gc,age      ] GC(7) - age   4:    1881632 bytes,    5449584 total
[2022-08-29T05:11:45.468+0000][7][gc,age      ] GC(7) - age   5:    3314968 bytes,    8764552 total
[2022-08-29T05:11:45.468+0000][7][gc,age      ] GC(7) - age   6:    2351224 bytes,   11115776 total
[2022-08-29T05:11:45.468+0000][7][gc,phases   ] GC(7)   Pre Evacuate Collection Set: 0.0ms
[2022-08-29T05:11:45.468+0000][7][gc,phases   ] GC(7)   Merge Heap Roots: 5.2ms
[2022-08-29T05:11:45.468+0000][7][gc,phases   ] GC(7)   Evacuate Collection Set: 16.2ms
[2022-08-29T05:11:45.469+0000][7][gc,phases   ] GC(7)   Post Evacuate Collection Set: 15.5ms
[2022-08-29T05:11:45.469+0000][7][gc,phases   ] GC(7)   Other: 1.9ms
[2022-08-29T05:11:45.469+0000][7][gc,heap     ] GC(7) Eden regions: 35->0(35)
[2022-08-29T05:11:45.470+0000][7][gc,heap     ] GC(7) Survivor regions: 3->3(5)
[2022-08-29T05:11:45.470+0000][7][gc,heap     ] GC(7) Old regions: 2->2
[2022-08-29T05:11:45.470+0000][7][gc,heap     ] GC(7) Archive regions: 2->2
[2022-08-29T05:11:45.470+0000][7][gc,heap     ] GC(7) Humongous regions: 0->0
[2022-08-29T05:11:45.470+0000][7][gc,metaspace] GC(7) Metaspace: 19367K(20224K)->19367K(20224K) NonClass: 17036K(17664K)->17036K(17664K) Class: 2331K(2560K)->2331K(2560K)
[2022-08-29T05:11:45.470+0000][7][gc          ] GC(7) Pause Young (Normal) (G1 Evacuation Pause) 158M->19M(256M) 40.923ms
[2022-08-29T05:11:45.471+0000][7][gc,cpu      ] GC(7) User=0.03s Sys=0.00s Real=0.04s
[2022-08-29T05:11:45.472+0000][7][safepoint   ] Safepoint "G1CollectForAllocation", Time since last: 285804754 ns, Reaching safepoint: 189005 ns, At safepoint: 42919153 ns, Total: 43108158 ns
[2022-08-29T05:11:45.681+0000][7][gc,start    ] GC(8) Pause Young (Normal) (G1 Evacuation Pause)
[2022-08-29T05:11:45.682+0000][7][gc,task     ] GC(8) Using 6 workers of 6 for evacuation
[2022-08-29T05:11:45.682+0000][7][gc,age      ] GC(8) Desired survivor size 10485760 bytes, new threshold 6 (max threshold 15)
[2022-08-29T05:11:45.689+0000][7][gc,age      ] GC(8) Age table with threshold 6 (max threshold 15)
[2022-08-29T05:11:45.689+0000][7][gc,age      ] GC(8) - age   1:     574976 bytes,     574976 total
[2022-08-29T05:11:45.689+0000][7][gc,age      ] GC(8) - age   2:     265176 bytes,     840152 total
[2022-08-29T05:11:45.690+0000][7][gc,age      ] GC(8) - age   3:    1231392 bytes,    2071544 total
[2022-08-29T05:11:45.690+0000][7][gc,age      ] GC(8) - age   4:    1478432 bytes,    3549976 total
[2022-08-29T05:11:45.690+0000][7][gc,age      ] GC(8) - age   5:    1881632 bytes,    5431608 total
[2022-08-29T05:11:45.691+0000][7][gc,age      ] GC(8) - age   6:    3314968 bytes,    8746576 total
[2022-08-29T05:11:45.691+0000][7][gc,phases   ] GC(8)   Pre Evacuate Collection Set: 0.1ms
[2022-08-29T05:11:45.691+0000][7][gc,phases   ] GC(8)   Merge Heap Roots: 0.0ms
[2022-08-29T05:11:45.691+0000][7][gc,phases   ] GC(8)   Evacuate Collection Set: 5.8ms
[2022-08-29T05:11:45.691+0000][7][gc,phases   ] GC(8)   Post Evacuate Collection Set: 0.7ms
[2022-08-29T05:11:45.692+0000][7][gc,phases   ] GC(8)   Other: 2.9ms
[2022-08-29T05:11:45.692+0000][7][gc,heap     ] GC(8) Eden regions: 35->0(35)
[2022-08-29T05:11:45.692+0000][7][gc,heap     ] GC(8) Survivor regions: 3->3(5)
[2022-08-29T05:11:45.692+0000][7][gc,heap     ] GC(8) Old regions: 2->2
[2022-08-29T05:11:45.692+0000][7][gc,heap     ] GC(8) Archive regions: 2->2
[2022-08-29T05:11:45.692+0000][7][gc,heap     ] GC(8) Humongous regions: 0->0
[2022-08-29T05:11:45.692+0000][7][gc,metaspace] GC(8) Metaspace: 19583K(20864K)->19583K(20864K) NonClass: 17211K(18176K)->17211K(18176K) Class: 2372K(2688K)->2372K(2688K)
[2022-08-29T05:11:45.693+0000][7][gc          ] GC(8) Pause Young (Normal) (G1 Evacuation Pause) 159M->19M(256M) 11.220ms
[2022-08-29T05:11:45.693+0000][7][gc,cpu      ] GC(8) User=0.03s Sys=0.00s Real=0.01s
[2022-08-29T05:11:45.693+0000][7][safepoint   ] Safepoint "G1CollectForAllocation", Time since last: 209135929 ns, Reaching safepoint: 139312 ns, At safepoint: 11736165 ns, Total: 11875477 ns
[2022-08-29T05:11:45.856+0000][7][gc,start    ] GC(9) Pause Young (Normal) (G1 Evacuation Pause)
[2022-08-29T05:11:45.858+0000][7][gc,task     ] GC(9) Using 6 workers of 6 for evacuation
[2022-08-29T05:11:45.861+0000][7][gc,age      ] GC(9) Desired survivor size 10485760 bytes, new threshold 15 (max threshold 15)
[2022-08-29T05:11:45.883+0000][7][gc,age      ] GC(9) Age table with threshold 15 (max threshold 15)
[2022-08-29T05:11:45.889+0000][7][gc,age      ] GC(9) - age   1:    2448328 bytes,    2448328 total
[2022-08-29T05:11:45.892+0000][7][gc,age      ] GC(9) - age   2:     254896 bytes,    2703224 total
[2022-08-29T05:11:45.893+0000][7][gc,age      ] GC(9) - age   3:     265024 bytes,    2968248 total
[2022-08-29T05:11:45.893+0000][7][gc,age      ] GC(9) - age   4:    1231392 bytes,    4199640 total
[2022-08-29T05:11:45.894+0000][7][gc,age      ] GC(9) - age   5:    1477760 bytes,    5677400 total
[2022-08-29T05:11:45.894+0000][7][gc,age      ] GC(9) - age   6:    1881344 bytes,    7558744 total
[2022-08-29T05:11:45.894+0000][7][gc,age      ] GC(9) - age   7:    3314840 bytes,   10873584 total
[2022-08-29T05:11:45.894+0000][7][gc,phases   ] GC(9)   Pre Evacuate Collection Set: 0.1ms
[2022-08-29T05:11:45.894+0000][7][gc,phases   ] GC(9)   Merge Heap Roots: 0.0ms
[2022-08-29T05:11:45.894+0000][7][gc,phases   ] GC(9)   Evacuate Collection Set: 16.0ms
[2022-08-29T05:11:45.895+0000][7][gc,phases   ] GC(9)   Post Evacuate Collection Set: 0.5ms
[2022-08-29T05:11:45.895+0000][7][gc,phases   ] GC(9)   Other: 21.3ms
[2022-08-29T05:11:45.895+0000][7][gc,heap     ] GC(9) Eden regions: 35->0(35)
[2022-08-29T05:11:45.895+0000][7][gc,heap     ] GC(9) Survivor regions: 3->3(5)
[2022-08-29T05:11:45.895+0000][7][gc,heap     ] GC(9) Old regions: 2->2
[2022-08-29T05:11:45.895+0000][7][gc,heap     ] GC(9) Archive regions: 2->2
[2022-08-29T05:11:45.895+0000][7][gc,heap     ] GC(9) Humongous regions: 0->0
[2022-08-29T05:11:45.896+0000][7][gc,metaspace] GC(9) Metaspace: 19648K(20864K)->19648K(20864K) NonClass: 17263K(18176K)->17263K(18176K) Class: 2384K(2688K)->2384K(2688K)
[2022-08-29T05:11:45.897+0000][7][gc          ] GC(9) Pause Young (Normal) (G1 Evacuation Pause) 159M->20M(256M) 40.729ms
[2022-08-29T05:11:45.897+0000][7][gc,cpu      ] GC(9) User=0.09s Sys=0.01s Real=0.04s
[2022-08-29T05:11:45.898+0000][7][safepoint   ] Safepoint "G1CollectForAllocation", Time since last: 161000226 ns, Reaching safepoint: 2071974 ns, At safepoint: 41473533 ns, Total: 43545507 ns
[2022-08-29T05:11:46.094+0000][7][gc,start    ] GC(10) Pause Young (Normal) (G1 Evacuation Pause)
[2022-08-29T05:11:46.096+0000][7][gc,task     ] GC(10) Using 6 workers of 6 for evacuation
[2022-08-29T05:11:46.100+0000][7][gc,age      ] GC(10) Desired survivor size 10485760 bytes, new threshold 7 (max threshold 15)
[2022-08-29T05:11:46.109+0000][7][gc,age      ] GC(10) Age table with threshold 7 (max threshold 15)
[2022-08-29T05:11:46.109+0000][7][gc,age      ] GC(10) - age   1:    2134912 bytes,    2134912 total
[2022-08-29T05:11:46.109+0000][7][gc,age      ] GC(10) - age   2:     412288 bytes,    2547200 total
[2022-08-29T05:11:46.109+0000][7][gc,age      ] GC(10) - age   3:     254896 bytes,    2802096 total
[2022-08-29T05:11:46.110+0000][7][gc,age      ] GC(10) - age   4:     264960 bytes,    3067056 total
[2022-08-29T05:11:46.110+0000][7][gc,age      ] GC(10) - age   5:    1231392 bytes,    4298448 total
[2022-08-29T05:11:46.110+0000][7][gc,age      ] GC(10) - age   6:    1476720 bytes,    5775168 total
[2022-08-29T05:11:46.110+0000][7][gc,age      ] GC(10) - age   7:    1881152 bytes,    7656320 total
[2022-08-29T05:11:46.113+0000][7][gc,phases   ] GC(10)   Pre Evacuate Collection Set: 0.1ms
[2022-08-29T05:11:46.116+0000][7][gc,phases   ] GC(10)   Merge Heap Roots: 0.1ms
[2022-08-29T05:11:46.117+0000][7][gc,phases   ] GC(10)   Evacuate Collection Set: 7.3ms
[2022-08-29T05:11:46.117+0000][7][gc,phases   ] GC(10)   Post Evacuate Collection Set: 0.6ms
[2022-08-29T05:11:46.118+0000][7][gc,phases   ] GC(10)   Other: 10.2ms
[2022-08-29T05:11:46.119+0000][7][gc,heap     ] GC(10) Eden regions: 35->0(36)
[2022-08-29T05:11:46.124+0000][7][gc,heap     ] GC(10) Survivor regions: 3->2(5)
[2022-08-29T05:11:46.124+0000][7][gc,heap     ] GC(10) Old regions: 2->3
[2022-08-29T05:11:46.125+0000][7][gc,heap     ] GC(10) Archive regions: 2->2
[2022-08-29T05:11:46.125+0000][7][gc,heap     ] GC(10) Humongous regions: 0->0
[2022-08-29T05:11:46.125+0000][7][gc,metaspace] GC(10) Metaspace: 19967K(21120K)->19967K(21120K) NonClass: 17527K(18432K)->17527K(18432K) Class: 2439K(2688K)->2439K(2688K)
[2022-08-29T05:11:46.125+0000][7][gc          ] GC(10) Pause Young (Normal) (G1 Evacuation Pause) 160M->21M(256M) 30.634ms
[2022-08-29T05:11:46.125+0000][7][gc,cpu      ] GC(10) User=0.07s Sys=0.01s Real=0.04s
[2022-08-29T05:11:46.126+0000][7][safepoint   ] Safepoint "G1CollectForAllocation", Time since last: 196135415 ns, Reaching safepoint: 581039 ns, At safepoint: 31117806 ns, Total: 31698845 ns
[2022-08-29T05:11:46.329+0000][7][gc,start    ] GC(11) Pause Young (Normal) (G1 Evacuation Pause)
[2022-08-29T05:11:46.329+0000][7][gc,task     ] GC(11) Using 6 workers of 6 for evacuation
[2022-08-29T05:11:46.329+0000][7][gc,age      ] GC(11) Desired survivor size 10485760 bytes, new threshold 15 (max threshold 15)
[2022-08-29T05:11:46.334+0000][7][gc,age      ] GC(11) Age table with threshold 15 (max threshold 15)
[2022-08-29T05:11:46.334+0000][7][gc,age      ] GC(11) - age   1:     779032 bytes,     779032 total
[2022-08-29T05:11:46.334+0000][7][gc,age      ] GC(11) - age   2:    1654112 bytes,    2433144 total
[2022-08-29T05:11:46.334+0000][7][gc,age      ] GC(11) - age   3:     411296 bytes,    2844440 total
[2022-08-29T05:11:46.334+0000][7][gc,age      ] GC(11) - age   4:     254832 bytes,    3099272 total
[2022-08-29T05:11:46.334+0000][7][gc,age      ] GC(11) - age   5:     264960 bytes,    3364232 total
[2022-08-29T05:11:46.335+0000][7][gc,age      ] GC(11) - age   6:    1231392 bytes,    4595624 total
[2022-08-29T05:11:46.335+0000][7][gc,age      ] GC(11) - age   7:    1476720 bytes,    6072344 total
[2022-08-29T05:11:46.335+0000][7][gc,age      ] GC(11) - age   8:    1881152 bytes,    7953496 total
[2022-08-29T05:11:46.335+0000][7][gc,phases   ] GC(11)   Pre Evacuate Collection Set: 0.1ms
[2022-08-29T05:11:46.335+0000][7][gc,phases   ] GC(11)   Merge Heap Roots: 0.1ms
[2022-08-29T05:11:46.335+0000][7][gc,phases   ] GC(11)   Evacuate Collection Set: 3.3ms
[2022-08-29T05:11:46.336+0000][7][gc,phases   ] GC(11)   Post Evacuate Collection Set: 0.9ms
[2022-08-29T05:11:46.336+0000][7][gc,phases   ] GC(11)   Other: 2.1ms
[2022-08-29T05:11:46.336+0000][7][gc,heap     ] GC(11) Eden regions: 36->0(35)
[2022-08-29T05:11:46.336+0000][7][gc,heap     ] GC(11) Survivor regions: 2->3(5)
[2022-08-29T05:11:46.336+0000][7][gc,heap     ] GC(11) Old regions: 3->3
[2022-08-29T05:11:46.336+0000][7][gc,heap     ] GC(11) Archive regions: 2->2
[2022-08-29T05:11:46.336+0000][7][gc,heap     ] GC(11) Humongous regions: 0->0
[2022-08-29T05:11:46.336+0000][7][gc,metaspace] GC(11) Metaspace: 20056K(21296K)->20056K(21296K) NonClass: 17604K(18608K)->17604K(18608K) Class: 2452K(2688K)->2452K(2688K)
[2022-08-29T05:11:46.337+0000][7][gc          ] GC(11) Pause Young (Normal) (G1 Evacuation Pause) 165M->22M(256M) 8.058ms
[2022-08-29T05:11:46.337+0000][7][gc,cpu      ] GC(11) User=0.02s Sys=0.00s Real=0.01s
[2022-08-29T05:11:46.337+0000][7][safepoint   ] Safepoint "G1CollectForAllocation", Time since last: 202931506 ns, Reaching safepoint: 104897 ns, At safepoint: 8529102 ns, Total: 8633999 ns
[2022-08-29T05:11:46.481+0000][7][gc,start    ] GC(12) Pause Young (Concurrent Start) (Metadata GC Threshold)
[2022-08-29T05:11:46.487+0000][7][gc,task     ] GC(12) Using 6 workers of 6 for evacuation
[2022-08-29T05:11:46.488+0000][7][gc,age      ] GC(12) Desired survivor size 10485760 bytes, new threshold 15 (max threshold 15)
[2022-08-29T05:11:46.508+0000][7][gc,age      ] GC(12) Age table with threshold 15 (max threshold 15)
[2022-08-29T05:11:46.510+0000][7][gc,age      ] GC(12) - age   1:     274952 bytes,     274952 total
[2022-08-29T05:11:46.510+0000][7][gc,age      ] GC(12) - age   2:     535824 bytes,     810776 total
[2022-08-29T05:11:46.510+0000][7][gc,age      ] GC(12) - age   3:    1654112 bytes,    2464888 total
[2022-08-29T05:11:46.511+0000][7][gc,age      ] GC(12) - age   4:     411080 bytes,    2875968 total
[2022-08-29T05:11:46.511+0000][7][gc,age      ] GC(12) - age   5:     254832 bytes,    3130800 total
[2022-08-29T05:11:46.511+0000][7][gc,age      ] GC(12) - age   6:     264416 bytes,    3395216 total
[2022-08-29T05:11:46.511+0000][7][gc,age      ] GC(12) - age   7:    1231392 bytes,    4626608 total
[2022-08-29T05:11:46.511+0000][7][gc,age      ] GC(12) - age   8:    1476720 bytes,    6103328 total
[2022-08-29T05:11:46.511+0000][7][gc,age      ] GC(12) - age   9:    1881152 bytes,    7984480 total
[2022-08-29T05:11:46.512+0000][7][gc,phases   ] GC(12)   Pre Evacuate Collection Set: 0.1ms
[2022-08-29T05:11:46.512+0000][7][gc,phases   ] GC(12)   Merge Heap Roots: 0.6ms
[2022-08-29T05:11:46.513+0000][7][gc,phases   ] GC(12)   Evacuate Collection Set: 16.2ms
[2022-08-29T05:11:46.513+0000][7][gc,phases   ] GC(12)   Post Evacuate Collection Set: 1.5ms
[2022-08-29T05:11:46.513+0000][7][gc,phases   ] GC(12)   Other: 12.1ms
[2022-08-29T05:11:46.521+0000][7][gc,heap     ] GC(12) Eden regions: 31->0(35)
[2022-08-29T05:11:46.523+0000][7][gc,heap     ] GC(12) Survivor regions: 3->3(5)
[2022-08-29T05:11:46.523+0000][7][gc,heap     ] GC(12) Old regions: 3->3
[2022-08-29T05:11:46.524+0000][7][gc,heap     ] GC(12) Archive regions: 2->2
[2022-08-29T05:11:46.524+0000][7][gc,heap     ] GC(12) Humongous regions: 0->0
[2022-08-29T05:11:46.524+0000][7][gc,metaspace] GC(12) Metaspace: 20074K(21296K)->20074K(21296K) NonClass: 17619K(18608K)->17619K(18608K) Class: 2454K(2688K)->2454K(2688K)
[2022-08-29T05:11:46.524+0000][7][gc          ] GC(12) Pause Young (Concurrent Start) (Metadata GC Threshold) 144M->21M(256M) 43.082ms
[2022-08-29T05:11:46.524+0000][7][gc,cpu      ] GC(12) User=0.07s Sys=0.00s Real=0.04s
[2022-08-29T05:11:46.525+0000][7][safepoint   ] Safepoint "CollectForMetadataAllocation", Time since last: 143917596 ns, Reaching safepoint: 119764 ns, At safepoint: 43493310 ns, Total: 43613074 ns
[2022-08-29T05:11:46.525+0000][7][gc          ] GC(13) Concurrent Cycle
[2022-08-29T05:11:46.535+0000][7][gc,marking  ] GC(13) Concurrent Clear Claimed Marks
[2022-08-29T05:11:46.559+0000][7][gc,marking  ] GC(13) Concurrent Clear Claimed Marks 23.305ms
[2022-08-29T05:11:46.566+0000][7][gc,marking  ] GC(13) Concurrent Scan Root Regions
[2022-08-29T05:11:46.582+0000][7][gc,marking  ] GC(13) Concurrent Scan Root Regions 15.798ms
[2022-08-29T05:11:46.583+0000][7][gc,marking  ] GC(13) Concurrent Mark (5.803s)
[2022-08-29T05:11:46.584+0000][7][gc,marking  ] GC(13) Concurrent Mark From Roots
[2022-08-29T05:11:46.584+0000][7][gc,task     ] GC(13) Using 2 workers of 2 for marking
[2022-08-29T05:11:46.591+0000][7][gc,marking  ] GC(13) Concurrent Mark From Roots 7.054ms
[2022-08-29T05:11:46.591+0000][7][gc,marking  ] GC(13) Concurrent Preclean
[2022-08-29T05:11:46.592+0000][7][gc,marking  ] GC(13) Concurrent Preclean 0.289ms
[2022-08-29T05:11:46.592+0000][7][gc,marking  ] GC(13) Concurrent Mark (5.803s, 5.812s) 8.521ms
[2022-08-29T05:11:46.593+0000][7][gc,start    ] GC(13) Pause Remark
[2022-08-29T05:11:46.596+0000][7][gc          ] GC(13) Pause Remark 63M->63M(256M) 3.282ms
[2022-08-29T05:11:46.596+0000][7][gc,cpu      ] GC(13) User=0.01s Sys=0.00s Real=0.01s
[2022-08-29T05:11:46.597+0000][7][safepoint   ] Safepoint "G1Concurrent", Time since last: 67766783 ns, Reaching safepoint: 341861 ns, At safepoint: 3983519 ns, Total: 4325380 ns
[2022-08-29T05:11:46.597+0000][7][gc,marking  ] GC(13) Concurrent Rebuild Remembered Sets
[2022-08-29T05:11:46.603+0000][7][gc,marking  ] GC(13) Concurrent Rebuild Remembered Sets 6.148ms
[2022-08-29T05:11:46.605+0000][7][gc,start    ] GC(13) Pause Cleanup
[2022-08-29T05:11:46.606+0000][7][gc          ] GC(13) Pause Cleanup 69M->69M(256M) 0.653ms
[2022-08-29T05:11:46.606+0000][7][gc,cpu      ] GC(13) User=0.00s Sys=0.01s Real=0.01s
[2022-08-29T05:11:46.606+0000][7][safepoint   ] Safepoint "G1Concurrent", Time since last: 7609738 ns, Reaching safepoint: 798077 ns, At safepoint: 1207373 ns, Total: 2005450 ns
[2022-08-29T05:11:46.607+0000][7][gc,marking  ] GC(13) Concurrent Cleanup for Next Mark
[2022-08-29T05:11:46.608+0000][7][gc,marking  ] GC(13) Concurrent Cleanup for Next Mark 1.005ms
[2022-08-29T05:11:46.609+0000][7][gc          ] GC(13) Concurrent Cycle 83.970ms
[2022-08-29T05:11:47.805+0000][7][safepoint   ] Safepoint "Cleanup", Time since last: 1198476734 ns, Reaching safepoint: 306395 ns, At safepoint: 3546 ns, Total: 309941 ns
[2022-08-29T05:11:48.441+0000][7][gc,start    ] GC(14) Pause Young (Normal) (G1 Evacuation Pause)
[2022-08-29T05:11:48.443+0000][7][gc,task     ] GC(14) Using 6 workers of 6 for evacuation
[2022-08-29T05:11:48.443+0000][7][gc,age      ] GC(14) Desired survivor size 10485760 bytes, new threshold 15 (max threshold 15)
[2022-08-29T05:11:48.493+0000][7][gc,age      ] GC(14) Age table with threshold 15 (max threshold 15)
[2022-08-29T05:11:48.494+0000][7][gc,age      ] GC(14) - age   1:    8492136 bytes,    8492136 total
[2022-08-29T05:11:48.494+0000][7][gc,age      ] GC(14) - age   2:     246568 bytes,    8738704 total
[2022-08-29T05:11:48.494+0000][7][gc,age      ] GC(14) - age   3:     535352 bytes,    9274056 total
[2022-08-29T05:11:48.494+0000][7][gc,age      ] GC(14) - age   4:    1649832 bytes,   10923888 total
[2022-08-29T05:11:48.494+0000][7][gc,age      ] GC(14) - age   5:     410520 bytes,   11334408 total
[2022-08-29T05:11:48.494+0000][7][gc,age      ] GC(14) - age   6:     254304 bytes,   11588712 total
[2022-08-29T05:11:48.495+0000][7][gc,age      ] GC(14) - age   7:     257072 bytes,   11845784 total
[2022-08-29T05:11:48.495+0000][7][gc,age      ] GC(14) - age   8:    1228872 bytes,   13074656 total
[2022-08-29T05:11:48.495+0000][7][gc,age      ] GC(14) - age   9:    1473216 bytes,   14547872 total
[2022-08-29T05:11:48.495+0000][7][gc,age      ] GC(14) - age  10:    1873712 bytes,   16421584 total
[2022-08-29T05:11:48.495+0000][7][gc,phases   ] GC(14)   Pre Evacuate Collection Set: 0.1ms
[2022-08-29T05:11:48.495+0000][7][gc,phases   ] GC(14)   Merge Heap Roots: 0.0ms
[2022-08-29T05:11:48.496+0000][7][gc,phases   ] GC(14)   Evacuate Collection Set: 41.8ms
[2022-08-29T05:11:48.496+0000][7][gc,phases   ] GC(14)   Post Evacuate Collection Set: 7.9ms
[2022-08-29T05:11:48.496+0000][7][gc,phases   ] GC(14)   Other: 4.5ms
[2022-08-29T05:11:48.496+0000][7][gc,heap     ] GC(14) Eden regions: 35->0(33)
[2022-08-29T05:11:48.496+0000][7][gc,heap     ] GC(14) Survivor regions: 3->5(5)
[2022-08-29T05:11:48.496+0000][7][gc,heap     ] GC(14) Old regions: 3->3
[2022-08-29T05:11:48.496+0000][7][gc,heap     ] GC(14) Archive regions: 2->2
[2022-08-29T05:11:48.497+0000][7][gc,heap     ] GC(14) Humongous regions: 0->0
[2022-08-29T05:11:48.497+0000][7][gc,metaspace] GC(14) Metaspace: 29858K(31744K)->29858K(31744K) NonClass: 26120K(27392K)->26120K(27392K) Class: 3737K(4352K)->3737K(4352K)
[2022-08-29T05:11:48.497+0000][7][gc          ] GC(14) Pause Young (Normal) (G1 Evacuation Pause) 161M->30M(256M) 56.434ms
[2022-08-29T05:11:48.505+0000][7][gc,cpu      ] GC(14) User=0.10s Sys=0.00s Real=0.07s
[2022-08-29T05:11:48.506+0000][7][safepoint   ] Safepoint "G1CollectForAllocation", Time since last: 635276484 ns, Reaching safepoint: 475812 ns, At safepoint: 64857258 ns, Total: 65333070 ns
[2022-08-29T05:11:49.378+0000][7][gc,start    ] GC(15) Pause Young (Normal) (G1 Evacuation Pause)
[2022-08-29T05:11:49.378+0000][7][gc,task     ] GC(15) Using 6 workers of 6 for evacuation
[2022-08-29T05:11:49.378+0000][7][gc,age      ] GC(15) Desired survivor size 10485760 bytes, new threshold 4 (max threshold 15)
[2022-08-29T05:11:49.424+0000][7][gc,age      ] GC(15) Age table with threshold 4 (max threshold 15)
[2022-08-29T05:11:49.425+0000][7][gc,age      ] GC(15) - age   1:   12008288 bytes,   12008288 total
[2022-08-29T05:11:49.425+0000][7][gc,age      ] GC(15) - age   2:    7438200 bytes,   19446488 total
[2022-08-29T05:11:49.425+0000][7][gc,age      ] GC(15) - age   3:     244632 bytes,   19691120 total
[2022-08-29T05:11:49.425+0000][7][gc,age      ] GC(15) - age   4:     535352 bytes,   20226472 total
[2022-08-29T05:11:49.425+0000][7][gc,phases   ] GC(15)   Pre Evacuate Collection Set: 0.1ms
[2022-08-29T05:11:49.426+0000][7][gc,phases   ] GC(15)   Merge Heap Roots: 0.0ms
[2022-08-29T05:11:49.426+0000][7][gc,phases   ] GC(15)   Evacuate Collection Set: 42.8ms
[2022-08-29T05:11:49.426+0000][7][gc,phases   ] GC(15)   Post Evacuate Collection Set: 1.3ms
[2022-08-29T05:11:49.426+0000][7][gc,phases   ] GC(15)   Other: 3.3ms
[2022-08-29T05:11:49.427+0000][7][gc,heap     ] GC(15) Eden regions: 33->0(33)
[2022-08-29T05:11:49.427+0000][7][gc,heap     ] GC(15) Survivor regions: 5->5(5)
[2022-08-29T05:11:49.427+0000][7][gc,heap     ] GC(15) Old regions: 3->6
[2022-08-29T05:11:49.427+0000][7][gc,heap     ] GC(15) Archive regions: 2->2
[2022-08-29T05:11:49.427+0000][7][gc,heap     ] GC(15) Humongous regions: 0->0
[2022-08-29T05:11:49.427+0000][7][gc,metaspace] GC(15) Metaspace: 30059K(32000K)->30059K(32000K) NonClass: 26300K(27648K)->26300K(27648K) Class: 3758K(4352K)->3758K(4352K)
[2022-08-29T05:11:49.428+0000][7][gc          ] GC(15) Pause Young (Normal) (G1 Evacuation Pause) 162M->44M(256M) 49.659ms
[2022-08-29T05:11:49.428+0000][7][gc,cpu      ] GC(15) User=0.16s Sys=0.00s Real=0.05s
[2022-08-29T05:11:49.428+0000][7][safepoint   ] Safepoint "G1CollectForAllocation", Time since last: 871962700 ns, Reaching safepoint: 156764 ns, At safepoint: 50097002 ns, Total: 50253766 ns
[2022-08-29T05:11:50.084+0000][7][safepoint   ] Safepoint "ICBufferFull", Time since last: 655492408 ns, Reaching safepoint: 402365 ns, At safepoint: 3787 ns, Total: 406152 ns
[2022-08-29T05:11:50.667+0000][7][gc,start    ] GC(16) Pause Young (Concurrent Start) (Metadata GC Threshold)
[2022-08-29T05:11:50.928+0000][7][gc,task     ] GC(16) Using 6 workers of 6 for evacuation
[2022-08-29T05:11:50.929+0000][7][gc,age      ] GC(16) Desired survivor size 10485760 bytes, new threshold 1 (max threshold 15)
[2022-08-29T05:11:50.957+0000][7][gc,age      ] GC(16) Age table with threshold 1 (max threshold 15)
[2022-08-29T05:11:50.957+0000][7][gc,age      ] GC(16) - age   1:   14304104 bytes,   14304104 total
[2022-08-29T05:11:50.957+0000][7][gc,phases   ] GC(16)   Pre Evacuate Collection Set: 0.2ms
[2022-08-29T05:11:50.958+0000][7][gc,phases   ] GC(16)   Merge Heap Roots: 0.1ms
[2022-08-29T05:11:50.958+0000][7][gc,phases   ] GC(16)   Evacuate Collection Set: 25.8ms
[2022-08-29T05:11:50.958+0000][7][gc,phases   ] GC(16)   Post Evacuate Collection Set: 1.0ms
[2022-08-29T05:11:50.958+0000][7][gc,phases   ] GC(16)   Other: 263.8ms
[2022-08-29T05:11:50.958+0000][7][gc,heap     ] GC(16) Eden regions: 25->0(29)
[2022-08-29T05:11:50.958+0000][7][gc,heap     ] GC(16) Survivor regions: 5->4(5)
[2022-08-29T05:11:50.959+0000][7][gc,heap     ] GC(16) Old regions: 6->11
[2022-08-29T05:11:50.959+0000][7][gc,heap     ] GC(16) Archive regions: 2->2
[2022-08-29T05:11:50.959+0000][7][gc,heap     ] GC(16) Humongous regions: 0->0
[2022-08-29T05:11:50.959+0000][7][gc,metaspace] GC(16) Metaspace: 33723K(35968K)->33723K(35968K) NonClass: 29364K(30976K)->29364K(30976K) Class: 4359K(4992K)->4359K(4992K)
[2022-08-29T05:11:50.959+0000][7][gc          ] GC(16) Pause Young (Concurrent Start) (Metadata GC Threshold) 142M->60M(256M) 292.710ms
[2022-08-29T05:11:50.959+0000][7][gc,cpu      ] GC(16) User=0.09s Sys=0.00s Real=0.38s
[2022-08-29T05:11:50.961+0000][7][safepoint   ] Safepoint "CollectForMetadataAllocation", Time since last: 582535804 ns, Reaching safepoint: 126467 ns, At safepoint: 294591269 ns, Total: 294717736 ns
[2022-08-29T05:11:50.963+0000][7][gc          ] GC(17) Concurrent Cycle
[2022-08-29T05:11:50.964+0000][7][gc,marking  ] GC(17) Concurrent Clear Claimed Marks
[2022-08-29T05:11:50.964+0000][7][gc,marking  ] GC(17) Concurrent Clear Claimed Marks 0.231ms
[2022-08-29T05:11:50.964+0000][7][gc,marking  ] GC(17) Concurrent Scan Root Regions
[2022-08-29T05:11:50.985+0000][7][gc,marking  ] GC(17) Concurrent Scan Root Regions 21.203ms
[2022-08-29T05:11:50.996+0000][7][gc,marking  ] GC(17) Concurrent Mark (10.216s)
[2022-08-29T05:11:50.998+0000][7][gc,marking  ] GC(17) Concurrent Mark From Roots
[2022-08-29T05:11:51.000+0000][7][gc,task     ] GC(17) Using 2 workers of 2 for marking
[2022-08-29T05:11:51.019+0000][7][gc,marking  ] GC(17) Concurrent Mark From Roots 20.705ms
[2022-08-29T05:11:51.019+0000][7][gc,marking  ] GC(17) Concurrent Preclean
[2022-08-29T05:11:51.020+0000][7][gc,marking  ] GC(17) Concurrent Preclean 0.513ms
[2022-08-29T05:11:51.020+0000][7][gc,marking  ] GC(17) Concurrent Mark (10.216s, 10.240s) 23.543ms
[2022-08-29T05:11:51.294+0000][7][gc,start    ] GC(17) Pause Remark
[2022-08-29T05:11:51.440+0000][7][gc          ] GC(17) Pause Remark 62M->62M(256M) 146.155ms
[2022-08-29T05:11:51.454+0000][7][gc,cpu      ] GC(17) User=0.05s Sys=0.00s Real=0.19s
[2022-08-29T05:11:51.463+0000][7][safepoint   ] Safepoint "G1Concurrent", Time since last: 59755391 ns, Reaching safepoint: 273083883 ns, At safepoint: 168855534 ns, Total: 441939417 ns
[2022-08-29T05:11:51.475+0000][7][gc,marking  ] GC(17) Concurrent Rebuild Remembered Sets
[2022-08-29T05:11:51.510+0000][7][gc,marking  ] GC(17) Concurrent Rebuild Remembered Sets 34.832ms
[2022-08-29T05:11:51.513+0000][7][gc,start    ] GC(17) Pause Cleanup
[2022-08-29T05:11:51.513+0000][7][gc          ] GC(17) Pause Cleanup 66M->66M(256M) 0.408ms
[2022-08-29T05:11:51.514+0000][7][gc,cpu      ] GC(17) User=0.00s Sys=0.00s Real=0.00s
[2022-08-29T05:11:51.515+0000][7][safepoint   ] Safepoint "G1Concurrent", Time since last: 49597866 ns, Reaching safepoint: 523632 ns, At safepoint: 2257462 ns, Total: 2781094 ns
[2022-08-29T05:11:51.519+0000][7][gc,marking  ] GC(17) Concurrent Cleanup for Next Mark
[2022-08-29T05:11:51.522+0000][7][gc,marking  ] GC(17) Concurrent Cleanup for Next Mark 2.706ms
[2022-08-29T05:11:51.523+0000][7][gc          ] GC(17) Concurrent Cycle 559.873ms
[2022-08-29T05:11:51.735+0000][7][gc,start    ] GC(18) Pause Young (Normal) (G1 Evacuation Pause)
[2022-08-29T05:11:51.739+0000][7][gc,task     ] GC(18) Using 6 workers of 6 for evacuation
[2022-08-29T05:11:51.739+0000][7][gc,age      ] GC(18) Desired survivor size 10485760 bytes, new threshold 1 (max threshold 15)
[2022-08-29T05:11:51.754+0000][7][gc,age      ] GC(18) Age table with threshold 1 (max threshold 15)
[2022-08-29T05:11:51.754+0000][7][gc,age      ] GC(18) - age   1:    1360224 bytes,    1360224 total
[2022-08-29T05:11:51.754+0000][7][gc,phases   ] GC(18)   Pre Evacuate Collection Set: 0.1ms
[2022-08-29T05:11:51.755+0000][7][gc,phases   ] GC(18)   Merge Heap Roots: 0.1ms
[2022-08-29T05:11:51.755+0000][7][gc,phases   ] GC(18)   Evacuate Collection Set: 13.4ms
[2022-08-29T05:11:51.755+0000][7][gc,phases   ] GC(18)   Post Evacuate Collection Set: 0.7ms
[2022-08-29T05:11:51.755+0000][7][gc,phases   ] GC(18)   Other: 5.1ms
[2022-08-29T05:11:51.755+0000][7][gc,heap     ] GC(18) Eden regions: 29->0(30)
[2022-08-29T05:11:51.755+0000][7][gc,heap     ] GC(18) Survivor regions: 4->1(5)
[2022-08-29T05:11:51.756+0000][7][gc,heap     ] GC(18) Old regions: 11->15
[2022-08-29T05:11:51.756+0000][7][gc,heap     ] GC(18) Archive regions: 2->2
[2022-08-29T05:11:51.757+0000][7][gc,heap     ] GC(18) Humongous regions: 0->0
[2022-08-29T05:11:51.757+0000][7][gc,metaspace] GC(18) Metaspace: 36042K(38428K)->36042K(38428K) NonClass: 31462K(33180K)->31462K(33180K) Class: 4580K(5248K)->4580K(5248K)
[2022-08-29T05:11:51.757+0000][7][gc          ] GC(18) Pause Young (Normal) (G1 Evacuation Pause) 176M->63M(256M) 22.170ms
[2022-08-29T05:11:51.757+0000][7][gc,cpu      ] GC(18) User=0.04s Sys=0.00s Real=0.03s
[2022-08-29T05:11:51.758+0000][7][safepoint   ] Safepoint "G1CollectForAllocation", Time since last: 218139151 ns, Reaching safepoint: 1736065 ns, At safepoint: 22793529 ns, Total: 24529594 ns
[2022-08-29T05:11:55.129+0000][7][safepoint   ] Safepoint "Cleanup", Time since last: 1425799934 ns, Reaching safepoint: 1945424501 ns, At safepoint: 72606 ns, Total: 1945497107 ns
[2022-08-29T05:11:57.029+0000][7][safepoint   ] Safepoint "Cleanup", Time since last: 1520775124 ns, Reaching safepoint: 379495073 ns, At safepoint: 61896 ns, Total: 379556969 ns
[2022-08-29T05:11:58.037+0000][7][safepoint   ] Safepoint "Cleanup", Time since last: 1007532554 ns, Reaching safepoint: 205705 ns, At safepoint: 14177 ns, Total: 219882 ns
[2022-08-29T05:11:58.714+0000][7][gc,start    ] GC(19) Pause Young (Normal) (G1 Evacuation Pause)
[2022-08-29T05:11:58.715+0000][7][gc,task     ] GC(19) Using 6 workers of 6 for evacuation
[2022-08-29T05:11:58.715+0000][7][gc,age      ] GC(19) Desired survivor size 8388608 bytes, new threshold 15 (max threshold 15)
[2022-08-29T05:11:59.449+0000][7][gc,age      ] GC(19) Age table with threshold 15 (max threshold 15)
[2022-08-29T05:11:59.450+0000][7][gc,age      ] GC(19) - age   1:    5265712 bytes,    5265712 total
[2022-08-29T05:11:59.462+0000][7][gc,age      ] GC(19) - age   2:    1251560 bytes,    6517272 total
[2022-08-29T05:11:59.465+0000][7][gc,mmu      ] GC(19) MMU target violated: 201.0ms (200.0ms/201.0ms)
[2022-08-29T05:11:59.467+0000][7][gc,phases   ] GC(19)   Pre Evacuate Collection Set: 0.1ms
[2022-08-29T05:11:59.467+0000][7][gc,phases   ] GC(19)   Merge Heap Roots: 0.1ms
[2022-08-29T05:11:59.468+0000][7][gc,phases   ] GC(19)   Evacuate Collection Set: 733.2ms
[2022-08-29T05:11:59.468+0000][7][gc,phases   ] GC(19)   Post Evacuate Collection Set: 1.0ms
[2022-08-29T05:11:59.468+0000][7][gc,phases   ] GC(19)   Other: 18.6ms
[2022-08-29T05:11:59.468+0000][7][gc,heap     ] GC(19) Eden regions: 30->0(29)
[2022-08-29T05:11:59.469+0000][7][gc,heap     ] GC(19) Survivor regions: 1->2(4)
[2022-08-29T05:11:59.469+0000][7][gc,heap     ] GC(19) Old regions: 15->15
[2022-08-29T05:11:59.475+0000][7][gc,heap     ] GC(19) Archive regions: 2->2
[2022-08-29T05:11:59.477+0000][7][gc,heap     ] GC(19) Humongous regions: 0->0
[2022-08-29T05:11:59.478+0000][7][gc,metaspace] GC(19) Metaspace: 51778K(54812K)->51778K(54812K) NonClass: 44851K(47004K)->44851K(47004K) Class: 6927K(7808K)->6927K(7808K)
[2022-08-29T05:11:59.478+0000][7][gc          ] GC(19) Pause Young (Normal) (G1 Evacuation Pause) 183M->66M(256M) 763.456ms
[2022-08-29T05:11:59.478+0000][7][gc,cpu      ] GC(19) User=0.38s Sys=0.00s Real=0.77s
[2022-08-29T05:11:59.479+0000][7][safepoint   ] Safepoint "G1CollectForAllocation", Time since last: 676609173 ns, Reaching safepoint: 387827 ns, At safepoint: 764699601 ns, Total: 765087428 ns
[2022-08-29T05:12:00.620+0000][7][safepoint   ] Safepoint "Cleanup", Time since last: 1140921789 ns, Reaching safepoint: 398237 ns, At safepoint: 16311 ns, Total: 414548 ns
[2022-08-29T05:12:01.621+0000][7][safepoint   ] Safepoint "Cleanup", Time since last: 1000493134 ns, Reaching safepoint: 92063 ns, At safepoint: 18344 ns, Total: 110407 ns
[2022-08-29T05:12:02.825+0000][7][safepoint   ] Safepoint "Cleanup", Time since last: 1204095399 ns, Reaching safepoint: 158538 ns, At safepoint: 28864 ns, Total: 187402 ns
[2022-08-29T05:12:02.893+0000][7][gc,start    ] GC(20) Pause Young (Concurrent Start) (Metadata GC Threshold)
[2022-08-29T05:12:02.893+0000][7][gc,task     ] GC(20) Using 6 workers of 6 for evacuation
[2022-08-29T05:12:02.893+0000][7][gc,age      ] GC(20) Desired survivor size 8388608 bytes, new threshold 15 (max threshold 15)
[2022-08-29T05:12:02.902+0000][7][gc,age      ] GC(20) Age table with threshold 15 (max threshold 15)
[2022-08-29T05:12:02.902+0000][7][gc,age      ] GC(20) - age   1:    3379440 bytes,    3379440 total
[2022-08-29T05:12:02.902+0000][7][gc,age      ] GC(20) - age   2:    5087960 bytes,    8467400 total
[2022-08-29T05:12:02.902+0000][7][gc,age      ] GC(20) - age   3:    1251240 bytes,    9718640 total
[2022-08-29T05:12:02.902+0000][7][gc,phases   ] GC(20)   Pre Evacuate Collection Set: 0.2ms
[2022-08-29T05:12:02.902+0000][7][gc,phases   ] GC(20)   Merge Heap Roots: 0.1ms
[2022-08-29T05:12:02.903+0000][7][gc,phases   ] GC(20)   Evacuate Collection Set: 6.9ms
[2022-08-29T05:12:02.903+0000][7][gc,phases   ] GC(20)   Post Evacuate Collection Set: 1.1ms
[2022-08-29T05:12:02.903+0000][7][gc,phases   ] GC(20)   Other: 1.4ms
[2022-08-29T05:12:02.903+0000][7][gc,heap     ] GC(20) Eden regions: 21->0(29)
[2022-08-29T05:12:02.903+0000][7][gc,heap     ] GC(20) Survivor regions: 2->3(4)
[2022-08-29T05:12:02.903+0000][7][gc,heap     ] GC(20) Old regions: 15->15
[2022-08-29T05:12:02.903+0000][7][gc,heap     ] GC(20) Archive regions: 2->2
[2022-08-29T05:12:02.904+0000][7][gc,heap     ] GC(20) Humongous regions: 0->0
[2022-08-29T05:12:02.904+0000][7][gc,metaspace] GC(20) Metaspace: 57462K(60572K)->57462K(60572K) NonClass: 49897K(52124K)->49897K(52124K) Class: 7564K(8448K)->7564K(8448K)
[2022-08-29T05:12:02.904+0000][7][gc          ] GC(20) Pause Young (Concurrent Start) (Metadata GC Threshold) 150M->70M(256M) 11.249ms
[2022-08-29T05:12:02.904+0000][7][gc,cpu      ] GC(20) User=0.03s Sys=0.00s Real=0.01s
[2022-08-29T05:12:02.904+0000][7][gc          ] GC(21) Concurrent Cycle
[2022-08-29T05:12:02.904+0000][7][gc,marking  ] GC(21) Concurrent Clear Claimed Marks
[2022-08-29T05:12:02.905+0000][7][gc,marking  ] GC(21) Concurrent Clear Claimed Marks 0.222ms
[2022-08-29T05:12:02.905+0000][7][gc,marking  ] GC(21) Concurrent Scan Root Regions
[2022-08-29T05:12:02.905+0000][7][safepoint   ] Safepoint "CollectForMetadataAllocation", Time since last: 67308222 ns, Reaching safepoint: 155041 ns, At safepoint: 12709380 ns, Total: 12864421 ns
[2022-08-29T05:12:02.910+0000][7][gc,marking  ] GC(21) Concurrent Scan Root Regions 4.650ms
[2022-08-29T05:12:02.910+0000][7][gc,marking  ] GC(21) Concurrent Mark (22.130s)
[2022-08-29T05:12:02.911+0000][7][gc,marking  ] GC(21) Concurrent Mark From Roots
[2022-08-29T05:12:02.911+0000][7][gc,task     ] GC(21) Using 2 workers of 2 for marking
[2022-08-29T05:12:02.936+0000][7][safepoint   ] Safepoint "CollectForMetadataAllocation", Time since last: 26575790 ns, Reaching safepoint: 4019346 ns, At safepoint: 300003 ns, Total: 4319349 ns
[2022-08-29T05:12:02.978+0000][7][gc,marking  ] GC(21) Concurrent Mark From Roots 67.052ms
[2022-08-29T05:12:02.978+0000][7][gc,marking  ] GC(21) Concurrent Preclean
[2022-08-29T05:12:02.981+0000][7][gc,marking  ] GC(21) Concurrent Preclean 2.597ms
[2022-08-29T05:12:02.981+0000][7][gc,marking  ] GC(21) Concurrent Mark (22.130s, 22.201s) 71.511ms
[2022-08-29T05:12:02.982+0000][7][gc,start    ] GC(21) Pause Remark
[2022-08-29T05:12:03.338+0000][7][gc,mmu      ] GC(21) MMU target violated: 201.0ms (200.0ms/201.0ms)
[2022-08-29T05:12:03.338+0000][7][gc          ] GC(21) Pause Remark 74M->74M(256M) 356.587ms
[2022-08-29T05:12:03.338+0000][7][gc,cpu      ] GC(21) User=0.43s Sys=0.02s Real=0.36s
[2022-08-29T05:12:03.339+0000][7][safepoint   ] Safepoint "G1Concurrent", Time since last: 45338589 ns, Reaching safepoint: 190027 ns, At safepoint: 356927849 ns, Total: 357117876 ns
[2022-08-29T05:12:03.339+0000][7][gc,marking  ] GC(21) Concurrent Rebuild Remembered Sets
[2022-08-29T05:12:03.367+0000][7][gc,marking  ] GC(21) Concurrent Rebuild Remembered Sets 28.170ms
[2022-08-29T05:12:04.569+0000][7][gc,start    ] GC(21) Pause Cleanup
[2022-08-29T05:12:04.570+0000][7][gc          ] GC(21) Pause Cleanup 76M->76M(256M) 0.598ms
[2022-08-29T05:12:04.570+0000][7][gc,cpu      ] GC(21) User=0.01s Sys=0.00s Real=0.00s
[2022-08-29T05:12:04.570+0000][7][safepoint   ] Safepoint "G1Concurrent", Time since last: 28696556 ns, Reaching safepoint: 1201912046 ns, At safepoint: 1121452 ns, Total: 1203033498 ns
[2022-08-29T05:12:04.571+0000][7][gc,marking  ] GC(21) Concurrent Cleanup for Next Mark
[2022-08-29T05:12:04.571+0000][7][gc,marking  ] GC(21) Concurrent Cleanup for Next Mark 0.833ms
[2022-08-29T05:12:04.572+0000][7][gc          ] GC(21) Concurrent Cycle 1667.430ms
[2022-08-29T05:12:05.572+0000][7][safepoint   ] Safepoint "Cleanup", Time since last: 1000507262 ns, Reaching safepoint: 1128846 ns, At safepoint: 29876 ns, Total: 1158722 ns
[2022-08-29T05:12:07.173+0000][7][safepoint   ] Safepoint "Cleanup", Time since last: 1600665829 ns, Reaching safepoint: 182632 ns, At safepoint: 22743 ns, Total: 205375 ns
[2022-08-29T05:12:08.352+0000][7][safepoint   ] Safepoint "Cleanup", Time since last: 1178850465 ns, Reaching safepoint: 684433 ns, At safepoint: 6212 ns, Total: 690645 ns
[2022-08-29T05:12:09.228+0000][7][gc,start    ] GC(22) Pause Young (Concurrent Start) (G1 Evacuation Pause)
[2022-08-29T05:12:09.229+0000][7][gc,task     ] GC(22) Using 6 workers of 6 for evacuation
[2022-08-29T05:12:09.229+0000][7][gc,age      ] GC(22) Desired survivor size 8388608 bytes, new threshold 2 (max threshold 15)
[2022-08-29T05:12:09.241+0000][7][gc,age      ] GC(22) Age table with threshold 2 (max threshold 15)
[2022-08-29T05:12:09.241+0000][7][gc,age      ] GC(22) - age   1:    5891232 bytes,    5891232 total
[2022-08-29T05:12:09.241+0000][7][gc,age      ] GC(22) - age   2:    3306384 bytes,    9197616 total
[2022-08-29T05:12:09.241+0000][7][gc,phases   ] GC(22)   Pre Evacuate Collection Set: 0.2ms
[2022-08-29T05:12:09.241+0000][7][gc,phases   ] GC(22)   Merge Heap Roots: 0.1ms
[2022-08-29T05:12:09.242+0000][7][gc,phases   ] GC(22)   Evacuate Collection Set: 9.9ms
[2022-08-29T05:12:09.242+0000][7][gc,phases   ] GC(22)   Post Evacuate Collection Set: 1.3ms
[2022-08-29T05:12:09.242+0000][7][gc,phases   ] GC(22)   Other: 1.4ms
[2022-08-29T05:12:09.242+0000][7][gc,heap     ] GC(22) Eden regions: 29->0(28)
[2022-08-29T05:12:09.242+0000][7][gc,heap     ] GC(22) Survivor regions: 3->3(4)
[2022-08-29T05:12:09.242+0000][7][gc,heap     ] GC(22) Old regions: 15->16
[2022-08-29T05:12:09.243+0000][7][gc,heap     ] GC(22) Archive regions: 2->2
[2022-08-29T05:12:09.243+0000][7][gc,heap     ] GC(22) Humongous regions: 0->0
[2022-08-29T05:12:09.243+0000][7][gc,metaspace] GC(22) Metaspace: 74678K(78108K)->74678K(78108K) NonClass: 64630K(66972K)->64630K(66972K) Class: 10048K(11136K)->10048K(11136K)
[2022-08-29T05:12:09.243+0000][7][gc          ] GC(22) Pause Young (Concurrent Start) (G1 Evacuation Pause) 186M->75M(256M) 14.641ms
[2022-08-29T05:12:09.243+0000][7][gc,cpu      ] GC(22) User=0.06s Sys=0.00s Real=0.01s
[2022-08-29T05:12:09.244+0000][7][gc          ] GC(23) Concurrent Cycle
[2022-08-29T05:12:09.244+0000][7][safepoint   ] Safepoint "G1CollectForAllocation", Time since last: 875616220 ns, Reaching safepoint: 371577 ns, At safepoint: 15123226 ns, Total: 15494803 ns
[2022-08-29T05:12:09.245+0000][7][gc,marking  ] GC(23) Concurrent Clear Claimed Marks
[2022-08-29T05:12:09.247+0000][7][gc,marking  ] GC(23) Concurrent Clear Claimed Marks 1.938ms
[2022-08-29T05:12:09.248+0000][7][gc,marking  ] GC(23) Concurrent Scan Root Regions
[2022-08-29T05:12:09.259+0000][7][gc,marking  ] GC(23) Concurrent Scan Root Regions 10.649ms
[2022-08-29T05:12:09.259+0000][7][gc,marking  ] GC(23) Concurrent Mark (28.479s)
[2022-08-29T05:12:09.259+0000][7][gc,marking  ] GC(23) Concurrent Mark From Roots
[2022-08-29T05:12:09.259+0000][7][gc,task     ] GC(23) Using 2 workers of 2 for marking
[2022-08-29T05:12:09.296+0000][7][gc,marking  ] GC(23) Concurrent Mark From Roots 36.431ms
[2022-08-29T05:12:09.296+0000][7][gc,marking  ] GC(23) Concurrent Preclean
[2022-08-29T05:12:09.296+0000][7][gc,marking  ] GC(23) Concurrent Preclean 0.393ms
[2022-08-29T05:12:09.296+0000][7][gc,marking  ] GC(23) Concurrent Mark (28.479s, 28.517s) 37.530ms
[2022-08-29T05:12:09.613+0000][7][gc,start    ] GC(23) Pause Remark
[2022-08-29T05:12:09.618+0000][7][gc          ] GC(23) Pause Remark 79M->79M(256M) 4.855ms
[2022-08-29T05:12:09.619+0000][7][gc,cpu      ] GC(23) User=0.01s Sys=0.00s Real=0.01s
[2022-08-29T05:12:09.619+0000][7][safepoint   ] Safepoint "G1Concurrent", Time since last: 53101886 ns, Reaching safepoint: 316729007 ns, At safepoint: 5512947 ns, Total: 322241954 ns
[2022-08-29T05:12:09.619+0000][7][gc,marking  ] GC(23) Concurrent Rebuild Remembered Sets
[2022-08-29T05:12:09.652+0000][7][gc,marking  ] GC(23) Concurrent Rebuild Remembered Sets 32.925ms
[2022-08-29T05:12:09.653+0000][7][gc,start    ] GC(23) Pause Cleanup
[2022-08-29T05:12:09.654+0000][7][gc          ] GC(23) Pause Cleanup 82M->82M(256M) 0.413ms
[2022-08-29T05:12:09.654+0000][7][gc,cpu      ] GC(23) User=0.00s Sys=0.00s Real=0.00s
[2022-08-29T05:12:09.654+0000][7][safepoint   ] Safepoint "G1Concurrent", Time since last: 33707331 ns, Reaching safepoint: 472195 ns, At safepoint: 945413 ns, Total: 1417608 ns
[2022-08-29T05:12:09.654+0000][7][gc,marking  ] GC(23) Concurrent Cleanup for Next Mark
[2022-08-29T05:12:09.655+0000][7][gc,marking  ] GC(23) Concurrent Cleanup for Next Mark 0.537ms
[2022-08-29T05:12:09.655+0000][7][gc          ] GC(23) Concurrent Cycle 411.870ms
[2022-08-29T05:12:10.655+0000][7][safepoint   ] Safepoint "Cleanup", Time since last: 1000135534 ns, Reaching safepoint: 311023 ns, At safepoint: 22723 ns, Total: 333746 ns
[2022-08-29T05:12:11.409+0000][7][safepoint   ] Safepoint "ICBufferFull", Time since last: 753950107 ns, Reaching safepoint: 359263 ns, At safepoint: 192461 ns, Total: 551724 ns
[2022-08-29T05:12:12.976+0000][7][safepoint   ] Safepoint "Cleanup", Time since last: 1376290094 ns, Reaching safepoint: 190887113 ns, At safepoint: 85591 ns, Total: 190972704 ns
[2022-08-29T05:12:17.092+0000][7][safepoint   ] Safepoint "Cleanup", Time since last: 4115620339 ns, Reaching safepoint: 121518 ns, At safepoint: 1673 ns, Total: 123191 ns
[2022-08-29T05:12:18.443+0000][7][safepoint   ] Safepoint "Cleanup", Time since last: 1272048770 ns, Reaching safepoint: 648516 ns, At safepoint: 10730 ns, Total: 659246 ns
[2022-08-29T05:12:19.461+0000][7][safepoint   ] Safepoint "Cleanup", Time since last: 1017721799 ns, Reaching safepoint: 157676 ns, At safepoint: 1983 ns, Total: 159659 ns
[2022-08-29T05:12:20.411+0000][7][gc,start    ] GC(24) Pause Young (Concurrent Start) (G1 Humongous Allocation)
[2022-08-29T05:12:20.411+0000][7][gc,task     ] GC(24) Using 6 workers of 6 for evacuation
[2022-08-29T05:12:20.411+0000][7][gc,age      ] GC(24) Desired survivor size 8388608 bytes, new threshold 2 (max threshold 15)
[2022-08-29T05:12:20.422+0000][7][gc,age      ] GC(24) Age table with threshold 2 (max threshold 15)
[2022-08-29T05:12:20.423+0000][7][gc,age      ] GC(24) - age   1:    5244576 bytes,    5244576 total
[2022-08-29T05:12:20.423+0000][7][gc,age      ] GC(24) - age   2:    5315632 bytes,   10560208 total
[2022-08-29T05:12:20.423+0000][7][gc,phases   ] GC(24)   Pre Evacuate Collection Set: 0.3ms
[2022-08-29T05:12:20.423+0000][7][gc,phases   ] GC(24)   Merge Heap Roots: 0.2ms
[2022-08-29T05:12:20.423+0000][7][gc,phases   ] GC(24)   Evacuate Collection Set: 9.2ms
[2022-08-29T05:12:20.424+0000][7][gc,phases   ] GC(24)   Post Evacuate Collection Set: 1.3ms
[2022-08-29T05:12:20.424+0000][7][gc,phases   ] GC(24)   Other: 1.4ms
[2022-08-29T05:12:20.424+0000][7][gc,heap     ] GC(24) Eden regions: 23->0(26)
[2022-08-29T05:12:20.424+0000][7][gc,heap     ] GC(24) Survivor regions: 3->3(4)
[2022-08-29T05:12:20.424+0000][7][gc,heap     ] GC(24) Old regions: 16->17
[2022-08-29T05:12:20.424+0000][7][gc,heap     ] GC(24) Archive regions: 2->2
[2022-08-29T05:12:20.425+0000][7][gc,heap     ] GC(24) Humongous regions: 1->1
[2022-08-29T05:12:20.425+0000][7][gc,metaspace] GC(24) Metaspace: 88446K(92572K)->88446K(92572K) NonClass: 76473K(79516K)->76473K(79516K) Class: 11972K(13056K)->11972K(13056K)
[2022-08-29T05:12:20.425+0000][7][gc          ] GC(24) Pause Young (Concurrent Start) (G1 Humongous Allocation) 170M->84M(256M) 14.187ms
[2022-08-29T05:12:20.425+0000][7][gc,cpu      ] GC(24) User=0.05s Sys=0.00s Real=0.02s
[2022-08-29T05:12:20.425+0000][7][gc          ] GC(25) Concurrent Cycle
[2022-08-29T05:12:20.425+0000][7][gc,marking  ] GC(25) Concurrent Clear Claimed Marks
[2022-08-29T05:12:20.426+0000][7][gc,marking  ] GC(25) Concurrent Clear Claimed Marks 0.253ms
[2022-08-29T05:12:20.426+0000][7][gc,marking  ] GC(25) Concurrent Scan Root Regions
[2022-08-29T05:12:20.425+0000][7][safepoint   ] Safepoint "G1TryInitiateConcMark", Time since last: 949669050 ns, Reaching safepoint: 193132 ns, At safepoint: 14615394 ns, Total: 14808526 ns
[2022-08-29T05:12:20.434+0000][7][gc,marking  ] GC(25) Concurrent Scan Root Regions 8.410ms
[2022-08-29T05:12:20.434+0000][7][gc,marking  ] GC(25) Concurrent Mark (39.576s)
[2022-08-29T05:12:20.435+0000][7][gc,marking  ] GC(25) Concurrent Mark From Roots
[2022-08-29T05:12:20.435+0000][7][gc,task     ] GC(25) Using 2 workers of 2 for marking
[2022-08-29T05:12:20.489+0000][7][gc,marking  ] GC(25) Concurrent Mark From Roots 54.034ms
[2022-08-29T05:12:20.489+0000][7][gc,marking  ] GC(25) Concurrent Preclean
[2022-08-29T05:12:20.491+0000][7][gc,marking  ] GC(25) Concurrent Preclean 1.985ms
[2022-08-29T05:12:20.491+0000][7][gc,marking  ] GC(25) Concurrent Mark (39.576s, 39.633s) 56.861ms
[2022-08-29T05:12:20.492+0000][7][gc,start    ] GC(25) Pause Remark
[2022-08-29T05:12:20.497+0000][7][gc          ] GC(25) Pause Remark 91M->91M(256M) 5.352ms
[2022-08-29T05:12:20.498+0000][7][gc,cpu      ] GC(25) User=0.01s Sys=0.00s Real=0.01s
[2022-08-29T05:12:20.498+0000][7][safepoint   ] Safepoint "G1Concurrent", Time since last: 66348082 ns, Reaching safepoint: 211176 ns, At safepoint: 6065032 ns, Total: 6276208 ns
[2022-08-29T05:12:20.499+0000][7][gc,marking  ] GC(25) Concurrent Rebuild Remembered Sets
[2022-08-29T05:12:20.535+0000][7][gc,marking  ] GC(25) Concurrent Rebuild Remembered Sets 36.640ms
[2022-08-29T05:12:20.536+0000][7][gc,start    ] GC(25) Pause Cleanup
[2022-08-29T05:12:20.537+0000][7][gc          ] GC(25) Pause Cleanup 93M->93M(256M) 0.392ms
[2022-08-29T05:12:20.537+0000][7][gc,cpu      ] GC(25) User=0.00s Sys=0.00s Real=0.00s
[2022-08-29T05:12:20.538+0000][7][safepoint   ] Safepoint "G1Concurrent", Time since last: 38025648 ns, Reaching safepoint: 405461 ns, At safepoint: 1429570 ns, Total: 1835031 ns
[2022-08-29T05:12:20.538+0000][7][gc,marking  ] GC(25) Concurrent Cleanup for Next Mark
[2022-08-29T05:12:20.539+0000][7][gc,marking  ] GC(25) Concurrent Cleanup for Next Mark 0.954ms
[2022-08-29T05:12:20.539+0000][7][gc          ] GC(25) Concurrent Cycle 114.257ms
[2022-08-29T05:12:21.538+0000][7][safepoint   ] Safepoint "Cleanup", Time since last: 1000479439 ns, Reaching safepoint: 212108 ns, At safepoint: 30457 ns, Total: 242565 ns
[2022-08-29T05:12:22.539+0000][7][safepoint   ] Safepoint "Cleanup", Time since last: 1000160251 ns, Reaching safepoint: 246502 ns, At safepoint: 25207 ns, Total: 271709 ns
[2022-08-29T05:12:23.540+0000][7][safepoint   ] Safepoint "Cleanup", Time since last: 1000600406 ns, Reaching safepoint: 287148 ns, At safepoint: 52008 ns, Total: 339156 ns
[2022-08-29T05:12:24.541+0000][7][safepoint   ] Safepoint "Cleanup", Time since last: 1000773480 ns, Reaching safepoint: 438843 ns, At safepoint: 74790 ns, Total: 513633 ns
[2022-08-29T05:12:37.544+0000][7][safepoint   ] Safepoint "Cleanup", Time since last: 13002649049 ns, Reaching safepoint: 399589 ns, At safepoint: 55003 ns, Total: 454592 ns
[2022-08-29T05:12:40.546+0000][7][safepoint   ] Safepoint "Cleanup", Time since last: 3000991018 ns, Reaching safepoint: 264246 ns, At safepoint: 49202 ns, Total: 313448 ns
[2022-08-29T05:12:41.547+0000][7][safepoint   ] Safepoint "Cleanup", Time since last: 1000699752 ns, Reaching safepoint: 404849 ns, At safepoint: 66545 ns, Total: 471394 ns
[2022-08-29T05:12:42.548+0000][7][safepoint   ] Safepoint "Cleanup", Time since last: 1000825548 ns, Reaching safepoint: 480641 ns, At safepoint: 71083 ns, Total: 551724 ns
[2022-08-29T05:12:45.550+0000][7][safepoint   ] Safepoint "Cleanup", Time since last: 3001212855 ns, Reaching safepoint: 429846 ns, At safepoint: 69210 ns, Total: 499056 ns
[2022-08-29T05:12:47.472+0000][7][safepoint   ] Safepoint "Cleanup", Time since last: 2000899776 ns, Reaching safepoint: 428444 ns, At safepoint: 74099 ns, Total: 502543 ns
[2022-08-29T05:12:48.473+0000][7][safepoint   ] Safepoint "Cleanup", Time since last: 1000537247 ns, Reaching safepoint: 352381 ns, At safepoint: 7815 ns, Total: 360196 ns
[2022-08-29T05:12:49.474+0000][7][safepoint   ] Safepoint "Cleanup", Time since last: 1000807333 ns, Reaching safepoint: 398537 ns, At safepoint: 8867 ns, Total: 407404 ns
[2022-08-29T05:12:51.339+0000][7][safepoint   ] Safepoint "Cleanup", Time since last: 1864065293 ns, Reaching safepoint: 619682 ns, At safepoint: 77525 ns, Total: 697207 ns
[2022-08-29T05:12:52.340+0000][7][safepoint   ] Safepoint "Cleanup", Time since last: 1000919875 ns, Reaching safepoint: 402344 ns, At safepoint: 85070 ns, Total: 487414 ns
[2022-08-29T05:12:56.342+0000][7][safepoint   ] Safepoint "Cleanup", Time since last: 4001123347 ns, Reaching safepoint: 537648 ns, At safepoint: 71574 ns, Total: 609222 ns
[2022-08-29T05:12:57.343+0000][7][safepoint   ] Safepoint "Cleanup", Time since last: 1000800461 ns, Reaching safepoint: 352321 ns, At safepoint: 72345 ns, Total: 424666 ns
[2022-08-29T05:12:59.344+0000][7][safepoint   ] Safepoint "Cleanup", Time since last: 2000817142 ns, Reaching safepoint: 249829 ns, At safepoint: 4448 ns, Total: 254277 ns
[2022-08-29T05:13:01.346+0000][7][safepoint   ] Safepoint "Cleanup", Time since last: 2000789170 ns, Reaching safepoint: 477616 ns, At safepoint: 49292 ns, Total: 526908 ns
[2022-08-29T05:13:02.347+0000][7][safepoint   ] Safepoint "Cleanup", Time since last: 1000648165 ns, Reaching safepoint: 497182 ns, At safepoint: 77456 ns, Total: 574638 ns
[2022-08-29T05:13:05.348+0000][7][safepoint   ] Safepoint "Cleanup", Time since last: 3000872937 ns, Reaching safepoint: 373410 ns, At safepoint: 19216 ns, Total: 392626 ns
[2022-08-29T05:13:06.349+0000][7][safepoint   ] Safepoint "Cleanup", Time since last: 1000723487 ns, Reaching safepoint: 182272 ns, At safepoint: 23163 ns, Total: 205435 ns
[2022-08-29T05:13:07.350+0000][7][safepoint   ] Safepoint "Cleanup", Time since last: 1000468899 ns, Reaching safepoint: 171462 ns, At safepoint: 6051 ns, Total: 177513 ns
[2022-08-29T05:13:10.351+0000][7][safepoint   ] Safepoint "Cleanup", Time since last: 3000932639 ns, Reaching safepoint: 207479 ns, At safepoint: 30497 ns, Total: 237976 ns
[2022-08-29T05:13:15.352+0000][7][safepoint   ] Safepoint "Cleanup", Time since last: 5001021266 ns, Reaching safepoint: 345397 ns, At safepoint: 8226 ns, Total: 353623 ns
[2022-08-29T05:13:18.362+0000][7][safepoint   ] Safepoint "Cleanup", Time since last: 3001053925 ns, Reaching safepoint: 393418 ns, At safepoint: 3887 ns, Total: 397305 ns
[2022-08-29T05:13:19.363+0000][7][safepoint   ] Safepoint "Cleanup", Time since last: 1000758272 ns, Reaching safepoint: 276218 ns, At safepoint: 45606 ns, Total: 321824 ns
[2022-08-29T05:13:21.364+0000][7][safepoint   ] Safepoint "Cleanup", Time since last: 2000810300 ns, Reaching safepoint: 458970 ns, At safepoint: 54542 ns, Total: 513512 ns
[2022-08-29T05:13:22.366+0000][7][safepoint   ] Safepoint "Cleanup", Time since last: 1000943460 ns, Reaching safepoint: 283842 ns, At safepoint: 50745 ns, Total: 334587 ns
[2022-08-29T05:13:37.369+0000][7][safepoint   ] Safepoint "Cleanup", Time since last: 15002947408 ns, Reaching safepoint: 276889 ns, At safepoint: 47779 ns, Total: 324668 ns
[2022-08-29T05:13:40.370+0000][7][safepoint   ] Safepoint "Cleanup", Time since last: 3000766939 ns, Reaching safepoint: 358993 ns, At safepoint: 70893 ns, Total: 429886 ns
[2022-08-29T05:13:48.366+0000][7][safepoint   ] Safepoint "Cleanup", Time since last: 8001874836 ns, Reaching safepoint: 329377 ns, At safepoint: 53831 ns, Total: 383208 ns
[2022-08-29T05:13:50.367+0000][7][safepoint   ] Safepoint "Cleanup", Time since last: 2000749305 ns, Reaching safepoint: 335539 ns, At safepoint: 49854 ns, Total: 385393 ns
[2022-08-29T05:13:51.368+0000][7][safepoint   ] Safepoint "Cleanup", Time since last: 1000727504 ns, Reaching safepoint: 209743 ns, At safepoint: 28444 ns, Total: 238187 ns
[2022-08-29T05:13:52.369+0000][7][safepoint   ] Safepoint "Cleanup", Time since last: 1000478577 ns, Reaching safepoint: 315341 ns, At safepoint: 12434 ns, Total: 327775 ns
[2022-08-29T05:13:56.371+0000][7][safepoint   ] Safepoint "Cleanup", Time since last: 4001354530 ns, Reaching safepoint: 377858 ns, At safepoint: 74981 ns, Total: 452839 ns
[2022-08-29T05:13:57.372+0000][7][safepoint   ] Safepoint "Cleanup", Time since last: 1000675657 ns, Reaching safepoint: 254747 ns, At safepoint: 93135 ns, Total: 347882 ns
[2022-08-29T05:14:12.375+0000][7][safepoint   ] Safepoint "Cleanup", Time since last: 15002965552 ns, Reaching safepoint: 371086 ns, At safepoint: 4959 ns, Total: 376045 ns
[2022-08-29T05:14:17.377+0000][7][safepoint   ] Safepoint "Cleanup", Time since last: 5001371362 ns, Reaching safepoint: 294492 ns, At safepoint: 52268 ns, Total: 346760 ns
[2022-08-29T05:14:18.378+0000][7][safepoint   ] Safepoint "Cleanup", Time since last: 1000665978 ns, Reaching safepoint: 270918 ns, At safepoint: 47089 ns, Total: 318007 ns
[2022-08-29T05:14:19.378+0000][7][safepoint   ] Safepoint "Cleanup", Time since last: 1000539331 ns, Reaching safepoint: 192621 ns, At safepoint: 9237 ns, Total: 201858 ns
[2022-08-29T05:14:20.379+0000][7][safepoint   ] Safepoint "Cleanup", Time since last: 1000564008 ns, Reaching safepoint: 390031 ns, At safepoint: 50605 ns, Total: 440636 ns
[2022-08-29T05:14:21.380+0000][7][safepoint   ] Safepoint "Cleanup", Time since last: 1000761328 ns, Reaching safepoint: 263313 ns, At safepoint: 2395 ns, Total: 265708 ns
[2022-08-29T05:14:31.383+0000][7][safepoint   ] Safepoint "Cleanup", Time since last: 10002559220 ns, Reaching safepoint: 499767 ns, At safepoint: 68638 ns, Total: 568405 ns
[2022-08-29T05:14:48.487+0000][7][safepoint   ] Safepoint "Cleanup", Time since last: 17003059778 ns, Reaching safepoint: 96635662 ns, At safepoint: 119284 ns, Total: 96754946 ns
[2022-08-29T05:14:51.263+0000][7][safepoint   ] Safepoint "Cleanup", Time since last: 2776285415 ns, Reaching safepoint: 287850 ns, At safepoint: 49142 ns, Total: 336992 ns
[2022-08-29T05:14:52.264+0000][7][safepoint   ] Safepoint "Cleanup", Time since last: 1000528471 ns, Reaching safepoint: 296255 ns, At safepoint: 13847 ns, Total: 310102 ns
[2022-08-29T05:14:53.265+0000][7][safepoint   ] Safepoint "Cleanup", Time since last: 1001051632 ns, Reaching safepoint: 248004 ns, At safepoint: 25328 ns, Total: 273332 ns
[2022-08-29T05:14:54.266+0000][7][safepoint   ] Safepoint "Cleanup", Time since last: 1000808977 ns, Reaching safepoint: 277420 ns, At safepoint: 25839 ns, Total: 303259 ns
[2022-08-29T05:15:19.267+0000][7][safepoint   ] Safepoint "Cleanup", Time since last: 25004483558 ns, Reaching safepoint: 223910 ns, At safepoint: 27312 ns, Total: 251222 ns
[2022-08-29T05:15:21.267+0000][7][safepoint   ] Safepoint "Cleanup", Time since last: 2000640471 ns, Reaching safepoint: 197700 ns, At safepoint: 26841 ns, Total: 224541 ns
[2022-08-29T05:15:22.268+0000][7][safepoint   ] Safepoint "Cleanup", Time since last: 1000563466 ns, Reaching safepoint: 183605 ns, At safepoint: 23764 ns, Total: 207369 ns
[2022-08-29T05:15:23.269+0000][7][safepoint   ] Safepoint "Cleanup", Time since last: 1000684273 ns, Reaching safepoint: 263885 ns, At safepoint: 5370 ns, Total: 269255 ns
[2022-08-29T05:15:25.270+0000][7][safepoint   ] Safepoint "Cleanup", Time since last: 2000646252 ns, Reaching safepoint: 164869 ns, At safepoint: 21070 ns, Total: 185939 ns
[2022-08-29T05:15:39.273+0000][7][safepoint   ] Safepoint "Cleanup", Time since last: 14002659818 ns, Reaching safepoint: 507672 ns, At safepoint: 74550 ns, Total: 582222 ns
[2022-08-29T05:15:49.275+0000][7][safepoint   ] Safepoint "Cleanup", Time since last: 10002037291 ns, Reaching safepoint: 339496 ns, At safepoint: 49493 ns, Total: 388989 ns
[2022-08-29T05:15:51.276+0000][7][safepoint   ] Safepoint "Cleanup", Time since last: 2000717365 ns, Reaching safepoint: 244659 ns, At safepoint: 10380 ns, Total: 255039 ns
[2022-08-29T05:15:52.277+0000][7][safepoint   ] Safepoint "Cleanup", Time since last: 1000558577 ns, Reaching safepoint: 351930 ns, At safepoint: 69190 ns, Total: 421120 ns
[2022-08-29T05:15:53.278+0000][7][safepoint   ] Safepoint "Cleanup", Time since last: 1000675336 ns, Reaching safepoint: 282510 ns, At safepoint: 53380 ns, Total: 335890 ns
[2022-08-29T05:16:15.510+0000][7][safepoint   ] Safepoint "Cleanup", Time since last: 22232353315 ns, Reaching safepoint: 280936 ns, At safepoint: 3106 ns, Total: 284042 ns
[2022-08-29T05:16:18.519+0000][7][safepoint   ] Safepoint "Cleanup", Time since last: 3001113407 ns, Reaching safepoint: 278563 ns, At safepoint: 47739 ns, Total: 326302 ns
[2022-08-29T05:16:20.520+0000][7][safepoint   ] Safepoint "Cleanup", Time since last: 2000656141 ns, Reaching safepoint: 385974 ns, At safepoint: 47649 ns, Total: 433623 ns
[2022-08-29T05:16:22.521+0000][7][safepoint   ] Safepoint "Cleanup", Time since last: 2000666690 ns, Reaching safepoint: 287269 ns, At safepoint: 23454 ns, Total: 310723 ns
[2022-08-29T05:16:23.522+0000][7][safepoint   ] Safepoint "Cleanup", Time since last: 1000692478 ns, Reaching safepoint: 217779 ns, At safepoint: 26329 ns, Total: 244108 ns
[2022-08-29T05:16:44.526+0000][7][safepoint   ] Safepoint "Cleanup", Time since last: 21003676837 ns, Reaching safepoint: 421249 ns, At safepoint: 23845 ns, Total: 445094 ns
[2022-08-29T05:16:52.547+0000][7][safepoint   ] Safepoint "Cleanup", Time since last: 8001878733 ns, Reaching safepoint: 614883 ns, At safepoint: 15359 ns, Total: 630242 ns
[2022-08-29T05:17:22.535+0000][7][safepoint   ] Safepoint "Cleanup", Time since last: 30006493919 ns, Reaching safepoint: 295274 ns, At safepoint: 55063 ns, Total: 350337 ns
[2022-08-29T05:17:23.536+0000][7][safepoint   ] Safepoint "Cleanup", Time since last: 1000908303 ns, Reaching safepoint: 221015 ns, At safepoint: 23794 ns, Total: 244809 ns
[2022-08-29T05:17:27.537+0000][7][safepoint   ] Safepoint "Cleanup", Time since last: 4001195633 ns, Reaching safepoint: 331862 ns, At safepoint: 60453 ns, Total: 392315 ns
[2022-08-29T05:17:48.536+0000][7][safepoint   ] Safepoint "Cleanup", Time since last: 21004375927 ns, Reaching safepoint: 314099 ns, At safepoint: 49192 ns, Total: 363291 ns
[2022-08-29T05:17:53.538+0000][7][safepoint   ] Safepoint "Cleanup", Time since last: 5001364619 ns, Reaching safepoint: 362951 ns, At safepoint: 13745 ns, Total: 376696 ns
[2022-08-29T05:17:54.539+0000][7][safepoint   ] Safepoint "Cleanup", Time since last: 1000807765 ns, Reaching safepoint: 411873 ns, At safepoint: 54512 ns, Total: 466385 ns
[2022-08-29T05:17:56.540+0000][7][safepoint   ] Safepoint "Cleanup", Time since last: 2001019111 ns, Reaching safepoint: 277821 ns, At safepoint: 23694 ns, Total: 301515 ns
[2022-08-29T05:18:18.544+0000][7][safepoint   ] Safepoint "Cleanup", Time since last: 22003873024 ns, Reaching safepoint: 315120 ns, At safepoint: 50485 ns, Total: 365605 ns
[2022-08-29T05:18:20.545+0000][7][safepoint   ] Safepoint "Cleanup", Time since last: 2000772599 ns, Reaching safepoint: 231164 ns, At safepoint: 23263 ns, Total: 254427 ns
[2022-08-29T05:18:22.546+0000][7][safepoint   ] Safepoint "Cleanup", Time since last: 2000583454 ns, Reaching safepoint: 184186 ns, At safepoint: 6762 ns, Total: 190948 ns
[2022-08-29T05:18:23.547+0000][7][safepoint   ] Safepoint "Cleanup", Time since last: 1000516569 ns, Reaching safepoint: 211637 ns, At safepoint: 25368 ns, Total: 237005 ns
[2022-08-29T05:18:50.553+0000][7][safepoint   ] Safepoint "Cleanup", Time since last: 27004952708 ns, Reaching safepoint: 324598 ns, At safepoint: 39154 ns, Total: 363752 ns
[2022-08-29T05:18:53.554+0000][7][safepoint   ] Safepoint "Cleanup", Time since last: 3001123377 ns, Reaching safepoint: 490479 ns, At safepoint: 70412 ns, Total: 560891 ns
[2022-08-29T05:19:18.560+0000][7][safepoint   ] Safepoint "Cleanup", Time since last: 25005219960 ns, Reaching safepoint: 478156 ns, At safepoint: 19417 ns, Total: 497573 ns
[2022-08-29T05:19:20.561+0000][7][safepoint   ] Safepoint "Cleanup", Time since last: 2000910688 ns, Reaching safepoint: 226144 ns, At safepoint: 9437 ns, Total: 235581 ns
[2022-08-29T05:19:23.562+0000][7][safepoint   ] Safepoint "Cleanup", Time since last: 3000938490 ns, Reaching safepoint: 311965 ns, At safepoint: 31770 ns, Total: 343735 ns
[2022-08-29T05:19:27.564+0000][7][safepoint   ] Safepoint "Cleanup", Time since last: 4001268108 ns, Reaching safepoint: 261510 ns, At safepoint: 47749 ns, Total: 309259 ns
[2022-08-29T05:19:32.566+0000][7][safepoint   ] Safepoint "Cleanup", Time since last: 5001188600 ns, Reaching safepoint: 352871 ns, At safepoint: 58029 ns, Total: 410900 ns
[2022-08-29T05:19:38.568+0000][7][safepoint   ] Safepoint "Cleanup", Time since last: 6001686513 ns, Reaching safepoint: 394750 ns, At safepoint: 24176 ns, Total: 418926 ns
[2022-08-29T05:19:48.571+0000][7][safepoint   ] Safepoint "Cleanup", Time since last: 10001971246 ns, Reaching safepoint: 194475 ns, At safepoint: 23383 ns, Total: 217858 ns
[2022-08-29T05:19:50.573+0000][7][safepoint   ] Safepoint "Cleanup", Time since last: 2001638123 ns, Reaching safepoint: 266299 ns, At safepoint: 24065 ns, Total: 290364 ns
[2022-08-29T05:19:53.574+0000][7][safepoint   ] Safepoint "Cleanup", Time since last: 3001088010 ns, Reaching safepoint: 334668 ns, At safepoint: 14046 ns, Total: 348714 ns
[2022-08-29T05:20:18.579+0000][7][safepoint   ] Safepoint "Cleanup", Time since last: 25004637437 ns, Reaching safepoint: 272671 ns, At safepoint: 31920 ns, Total: 304591 ns
[2022-08-29T05:20:23.580+0000][7][safepoint   ] Safepoint "Cleanup", Time since last: 5001180093 ns, Reaching safepoint: 405290 ns, At safepoint: 17353 ns, Total: 422643 ns
[2022-08-29T05:20:28.583+0000][7][safepoint   ] Safepoint "Cleanup", Time since last: 5001943374 ns, Reaching safepoint: 556213 ns, At safepoint: 64972 ns, Total: 621185 ns
[2022-08-29T05:20:51.587+0000][7][safepoint   ] Safepoint "Cleanup", Time since last: 23004486123 ns, Reaching safepoint: 504737 ns, At safepoint: 52809 ns, Total: 557546 ns
[2022-08-29T05:20:53.589+0000][7][safepoint   ] Safepoint "Cleanup", Time since last: 2000960812 ns, Reaching safepoint: 363942 ns, At safepoint: 7424 ns, Total: 371366 ns
[2022-08-29T05:20:58.591+0000][7][safepoint   ] Safepoint "Cleanup", Time since last: 5001808071 ns, Reaching safepoint: 371636 ns, At safepoint: 23224 ns, Total: 394860 ns
[2022-08-29T05:21:06.593+0000][7][safepoint   ] Safepoint "Cleanup", Time since last: 8001604259 ns, Reaching safepoint: 257963 ns, At safepoint: 24847 ns, Total: 282810 ns
[2022-08-29T05:21:18.596+0000][7][safepoint   ] Safepoint "Cleanup", Time since last: 12002366718 ns, Reaching safepoint: 246182 ns, At safepoint: 45325 ns, Total: 291507 ns
[2022-08-29T05:21:23.597+0000][7][safepoint   ] Safepoint "Cleanup", Time since last: 5001014743 ns, Reaching safepoint: 293180 ns, At safepoint: 49633 ns, Total: 342813 ns
[2022-08-29T05:21:46.716+0000][7][safepoint   ] Safepoint "Cleanup", Time since last: 23117876361 ns, Reaching safepoint: 304360 ns, At safepoint: 47740 ns, Total: 352100 ns
[2022-08-29T05:21:49.756+0000][7][safepoint   ] Safepoint "Cleanup", Time since last: 3041035291 ns, Reaching safepoint: 410349 ns, At safepoint: 116749 ns, Total: 527098 ns
[2022-08-29T05:21:53.758+0000][7][safepoint   ] Safepoint "Cleanup", Time since last: 4000807013 ns, Reaching safepoint: 405060 ns, At safepoint: 21580 ns, Total: 426640 ns
[2022-08-29T05:22:23.768+0000][7][safepoint   ] Safepoint "Cleanup", Time since last: 30005528409 ns, Reaching safepoint: 228789 ns, At safepoint: 40035 ns, Total: 268824 ns
[2022-08-29T05:22:48.780+0000][7][safepoint   ] Safepoint "Cleanup", Time since last: 25005864578 ns, Reaching safepoint: 325601 ns, At safepoint: 79489 ns, Total: 405090 ns
[2022-08-29T05:22:53.782+0000][7][safepoint   ] Safepoint "Cleanup", Time since last: 5001723752 ns, Reaching safepoint: 361398 ns, At safepoint: 78136 ns, Total: 439534 ns
[2022-08-29T05:23:23.822+0000][7][safepoint   ] Safepoint "Cleanup", Time since last: 30049822911 ns, Reaching safepoint: 416020 ns, At safepoint: 6863 ns, Total: 422883 ns
[2022-08-29T05:23:53.840+0000][7][safepoint   ] Safepoint "Cleanup", Time since last: 30006080203 ns, Reaching safepoint: 322905 ns, At safepoint: 46928 ns, Total: 369833 ns
[2022-08-29T05:23:57.843+0000][7][safepoint   ] Safepoint "Cleanup", Time since last: 4002376056 ns, Reaching safepoint: 339977 ns, At safepoint: 12373 ns, Total: 352350 ns
[2022-08-29T05:24:18.838+0000][7][safepoint   ] Safepoint "Cleanup", Time since last: 21003810016 ns, Reaching safepoint: 187592 ns, At safepoint: 8937 ns, Total: 196529 ns
[2022-08-29T05:24:23.839+0000][7][safepoint   ] Safepoint "Cleanup", Time since last: 5000846558 ns, Reaching safepoint: 285014 ns, At safepoint: 6793 ns, Total: 291807 ns
[2022-08-29T05:24:30.842+0000][7][safepoint   ] Safepoint "Cleanup", Time since last: 7002058841 ns, Reaching safepoint: 602951 ns, At safepoint: 9257 ns, Total: 612208 ns
[2022-08-29T05:24:53.569+0000][7][safepoint   ] Safepoint "Cleanup", Time since last: 22715801540 ns, Reaching safepoint: 347882 ns, At safepoint: 6392 ns, Total: 354274 ns
[2022-08-29T05:25:03.572+0000][7][safepoint   ] Safepoint "Cleanup", Time since last: 10003122476 ns, Reaching safepoint: 248947 ns, At safepoint: 23113 ns, Total: 272060 ns
[2022-08-29T05:25:20.562+0000][7][safepoint   ] Safepoint "Cleanup", Time since last: 17003175656 ns, Reaching safepoint: 319910 ns, At safepoint: 140012 ns, Total: 459922 ns
[2022-08-29T05:25:23.563+0000][7][safepoint   ] Safepoint "Cleanup", Time since last: 3000789090 ns, Reaching safepoint: 342132 ns, At safepoint: 14307 ns, Total: 356439 ns
[2022-08-29T05:25:29.565+0000][7][safepoint   ] Safepoint "Cleanup", Time since last: 6001905273 ns, Reaching safepoint: 195716 ns, At safepoint: 9158 ns, Total: 204874 ns
[2022-08-29T05:25:53.570+0000][7][safepoint   ] Safepoint "Cleanup", Time since last: 24004290968 ns, Reaching safepoint: 264926 ns, At safepoint: 9949 ns, Total: 274875 ns
[2022-08-29T05:26:19.575+0000][7][safepoint   ] Safepoint "Cleanup", Time since last: 26004817665 ns, Reaching safepoint: 586329 ns, At safepoint: 5821 ns, Total: 592150 ns
[2022-08-29T05:26:22.276+0000][7][gc,start    ] GC(26) Pause Young (Normal) (G1 Evacuation Pause)
[2022-08-29T05:26:22.276+0000][7][gc,task     ] GC(26) Using 6 workers of 6 for evacuation
[2022-08-29T05:26:22.277+0000][7][gc,age      ] GC(26) Desired survivor size 8388608 bytes, new threshold 2 (max threshold 15)
[2022-08-29T05:26:22.300+0000][7][gc,age      ] GC(26) Age table with threshold 2 (max threshold 15)
[2022-08-29T05:26:22.300+0000][7][gc,age      ] GC(26) - age   1:    3154176 bytes,    3154176 total
[2022-08-29T05:26:22.301+0000][7][gc,age      ] GC(26) - age   2:    4903408 bytes,    8057584 total
[2022-08-29T05:26:22.301+0000][7][gc,phases   ] GC(26)   Pre Evacuate Collection Set: 0.3ms
[2022-08-29T05:26:22.301+0000][7][gc,phases   ] GC(26)   Merge Heap Roots: 0.3ms
[2022-08-29T05:26:22.301+0000][7][gc,phases   ] GC(26)   Evacuate Collection Set: 19.6ms
[2022-08-29T05:26:22.302+0000][7][gc,phases   ] GC(26)   Post Evacuate Collection Set: 2.9ms
[2022-08-29T05:26:22.302+0000][7][gc,phases   ] GC(26)   Other: 2.4ms
[2022-08-29T05:26:22.302+0000][7][gc,heap     ] GC(26) Eden regions: 26->0(25)
[2022-08-29T05:26:22.302+0000][7][gc,heap     ] GC(26) Survivor regions: 3->3(4)
[2022-08-29T05:26:22.302+0000][7][gc,heap     ] GC(26) Old regions: 17->18
[2022-08-29T05:26:22.303+0000][7][gc,heap     ] GC(26) Archive regions: 2->2
[2022-08-29T05:26:22.303+0000][7][gc,heap     ] GC(26) Humongous regions: 2->2
[2022-08-29T05:26:22.303+0000][7][gc,metaspace] GC(26) Metaspace: 95420K(99612K)->95420K(99612K) NonClass: 82550K(85660K)->82550K(85660K) Class: 12869K(13952K)->12869K(13952K)
[2022-08-29T05:26:22.303+0000][7][gc          ] GC(26) Pause Young (Normal) (G1 Evacuation Pause) 192M->91M(256M) 27.251ms
[2022-08-29T05:26:22.303+0000][7][gc,cpu      ] GC(26) User=0.09s Sys=0.04s Real=0.02s
[2022-08-29T05:26:22.304+0000][7][safepoint   ] Safepoint "G1CollectForAllocation", Time since last: 2699677636 ns, Reaching safepoint: 302257 ns, At safepoint: 28279814 ns, Total: 28582071 ns
[2022-08-29T05:26:24.304+0000][7][safepoint   ] Safepoint "Cleanup", Time since last: 2000525756 ns, Reaching safepoint: 298991 ns, At safepoint: 17563 ns, Total: 316554 ns
[2022-08-29T05:26:49.310+0000][7][safepoint   ] Safepoint "Cleanup", Time since last: 25004528263 ns, Reaching safepoint: 314009 ns, At safepoint: 82875 ns, Total: 396884 ns
[2022-08-29T05:26:54.312+0000][7][safepoint   ] Safepoint "Cleanup", Time since last: 5001126633 ns, Reaching safepoint: 388919 ns, At safepoint: 14187 ns, Total: 403106 ns
[2022-08-29T05:27:18.319+0000][7][safepoint   ] Safepoint "Cleanup", Time since last: 24004593044 ns, Reaching safepoint: 426149 ns, At safepoint: 78186 ns, Total: 504335 ns
[2022-08-29T05:27:24.321+0000][7][safepoint   ] Safepoint "Cleanup", Time since last: 6001304487 ns, Reaching safepoint: 320902 ns, At safepoint: 13275 ns, Total: 334177 ns
[2022-08-29T05:27:26.322+0000][7][safepoint   ] Safepoint "Cleanup", Time since last: 2001039148 ns, Reaching safepoint: 549341 ns, At safepoint: 9477 ns, Total: 558818 ns
[2022-08-29T05:27:54.325+0000][7][safepoint   ] Safepoint "Cleanup", Time since last: 28005234247 ns, Reaching safepoint: 243546 ns, At safepoint: 9228 ns, Total: 252774 ns
[2022-08-29T05:27:58.327+0000][7][safepoint   ] Safepoint "Cleanup", Time since last: 4001128787 ns, Reaching safepoint: 440836 ns, At safepoint: 33743 ns, Total: 474579 ns
[2022-08-29T05:28:21.890+0000][7][safepoint   ] Safepoint "Cleanup", Time since last: 23561873396 ns, Reaching safepoint: 432921 ns, At safepoint: 18295 ns, Total: 451216 ns
[2022-08-29T05:28:22.483+0000][7][gc,heap,exit] Heap
[2022-08-29T05:28:22.483+0000][7][gc,heap,exit]  garbage-first heap   total 262144K, used 110528K [0x00000000f0000000, 0x0000000100000000)
[2022-08-29T05:28:22.483+0000][7][gc,heap,exit]   region size 4096K, 8 young (32768K), 3 survivors (12288K)
[2022-08-29T05:28:22.484+0000][7][gc,heap,exit]  Metaspace       used 95756K, capacity 99132K, committed 99996K, reserved 1134592K
[2022-08-29T05:28:22.484+0000][7][gc,heap,exit]   class space    used 12915K, capacity 13947K, committed 14080K, reserved 1048576K
