[2022-08-29T02:07:23.510+0000][163][gc] Using G1
[2022-08-29T02:07:23.517+0000][163][gc,init] Version: 15.0.1+9 (release)
[2022-08-29T02:07:23.520+0000][163][gc,init] CPUs: 6 total, 6 available
[2022-08-29T02:07:23.521+0000][163][gc,init] Memory: 5874M
[2022-08-29T02:07:23.522+0000][163][gc,init] Large Page Support: Disabled
[2022-08-29T02:07:23.523+0000][163][gc,init] NUMA Support: Disabled
[2022-08-29T02:07:23.527+0000][163][gc,init] Compressed Oops: Enabled (32-bit)
[2022-08-29T02:07:23.528+0000][163][gc,init] Heap Region Size: 1M
[2022-08-29T02:07:23.535+0000][163][gc,init] Heap Min Capacity: 256M
[2022-08-29T02:07:23.537+0000][163][gc,init] Heap Initial Capacity: 256M
[2022-08-29T02:07:23.545+0000][163][gc,init] Heap Max Capacity: 256M
[2022-08-29T02:07:23.547+0000][163][gc,init] Pre-touch: Disabled
[2022-08-29T02:07:23.557+0000][163][gc,init] Parallel Workers: 6
[2022-08-29T02:07:23.567+0000][163][gc,init] Concurrent Workers: 2
[2022-08-29T02:07:23.568+0000][163][gc,init] Concurrent Refinement Workers: 6
[2022-08-29T02:07:23.574+0000][163][gc,init] Periodic GC: Disabled
[2022-08-29T02:07:23.583+0000][163][gc,metaspace] CDS disabled.
[2022-08-29T02:07:23.587+0000][163][gc,metaspace] Compressed class space mapped at: 0x0000000100000000-0x0000000140000000, size: 1073741824
[2022-08-29T02:07:23.587+0000][163][gc,metaspace] Narrow klass base: 0x0000000000000000, Narrow klass shift: 3, Narrow klass range: 0x140000000
[2022-08-29T02:07:24.348+0000][163][gc,heap,exit] Heap
[2022-08-29T02:07:24.349+0000][163][gc,heap,exit]  garbage-first heap   total 262144K, used 1024K [0x00000000f0000000, 0x0000000100000000)
[2022-08-29T02:07:24.349+0000][163][gc,heap,exit]   region size 1024K, 2 young (2048K), 0 survivors (0K)
[2022-08-29T02:07:24.349+0000][163][gc,heap,exit]  Metaspace       used 3405K, capacity 4480K, committed 4480K, reserved 1056768K
[2022-08-29T02:07:24.350+0000][163][gc,heap,exit]   class space    used 278K, capacity 384K, committed 384K, reserved 1048576K
